epoch=01 train=1.495222 val_objective=1.479586
epoch=02 train=1.486672 val_objective=1.472904
epoch=03 train=1.484153 val_objective=1.471678
epoch=04 train=1.483196 val_objective=1.471265
epoch=05 train=1.482044 val_objective=1.469862
epoch=06 train=1.481399 val_objective=1.468812
{
  "best_objective": 1.4688115038584018,
  "final": {
    "raw_mse": [
      0.006304191425442696,
      0.8752304911613464,
      0.1319398730993271,
      0.07278585433959961
    ],
    "cal_mse": [
      0.006270993500947952,
      0.8641299605369568,
      0.1289234459400177,
      0.06967930495738983
    ],
    "raw_crps": [
      0.032790154218673706,
      0.559924840927124,
      0.20330803096294403,
      0.15219691395759583
    ],
    "cal_crps": [
      0.03237742558121681,
      0.5424778461456299,
      0.20174576342105865,
      0.1474645584821701
    ]
  }
}
[residual] 1000/5000, 0.0084 s/frame
[residual] 2000/5000, 0.0082 s/frame
[residual] 3000/5000, 0.0081 s/frame
[residual] 4000/5000, 0.0081 s/frame
[all] RMSE=0.17003 CRPS=0.08778 spread/skill=1.306 cov90=0.891
[defined_blind] RMSE=0.28036 CRPS=0.07936 spread/skill=0.518 cov90=0.899
[density] spearman=+0.862 AUSE=0.178
[vx] spearman=+0.293 AUSE=0.472
[vy] spearman=-0.079 AUSE=0.731
[var] spearman=+0.618 AUSE=0.448
[runtime] 47.8s on Tesla V100-SXM2-32GB; failures=0
[out] methods/enkf/enkf_opt/experiments/outputs/analysis_calibrator_smoke/atc-20130630_online.json
