[residual] 1000/5000, 0.0100 s/frame
[residual] 2000/5000, 0.0097 s/frame
[residual] 3000/5000, 0.0096 s/frame
[residual] 4000/5000, 0.0096 s/frame
[all] RMSE=0.17009 CRPS=0.08742 spread/skill=1.333 cov90=0.899
[defined_blind] RMSE=0.28216 CRPS=0.07937 spread/skill=0.531 cov90=0.910
[density] spearman=+0.865 AUSE=0.177
[vx] spearman=+0.292 AUSE=0.470
[vy] spearman=-0.075 AUSE=0.728
[var] spearman=+0.637 AUSE=0.426
[runtime] 57.52s on Tesla V100-SXM2-16GB; failures=0
[out] methods/enkf/enkf_opt/experiments/outputs/analysis_calibrator_channels/no_variance.json
[residual] 1000/5000, 0.0105 s/frame
[residual] 2000/5000, 0.0100 s/frame
[residual] 3000/5000, 0.0099 s/frame
[residual] 4000/5000, 0.0098 s/frame
[all] RMSE=0.16173 CRPS=0.08047 spread/skill=1.240 cov90=0.894
[defined_blind] RMSE=0.27570 CRPS=0.08022 spread/skill=0.460 cov90=0.887
[density] spearman=+0.854 AUSE=0.179
[vx] spearman=+0.282 AUSE=0.444
[vy] spearman=-0.088 AUSE=0.710
[var] spearman=+0.604 AUSE=0.492
[runtime] 58.25s on Tesla V100-SXM2-16GB; failures=0
[out] methods/enkf/enkf_opt/experiments/outputs/analysis_calibrator_channels/density_only.json
[residual] 1000/5000, 0.0106 s/frame
[residual] 2000/5000, 0.0102 s/frame
[residual] 3000/5000, 0.0101 s/frame
[residual] 4000/5000, 0.0100 s/frame
[all] RMSE=0.16212 CRPS=0.08121 spread/skill=1.255 cov90=0.894
[defined_blind] RMSE=0.27654 CRPS=0.08042 spread/skill=0.471 cov90=0.889
[density] spearman=+0.854 AUSE=0.179
[vx] spearman=+0.282 AUSE=0.443
[vy] spearman=-0.093 AUSE=0.721
[var] spearman=+0.606 AUSE=0.488
[runtime] 59.36s on Tesla V100-SXM2-16GB; failures=0
[out] methods/enkf/enkf_opt/experiments/outputs/analysis_calibrator_channels/density_vy.json
[residual] 1000/5000, 0.0103 s/frame
[residual] 2000/5000, 0.0100 s/frame
[residual] 3000/5000, 0.0098 s/frame
[residual] 4000/5000, 0.0098 s/frame
[all] RMSE=0.17002 CRPS=0.08746 spread/skill=1.339 cov90=0.903
[defined_blind] RMSE=0.28284 CRPS=0.08000 spread/skill=0.559 cov90=0.950
[density] spearman=+0.872 AUSE=0.164
[vx] spearman=+0.290 AUSE=0.469
[vy] spearman=-0.077 AUSE=0.729
[var] spearman=+0.637 AUSE=0.426
[runtime] 58.32s on Tesla V100-SXM2-16GB; failures=0
[out] methods/enkf/enkf_opt/experiments/outputs/analysis_calibrator_channels/velocity_xy.json
[residual] 1000/5000, 0.0108 s/frame
[residual] 2000/5000, 0.0103 s/frame
[residual] 3000/5000, 0.0102 s/frame
[residual] 4000/5000, 0.0101 s/frame
[all] RMSE=0.16959 CRPS=0.08666 spread/skill=1.319 cov90=0.899
[defined_blind] RMSE=0.28131 CRPS=0.07920 spread/skill=0.520 cov90=0.907
[density] spearman=+0.865 AUSE=0.177
[vx] spearman=+0.290 AUSE=0.471
[vy] spearman=-0.071 AUSE=0.719
[var] spearman=+0.635 AUSE=0.429
[runtime] 59.27s on Tesla V100-SXM2-16GB; failures=0
[out] methods/enkf/enkf_opt/experiments/outputs/analysis_calibrator_channels/density_vx.json
