[residual] 1000/5000, 0.0068 s/frame
[residual] 2000/5000, 0.0066 s/frame
[residual] 3000/5000, 0.0065 s/frame
[residual] 4000/5000, 0.0065 s/frame
[all] RMSE=0.20239 CRPS=0.09235 spread/skill=1.006 cov90=0.883
[defined_blind] RMSE=0.36084 CRPS=0.13250 spread/skill=0.582 cov90=0.903
[density] spearman=+0.848 AUSE=0.186
[vx] spearman=+0.379 AUSE=0.383
[vy] spearman=+0.048 AUSE=0.598
[var] spearman=+0.565 AUSE=0.555
[runtime] 40.31s on Tesla V100-SXM2-32GB; failures=0
[out] methods/enkf/enkf_opt/experiments/outputs/analysis_calibrator_smoke/atc-20130616_raw.json
[residual] 1000/5000, 0.0065 s/frame
[residual] 2000/5000, 0.0063 s/frame
[residual] 3000/5000, 0.0062 s/frame
[residual] 4000/5000, 0.0062 s/frame
[all] RMSE=0.17240 CRPS=0.08247 spread/skill=1.166 cov90=0.896
[defined_blind] RMSE=0.29911 CRPS=0.08977 spread/skill=0.485 cov90=0.927
[density] spearman=+0.858 AUSE=0.175
[vx] spearman=+0.305 AUSE=0.428
[vy] spearman=-0.051 AUSE=0.652
[var] spearman=+0.580 AUSE=0.543
[runtime] 38.35s on Tesla V100-SXM2-32GB; failures=0
[out] methods/enkf/enkf_opt/experiments/outputs/analysis_calibrator_smoke/atc-20130623_raw.json
[residual] 1000/5000, 0.0068 s/frame
[residual] 2000/5000, 0.0066 s/frame
[residual] 3000/5000, 0.0065 s/frame
[residual] 4000/5000, 0.0065 s/frame
[all] RMSE=0.16153 CRPS=0.08046 spread/skill=1.247 cov90=0.899
[defined_blind] RMSE=0.27661 CRPS=0.08092 spread/skill=0.490 cov90=0.934
[density] spearman=+0.864 AUSE=0.166
[vx] spearman=+0.278 AUSE=0.444
[vy] spearman=-0.090 AUSE=0.711
[var] spearman=+0.604 AUSE=0.493
[runtime] 39.83s on Tesla V100-SXM2-32GB; failures=0
[out] methods/enkf/enkf_opt/experiments/outputs/analysis_calibrator_smoke/atc-20130630_raw.json
epoch=01 train=nan val_objective=nan
epoch=02 train=nan val_objective=nan
epoch=03 train=nan val_objective=nan
epoch=04 train=nan val_objective=nan
epoch=05 train=nan val_objective=nan
epoch=06 train=nan val_objective=nan
Traceback (most recent call last):
  File "<frozen runpy>", line 198, in _run_module_as_main
  File "<frozen runpy>", line 88, in _run_code
  File "/scratch/work/zhangx29/Thesis_Project/methods/enkf/enkf_opt/experiments/train_analysis_calibrator.py", line 270, in <module>
    main()
  File "/scratch/work/zhangx29/Thesis_Project/methods/enkf/enkf_opt/experiments/train_analysis_calibrator.py", line 257, in main
    model.load_state_dict(best_state)
  File "/appl/scibuilder-mamba/aalto-rhel9/prod/software/scicomp-pytorch-env/2026.1/354b404/lib/python3.12/site-packages/torch/nn/modules/module.py", line 2567, in load_state_dict
    raise TypeError(
TypeError: Expected state_dict to be dict-like, got <class 'NoneType'>.
