[start] atc-20130728 diag -> methods/enkf/enkf_opt/experiments/outputs/cross_localization_validation/atc-20130728_diag.json
[residual] 1000/36979, 0.0074 s/frame
[residual] 2000/36979, 0.0072 s/frame
[residual] 3000/36979, 0.0071 s/frame
[residual] 4000/36979, 0.0070 s/frame
[residual] 5000/36979, 0.0070 s/frame
[residual] 6000/36979, 0.0069 s/frame
[residual] 7000/36979, 0.0069 s/frame
[residual] 8000/36979, 0.0069 s/frame
[residual] 9000/36979, 0.0069 s/frame
[residual] 10000/36979, 0.0069 s/frame
[residual] 11000/36979, 0.0069 s/frame
[residual] 12000/36979, 0.0069 s/frame
[residual] 13000/36979, 0.0069 s/frame
[residual] 14000/36979, 0.0069 s/frame
[residual] 15000/36979, 0.0069 s/frame
[residual] 16000/36979, 0.0069 s/frame
[residual] 17000/36979, 0.0068 s/frame
[residual] 18000/36979, 0.0068 s/frame
[residual] 19000/36979, 0.0068 s/frame
[residual] 20000/36979, 0.0068 s/frame
[residual] 21000/36979, 0.0068 s/frame
[residual] 22000/36979, 0.0068 s/frame
[residual] 23000/36979, 0.0068 s/frame
[residual] 24000/36979, 0.0068 s/frame
[residual] 25000/36979, 0.0068 s/frame
[residual] 26000/36979, 0.0068 s/frame
[residual] 27000/36979, 0.0068 s/frame
[residual] 28000/36979, 0.0068 s/frame
[residual] 29000/36979, 0.0068 s/frame
[residual] 30000/36979, 0.0068 s/frame
[residual] 31000/36979, 0.0068 s/frame
[residual] 32000/36979, 0.0068 s/frame
[residual] 33000/36979, 0.0068 s/frame
[residual] 34000/36979, 0.0068 s/frame
[residual] 35000/36979, 0.0068 s/frame
[residual] 36000/36979, 0.0068 s/frame
[all] RMSE=0.19997 CRPS=0.09497 spread/skill=1.073 cov90=0.891
[defined_blind] RMSE=0.34030 CRPS=0.13620 spread/skill=0.707 cov90=0.914
[density] spearman=+0.850 AUSE=0.182
[vx] spearman=+0.400 AUSE=0.393
[vy] spearman=+0.102 AUSE=0.613
[var] spearman=+0.560 AUSE=0.508
[runtime] 332.02s on Tesla V100-SXM2-16GB; failures=0
[out] methods/enkf/enkf_opt/experiments/outputs/cross_localization_validation/atc-20130728_diag.json
[start] atc-20130728 physics -> methods/enkf/enkf_opt/experiments/outputs/cross_localization_validation/atc-20130728_physics.json
[residual] 1000/36979, 0.0076 s/frame
[residual] 2000/36979, 0.0073 s/frame
[residual] 3000/36979, 0.0071 s/frame
[residual] 4000/36979, 0.0070 s/frame
[residual] 5000/36979, 0.0070 s/frame
[residual] 6000/36979, 0.0070 s/frame
[residual] 7000/36979, 0.0069 s/frame
[residual] 8000/36979, 0.0069 s/frame
[residual] 9000/36979, 0.0069 s/frame
[residual] 10000/36979, 0.0069 s/frame
[residual] 11000/36979, 0.0069 s/frame
[residual] 12000/36979, 0.0069 s/frame
[residual] 13000/36979, 0.0069 s/frame
[residual] 14000/36979, 0.0069 s/frame
[residual] 15000/36979, 0.0069 s/frame
[residual] 16000/36979, 0.0069 s/frame
[residual] 17000/36979, 0.0069 s/frame
[residual] 18000/36979, 0.0069 s/frame
[residual] 19000/36979, 0.0069 s/frame
[residual] 20000/36979, 0.0069 s/frame
[residual] 21000/36979, 0.0069 s/frame
[residual] 22000/36979, 0.0070 s/frame
[residual] 23000/36979, 0.0070 s/frame
[residual] 24000/36979, 0.0070 s/frame
[residual] 25000/36979, 0.0070 s/frame
[residual] 26000/36979, 0.0070 s/frame
[residual] 27000/36979, 0.0070 s/frame
[residual] 28000/36979, 0.0070 s/frame
[residual] 29000/36979, 0.0070 s/frame
[residual] 30000/36979, 0.0070 s/frame
[residual] 31000/36979, 0.0070 s/frame
[residual] 32000/36979, 0.0070 s/frame
[residual] 33000/36979, 0.0070 s/frame
[residual] 34000/36979, 0.0070 s/frame
[residual] 35000/36979, 0.0069 s/frame
[residual] 36000/36979, 0.0069 s/frame
[all] RMSE=0.19907 CRPS=0.09377 spread/skill=1.032 cov90=0.882
[defined_blind] RMSE=0.33967 CRPS=0.13602 spread/skill=0.695 cov90=0.905
[density] spearman=+0.843 AUSE=0.182
[vx] spearman=+0.393 AUSE=0.397
[vy] spearman=+0.093 AUSE=0.620
[var] spearman=+0.565 AUSE=0.503
[runtime] 334.59s on Tesla V100-SXM2-16GB; failures=0
[out] methods/enkf/enkf_opt/experiments/outputs/cross_localization_validation/atc-20130728_physics.json
[start] atc-20130728 weak50 -> methods/enkf/enkf_opt/experiments/outputs/cross_localization_validation/atc-20130728_weak50.json
[residual] 1000/36979, 0.0072 s/frame
[residual] 2000/36979, 0.0071 s/frame
[residual] 3000/36979, 0.0071 s/frame
[residual] 4000/36979, 0.0070 s/frame
[residual] 5000/36979, 0.0070 s/frame
[residual] 6000/36979, 0.0070 s/frame
[residual] 7000/36979, 0.0070 s/frame
[residual] 8000/36979, 0.0070 s/frame
[residual] 9000/36979, 0.0070 s/frame
[residual] 10000/36979, 0.0070 s/frame
[residual] 11000/36979, 0.0070 s/frame
[residual] 12000/36979, 0.0070 s/frame
[residual] 13000/36979, 0.0070 s/frame
[residual] 14000/36979, 0.0070 s/frame
[residual] 15000/36979, 0.0070 s/frame
[residual] 16000/36979, 0.0070 s/frame
[residual] 17000/36979, 0.0070 s/frame
[residual] 18000/36979, 0.0070 s/frame
[residual] 19000/36979, 0.0070 s/frame
[residual] 20000/36979, 0.0070 s/frame
[residual] 21000/36979, 0.0070 s/frame
[residual] 22000/36979, 0.0070 s/frame
[residual] 23000/36979, 0.0070 s/frame
[residual] 24000/36979, 0.0070 s/frame
[residual] 25000/36979, 0.0070 s/frame
[residual] 26000/36979, 0.0070 s/frame
[residual] 27000/36979, 0.0070 s/frame
[residual] 28000/36979, 0.0070 s/frame
[residual] 29000/36979, 0.0070 s/frame
[residual] 30000/36979, 0.0070 s/frame
[residual] 31000/36979, 0.0070 s/frame
[residual] 32000/36979, 0.0070 s/frame
[residual] 33000/36979, 0.0070 s/frame
[residual] 34000/36979, 0.0070 s/frame
[residual] 35000/36979, 0.0070 s/frame
[residual] 36000/36979, 0.0070 s/frame
[all] RMSE=0.20161 CRPS=0.09317 spread/skill=0.936 cov90=0.856
[defined_blind] RMSE=0.34099 CRPS=0.13680 spread/skill=0.670 cov90=0.880
[density] spearman=+0.822 AUSE=0.188
[vx] spearman=+0.392 AUSE=0.405
[vy] spearman=+0.081 AUSE=0.641
[var] spearman=+0.584 AUSE=0.487
[runtime] 342.54s on Tesla V100-SXM2-16GB; failures=0
[out] methods/enkf/enkf_opt/experiments/outputs/cross_localization_validation/atc-20130728_weak50.json
