[start] atc-20130721 diag -> methods/enkf/enkf_opt/experiments/outputs/cross_localization_validation/atc-20130721_diag.json
[residual] 1000/37413, 0.0077 s/frame
[residual] 2000/37413, 0.0074 s/frame
[residual] 3000/37413, 0.0073 s/frame
[residual] 4000/37413, 0.0072 s/frame
[residual] 5000/37413, 0.0072 s/frame
[residual] 6000/37413, 0.0072 s/frame
[residual] 7000/37413, 0.0072 s/frame
[residual] 8000/37413, 0.0072 s/frame
[residual] 9000/37413, 0.0072 s/frame
[residual] 10000/37413, 0.0072 s/frame
[residual] 11000/37413, 0.0072 s/frame
[residual] 12000/37413, 0.0072 s/frame
[residual] 13000/37413, 0.0072 s/frame
[residual] 14000/37413, 0.0072 s/frame
[residual] 15000/37413, 0.0072 s/frame
[residual] 16000/37413, 0.0072 s/frame
[residual] 17000/37413, 0.0072 s/frame
[residual] 18000/37413, 0.0072 s/frame
[residual] 19000/37413, 0.0072 s/frame
[residual] 20000/37413, 0.0072 s/frame
[residual] 21000/37413, 0.0072 s/frame
[residual] 22000/37413, 0.0072 s/frame
[residual] 23000/37413, 0.0072 s/frame
[residual] 24000/37413, 0.0072 s/frame
[residual] 25000/37413, 0.0072 s/frame
[residual] 26000/37413, 0.0072 s/frame
[residual] 27000/37413, 0.0072 s/frame
[residual] 28000/37413, 0.0072 s/frame
[residual] 29000/37413, 0.0072 s/frame
[residual] 30000/37413, 0.0072 s/frame
[residual] 31000/37413, 0.0072 s/frame
[residual] 32000/37413, 0.0072 s/frame
[residual] 33000/37413, 0.0072 s/frame
[residual] 34000/37413, 0.0072 s/frame
[residual] 35000/37413, 0.0072 s/frame
[residual] 36000/37413, 0.0072 s/frame
[residual] 37000/37413, 0.0072 s/frame
[all] RMSE=0.21421 CRPS=0.10091 spread/skill=1.015 cov90=0.882
[defined_blind] RMSE=0.35681 CRPS=0.15154 spread/skill=0.747 cov90=0.907
[density] spearman=+0.848 AUSE=0.179
[vx] spearman=+0.444 AUSE=0.379
[vy] spearman=+0.160 AUSE=0.583
[var] spearman=+0.526 AUSE=0.547
[runtime] 363.03s on Tesla V100-SXM2-16GB; failures=0
[out] methods/enkf/enkf_opt/experiments/outputs/cross_localization_validation/atc-20130721_diag.json
[start] atc-20130721 physics -> methods/enkf/enkf_opt/experiments/outputs/cross_localization_validation/atc-20130721_physics.json
[residual] 1000/37413, 0.0078 s/frame
[residual] 2000/37413, 0.0076 s/frame
[residual] 3000/37413, 0.0075 s/frame
[residual] 4000/37413, 0.0074 s/frame
[residual] 5000/37413, 0.0074 s/frame
[residual] 6000/37413, 0.0074 s/frame
[residual] 7000/37413, 0.0074 s/frame
[residual] 8000/37413, 0.0073 s/frame
[residual] 9000/37413, 0.0073 s/frame
[residual] 10000/37413, 0.0073 s/frame
[residual] 11000/37413, 0.0073 s/frame
[residual] 12000/37413, 0.0073 s/frame
[residual] 13000/37413, 0.0073 s/frame
[residual] 14000/37413, 0.0073 s/frame
[residual] 15000/37413, 0.0073 s/frame
[residual] 16000/37413, 0.0073 s/frame
[residual] 17000/37413, 0.0073 s/frame
[residual] 18000/37413, 0.0073 s/frame
[residual] 19000/37413, 0.0073 s/frame
[residual] 20000/37413, 0.0073 s/frame
[residual] 21000/37413, 0.0073 s/frame
[residual] 22000/37413, 0.0073 s/frame
[residual] 23000/37413, 0.0073 s/frame
[residual] 24000/37413, 0.0073 s/frame
[residual] 25000/37413, 0.0073 s/frame
[residual] 26000/37413, 0.0073 s/frame
[residual] 27000/37413, 0.0073 s/frame
[residual] 28000/37413, 0.0073 s/frame
[residual] 29000/37413, 0.0073 s/frame
[residual] 30000/37413, 0.0073 s/frame
[residual] 31000/37413, 0.0073 s/frame
[residual] 32000/37413, 0.0073 s/frame
[residual] 33000/37413, 0.0073 s/frame
[residual] 34000/37413, 0.0073 s/frame
[residual] 35000/37413, 0.0073 s/frame
[residual] 36000/37413, 0.0073 s/frame
[residual] 37000/37413, 0.0073 s/frame
[all] RMSE=0.21339 CRPS=0.09984 spread/skill=0.974 cov90=0.872
[defined_blind] RMSE=0.35636 CRPS=0.15139 spread/skill=0.733 cov90=0.897
[density] spearman=+0.843 AUSE=0.178
[vx] spearman=+0.438 AUSE=0.384
[vy] spearman=+0.151 AUSE=0.590
[var] spearman=+0.531 AUSE=0.542
[runtime] 367.42s on Tesla V100-SXM2-16GB; failures=0
[out] methods/enkf/enkf_opt/experiments/outputs/cross_localization_validation/atc-20130721_physics.json
[start] atc-20130721 weak50 -> methods/enkf/enkf_opt/experiments/outputs/cross_localization_validation/atc-20130721_weak50.json
[residual] 1000/37413, 0.0076 s/frame
[residual] 2000/37413, 0.0074 s/frame
[residual] 3000/37413, 0.0073 s/frame
[residual] 4000/37413, 0.0073 s/frame
[residual] 5000/37413, 0.0072 s/frame
[residual] 6000/37413, 0.0072 s/frame
[residual] 7000/37413, 0.0072 s/frame
[residual] 8000/37413, 0.0072 s/frame
[residual] 9000/37413, 0.0072 s/frame
[residual] 10000/37413, 0.0072 s/frame
[residual] 11000/37413, 0.0071 s/frame
[residual] 12000/37413, 0.0071 s/frame
[residual] 13000/37413, 0.0071 s/frame
[residual] 14000/37413, 0.0071 s/frame
[residual] 15000/37413, 0.0071 s/frame
[residual] 16000/37413, 0.0071 s/frame
[residual] 17000/37413, 0.0071 s/frame
[residual] 18000/37413, 0.0071 s/frame
[residual] 19000/37413, 0.0071 s/frame
[residual] 20000/37413, 0.0071 s/frame
[residual] 21000/37413, 0.0071 s/frame
[residual] 22000/37413, 0.0071 s/frame
[residual] 23000/37413, 0.0071 s/frame
[residual] 24000/37413, 0.0071 s/frame
[residual] 25000/37413, 0.0071 s/frame
[residual] 26000/37413, 0.0071 s/frame
[residual] 27000/37413, 0.0071 s/frame
[residual] 28000/37413, 0.0071 s/frame
[residual] 29000/37413, 0.0071 s/frame
[residual] 30000/37413, 0.0071 s/frame
[residual] 31000/37413, 0.0071 s/frame
[residual] 32000/37413, 0.0071 s/frame
[residual] 33000/37413, 0.0071 s/frame
[residual] 34000/37413, 0.0071 s/frame
[residual] 35000/37413, 0.0071 s/frame
[residual] 36000/37413, 0.0071 s/frame
[residual] 37000/37413, 0.0071 s/frame
[all] RMSE=0.21607 CRPS=0.09966 spread/skill=0.883 cov90=0.843
[defined_blind] RMSE=0.35799 CRPS=0.15229 spread/skill=0.706 cov90=0.872
[density] spearman=+0.827 AUSE=0.182
[vx] spearman=+0.435 AUSE=0.393
[vy] spearman=+0.136 AUSE=0.612
[var] spearman=+0.551 AUSE=0.526
[runtime] 361.5s on Tesla V100-SXM2-16GB; failures=0
[out] methods/enkf/enkf_opt/experiments/outputs/cross_localization_validation/atc-20130721_weak50.json
