[residual] 1000/5000, 0.0073 s/frame
[residual] 2000/5000, 0.0071 s/frame
[residual] 3000/5000, 0.0070 s/frame
[residual] 4000/5000, 0.0070 s/frame
[all] RMSE=0.20239 CRPS=0.09235 spread/skill=1.006 cov90=0.883
[defined_blind] RMSE=0.36084 CRPS=0.13250 spread/skill=0.582 cov90=0.903
[density] spearman=+0.848 AUSE=0.186
[vx] spearman=+0.379 AUSE=0.383
[vy] spearman=+0.048 AUSE=0.598
[var] spearman=+0.565 AUSE=0.555
[runtime] 43.22s on Tesla V100-SXM2-16GB; failures=0
[out] methods/enkf/enkf_opt/experiments/outputs/forecast_mlp_online_smoke/atc-20130616_raw.json
[residual] 1000/5000, 0.0072 s/frame
[residual] 2000/5000, 0.0069 s/frame
[residual] 3000/5000, 0.0069 s/frame
[residual] 4000/5000, 0.0068 s/frame
[all] RMSE=0.17240 CRPS=0.08247 spread/skill=1.166 cov90=0.896
[defined_blind] RMSE=0.29911 CRPS=0.08977 spread/skill=0.485 cov90=0.927
[density] spearman=+0.858 AUSE=0.175
[vx] spearman=+0.305 AUSE=0.428
[vy] spearman=-0.051 AUSE=0.652
[var] spearman=+0.580 AUSE=0.543
[runtime] 42.04s on Tesla V100-SXM2-16GB; failures=0
[out] methods/enkf/enkf_opt/experiments/outputs/forecast_mlp_online_smoke/atc-20130623_raw.json
[residual] 1000/5000, 0.0073 s/frame
[residual] 2000/5000, 0.0071 s/frame
[residual] 3000/5000, 0.0070 s/frame
[residual] 4000/5000, 0.0070 s/frame
[all] RMSE=0.16153 CRPS=0.08046 spread/skill=1.247 cov90=0.899
[defined_blind] RMSE=0.27661 CRPS=0.08092 spread/skill=0.490 cov90=0.934
[density] spearman=+0.864 AUSE=0.166
[vx] spearman=+0.278 AUSE=0.444
[vy] spearman=-0.090 AUSE=0.711
[var] spearman=+0.604 AUSE=0.493
[runtime] 42.82s on Tesla V100-SXM2-16GB; failures=0
[out] methods/enkf/enkf_opt/experiments/outputs/forecast_mlp_online_smoke/atc-20130630_raw.json
epoch=01 train=0.238807 val_crps=0.203624 val_rel=0.013287
epoch=02 train=0.236623 val_crps=0.203607 val_rel=0.013130
epoch=03 train=0.236322 val_crps=0.203782 val_rel=0.012415
epoch=04 train=0.236085 val_crps=0.204079 val_rel=0.011062
epoch=05 train=0.235971 val_crps=0.204180 val_rel=0.010709
epoch=06 train=0.235766 val_crps=0.204149 val_rel=0.010310
epoch=07 train=0.235782 val_crps=0.204108 val_rel=0.010379
epoch=08 train=0.235734 val_crps=0.204061 val_rel=0.010168
epoch=09 train=0.235762 val_crps=0.204072 val_rel=0.010749
epoch=10 train=0.235698 val_crps=0.204039 val_rel=0.010334
epoch=11 train=0.235718 val_crps=0.204025 val_rel=0.010441
epoch=12 train=0.235811 val_crps=0.204039 val_rel=0.010451
epoch=13 train=0.235631 val_crps=0.204005 val_rel=0.010278
epoch=14 train=0.235681 val_crps=0.204072 val_rel=0.010159
epoch=15 train=0.235651 val_crps=0.204028 val_rel=0.010590
epoch=16 train=0.235675 val_crps=0.204070 val_rel=0.010198
epoch=17 train=0.235587 val_crps=0.203930 val_rel=0.010262
epoch=18 train=0.235672 val_crps=0.203986 val_rel=0.010232
epoch=19 train=0.235632 val_crps=0.204005 val_rel=0.010410
epoch=20 train=0.235708 val_crps=0.204063 val_rel=0.010144
epoch=21 train=0.235570 val_crps=0.203954 val_rel=0.010172
epoch=22 train=0.235558 val_crps=0.204018 val_rel=0.010487
epoch=23 train=0.235554 val_crps=0.204044 val_rel=0.010176
epoch=24 train=0.235622 val_crps=0.204082 val_rel=0.010164
epoch=25 train=0.235487 val_crps=0.204033 val_rel=0.010382
epoch=26 train=0.235590 val_crps=0.203939 val_rel=0.010394
epoch=27 train=0.235676 val_crps=0.204009 val_rel=0.010299
epoch=28 train=0.235542 val_crps=0.203959 val_rel=0.010203
epoch=29 train=0.235487 val_crps=0.203950 val_rel=0.010156
epoch=30 train=0.235594 val_crps=0.203977 val_rel=0.010112
{
  "raw": {
    "n": 194293,
    "crps": 0.20878663659095764,
    "spread_skill": 0.6458027958869934,
    "coverage": {
      "10": 0.018698563509750736,
      "20": 0.041437416685109606,
      "30": 0.07984847627037515,
      "40": 0.1950301863680112,
      "50": 0.4298044705676478,
      "60": 0.5845913131198757,
      "70": 0.6885940306650266,
      "80": 0.7982428600103967,
      "90": 0.9067490851446012
    },
    "reliability_mae": 0.0856113075498231
  },
  "calibrated": {
    "n": 194293,
    "crps": 0.2039501667022705,
    "spread_skill": 0.789779782295227,
    "coverage": {
      "10": 0.021709480012146603,
      "20": 0.05038781633924022,
      "30": 0.1513178549922025,
      "40": 0.3414636657007715,
      "50": 0.49082056481705466,
      "60": 0.6365437766671985,
      "70": 0.765786724174314,
      "80": 0.8736907660080394,
      "90": 0.94711595373997
    },
    "reliability_mae": 0.0741597598586785
  },
  "scale": {
    "mean": 1.1958855390548706,
    "p05": 0.6559715270996094,
    "p50": 1.2517122030258179,
    "p95": 1.5321909189224243
  }
}
[residual] 1000/5000, 0.0093 s/frame
[residual] 2000/5000, 0.0090 s/frame
[residual] 3000/5000, 0.0089 s/frame
[residual] 4000/5000, 0.0089 s/frame
[all] RMSE=0.17152 CRPS=0.08997 spread/skill=1.374 cov90=0.901
[defined_blind] RMSE=0.28596 CRPS=0.08392 spread/skill=0.591 cov90=0.940
[density] spearman=+0.889 AUSE=0.161
[vx] spearman=+0.261 AUSE=0.501
[vy] spearman=-0.061 AUSE=0.726
[var] spearman=+0.640 AUSE=0.421
[runtime] 53.05s on Tesla V100-SXM2-16GB; failures=0
[out] methods/enkf/enkf_opt/experiments/outputs/forecast_mlp_online_smoke/atc-20130630_online.json
