[01/32] atc-20121028_corridor_1.0s.h5: 256 samples, total=256/8192
[02/32] atc-20121104_corridor_1.0s.h5: 256 samples, total=512/8192
[03/32] atc-20121111_corridor_1.0s.h5: 256 samples, total=768/8192
[04/32] atc-20121118_corridor_1.0s.h5: 256 samples, total=1024/8192
[05/32] atc-20121125_corridor_1.0s.h5: 256 samples, total=1280/8192
[06/32] atc-20121202_corridor_1.0s.h5: 256 samples, total=1536/8192
[07/32] atc-20121209_corridor_1.0s.h5: 256 samples, total=1792/8192
[08/32] atc-20121216_corridor_1.0s.h5: 256 samples, total=2048/8192
[09/32] atc-20121223_corridor_1.0s.h5: 256 samples, total=2304/8192
[10/32] atc-20130106_corridor_1.0s.h5: 256 samples, total=2560/8192
[11/32] atc-20130113_corridor_1.0s.h5: 256 samples, total=2816/8192
[12/32] atc-20130120_corridor_1.0s.h5: 256 samples, total=3072/8192
[13/32] atc-20130127_corridor_1.0s.h5: 256 samples, total=3328/8192
[14/32] atc-20130203_corridor_1.0s.h5: 256 samples, total=3584/8192
[15/32] atc-20130210_corridor_1.0s.h5: 256 samples, total=3840/8192
[16/32] atc-20130217_corridor_1.0s.h5: 256 samples, total=4096/8192
[17/32] atc-20130224_corridor_1.0s.h5: 256 samples, total=4352/8192
[18/32] atc-20130303_corridor_1.0s.h5: 256 samples, total=4608/8192
[19/32] atc-20130310_corridor_1.0s.h5: 256 samples, total=4864/8192
[20/32] atc-20130317_corridor_1.0s.h5: 256 samples, total=5120/8192
[21/32] atc-20130324_corridor_1.0s.h5: 256 samples, total=5376/8192
[22/32] atc-20130331_corridor_1.0s.h5: 256 samples, total=5632/8192
[23/32] atc-20130407_corridor_1.0s.h5: 256 samples, total=5888/8192
[24/32] atc-20130414_corridor_1.0s.h5: 256 samples, total=6144/8192
[25/32] atc-20130421_corridor_1.0s.h5: 256 samples, total=6400/8192
[26/32] atc-20130428_corridor_1.0s.h5: 256 samples, total=6656/8192
[27/32] atc-20130505_corridor_1.0s.h5: 256 samples, total=6912/8192
[28/32] atc-20130512_corridor_1.0s.h5: 256 samples, total=7168/8192
[29/32] atc-20130519_corridor_1.0s.h5: 256 samples, total=7424/8192
[30/32] atc-20130526_corridor_1.0s.h5: 256 samples, total=7680/8192
[31/32] atc-20130602_corridor_1.0s.h5: 256 samples, total=7936/8192
[32/32] atc-20130609_corridor_1.0s.h5: 256 samples, total=8192/8192
[check] max |centered coordinate mean|=2.485e-08
[check] residual channel std=[0.11786547267980114, 0.31185198401717024, 0.1542061644224111, 0.12622774980301613]
[check] density log-residual std=0.08173012
[out] methods/enkf/enkf_opt/experiments/outputs/pedpred3_train_residual_q_conditional_8192.npz
