[residual] 1000/38437, 0.0043 s/frame
[residual] 2000/38437, 0.0040 s/frame
[residual] 3000/38437, 0.0039 s/frame
[residual] 4000/38437, 0.0039 s/frame
[residual] 5000/38437, 0.0039 s/frame
[residual] 6000/38437, 0.0039 s/frame
[residual] 7000/38437, 0.0038 s/frame
[residual] 8000/38437, 0.0038 s/frame
[residual] 9000/38437, 0.0038 s/frame
[residual] 10000/38437, 0.0038 s/frame
[residual] 11000/38437, 0.0038 s/frame
[residual] 12000/38437, 0.0038 s/frame
[residual] 13000/38437, 0.0039 s/frame
[residual] 14000/38437, 0.0039 s/frame
[residual] 15000/38437, 0.0039 s/frame
[residual] 16000/38437, 0.0039 s/frame
[residual] 17000/38437, 0.0039 s/frame
[residual] 18000/38437, 0.0039 s/frame
[residual] 19000/38437, 0.0039 s/frame
[residual] 20000/38437, 0.0039 s/frame
[residual] 21000/38437, 0.0038 s/frame
[residual] 22000/38437, 0.0038 s/frame
[residual] 23000/38437, 0.0038 s/frame
[residual] 24000/38437, 0.0038 s/frame
[residual] 25000/38437, 0.0038 s/frame
[residual] 26000/38437, 0.0038 s/frame
[residual] 27000/38437, 0.0038 s/frame
[residual] 28000/38437, 0.0038 s/frame
[residual] 29000/38437, 0.0038 s/frame
[residual] 30000/38437, 0.0038 s/frame
[residual] 31000/38437, 0.0038 s/frame
[residual] 32000/38437, 0.0038 s/frame
[residual] 33000/38437, 0.0038 s/frame
[residual] 34000/38437, 0.0038 s/frame
[residual] 35000/38437, 0.0038 s/frame
[residual] 36000/38437, 0.0038 s/frame
[residual] 37000/38437, 0.0038 s/frame
[residual] 38000/38437, 0.0038 s/frame
[all] RMSE=0.22113 CRPS=0.09730 spread/skill=0.761 cov90=0.826
[defined_blind] RMSE=0.36527 CRPS=0.15032 spread/skill=0.517 cov90=0.766
[density] spearman=+0.837 AUSE=0.219
[vx] spearman=+0.436 AUSE=0.398
[vy] spearman=+0.087 AUSE=0.631
[var] spearman=+0.711 AUSE=0.363
[runtime] 215.18s on Tesla V100-PCIE-32GB; failures=0
[out] methods/enkf/enkf_opt/experiments/outputs/validation_sweep/atc-20130707_r15_rho50.json
