[residual] 1000/37413, 0.0064 s/frame
[residual] 2000/37413, 0.0062 s/frame
[residual] 3000/37413, 0.0061 s/frame
[residual] 4000/37413, 0.0061 s/frame
[residual] 5000/37413, 0.0061 s/frame
[residual] 6000/37413, 0.0060 s/frame
[residual] 7000/37413, 0.0060 s/frame
[residual] 8000/37413, 0.0061 s/frame
[residual] 9000/37413, 0.0061 s/frame
[residual] 10000/37413, 0.0061 s/frame
[residual] 11000/37413, 0.0061 s/frame
[residual] 12000/37413, 0.0061 s/frame
[residual] 13000/37413, 0.0061 s/frame
[residual] 14000/37413, 0.0061 s/frame
[residual] 15000/37413, 0.0062 s/frame
[residual] 16000/37413, 0.0062 s/frame
[residual] 17000/37413, 0.0062 s/frame
[residual] 18000/37413, 0.0062 s/frame
[residual] 19000/37413, 0.0062 s/frame
[residual] 20000/37413, 0.0062 s/frame
[residual] 21000/37413, 0.0062 s/frame
[residual] 22000/37413, 0.0062 s/frame
[residual] 23000/37413, 0.0062 s/frame
[residual] 24000/37413, 0.0062 s/frame
[residual] 25000/37413, 0.0062 s/frame
[residual] 26000/37413, 0.0062 s/frame
[residual] 27000/37413, 0.0062 s/frame
[residual] 28000/37413, 0.0062 s/frame
[residual] 29000/37413, 0.0062 s/frame
[residual] 30000/37413, 0.0062 s/frame
[residual] 31000/37413, 0.0062 s/frame
[residual] 32000/37413, 0.0062 s/frame
[residual] 33000/37413, 0.0062 s/frame
[residual] 34000/37413, 0.0062 s/frame
[residual] 35000/37413, 0.0062 s/frame
[residual] 36000/37413, 0.0062 s/frame
[residual] 37000/37413, 0.0062 s/frame
[all] RMSE=0.22453 CRPS=0.10146 spread/skill=0.617 cov90=0.728
[defined_blind] RMSE=0.36059 CRPS=0.16256 spread/skill=0.484 cov90=0.628
[density] spearman=+0.812 AUSE=0.237
[vx] spearman=+0.439 AUSE=0.409
[vy] spearman=+0.130 AUSE=0.631
[var] spearman=+0.660 AUSE=0.446
[runtime] 318.25s on Tesla V100-SXM2-16GB; failures=0
[out] methods/enkf/enkf_opt/experiments/outputs/validation_sweep/atc-20130721_r125.json
