[residual] 1000/36979, 0.0044 s/frame
[residual] 2000/36979, 0.0041 s/frame
[residual] 3000/36979, 0.0040 s/frame
[residual] 4000/36979, 0.0040 s/frame
[residual] 5000/36979, 0.0040 s/frame
[residual] 6000/36979, 0.0040 s/frame
[residual] 7000/36979, 0.0039 s/frame
[residual] 8000/36979, 0.0039 s/frame
[residual] 9000/36979, 0.0039 s/frame
[residual] 10000/36979, 0.0039 s/frame
[residual] 11000/36979, 0.0039 s/frame
[residual] 12000/36979, 0.0039 s/frame
[residual] 13000/36979, 0.0039 s/frame
[residual] 14000/36979, 0.0039 s/frame
[residual] 15000/36979, 0.0039 s/frame
[residual] 16000/36979, 0.0039 s/frame
[residual] 17000/36979, 0.0039 s/frame
[residual] 18000/36979, 0.0039 s/frame
[residual] 19000/36979, 0.0039 s/frame
[residual] 20000/36979, 0.0039 s/frame
[residual] 21000/36979, 0.0039 s/frame
[residual] 22000/36979, 0.0039 s/frame
[residual] 23000/36979, 0.0039 s/frame
[residual] 24000/36979, 0.0039 s/frame
[residual] 25000/36979, 0.0039 s/frame
[residual] 26000/36979, 0.0039 s/frame
[residual] 27000/36979, 0.0039 s/frame
[residual] 28000/36979, 0.0039 s/frame
[residual] 29000/36979, 0.0039 s/frame
[residual] 30000/36979, 0.0039 s/frame
[residual] 31000/36979, 0.0039 s/frame
[residual] 32000/36979, 0.0039 s/frame
[residual] 33000/36979, 0.0039 s/frame
[residual] 34000/36979, 0.0039 s/frame
[residual] 35000/36979, 0.0039 s/frame
[residual] 36000/36979, 0.0039 s/frame
[all] RMSE=0.21296 CRPS=0.09735 spread/skill=0.836 cov90=0.820
[defined_blind] RMSE=0.34752 CRPS=0.14020 spread/skill=0.685 cov90=0.864
[density] spearman=+0.805 AUSE=0.228
[vx] spearman=+0.414 AUSE=0.427
[vy] spearman=+0.099 AUSE=0.664
[var] spearman=+0.597 AUSE=0.478
[runtime] 209.54s on Tesla V100-PCIE-32GB; failures=0
[out] methods/enkf/enkf_opt/experiments/outputs/blind_spatial_validation/atc-20130728_sp_b3.json
