[residual] 1000/35127, 0.0077 s/frame
[residual] 2000/35127, 0.0075 s/frame
[residual] 3000/35127, 0.0074 s/frame
[residual] 4000/35127, 0.0074 s/frame
[residual] 5000/35127, 0.0074 s/frame
[residual] 6000/35127, 0.0074 s/frame
[residual] 7000/35127, 0.0073 s/frame
[residual] 8000/35127, 0.0073 s/frame
[residual] 9000/35127, 0.0073 s/frame
[residual] 10000/35127, 0.0073 s/frame
[residual] 11000/35127, 0.0073 s/frame
[residual] 12000/35127, 0.0073 s/frame
[residual] 13000/35127, 0.0073 s/frame
[residual] 14000/35127, 0.0073 s/frame
[residual] 15000/35127, 0.0073 s/frame
[residual] 16000/35127, 0.0073 s/frame
[residual] 17000/35127, 0.0073 s/frame
[residual] 18000/35127, 0.0073 s/frame
[residual] 19000/35127, 0.0073 s/frame
[residual] 20000/35127, 0.0073 s/frame
[residual] 21000/35127, 0.0073 s/frame
[residual] 22000/35127, 0.0073 s/frame
[residual] 23000/35127, 0.0073 s/frame
[residual] 24000/35127, 0.0073 s/frame
[residual] 25000/35127, 0.0073 s/frame
[residual] 26000/35127, 0.0073 s/frame
[residual] 27000/35127, 0.0073 s/frame
[residual] 28000/35127, 0.0073 s/frame
[residual] 29000/35127, 0.0073 s/frame
[residual] 30000/35127, 0.0073 s/frame
[residual] 31000/35127, 0.0073 s/frame
[residual] 32000/35127, 0.0073 s/frame
[residual] 33000/35127, 0.0073 s/frame
[residual] 34000/35127, 0.0073 s/frame
[residual] 35000/35127, 0.0073 s/frame
[all] RMSE=0.20651 CRPS=0.09166 spread/skill=0.556 cov90=0.700
[defined_blind] RMSE=0.34435 CRPS=0.14900 spread/skill=0.367 cov90=0.551
[density] spearman=+0.804 AUSE=0.256
[vx] spearman=+0.389 AUSE=0.421
[vy] spearman=+0.067 AUSE=0.645
[var] spearman=+0.635 AUSE=0.506
[runtime] 329.47s on Tesla V100-SXM2-16GB; failures=0
[out] methods/enkf/enkf_opt/experiments/outputs/validation_sweep/atc-20130616_r1.json
