[residual] 1000/38437, 0.0068 s/frame
[residual] 2000/38437, 0.0066 s/frame
[residual] 3000/38437, 0.0065 s/frame
[residual] 4000/38437, 0.0065 s/frame
[residual] 5000/38437, 0.0065 s/frame
[residual] 6000/38437, 0.0065 s/frame
[residual] 7000/38437, 0.0065 s/frame
[residual] 8000/38437, 0.0065 s/frame
[residual] 9000/38437, 0.0065 s/frame
[residual] 10000/38437, 0.0065 s/frame
[residual] 11000/38437, 0.0064 s/frame
[residual] 12000/38437, 0.0064 s/frame
[residual] 13000/38437, 0.0064 s/frame
[residual] 14000/38437, 0.0064 s/frame
[residual] 15000/38437, 0.0064 s/frame
[residual] 16000/38437, 0.0064 s/frame
[residual] 17000/38437, 0.0064 s/frame
[residual] 18000/38437, 0.0064 s/frame
[residual] 19000/38437, 0.0064 s/frame
[residual] 20000/38437, 0.0064 s/frame
[residual] 21000/38437, 0.0064 s/frame
[residual] 22000/38437, 0.0064 s/frame
[residual] 23000/38437, 0.0064 s/frame
[residual] 24000/38437, 0.0064 s/frame
[residual] 25000/38437, 0.0064 s/frame
[residual] 26000/38437, 0.0064 s/frame
[residual] 27000/38437, 0.0064 s/frame
[residual] 28000/38437, 0.0064 s/frame
[residual] 29000/38437, 0.0064 s/frame
[residual] 30000/38437, 0.0064 s/frame
[residual] 31000/38437, 0.0064 s/frame
[residual] 32000/38437, 0.0064 s/frame
[residual] 33000/38437, 0.0064 s/frame
[residual] 34000/38437, 0.0064 s/frame
[residual] 35000/38437, 0.0064 s/frame
[residual] 36000/38437, 0.0064 s/frame
[residual] 37000/38437, 0.0064 s/frame
[residual] 38000/38437, 0.0064 s/frame
[all] RMSE=0.20727 CRPS=0.09620 spread/skill=1.034 cov90=0.891
[defined_blind] RMSE=0.35842 CRPS=0.14134 spread/skill=0.664 cov90=0.914
[density] spearman=+0.860 AUSE=0.171
[vx] spearman=+0.416 AUSE=0.378
[vy] spearman=+0.104 AUSE=0.584
[var] spearman=+0.565 AUSE=0.514
[runtime] 326.66s on Tesla V100-SXM2-16GB; failures=0
[out] methods/enkf/enkf_opt/experiments/outputs/cross_localization_validation/atc-20130707_diag.json
