[residual] 1000/40620, 0.0073 s/frame
[residual] 2000/40620, 0.0071 s/frame
[residual] 3000/40620, 0.0070 s/frame
[residual] 4000/40620, 0.0069 s/frame
[residual] 5000/40620, 0.0069 s/frame
[residual] 6000/40620, 0.0069 s/frame
[residual] 7000/40620, 0.0069 s/frame
[residual] 8000/40620, 0.0069 s/frame
[residual] 9000/40620, 0.0069 s/frame
[residual] 10000/40620, 0.0069 s/frame
[residual] 11000/40620, 0.0069 s/frame
[residual] 12000/40620, 0.0069 s/frame
[residual] 13000/40620, 0.0069 s/frame
[residual] 14000/40620, 0.0069 s/frame
[residual] 15000/40620, 0.0069 s/frame
[residual] 16000/40620, 0.0069 s/frame
[residual] 17000/40620, 0.0069 s/frame
[residual] 18000/40620, 0.0069 s/frame
[residual] 19000/40620, 0.0069 s/frame
[residual] 20000/40620, 0.0069 s/frame
[residual] 21000/40620, 0.0069 s/frame
[residual] 22000/40620, 0.0069 s/frame
[residual] 23000/40620, 0.0069 s/frame
[residual] 24000/40620, 0.0069 s/frame
[residual] 25000/40620, 0.0069 s/frame
[residual] 26000/40620, 0.0069 s/frame
[residual] 27000/40620, 0.0069 s/frame
[residual] 28000/40620, 0.0069 s/frame
[residual] 29000/40620, 0.0069 s/frame
[residual] 30000/40620, 0.0069 s/frame
[residual] 31000/40620, 0.0069 s/frame
[residual] 32000/40620, 0.0069 s/frame
[residual] 33000/40620, 0.0069 s/frame
[residual] 34000/40620, 0.0069 s/frame
[residual] 35000/40620, 0.0069 s/frame
[residual] 36000/40620, 0.0069 s/frame
[residual] 37000/40620, 0.0069 s/frame
[residual] 38000/40620, 0.0069 s/frame
[residual] 39000/40620, 0.0069 s/frame
[residual] 40000/40620, 0.0069 s/frame
[all] RMSE=0.21110 CRPS=0.09379 spread/skill=0.856 cov90=0.842
[defined_blind] RMSE=0.35459 CRPS=0.13847 spread/skill=0.474 cov90=0.742
[density] spearman=+0.770 AUSE=0.219
[vx] spearman=+0.426 AUSE=0.395
[vy] spearman=+0.075 AUSE=0.623
[var] spearman=+0.431 AUSE=0.571
[runtime] 361.53s on Tesla V100-SXM2-16GB; failures=0
[out] methods/enkf/enkf_opt/experiments/outputs/validation_sweep/atc-20130623_r15_rt25.json
