[residual] 1000/39383, 0.0050 s/frame
[residual] 2000/39383, 0.0047 s/frame
[residual] 3000/39383, 0.0047 s/frame
[residual] 4000/39383, 0.0047 s/frame
[residual] 5000/39383, 0.0046 s/frame
[residual] 6000/39383, 0.0046 s/frame
[residual] 7000/39383, 0.0046 s/frame
[residual] 8000/39383, 0.0046 s/frame
[residual] 9000/39383, 0.0046 s/frame
[residual] 10000/39383, 0.0046 s/frame
[residual] 11000/39383, 0.0046 s/frame
[residual] 12000/39383, 0.0046 s/frame
[residual] 13000/39383, 0.0045 s/frame
[residual] 14000/39383, 0.0045 s/frame
[residual] 15000/39383, 0.0045 s/frame
[residual] 16000/39383, 0.0045 s/frame
[residual] 17000/39383, 0.0045 s/frame
[residual] 18000/39383, 0.0045 s/frame
[residual] 19000/39383, 0.0045 s/frame
[residual] 20000/39383, 0.0045 s/frame
[residual] 21000/39383, 0.0045 s/frame
[residual] 22000/39383, 0.0045 s/frame
[residual] 23000/39383, 0.0045 s/frame
[residual] 24000/39383, 0.0045 s/frame
[residual] 25000/39383, 0.0045 s/frame
[residual] 26000/39383, 0.0045 s/frame
[residual] 27000/39383, 0.0045 s/frame
[residual] 28000/39383, 0.0045 s/frame
[residual] 29000/39383, 0.0045 s/frame
[residual] 30000/39383, 0.0045 s/frame
[residual] 31000/39383, 0.0045 s/frame
[residual] 32000/39383, 0.0045 s/frame
[residual] 33000/39383, 0.0045 s/frame
[residual] 34000/39383, 0.0045 s/frame
[residual] 35000/39383, 0.0045 s/frame
[residual] 36000/39383, 0.0045 s/frame
[residual] 37000/39383, 0.0045 s/frame
[residual] 38000/39383, 0.0045 s/frame
[residual] 39000/39383, 0.0045 s/frame
[all] RMSE=0.22091 CRPS=0.09650 spread/skill=0.724 cov90=0.798
[defined_blind] RMSE=0.36667 CRPS=0.14914 spread/skill=0.481 cov90=0.709
[density] spearman=+0.793 AUSE=0.233
[vx] spearman=+0.426 AUSE=0.410
[vy] spearman=+0.076 AUSE=0.654
[var] spearman=+0.729 AUSE=0.356
[runtime] 250.21s on Tesla V100-PCIE-32GB; failures=0
[out] methods/enkf/enkf_opt/experiments/outputs/selected_test/atc-20130915_r15.json
