[residual] 1000/39383, 0.0044 s/frame
[residual] 2000/39383, 0.0042 s/frame
[residual] 3000/39383, 0.0041 s/frame
[residual] 4000/39383, 0.0041 s/frame
[residual] 5000/39383, 0.0041 s/frame
[residual] 6000/39383, 0.0041 s/frame
[residual] 7000/39383, 0.0041 s/frame
[residual] 8000/39383, 0.0041 s/frame
[residual] 9000/39383, 0.0041 s/frame
[residual] 10000/39383, 0.0041 s/frame
[residual] 11000/39383, 0.0041 s/frame
[residual] 12000/39383, 0.0040 s/frame
[residual] 13000/39383, 0.0040 s/frame
[residual] 14000/39383, 0.0040 s/frame
[residual] 15000/39383, 0.0040 s/frame
[residual] 16000/39383, 0.0040 s/frame
[residual] 17000/39383, 0.0040 s/frame
[residual] 18000/39383, 0.0040 s/frame
[residual] 19000/39383, 0.0040 s/frame
[residual] 20000/39383, 0.0040 s/frame
[residual] 21000/39383, 0.0040 s/frame
[residual] 22000/39383, 0.0040 s/frame
[residual] 23000/39383, 0.0040 s/frame
[residual] 24000/39383, 0.0040 s/frame
[residual] 25000/39383, 0.0040 s/frame
[residual] 26000/39383, 0.0040 s/frame
[residual] 27000/39383, 0.0040 s/frame
[residual] 28000/39383, 0.0040 s/frame
[residual] 29000/39383, 0.0040 s/frame
[residual] 30000/39383, 0.0040 s/frame
[residual] 31000/39383, 0.0040 s/frame
[residual] 32000/39383, 0.0040 s/frame
[residual] 33000/39383, 0.0040 s/frame
[residual] 34000/39383, 0.0040 s/frame
[residual] 35000/39383, 0.0040 s/frame
[residual] 36000/39383, 0.0040 s/frame
[residual] 37000/39383, 0.0040 s/frame
[residual] 38000/39383, 0.0040 s/frame
[residual] 39000/39383, 0.0040 s/frame
[all] RMSE=0.21961 CRPS=0.09768 spread/skill=0.795 cov90=0.820
[defined_blind] RMSE=0.36694 CRPS=0.14372 spread/skill=0.595 cov90=0.846
[density] spearman=+0.808 AUSE=0.215
[vx] spearman=+0.417 AUSE=0.418
[vy] spearman=+0.083 AUSE=0.656
[var] spearman=+0.600 AUSE=0.482
[runtime] 228.28s on Tesla V100-PCIE-32GB; failures=0
[out] methods/enkf/enkf_opt/experiments/outputs/blind_spatial_test/atc-20130915_sp_b2.json
