[residual] 1000/35127, 0.0043 s/frame
[residual] 2000/35127, 0.0041 s/frame
[residual] 3000/35127, 0.0040 s/frame
[residual] 4000/35127, 0.0040 s/frame
[residual] 5000/35127, 0.0039 s/frame
[residual] 6000/35127, 0.0039 s/frame
[residual] 7000/35127, 0.0039 s/frame
[residual] 8000/35127, 0.0039 s/frame
[residual] 9000/35127, 0.0039 s/frame
[residual] 10000/35127, 0.0039 s/frame
[residual] 11000/35127, 0.0039 s/frame
[residual] 12000/35127, 0.0039 s/frame
[residual] 13000/35127, 0.0039 s/frame
[residual] 14000/35127, 0.0039 s/frame
[residual] 15000/35127, 0.0039 s/frame
[residual] 16000/35127, 0.0039 s/frame
[residual] 17000/35127, 0.0039 s/frame
[residual] 18000/35127, 0.0039 s/frame
[residual] 19000/35127, 0.0039 s/frame
[residual] 20000/35127, 0.0039 s/frame
[residual] 21000/35127, 0.0039 s/frame
[residual] 22000/35127, 0.0039 s/frame
[residual] 23000/35127, 0.0039 s/frame
[residual] 24000/35127, 0.0038 s/frame
[residual] 25000/35127, 0.0038 s/frame
[residual] 26000/35127, 0.0038 s/frame
[residual] 27000/35127, 0.0038 s/frame
[residual] 28000/35127, 0.0038 s/frame
[residual] 29000/35127, 0.0038 s/frame
[residual] 30000/35127, 0.0038 s/frame
[residual] 31000/35127, 0.0038 s/frame
[residual] 32000/35127, 0.0038 s/frame
[residual] 33000/35127, 0.0038 s/frame
[residual] 34000/35127, 0.0038 s/frame
[residual] 35000/35127, 0.0038 s/frame
[all] RMSE=0.21414 CRPS=0.09801 spread/skill=0.854 cov90=0.822
[defined_blind] RMSE=0.35209 CRPS=0.13985 spread/skill=0.698 cov90=0.871
[density] spearman=+0.814 AUSE=0.233
[vx] spearman=+0.414 AUSE=0.431
[vy] spearman=+0.095 AUSE=0.655
[var] spearman=+0.591 AUSE=0.509
[runtime] 199.53s on Tesla V100-PCIE-32GB; failures=0
[out] methods/enkf/enkf_opt/experiments/outputs/blind_spatial_validation/atc-20130616_sp_b4.json
