[residual] 1000/42890, 0.0042 s/frame
[residual] 2000/42890, 0.0040 s/frame
[residual] 3000/42890, 0.0039 s/frame
[residual] 4000/42890, 0.0039 s/frame
[residual] 5000/42890, 0.0039 s/frame
[residual] 6000/42890, 0.0039 s/frame
[residual] 7000/42890, 0.0039 s/frame
[residual] 8000/42890, 0.0038 s/frame
[residual] 9000/42890, 0.0038 s/frame
[residual] 10000/42890, 0.0038 s/frame
[residual] 11000/42890, 0.0038 s/frame
[residual] 12000/42890, 0.0038 s/frame
[residual] 13000/42890, 0.0038 s/frame
[residual] 14000/42890, 0.0038 s/frame
[residual] 15000/42890, 0.0038 s/frame
[residual] 16000/42890, 0.0038 s/frame
[residual] 17000/42890, 0.0038 s/frame
[residual] 18000/42890, 0.0038 s/frame
[residual] 19000/42890, 0.0038 s/frame
[residual] 20000/42890, 0.0038 s/frame
[residual] 21000/42890, 0.0038 s/frame
[residual] 22000/42890, 0.0038 s/frame
[residual] 23000/42890, 0.0038 s/frame
[residual] 24000/42890, 0.0038 s/frame
[residual] 25000/42890, 0.0038 s/frame
[residual] 26000/42890, 0.0038 s/frame
[residual] 27000/42890, 0.0038 s/frame
[residual] 28000/42890, 0.0038 s/frame
[residual] 29000/42890, 0.0038 s/frame
[residual] 30000/42890, 0.0038 s/frame
[residual] 31000/42890, 0.0038 s/frame
[residual] 32000/42890, 0.0038 s/frame
[residual] 33000/42890, 0.0038 s/frame
[residual] 34000/42890, 0.0038 s/frame
[residual] 35000/42890, 0.0038 s/frame
[residual] 36000/42890, 0.0038 s/frame
[residual] 37000/42890, 0.0038 s/frame
[residual] 38000/42890, 0.0038 s/frame
[residual] 39000/42890, 0.0038 s/frame
[residual] 40000/42890, 0.0038 s/frame
[residual] 41000/42890, 0.0038 s/frame
[residual] 42000/42890, 0.0038 s/frame
[all] RMSE=0.22008 CRPS=0.09679 spread/skill=0.739 cov90=0.813
[defined_blind] RMSE=0.36780 CRPS=0.15051 spread/skill=0.548 cov90=0.813
[density] spearman=+0.814 AUSE=0.201
[vx] spearman=+0.430 AUSE=0.403
[vy] spearman=+0.083 AUSE=0.641
[var] spearman=+0.594 AUSE=0.497
[runtime] 239.38s on Tesla V100-PCIE-32GB; failures=0
[out] methods/enkf/enkf_opt/experiments/outputs/channel_test/atc-20130825_den2.json
