[residual] 1000/40710, 0.0063 s/frame
[residual] 2000/40710, 0.0061 s/frame
[residual] 3000/40710, 0.0060 s/frame
[residual] 4000/40710, 0.0060 s/frame
[residual] 5000/40710, 0.0059 s/frame
[residual] 6000/40710, 0.0059 s/frame
[residual] 7000/40710, 0.0059 s/frame
[residual] 8000/40710, 0.0059 s/frame
[residual] 9000/40710, 0.0059 s/frame
[residual] 10000/40710, 0.0059 s/frame
[residual] 11000/40710, 0.0059 s/frame
[residual] 12000/40710, 0.0059 s/frame
[residual] 13000/40710, 0.0059 s/frame
[residual] 14000/40710, 0.0059 s/frame
[residual] 15000/40710, 0.0059 s/frame
[residual] 16000/40710, 0.0059 s/frame
[residual] 17000/40710, 0.0059 s/frame
[residual] 18000/40710, 0.0059 s/frame
[residual] 19000/40710, 0.0059 s/frame
[residual] 20000/40710, 0.0059 s/frame
[residual] 21000/40710, 0.0059 s/frame
[residual] 22000/40710, 0.0059 s/frame
[residual] 23000/40710, 0.0059 s/frame
[residual] 24000/40710, 0.0059 s/frame
[residual] 25000/40710, 0.0059 s/frame
[residual] 26000/40710, 0.0059 s/frame
[residual] 27000/40710, 0.0059 s/frame
[residual] 28000/40710, 0.0059 s/frame
[residual] 29000/40710, 0.0059 s/frame
[residual] 30000/40710, 0.0059 s/frame
[residual] 31000/40710, 0.0059 s/frame
[residual] 32000/40710, 0.0059 s/frame
[residual] 33000/40710, 0.0059 s/frame
[residual] 34000/40710, 0.0059 s/frame
[residual] 35000/40710, 0.0059 s/frame
[residual] 36000/40710, 0.0059 s/frame
[residual] 37000/40710, 0.0059 s/frame
[residual] 38000/40710, 0.0059 s/frame
[residual] 39000/40710, 0.0059 s/frame
[residual] 40000/40710, 0.0059 s/frame
[all] RMSE=0.23051 CRPS=0.10629 spread/skill=1.056 cov90=0.898
[defined_blind] RMSE=0.36009 CRPS=0.13415 spread/skill=0.664 cov90=0.865
[density] spearman=+0.768 AUSE=0.242
[vx] spearman=+0.458 AUSE=0.409
[vy] spearman=+0.068 AUSE=0.680
[var] spearman=+0.835 AUSE=0.210
[runtime] 321.86s on Tesla V100-SXM2-16GB; failures=0
[out] methods/enkf/enkf_opt/experiments/outputs/validation_sweep/atc-20130630_r25.json
