[gaussian] 1000/38437, 0.0061 s/frame
[gaussian] 2000/38437, 0.0059 s/frame
[gaussian] 3000/38437, 0.0058 s/frame
[gaussian] 4000/38437, 0.0058 s/frame
[gaussian] 5000/38437, 0.0058 s/frame
[gaussian] 6000/38437, 0.0057 s/frame
[gaussian] 7000/38437, 0.0057 s/frame
[gaussian] 8000/38437, 0.0057 s/frame
[gaussian] 9000/38437, 0.0057 s/frame
[gaussian] 10000/38437, 0.0057 s/frame
[gaussian] 11000/38437, 0.0057 s/frame
[gaussian] 12000/38437, 0.0057 s/frame
[gaussian] 13000/38437, 0.0057 s/frame
[gaussian] 14000/38437, 0.0057 s/frame
[gaussian] 15000/38437, 0.0057 s/frame
[gaussian] 16000/38437, 0.0057 s/frame
[gaussian] 17000/38437, 0.0057 s/frame
[gaussian] 18000/38437, 0.0057 s/frame
[gaussian] 19000/38437, 0.0057 s/frame
[gaussian] 20000/38437, 0.0057 s/frame
[gaussian] 21000/38437, 0.0057 s/frame
[gaussian] 22000/38437, 0.0057 s/frame
[gaussian] 23000/38437, 0.0057 s/frame
[gaussian] 24000/38437, 0.0057 s/frame
[gaussian] 25000/38437, 0.0057 s/frame
[gaussian] 26000/38437, 0.0057 s/frame
[gaussian] 27000/38437, 0.0057 s/frame
[gaussian] 28000/38437, 0.0057 s/frame
[gaussian] 29000/38437, 0.0057 s/frame
[gaussian] 30000/38437, 0.0057 s/frame
[gaussian] 31000/38437, 0.0057 s/frame
[gaussian] 32000/38437, 0.0057 s/frame
[gaussian] 33000/38437, 0.0057 s/frame
[gaussian] 34000/38437, 0.0057 s/frame
[gaussian] 35000/38437, 0.0057 s/frame
[gaussian] 36000/38437, 0.0057 s/frame
[gaussian] 37000/38437, 0.0057 s/frame
[gaussian] 38000/38437, 0.0057 s/frame
[all] RMSE=0.24358 CRPS=0.11510 spread/skill=0.618 cov90=0.785
[defined_blind] RMSE=0.36550 CRPS=0.16927 spread/skill=0.284 cov90=0.499
[density] spearman=+0.721 AUSE=0.474
[vx] spearman=-0.173 AUSE=1.112
[vy] spearman=-0.110 AUSE=1.069
[var] spearman=+0.794 AUSE=0.306
[runtime] 298.77s on Tesla V100-SXM2-16GB; failures=0
[out] methods/enkf/enkf_opt/experiments/outputs/validation_sweep/atc-20130707_g1.json
