[residual] 1000/39758, 0.0064 s/frame
[residual] 2000/39758, 0.0062 s/frame
[residual] 3000/39758, 0.0061 s/frame
[residual] 4000/39758, 0.0060 s/frame
[residual] 5000/39758, 0.0060 s/frame
[residual] 6000/39758, 0.0060 s/frame
[residual] 7000/39758, 0.0060 s/frame
[residual] 8000/39758, 0.0060 s/frame
[residual] 9000/39758, 0.0060 s/frame
[residual] 10000/39758, 0.0060 s/frame
[residual] 11000/39758, 0.0060 s/frame
[residual] 12000/39758, 0.0059 s/frame
[residual] 13000/39758, 0.0059 s/frame
[residual] 14000/39758, 0.0059 s/frame
[residual] 15000/39758, 0.0059 s/frame
[residual] 16000/39758, 0.0059 s/frame
[residual] 17000/39758, 0.0059 s/frame
[residual] 18000/39758, 0.0059 s/frame
[residual] 19000/39758, 0.0059 s/frame
[residual] 20000/39758, 0.0059 s/frame
[residual] 21000/39758, 0.0059 s/frame
[residual] 22000/39758, 0.0059 s/frame
[residual] 23000/39758, 0.0059 s/frame
[residual] 24000/39758, 0.0059 s/frame
[residual] 25000/39758, 0.0059 s/frame
[residual] 26000/39758, 0.0059 s/frame
[residual] 27000/39758, 0.0059 s/frame
[residual] 28000/39758, 0.0059 s/frame
[residual] 29000/39758, 0.0059 s/frame
[residual] 30000/39758, 0.0059 s/frame
[residual] 31000/39758, 0.0059 s/frame
[residual] 32000/39758, 0.0059 s/frame
[residual] 33000/39758, 0.0059 s/frame
[residual] 34000/39758, 0.0059 s/frame
[residual] 35000/39758, 0.0059 s/frame
[residual] 36000/39758, 0.0059 s/frame
[residual] 37000/39758, 0.0059 s/frame
[residual] 38000/39758, 0.0059 s/frame
[residual] 39000/39758, 0.0059 s/frame
[all] RMSE=0.25233 CRPS=0.11520 spread/skill=0.968 cov90=0.877
[defined_blind] RMSE=0.39524 CRPS=0.16485 spread/skill=0.742 cov90=0.840
[density] spearman=+0.792 AUSE=0.218
[vx] spearman=+0.483 AUSE=0.401
[vy] spearman=+0.116 AUSE=0.653
[var] spearman=+0.815 AUSE=0.256
[runtime] 320.21s on Tesla V100-SXM2-32GB; failures=0
[out] methods/enkf/enkf_opt/experiments/outputs/selected_test/atc-20130901_r25.json
