[residual] 1000/38885, 0.0052 s/frame
[residual] 2000/38885, 0.0050 s/frame
[residual] 3000/38885, 0.0049 s/frame
[residual] 4000/38885, 0.0049 s/frame
[residual] 5000/38885, 0.0048 s/frame
[residual] 6000/38885, 0.0048 s/frame
[residual] 7000/38885, 0.0048 s/frame
[residual] 8000/38885, 0.0048 s/frame
[residual] 9000/38885, 0.0048 s/frame
[residual] 10000/38885, 0.0048 s/frame
[residual] 11000/38885, 0.0048 s/frame
[residual] 12000/38885, 0.0048 s/frame
[residual] 13000/38885, 0.0048 s/frame
[residual] 14000/38885, 0.0048 s/frame
[residual] 15000/38885, 0.0048 s/frame
[residual] 16000/38885, 0.0048 s/frame
[residual] 17000/38885, 0.0048 s/frame
[residual] 18000/38885, 0.0048 s/frame
[residual] 19000/38885, 0.0048 s/frame
[residual] 20000/38885, 0.0048 s/frame
[residual] 21000/38885, 0.0048 s/frame
[residual] 22000/38885, 0.0048 s/frame
[residual] 23000/38885, 0.0048 s/frame
[residual] 24000/38885, 0.0048 s/frame
[residual] 25000/38885, 0.0048 s/frame
[residual] 26000/38885, 0.0048 s/frame
[residual] 27000/38885, 0.0048 s/frame
[residual] 28000/38885, 0.0048 s/frame
[residual] 29000/38885, 0.0048 s/frame
[residual] 30000/38885, 0.0048 s/frame
[residual] 31000/38885, 0.0048 s/frame
[residual] 32000/38885, 0.0048 s/frame
[residual] 33000/38885, 0.0048 s/frame
[residual] 34000/38885, 0.0048 s/frame
[residual] 35000/38885, 0.0048 s/frame
[residual] 36000/38885, 0.0048 s/frame
[residual] 37000/38885, 0.0048 s/frame
[residual] 38000/38885, 0.0048 s/frame
[all] RMSE=0.23155 CRPS=0.10406 spread/skill=0.770 cov90=0.810
[defined_blind] RMSE=0.37695 CRPS=0.15875 spread/skill=0.711 cov90=0.883
[density] spearman=+0.812 AUSE=0.230
[vx] spearman=+0.445 AUSE=0.421
[vy] spearman=+0.130 AUSE=0.646
[var] spearman=+0.590 AUSE=0.472
[runtime] 321.88s on Tesla V100-PCIE-32GB; failures=0
[out] methods/enkf/enkf_opt/experiments/outputs/density_calibration_test/atc-20130818_sp_b2_dcal.json
