[residual] 1000/37413, 0.0043 s/frame
[residual] 2000/37413, 0.0041 s/frame
[residual] 3000/37413, 0.0040 s/frame
[residual] 4000/37413, 0.0040 s/frame
[residual] 5000/37413, 0.0040 s/frame
[residual] 6000/37413, 0.0039 s/frame
[residual] 7000/37413, 0.0039 s/frame
[residual] 8000/37413, 0.0039 s/frame
[residual] 9000/37413, 0.0039 s/frame
[residual] 10000/37413, 0.0039 s/frame
[residual] 11000/37413, 0.0039 s/frame
[residual] 12000/37413, 0.0039 s/frame
[residual] 13000/37413, 0.0039 s/frame
[residual] 14000/37413, 0.0039 s/frame
[residual] 15000/37413, 0.0039 s/frame
[residual] 16000/37413, 0.0039 s/frame
[residual] 17000/37413, 0.0039 s/frame
[residual] 18000/37413, 0.0039 s/frame
[residual] 19000/37413, 0.0039 s/frame
[residual] 20000/37413, 0.0039 s/frame
[residual] 21000/37413, 0.0039 s/frame
[residual] 22000/37413, 0.0039 s/frame
[residual] 23000/37413, 0.0039 s/frame
[residual] 24000/37413, 0.0039 s/frame
[residual] 25000/37413, 0.0039 s/frame
[residual] 26000/37413, 0.0039 s/frame
[residual] 27000/37413, 0.0039 s/frame
[residual] 28000/37413, 0.0039 s/frame
[residual] 29000/37413, 0.0039 s/frame
[residual] 30000/37413, 0.0039 s/frame
[residual] 31000/37413, 0.0039 s/frame
[residual] 32000/37413, 0.0039 s/frame
[residual] 33000/37413, 0.0039 s/frame
[residual] 34000/37413, 0.0039 s/frame
[residual] 35000/37413, 0.0039 s/frame
[residual] 36000/37413, 0.0039 s/frame
[residual] 37000/37413, 0.0039 s/frame
[all] RMSE=0.22731 CRPS=0.10414 spread/skill=0.789 cov90=0.804
[defined_blind] RMSE=0.36510 CRPS=0.15544 spread/skill=0.713 cov90=0.856
[density] spearman=+0.810 AUSE=0.223
[vx] spearman=+0.442 AUSE=0.420
[vy] spearman=+0.141 AUSE=0.639
[var] spearman=+0.565 AUSE=0.520
[runtime] 217.44s on Tesla V100-PCIE-32GB; failures=0
[out] methods/enkf/enkf_opt/experiments/outputs/blind_spatial_validation/atc-20130721_sp_b3.json
