[residual] 1000/40620, 0.0052 s/frame
[residual] 2000/40620, 0.0050 s/frame
[residual] 3000/40620, 0.0050 s/frame
[residual] 4000/40620, 0.0049 s/frame
[residual] 5000/40620, 0.0049 s/frame
[residual] 6000/40620, 0.0049 s/frame
[residual] 7000/40620, 0.0049 s/frame
[residual] 8000/40620, 0.0049 s/frame
[residual] 9000/40620, 0.0049 s/frame
[residual] 10000/40620, 0.0049 s/frame
[residual] 11000/40620, 0.0049 s/frame
[residual] 12000/40620, 0.0049 s/frame
[residual] 13000/40620, 0.0049 s/frame
[residual] 14000/40620, 0.0049 s/frame
[residual] 15000/40620, 0.0049 s/frame
[residual] 16000/40620, 0.0049 s/frame
[residual] 17000/40620, 0.0048 s/frame
[residual] 18000/40620, 0.0048 s/frame
[residual] 19000/40620, 0.0048 s/frame
[residual] 20000/40620, 0.0048 s/frame
[residual] 21000/40620, 0.0048 s/frame
[residual] 22000/40620, 0.0048 s/frame
[residual] 23000/40620, 0.0048 s/frame
[residual] 24000/40620, 0.0048 s/frame
[residual] 25000/40620, 0.0048 s/frame
[residual] 26000/40620, 0.0048 s/frame
[residual] 27000/40620, 0.0048 s/frame
[residual] 28000/40620, 0.0048 s/frame
[residual] 29000/40620, 0.0048 s/frame
[residual] 30000/40620, 0.0048 s/frame
[residual] 31000/40620, 0.0048 s/frame
[residual] 32000/40620, 0.0048 s/frame
[residual] 33000/40620, 0.0048 s/frame
[residual] 34000/40620, 0.0048 s/frame
[residual] 35000/40620, 0.0048 s/frame
[residual] 36000/40620, 0.0048 s/frame
[residual] 37000/40620, 0.0048 s/frame
[residual] 38000/40620, 0.0048 s/frame
[residual] 39000/40620, 0.0048 s/frame
[residual] 40000/40620, 0.0048 s/frame
[all] RMSE=0.21172 CRPS=0.09562 spread/skill=0.865 cov90=0.830
[defined_blind] RMSE=0.35712 CRPS=0.13582 spread/skill=0.655 cov90=0.876
[density] spearman=+0.817 AUSE=0.228
[vx] spearman=+0.407 AUSE=0.431
[vy] spearman=+0.089 AUSE=0.645
[var] spearman=+0.611 AUSE=0.493
[runtime] 268.1s on Tesla V100-PCIE-32GB; failures=0
[out] methods/enkf/enkf_opt/experiments/outputs/blind_spatial_validation/atc-20130623_sp_b4.json
