[residual] 1000/40620, 0.0075 s/frame
[residual] 2000/40620, 0.0073 s/frame
[residual] 3000/40620, 0.0072 s/frame
[residual] 4000/40620, 0.0071 s/frame
[residual] 5000/40620, 0.0071 s/frame
[residual] 6000/40620, 0.0071 s/frame
[residual] 7000/40620, 0.0071 s/frame
[residual] 8000/40620, 0.0071 s/frame
[residual] 9000/40620, 0.0071 s/frame
[residual] 10000/40620, 0.0071 s/frame
[residual] 11000/40620, 0.0071 s/frame
[residual] 12000/40620, 0.0071 s/frame
[residual] 13000/40620, 0.0071 s/frame
[residual] 14000/40620, 0.0071 s/frame
[residual] 15000/40620, 0.0071 s/frame
[residual] 16000/40620, 0.0071 s/frame
[residual] 17000/40620, 0.0071 s/frame
[residual] 18000/40620, 0.0071 s/frame
[residual] 19000/40620, 0.0071 s/frame
[residual] 20000/40620, 0.0071 s/frame
[residual] 21000/40620, 0.0071 s/frame
[residual] 22000/40620, 0.0071 s/frame
[residual] 23000/40620, 0.0071 s/frame
[residual] 24000/40620, 0.0071 s/frame
[residual] 25000/40620, 0.0071 s/frame
[residual] 26000/40620, 0.0071 s/frame
[residual] 27000/40620, 0.0071 s/frame
[residual] 28000/40620, 0.0071 s/frame
[residual] 29000/40620, 0.0071 s/frame
[residual] 30000/40620, 0.0071 s/frame
[residual] 31000/40620, 0.0071 s/frame
[residual] 32000/40620, 0.0071 s/frame
[residual] 33000/40620, 0.0071 s/frame
[residual] 34000/40620, 0.0071 s/frame
[residual] 35000/40620, 0.0071 s/frame
[residual] 36000/40620, 0.0071 s/frame
[residual] 37000/40620, 0.0071 s/frame
[residual] 38000/40620, 0.0071 s/frame
[residual] 39000/40620, 0.0071 s/frame
[residual] 40000/40620, 0.0071 s/frame
[all] RMSE=0.23434 CRPS=0.10750 spread/skill=1.043 cov90=0.897
[defined_blind] RMSE=0.36993 CRPS=0.13927 spread/skill=0.666 cov90=0.864
[density] spearman=+0.775 AUSE=0.235
[vx] spearman=+0.460 AUSE=0.412
[vy] spearman=+0.078 AUSE=0.665
[var] spearman=+0.840 AUSE=0.214
[runtime] 370.14s on Tesla V100-SXM2-16GB; failures=0
[out] methods/enkf/enkf_opt/experiments/outputs/validation_sweep/atc-20130623_r25.json
