[gaussian] 1000/37413, 0.0061 s/frame
[gaussian] 2000/37413, 0.0059 s/frame
[gaussian] 3000/37413, 0.0058 s/frame
[gaussian] 4000/37413, 0.0058 s/frame
[gaussian] 5000/37413, 0.0058 s/frame
[gaussian] 6000/37413, 0.0058 s/frame
[gaussian] 7000/37413, 0.0058 s/frame
[gaussian] 8000/37413, 0.0058 s/frame
[gaussian] 9000/37413, 0.0058 s/frame
[gaussian] 10000/37413, 0.0058 s/frame
[gaussian] 11000/37413, 0.0058 s/frame
[gaussian] 12000/37413, 0.0057 s/frame
[gaussian] 13000/37413, 0.0057 s/frame
[gaussian] 14000/37413, 0.0057 s/frame
[gaussian] 15000/37413, 0.0057 s/frame
[gaussian] 16000/37413, 0.0057 s/frame
[gaussian] 17000/37413, 0.0057 s/frame
[gaussian] 18000/37413, 0.0057 s/frame
[gaussian] 19000/37413, 0.0057 s/frame
[gaussian] 20000/37413, 0.0057 s/frame
[gaussian] 21000/37413, 0.0057 s/frame
[gaussian] 22000/37413, 0.0057 s/frame
[gaussian] 23000/37413, 0.0057 s/frame
[gaussian] 24000/37413, 0.0057 s/frame
[gaussian] 25000/37413, 0.0057 s/frame
[gaussian] 26000/37413, 0.0057 s/frame
[gaussian] 27000/37413, 0.0057 s/frame
[gaussian] 28000/37413, 0.0057 s/frame
[gaussian] 29000/37413, 0.0057 s/frame
[gaussian] 30000/37413, 0.0057 s/frame
[gaussian] 31000/37413, 0.0057 s/frame
[gaussian] 32000/37413, 0.0057 s/frame
[gaussian] 33000/37413, 0.0057 s/frame
[gaussian] 34000/37413, 0.0057 s/frame
[gaussian] 35000/37413, 0.0057 s/frame
[gaussian] 36000/37413, 0.0057 s/frame
[gaussian] 37000/37413, 0.0057 s/frame
[all] RMSE=0.24873 CRPS=0.12066 spread/skill=0.607 cov90=0.765
[defined_blind] RMSE=0.36347 CRPS=0.17713 spread/skill=0.325 cov90=0.502
[density] spearman=+0.705 AUSE=0.464
[vx] spearman=-0.163 AUSE=1.106
[vy] spearman=-0.128 AUSE=1.099
[var] spearman=+0.776 AUSE=0.340
[runtime] 296.41s on Tesla V100-SXM2-16GB; failures=0
[out] methods/enkf/enkf_opt/experiments/outputs/validation_sweep/atc-20130721_g1.json
