[residual] 1000/40710, 0.0042 s/frame
[residual] 2000/40710, 0.0040 s/frame
[residual] 3000/40710, 0.0039 s/frame
[residual] 4000/40710, 0.0039 s/frame
[residual] 5000/40710, 0.0038 s/frame
[residual] 6000/40710, 0.0038 s/frame
[residual] 7000/40710, 0.0038 s/frame
[residual] 8000/40710, 0.0038 s/frame
[residual] 9000/40710, 0.0038 s/frame
[residual] 10000/40710, 0.0038 s/frame
[residual] 11000/40710, 0.0038 s/frame
[residual] 12000/40710, 0.0038 s/frame
[residual] 13000/40710, 0.0038 s/frame
[residual] 14000/40710, 0.0038 s/frame
[residual] 15000/40710, 0.0038 s/frame
[residual] 16000/40710, 0.0038 s/frame
[residual] 17000/40710, 0.0038 s/frame
[residual] 18000/40710, 0.0038 s/frame
[residual] 19000/40710, 0.0038 s/frame
[residual] 20000/40710, 0.0038 s/frame
[residual] 21000/40710, 0.0038 s/frame
[residual] 22000/40710, 0.0038 s/frame
[residual] 23000/40710, 0.0038 s/frame
[residual] 24000/40710, 0.0038 s/frame
[residual] 25000/40710, 0.0038 s/frame
[residual] 26000/40710, 0.0038 s/frame
[residual] 27000/40710, 0.0038 s/frame
[residual] 28000/40710, 0.0038 s/frame
[residual] 29000/40710, 0.0038 s/frame
[residual] 30000/40710, 0.0038 s/frame
[residual] 31000/40710, 0.0038 s/frame
[residual] 32000/40710, 0.0038 s/frame
[residual] 33000/40710, 0.0038 s/frame
[residual] 34000/40710, 0.0038 s/frame
[residual] 35000/40710, 0.0038 s/frame
[residual] 36000/40710, 0.0038 s/frame
[residual] 37000/40710, 0.0038 s/frame
[residual] 38000/40710, 0.0038 s/frame
[residual] 39000/40710, 0.0038 s/frame
[residual] 40000/40710, 0.0038 s/frame
[all] RMSE=0.21070 CRPS=0.09280 spread/skill=0.827 cov90=0.860
[defined_blind] RMSE=0.34722 CRPS=0.13348 spread/skill=0.496 cov90=0.823
[density] spearman=+0.855 AUSE=0.226
[vx] spearman=+0.414 AUSE=0.403
[vy] spearman=+0.050 AUSE=0.642
[var] spearman=+0.702 AUSE=0.364
[runtime] 226.49s on Tesla V100-PCIE-32GB; failures=0
[out] methods/enkf/enkf_opt/experiments/outputs/validation_sweep/atc-20130630_r15_rho80.json
