[residual] 1000/39758, 0.0066 s/frame
[residual] 2000/39758, 0.0064 s/frame
[residual] 3000/39758, 0.0063 s/frame
[residual] 4000/39758, 0.0063 s/frame
[residual] 5000/39758, 0.0063 s/frame
[residual] 6000/39758, 0.0063 s/frame
[residual] 7000/39758, 0.0062 s/frame
[residual] 8000/39758, 0.0062 s/frame
[residual] 9000/39758, 0.0062 s/frame
[residual] 10000/39758, 0.0062 s/frame
[residual] 11000/39758, 0.0062 s/frame
[residual] 12000/39758, 0.0062 s/frame
[residual] 13000/39758, 0.0062 s/frame
[residual] 14000/39758, 0.0062 s/frame
[residual] 15000/39758, 0.0063 s/frame
[residual] 16000/39758, 0.0063 s/frame
[residual] 17000/39758, 0.0063 s/frame
[residual] 18000/39758, 0.0063 s/frame
[residual] 19000/39758, 0.0063 s/frame
[residual] 20000/39758, 0.0063 s/frame
[residual] 21000/39758, 0.0063 s/frame
[residual] 22000/39758, 0.0063 s/frame
[residual] 23000/39758, 0.0063 s/frame
[residual] 24000/39758, 0.0063 s/frame
[residual] 25000/39758, 0.0063 s/frame
[residual] 26000/39758, 0.0063 s/frame
[residual] 27000/39758, 0.0063 s/frame
[residual] 28000/39758, 0.0063 s/frame
[residual] 29000/39758, 0.0063 s/frame
[residual] 30000/39758, 0.0063 s/frame
[residual] 31000/39758, 0.0062 s/frame
[residual] 32000/39758, 0.0062 s/frame
[residual] 33000/39758, 0.0062 s/frame
[residual] 34000/39758, 0.0062 s/frame
[residual] 35000/39758, 0.0062 s/frame
[residual] 36000/39758, 0.0062 s/frame
[residual] 37000/39758, 0.0062 s/frame
[residual] 38000/39758, 0.0062 s/frame
[residual] 39000/39758, 0.0062 s/frame
[all] RMSE=0.23438 CRPS=0.10323 spread/skill=0.752 cov90=0.834
[defined_blind] RMSE=0.38119 CRPS=0.16234 spread/skill=0.557 cov90=0.787
[density] spearman=+0.862 AUSE=0.205
[vx] spearman=+0.462 AUSE=0.388
[vy] spearman=+0.114 AUSE=0.620
[var] spearman=+0.680 AUSE=0.394
[runtime] 333.79s on Tesla V100-SXM2-16GB; failures=0
[out] methods/enkf/enkf_opt/experiments/outputs/selected_test/atc-20130901_r15_rho80.json
