[gaussian] 1000/39383, 0.0061 s/frame
[gaussian] 2000/39383, 0.0059 s/frame
[gaussian] 3000/39383, 0.0058 s/frame
[gaussian] 4000/39383, 0.0058 s/frame
[gaussian] 5000/39383, 0.0058 s/frame
[gaussian] 6000/39383, 0.0058 s/frame
[gaussian] 7000/39383, 0.0058 s/frame
[gaussian] 8000/39383, 0.0058 s/frame
[gaussian] 9000/39383, 0.0058 s/frame
[gaussian] 10000/39383, 0.0058 s/frame
[gaussian] 11000/39383, 0.0058 s/frame
[gaussian] 12000/39383, 0.0057 s/frame
[gaussian] 13000/39383, 0.0057 s/frame
[gaussian] 14000/39383, 0.0057 s/frame
[gaussian] 15000/39383, 0.0057 s/frame
[gaussian] 16000/39383, 0.0057 s/frame
[gaussian] 17000/39383, 0.0057 s/frame
[gaussian] 18000/39383, 0.0057 s/frame
[gaussian] 19000/39383, 0.0057 s/frame
[gaussian] 20000/39383, 0.0057 s/frame
[gaussian] 21000/39383, 0.0057 s/frame
[gaussian] 22000/39383, 0.0057 s/frame
[gaussian] 23000/39383, 0.0057 s/frame
[gaussian] 24000/39383, 0.0057 s/frame
[gaussian] 25000/39383, 0.0057 s/frame
[gaussian] 26000/39383, 0.0057 s/frame
[gaussian] 27000/39383, 0.0057 s/frame
[gaussian] 28000/39383, 0.0057 s/frame
[gaussian] 29000/39383, 0.0057 s/frame
[gaussian] 30000/39383, 0.0057 s/frame
[gaussian] 31000/39383, 0.0057 s/frame
[gaussian] 32000/39383, 0.0057 s/frame
[gaussian] 33000/39383, 0.0057 s/frame
[gaussian] 34000/39383, 0.0057 s/frame
[gaussian] 35000/39383, 0.0057 s/frame
[gaussian] 36000/39383, 0.0057 s/frame
[gaussian] 37000/39383, 0.0057 s/frame
[gaussian] 38000/39383, 0.0057 s/frame
[gaussian] 39000/39383, 0.0057 s/frame
[all] RMSE=0.24460 CRPS=0.11480 spread/skill=0.615 cov90=0.786
[defined_blind] RMSE=0.36736 CRPS=0.16764 spread/skill=0.280 cov90=0.501
[density] spearman=+0.720 AUSE=0.472
[vx] spearman=-0.175 AUSE=1.112
[vy] spearman=-0.101 AUSE=1.049
[var] spearman=+0.791 AUSE=0.313
[runtime] 306.27s on Tesla V100-SXM2-16GB; failures=0
[out] methods/enkf/enkf_opt/experiments/outputs/selected_test/atc-20130915_g1.json
