[gaussian] 1000/42890, 0.0043 s/frame
[gaussian] 2000/42890, 0.0041 s/frame
[gaussian] 3000/42890, 0.0040 s/frame
[gaussian] 4000/42890, 0.0040 s/frame
[gaussian] 5000/42890, 0.0040 s/frame
[gaussian] 6000/42890, 0.0040 s/frame
[gaussian] 7000/42890, 0.0040 s/frame
[gaussian] 8000/42890, 0.0040 s/frame
[gaussian] 9000/42890, 0.0040 s/frame
[gaussian] 10000/42890, 0.0039 s/frame
[gaussian] 11000/42890, 0.0039 s/frame
[gaussian] 12000/42890, 0.0039 s/frame
[gaussian] 13000/42890, 0.0039 s/frame
[gaussian] 14000/42890, 0.0039 s/frame
[gaussian] 15000/42890, 0.0039 s/frame
[gaussian] 16000/42890, 0.0039 s/frame
[gaussian] 17000/42890, 0.0039 s/frame
[gaussian] 18000/42890, 0.0039 s/frame
[gaussian] 19000/42890, 0.0039 s/frame
[gaussian] 20000/42890, 0.0039 s/frame
[gaussian] 21000/42890, 0.0039 s/frame
[gaussian] 22000/42890, 0.0039 s/frame
[gaussian] 23000/42890, 0.0039 s/frame
[gaussian] 24000/42890, 0.0039 s/frame
[gaussian] 25000/42890, 0.0039 s/frame
[gaussian] 26000/42890, 0.0039 s/frame
[gaussian] 27000/42890, 0.0039 s/frame
[gaussian] 28000/42890, 0.0039 s/frame
[gaussian] 29000/42890, 0.0039 s/frame
[gaussian] 30000/42890, 0.0039 s/frame
[gaussian] 31000/42890, 0.0039 s/frame
[gaussian] 32000/42890, 0.0039 s/frame
[gaussian] 33000/42890, 0.0039 s/frame
[gaussian] 34000/42890, 0.0039 s/frame
[gaussian] 35000/42890, 0.0039 s/frame
[gaussian] 36000/42890, 0.0039 s/frame
[gaussian] 37000/42890, 0.0039 s/frame
[gaussian] 38000/42890, 0.0039 s/frame
[gaussian] 39000/42890, 0.0039 s/frame
[gaussian] 40000/42890, 0.0039 s/frame
[gaussian] 41000/42890, 0.0039 s/frame
[gaussian] 42000/42890, 0.0039 s/frame
[all] RMSE=0.24676 CRPS=0.11650 spread/skill=0.610 cov90=0.784
[defined_blind] RMSE=0.37043 CRPS=0.17168 spread/skill=0.289 cov90=0.510
[density] spearman=+0.737 AUSE=0.429
[vx] spearman=-0.171 AUSE=1.108
[vy] spearman=-0.111 AUSE=1.073
[var] spearman=+0.788 AUSE=0.330
[runtime] 232.83s on Tesla V100-PCIE-32GB; failures=0
[out] methods/enkf/enkf_opt/experiments/outputs/fullseq7_gpu/atc-20130825_gaussian_s1.json
