[residual] 1000/38437, 0.0069 s/frame
[residual] 2000/38437, 0.0067 s/frame
[residual] 3000/38437, 0.0067 s/frame
[residual] 4000/38437, 0.0066 s/frame
[residual] 5000/38437, 0.0066 s/frame
[residual] 6000/38437, 0.0066 s/frame
[residual] 7000/38437, 0.0066 s/frame
[residual] 8000/38437, 0.0066 s/frame
[residual] 9000/38437, 0.0066 s/frame
[residual] 10000/38437, 0.0065 s/frame
[residual] 11000/38437, 0.0065 s/frame
[residual] 12000/38437, 0.0065 s/frame
[residual] 13000/38437, 0.0065 s/frame
[residual] 14000/38437, 0.0065 s/frame
[residual] 15000/38437, 0.0065 s/frame
[residual] 16000/38437, 0.0065 s/frame
[residual] 17000/38437, 0.0065 s/frame
[residual] 18000/38437, 0.0065 s/frame
[residual] 19000/38437, 0.0065 s/frame
[residual] 20000/38437, 0.0065 s/frame
[residual] 21000/38437, 0.0065 s/frame
[residual] 22000/38437, 0.0065 s/frame
[residual] 23000/38437, 0.0065 s/frame
[residual] 24000/38437, 0.0065 s/frame
[residual] 25000/38437, 0.0065 s/frame
[residual] 26000/38437, 0.0065 s/frame
[residual] 27000/38437, 0.0065 s/frame
[residual] 28000/38437, 0.0065 s/frame
[residual] 29000/38437, 0.0065 s/frame
[residual] 30000/38437, 0.0065 s/frame
[residual] 31000/38437, 0.0065 s/frame
[residual] 32000/38437, 0.0065 s/frame
[residual] 33000/38437, 0.0065 s/frame
[residual] 34000/38437, 0.0065 s/frame
[residual] 35000/38437, 0.0065 s/frame
[residual] 36000/38437, 0.0065 s/frame
[residual] 37000/38437, 0.0065 s/frame
[residual] 38000/38437, 0.0065 s/frame
[all] RMSE=0.22042 CRPS=0.09841 spread/skill=0.819 cov90=0.828
[defined_blind] RMSE=0.36488 CRPS=0.15057 spread/skill=0.507 cov90=0.725
[density] spearman=+0.791 AUSE=0.209
[vx] spearman=+0.449 AUSE=0.384
[vy] spearman=+0.097 AUSE=0.627
[var] spearman=+0.418 AUSE=0.566
[runtime] 332.64s on Tesla V100-SXM2-16GB; failures=0
[out] methods/enkf/enkf_opt/experiments/outputs/validation_sweep/atc-20130707_r15_rt25.json
