[residual] 1000/37413, 0.0042 s/frame
[residual] 2000/37413, 0.0040 s/frame
[residual] 3000/37413, 0.0039 s/frame
[residual] 4000/37413, 0.0039 s/frame
[residual] 5000/37413, 0.0039 s/frame
[residual] 6000/37413, 0.0039 s/frame
[residual] 7000/37413, 0.0038 s/frame
[residual] 8000/37413, 0.0038 s/frame
[residual] 9000/37413, 0.0038 s/frame
[residual] 10000/37413, 0.0038 s/frame
[residual] 11000/37413, 0.0038 s/frame
[residual] 12000/37413, 0.0038 s/frame
[residual] 13000/37413, 0.0038 s/frame
[residual] 14000/37413, 0.0038 s/frame
[residual] 15000/37413, 0.0038 s/frame
[residual] 16000/37413, 0.0038 s/frame
[residual] 17000/37413, 0.0038 s/frame
[residual] 18000/37413, 0.0038 s/frame
[residual] 19000/37413, 0.0038 s/frame
[residual] 20000/37413, 0.0038 s/frame
[residual] 21000/37413, 0.0038 s/frame
[residual] 22000/37413, 0.0038 s/frame
[residual] 23000/37413, 0.0038 s/frame
[residual] 24000/37413, 0.0038 s/frame
[residual] 25000/37413, 0.0038 s/frame
[residual] 26000/37413, 0.0038 s/frame
[residual] 27000/37413, 0.0038 s/frame
[residual] 28000/37413, 0.0038 s/frame
[residual] 29000/37413, 0.0038 s/frame
[residual] 30000/37413, 0.0038 s/frame
[residual] 31000/37413, 0.0038 s/frame
[residual] 32000/37413, 0.0038 s/frame
[residual] 33000/37413, 0.0038 s/frame
[residual] 34000/37413, 0.0038 s/frame
[residual] 35000/37413, 0.0038 s/frame
[residual] 36000/37413, 0.0038 s/frame
[residual] 37000/37413, 0.0038 s/frame
[all] RMSE=0.22733 CRPS=0.10573 spread/skill=0.859 cov90=0.818
[defined_blind] RMSE=0.36396 CRPS=0.15497 spread/skill=0.709 cov90=0.857
[density] spearman=+0.804 AUSE=0.216
[vx] spearman=+0.455 AUSE=0.412
[vy] spearman=+0.133 AUSE=0.640
[var] spearman=+0.477 AUSE=0.580
[runtime] 211.82s on Tesla V100-PCIE-32GB; failures=0
[out] methods/enkf/enkf_opt/experiments/outputs/channel_sweep/atc-20130721_bal3.json
