[gaussian] 1000/39821, 0.0061 s/frame
[gaussian] 2000/39821, 0.0059 s/frame
[gaussian] 3000/39821, 0.0059 s/frame
[gaussian] 4000/39821, 0.0058 s/frame
[gaussian] 5000/39821, 0.0058 s/frame
[gaussian] 6000/39821, 0.0058 s/frame
[gaussian] 7000/39821, 0.0058 s/frame
[gaussian] 8000/39821, 0.0058 s/frame
[gaussian] 9000/39821, 0.0058 s/frame
[gaussian] 10000/39821, 0.0058 s/frame
[gaussian] 11000/39821, 0.0058 s/frame
[gaussian] 12000/39821, 0.0058 s/frame
[gaussian] 13000/39821, 0.0058 s/frame
[gaussian] 14000/39821, 0.0058 s/frame
[gaussian] 15000/39821, 0.0058 s/frame
[gaussian] 16000/39821, 0.0058 s/frame
[gaussian] 17000/39821, 0.0058 s/frame
[gaussian] 18000/39821, 0.0058 s/frame
[gaussian] 19000/39821, 0.0058 s/frame
[gaussian] 20000/39821, 0.0058 s/frame
[gaussian] 21000/39821, 0.0058 s/frame
[gaussian] 22000/39821, 0.0058 s/frame
[gaussian] 23000/39821, 0.0058 s/frame
[gaussian] 24000/39821, 0.0058 s/frame
[gaussian] 25000/39821, 0.0058 s/frame
[gaussian] 26000/39821, 0.0058 s/frame
[gaussian] 27000/39821, 0.0058 s/frame
[gaussian] 28000/39821, 0.0058 s/frame
[gaussian] 29000/39821, 0.0058 s/frame
[gaussian] 30000/39821, 0.0058 s/frame
[gaussian] 31000/39821, 0.0058 s/frame
[gaussian] 32000/39821, 0.0058 s/frame
[gaussian] 33000/39821, 0.0058 s/frame
[gaussian] 34000/39821, 0.0058 s/frame
[gaussian] 35000/39821, 0.0058 s/frame
[gaussian] 36000/39821, 0.0058 s/frame
[gaussian] 37000/39821, 0.0058 s/frame
[gaussian] 38000/39821, 0.0058 s/frame
[gaussian] 39000/39821, 0.0058 s/frame
[all] RMSE=0.22910 CRPS=0.11007 spread/skill=0.656 cov90=0.787
[defined_blind] RMSE=0.33137 CRPS=0.15303 spread/skill=0.317 cov90=0.514
[density] spearman=+0.689 AUSE=0.513
[vx] spearman=-0.164 AUSE=1.119
[vy] spearman=-0.103 AUSE=1.082
[var] spearman=+0.800 AUSE=0.309
[runtime] 313.91s on Tesla V100-SXM2-32GB; failures=0
[out] methods/enkf/enkf_opt/experiments/outputs/selected_test/atc-20130811_g1.json
