[residual] 1000/37413, 0.0069 s/frame
[residual] 2000/37413, 0.0066 s/frame
[residual] 3000/37413, 0.0065 s/frame
[residual] 4000/37413, 0.0065 s/frame
[residual] 5000/37413, 0.0065 s/frame
[residual] 6000/37413, 0.0065 s/frame
[residual] 7000/37413, 0.0065 s/frame
[residual] 8000/37413, 0.0065 s/frame
[residual] 9000/37413, 0.0064 s/frame
[residual] 10000/37413, 0.0064 s/frame
[residual] 11000/37413, 0.0064 s/frame
[residual] 12000/37413, 0.0064 s/frame
[residual] 13000/37413, 0.0064 s/frame
[residual] 14000/37413, 0.0064 s/frame
[residual] 15000/37413, 0.0064 s/frame
[residual] 16000/37413, 0.0064 s/frame
[residual] 17000/37413, 0.0064 s/frame
[residual] 18000/37413, 0.0064 s/frame
[residual] 19000/37413, 0.0064 s/frame
[residual] 20000/37413, 0.0064 s/frame
[residual] 21000/37413, 0.0064 s/frame
[residual] 22000/37413, 0.0064 s/frame
[residual] 23000/37413, 0.0064 s/frame
[residual] 24000/37413, 0.0064 s/frame
[residual] 25000/37413, 0.0064 s/frame
[residual] 26000/37413, 0.0064 s/frame
[residual] 27000/37413, 0.0064 s/frame
[residual] 28000/37413, 0.0064 s/frame
[residual] 29000/37413, 0.0064 s/frame
[residual] 30000/37413, 0.0064 s/frame
[residual] 31000/37413, 0.0064 s/frame
[residual] 32000/37413, 0.0064 s/frame
[residual] 33000/37413, 0.0064 s/frame
[residual] 34000/37413, 0.0064 s/frame
[residual] 35000/37413, 0.0064 s/frame
[residual] 36000/37413, 0.0064 s/frame
[residual] 37000/37413, 0.0064 s/frame
[all] RMSE=0.21421 CRPS=0.10091 spread/skill=1.015 cov90=0.882
[defined_blind] RMSE=0.35681 CRPS=0.15154 spread/skill=0.747 cov90=0.907
[density] spearman=+0.848 AUSE=0.179
[vx] spearman=+0.444 AUSE=0.379
[vy] spearman=+0.160 AUSE=0.583
[var] spearman=+0.526 AUSE=0.547
[runtime] 323.41s on Tesla V100-SXM2-16GB; failures=0
[out] methods/enkf/enkf_opt/experiments/outputs/cross_localization_validation/atc-20130721_diag.json
