[residual] 1000/40710, 0.0074 s/frame
[residual] 2000/40710, 0.0072 s/frame
[residual] 3000/40710, 0.0071 s/frame
[residual] 4000/40710, 0.0071 s/frame
[residual] 5000/40710, 0.0070 s/frame
[residual] 6000/40710, 0.0070 s/frame
[residual] 7000/40710, 0.0070 s/frame
[residual] 8000/40710, 0.0070 s/frame
[residual] 9000/40710, 0.0070 s/frame
[residual] 10000/40710, 0.0070 s/frame
[residual] 11000/40710, 0.0070 s/frame
[residual] 12000/40710, 0.0070 s/frame
[residual] 13000/40710, 0.0070 s/frame
[residual] 14000/40710, 0.0070 s/frame
[residual] 15000/40710, 0.0070 s/frame
[residual] 16000/40710, 0.0070 s/frame
[residual] 17000/40710, 0.0070 s/frame
[residual] 18000/40710, 0.0070 s/frame
[residual] 19000/40710, 0.0070 s/frame
[residual] 20000/40710, 0.0070 s/frame
[residual] 21000/40710, 0.0070 s/frame
[residual] 22000/40710, 0.0070 s/frame
[residual] 23000/40710, 0.0070 s/frame
[residual] 24000/40710, 0.0070 s/frame
[residual] 25000/40710, 0.0070 s/frame
[residual] 26000/40710, 0.0070 s/frame
[residual] 27000/40710, 0.0070 s/frame
[residual] 28000/40710, 0.0070 s/frame
[residual] 29000/40710, 0.0070 s/frame
[residual] 30000/40710, 0.0070 s/frame
[residual] 31000/40710, 0.0070 s/frame
[residual] 32000/40710, 0.0070 s/frame
[residual] 33000/40710, 0.0070 s/frame
[residual] 34000/40710, 0.0070 s/frame
[residual] 35000/40710, 0.0070 s/frame
[residual] 36000/40710, 0.0070 s/frame
[residual] 37000/40710, 0.0070 s/frame
[residual] 38000/40710, 0.0070 s/frame
[residual] 39000/40710, 0.0070 s/frame
[residual] 40000/40710, 0.0070 s/frame
[all] RMSE=0.20710 CRPS=0.09249 spread/skill=0.870 cov90=0.844
[defined_blind] RMSE=0.34480 CRPS=0.13291 spread/skill=0.474 cov90=0.750
[density] spearman=+0.763 AUSE=0.229
[vx] spearman=+0.422 AUSE=0.394
[vy] spearman=+0.063 AUSE=0.643
[var] spearman=+0.419 AUSE=0.574
[runtime] 371.34s on Tesla V100-SXM2-16GB; failures=0
[out] methods/enkf/enkf_opt/experiments/outputs/validation_sweep/atc-20130630_r15_rt25.json
