[residual] 1000/40457, 0.0043 s/frame
[residual] 2000/40457, 0.0040 s/frame
[residual] 3000/40457, 0.0040 s/frame
[residual] 4000/40457, 0.0039 s/frame
[residual] 5000/40457, 0.0039 s/frame
[residual] 6000/40457, 0.0039 s/frame
[residual] 7000/40457, 0.0039 s/frame
[residual] 8000/40457, 0.0039 s/frame
[residual] 9000/40457, 0.0038 s/frame
[residual] 10000/40457, 0.0038 s/frame
[residual] 11000/40457, 0.0038 s/frame
[residual] 12000/40457, 0.0038 s/frame
[residual] 13000/40457, 0.0038 s/frame
[residual] 14000/40457, 0.0038 s/frame
[residual] 15000/40457, 0.0038 s/frame
[residual] 16000/40457, 0.0038 s/frame
[residual] 17000/40457, 0.0038 s/frame
[residual] 18000/40457, 0.0038 s/frame
[residual] 19000/40457, 0.0038 s/frame
[residual] 20000/40457, 0.0038 s/frame
[residual] 21000/40457, 0.0038 s/frame
[residual] 22000/40457, 0.0038 s/frame
[residual] 23000/40457, 0.0038 s/frame
[residual] 24000/40457, 0.0038 s/frame
[residual] 25000/40457, 0.0038 s/frame
[residual] 26000/40457, 0.0038 s/frame
[residual] 27000/40457, 0.0038 s/frame
[residual] 28000/40457, 0.0038 s/frame
[residual] 29000/40457, 0.0038 s/frame
[residual] 30000/40457, 0.0038 s/frame
[residual] 31000/40457, 0.0038 s/frame
[residual] 32000/40457, 0.0038 s/frame
[residual] 33000/40457, 0.0038 s/frame
[residual] 34000/40457, 0.0038 s/frame
[residual] 35000/40457, 0.0038 s/frame
[residual] 36000/40457, 0.0038 s/frame
[residual] 37000/40457, 0.0038 s/frame
[residual] 38000/40457, 0.0038 s/frame
[residual] 39000/40457, 0.0038 s/frame
[residual] 40000/40457, 0.0038 s/frame
[all] RMSE=0.22485 CRPS=0.10222 spread/skill=0.863 cov90=0.828
[defined_blind] RMSE=0.37305 CRPS=0.15049 spread/skill=0.651 cov90=0.861
[density] spearman=+0.806 AUSE=0.210
[vx] spearman=+0.453 AUSE=0.400
[vy] spearman=+0.103 AUSE=0.636
[var] spearman=+0.512 AUSE=0.543
[runtime] 229.72s on Tesla V100-PCIE-32GB; failures=0
[out] methods/enkf/enkf_opt/experiments/outputs/channel_sweep/atc-20130714_bal3.json
