[residual] 1000/40710, 0.0069 s/frame
[residual] 2000/40710, 0.0066 s/frame
[residual] 3000/40710, 0.0066 s/frame
[residual] 4000/40710, 0.0065 s/frame
[residual] 5000/40710, 0.0065 s/frame
[residual] 6000/40710, 0.0065 s/frame
[residual] 7000/40710, 0.0065 s/frame
[residual] 8000/40710, 0.0065 s/frame
[residual] 9000/40710, 0.0065 s/frame
[residual] 10000/40710, 0.0065 s/frame
[residual] 11000/40710, 0.0065 s/frame
[residual] 12000/40710, 0.0065 s/frame
[residual] 13000/40710, 0.0065 s/frame
[residual] 14000/40710, 0.0065 s/frame
[residual] 15000/40710, 0.0065 s/frame
[residual] 16000/40710, 0.0065 s/frame
[residual] 17000/40710, 0.0064 s/frame
[residual] 18000/40710, 0.0064 s/frame
[residual] 19000/40710, 0.0064 s/frame
[residual] 20000/40710, 0.0064 s/frame
[residual] 21000/40710, 0.0064 s/frame
[residual] 22000/40710, 0.0064 s/frame
[residual] 23000/40710, 0.0064 s/frame
[residual] 24000/40710, 0.0064 s/frame
[residual] 25000/40710, 0.0064 s/frame
[residual] 26000/40710, 0.0064 s/frame
[residual] 27000/40710, 0.0065 s/frame
[residual] 28000/40710, 0.0065 s/frame
[residual] 29000/40710, 0.0065 s/frame
[residual] 30000/40710, 0.0065 s/frame
[residual] 31000/40710, 0.0065 s/frame
[residual] 32000/40710, 0.0065 s/frame
[residual] 33000/40710, 0.0065 s/frame
[residual] 34000/40710, 0.0065 s/frame
[residual] 35000/40710, 0.0064 s/frame
[residual] 36000/40710, 0.0064 s/frame
[residual] 37000/40710, 0.0064 s/frame
[residual] 38000/40710, 0.0064 s/frame
[residual] 39000/40710, 0.0064 s/frame
[residual] 40000/40710, 0.0064 s/frame
[all] RMSE=0.20681 CRPS=0.09055 spread/skill=0.773 cov90=0.815
[defined_blind] RMSE=0.34449 CRPS=0.13312 spread/skill=0.463 cov90=0.731
[density] spearman=+0.778 AUSE=0.247
[vx] spearman=+0.403 AUSE=0.416
[vy] spearman=+0.053 AUSE=0.653
[var] spearman=+0.743 AUSE=0.351
[runtime] 347.03s on Tesla V100-SXM2-16GB; failures=0
[out] methods/enkf/enkf_opt/experiments/outputs/validation_sweep/atc-20130630_r15.json
