[residual] 1000/39758, 0.0042 s/frame
[residual] 2000/39758, 0.0040 s/frame
[residual] 3000/39758, 0.0039 s/frame
[residual] 4000/39758, 0.0039 s/frame
[residual] 5000/39758, 0.0038 s/frame
[residual] 6000/39758, 0.0038 s/frame
[residual] 7000/39758, 0.0038 s/frame
[residual] 8000/39758, 0.0038 s/frame
[residual] 9000/39758, 0.0038 s/frame
[residual] 10000/39758, 0.0038 s/frame
[residual] 11000/39758, 0.0038 s/frame
[residual] 12000/39758, 0.0038 s/frame
[residual] 13000/39758, 0.0038 s/frame
[residual] 14000/39758, 0.0038 s/frame
[residual] 15000/39758, 0.0038 s/frame
[residual] 16000/39758, 0.0038 s/frame
[residual] 17000/39758, 0.0038 s/frame
[residual] 18000/39758, 0.0038 s/frame
[residual] 19000/39758, 0.0038 s/frame
[residual] 20000/39758, 0.0038 s/frame
[residual] 21000/39758, 0.0038 s/frame
[residual] 22000/39758, 0.0038 s/frame
[residual] 23000/39758, 0.0038 s/frame
[residual] 24000/39758, 0.0038 s/frame
[residual] 25000/39758, 0.0038 s/frame
[residual] 26000/39758, 0.0038 s/frame
[residual] 27000/39758, 0.0038 s/frame
[residual] 28000/39758, 0.0038 s/frame
[residual] 29000/39758, 0.0037 s/frame
[residual] 30000/39758, 0.0037 s/frame
[residual] 31000/39758, 0.0037 s/frame
[residual] 32000/39758, 0.0037 s/frame
[residual] 33000/39758, 0.0037 s/frame
[residual] 34000/39758, 0.0037 s/frame
[residual] 35000/39758, 0.0037 s/frame
[residual] 36000/39758, 0.0037 s/frame
[residual] 37000/39758, 0.0037 s/frame
[residual] 38000/39758, 0.0037 s/frame
[residual] 39000/39758, 0.0037 s/frame
[all] RMSE=0.23143 CRPS=0.10629 spread/skill=0.877 cov90=0.823
[defined_blind] RMSE=0.37970 CRPS=0.15645 spread/skill=0.701 cov90=0.868
[density] spearman=+0.811 AUSE=0.207
[vx] spearman=+0.458 AUSE=0.409
[vy] spearman=+0.110 AUSE=0.649
[var] spearman=+0.459 AUSE=0.600
[runtime] 224.24s on Tesla V100-PCIE-32GB; failures=0
[out] methods/enkf/enkf_opt/experiments/outputs/channel_test/atc-20130901_bal4.json
