[residual] 1000/40620, 0.0065 s/frame
[residual] 2000/40620, 0.0062 s/frame
[residual] 3000/40620, 0.0061 s/frame
[residual] 4000/40620, 0.0061 s/frame
[residual] 5000/40620, 0.0061 s/frame
[residual] 6000/40620, 0.0061 s/frame
[residual] 7000/40620, 0.0060 s/frame
[residual] 8000/40620, 0.0060 s/frame
[residual] 9000/40620, 0.0060 s/frame
[residual] 10000/40620, 0.0060 s/frame
[residual] 11000/40620, 0.0060 s/frame
[residual] 12000/40620, 0.0060 s/frame
[residual] 13000/40620, 0.0060 s/frame
[residual] 14000/40620, 0.0060 s/frame
[residual] 15000/40620, 0.0060 s/frame
[residual] 16000/40620, 0.0060 s/frame
[residual] 17000/40620, 0.0060 s/frame
[residual] 18000/40620, 0.0060 s/frame
[residual] 19000/40620, 0.0060 s/frame
[residual] 20000/40620, 0.0060 s/frame
[residual] 21000/40620, 0.0060 s/frame
[residual] 22000/40620, 0.0060 s/frame
[residual] 23000/40620, 0.0060 s/frame
[residual] 24000/40620, 0.0060 s/frame
[residual] 25000/40620, 0.0060 s/frame
[residual] 26000/40620, 0.0060 s/frame
[residual] 27000/40620, 0.0060 s/frame
[residual] 28000/40620, 0.0060 s/frame
[residual] 29000/40620, 0.0060 s/frame
[residual] 30000/40620, 0.0060 s/frame
[residual] 31000/40620, 0.0060 s/frame
[residual] 32000/40620, 0.0060 s/frame
[residual] 33000/40620, 0.0060 s/frame
[residual] 34000/40620, 0.0060 s/frame
[residual] 35000/40620, 0.0060 s/frame
[residual] 36000/40620, 0.0060 s/frame
[residual] 37000/40620, 0.0060 s/frame
[residual] 38000/40620, 0.0060 s/frame
[residual] 39000/40620, 0.0060 s/frame
[residual] 40000/40620, 0.0060 s/frame
[all] RMSE=0.20990 CRPS=0.09359 spread/skill=0.830 cov90=0.829
[defined_blind] RMSE=0.35446 CRPS=0.13325 spread/skill=0.568 cov90=0.852
[density] spearman=+0.806 AUSE=0.207
[vx] spearman=+0.398 AUSE=0.428
[vy] spearman=+0.072 AUSE=0.643
[var] spearman=+0.629 AUSE=0.473
[runtime] 325.05s on Tesla V100-PCIE-32GB; failures=0
[out] methods/enkf/enkf_opt/experiments/outputs/log_density_validation/atc-20130623_log15.json
