[residual] 1000/37964, 0.0042 s/frame
[residual] 2000/37964, 0.0040 s/frame
[residual] 3000/37964, 0.0039 s/frame
[residual] 4000/37964, 0.0038 s/frame
[residual] 5000/37964, 0.0039 s/frame
[residual] 6000/37964, 0.0039 s/frame
[residual] 7000/37964, 0.0039 s/frame
[residual] 8000/37964, 0.0038 s/frame
[residual] 9000/37964, 0.0038 s/frame
[residual] 10000/37964, 0.0038 s/frame
[residual] 11000/37964, 0.0038 s/frame
[residual] 12000/37964, 0.0038 s/frame
[residual] 13000/37964, 0.0038 s/frame
[residual] 14000/37964, 0.0038 s/frame
[residual] 15000/37964, 0.0038 s/frame
[residual] 16000/37964, 0.0038 s/frame
[residual] 17000/37964, 0.0038 s/frame
[residual] 18000/37964, 0.0038 s/frame
[residual] 19000/37964, 0.0038 s/frame
[residual] 20000/37964, 0.0038 s/frame
[residual] 21000/37964, 0.0038 s/frame
[residual] 22000/37964, 0.0038 s/frame
[residual] 23000/37964, 0.0038 s/frame
[residual] 24000/37964, 0.0038 s/frame
[residual] 25000/37964, 0.0038 s/frame
[residual] 26000/37964, 0.0038 s/frame
[residual] 27000/37964, 0.0038 s/frame
[residual] 28000/37964, 0.0038 s/frame
[residual] 29000/37964, 0.0038 s/frame
[residual] 30000/37964, 0.0038 s/frame
[residual] 31000/37964, 0.0038 s/frame
[residual] 32000/37964, 0.0038 s/frame
[residual] 33000/37964, 0.0038 s/frame
[residual] 34000/37964, 0.0038 s/frame
[residual] 35000/37964, 0.0038 s/frame
[residual] 36000/37964, 0.0038 s/frame
[residual] 37000/37964, 0.0038 s/frame
[all] RMSE=0.24099 CRPS=0.10454 spread/skill=0.754 cov90=0.819
[defined_blind] RMSE=0.39618 CRPS=0.16398 spread/skill=0.552 cov90=0.747
[density] spearman=+0.800 AUSE=0.229
[vx] spearman=+0.479 AUSE=0.384
[vy] spearman=+0.129 AUSE=0.623
[var] spearman=+0.762 AUSE=0.301
[runtime] 212.41s on Tesla V100-PCIE-32GB; failures=0
[out] methods/enkf/enkf_opt/experiments/outputs/selected_test/atc-20130929_r175.json
