[residual] 1000/40457, 0.0044 s/frame
[residual] 2000/40457, 0.0041 s/frame
[residual] 3000/40457, 0.0041 s/frame
[residual] 4000/40457, 0.0041 s/frame
[residual] 5000/40457, 0.0040 s/frame
[residual] 6000/40457, 0.0040 s/frame
[residual] 7000/40457, 0.0040 s/frame
[residual] 8000/40457, 0.0040 s/frame
[residual] 9000/40457, 0.0040 s/frame
[residual] 10000/40457, 0.0040 s/frame
[residual] 11000/40457, 0.0040 s/frame
[residual] 12000/40457, 0.0040 s/frame
[residual] 13000/40457, 0.0040 s/frame
[residual] 14000/40457, 0.0040 s/frame
[residual] 15000/40457, 0.0040 s/frame
[residual] 16000/40457, 0.0040 s/frame
[residual] 17000/40457, 0.0040 s/frame
[residual] 18000/40457, 0.0040 s/frame
[residual] 19000/40457, 0.0040 s/frame
[residual] 20000/40457, 0.0040 s/frame
[residual] 21000/40457, 0.0040 s/frame
[residual] 22000/40457, 0.0040 s/frame
[residual] 23000/40457, 0.0039 s/frame
[residual] 24000/40457, 0.0040 s/frame
[residual] 25000/40457, 0.0040 s/frame
[residual] 26000/40457, 0.0040 s/frame
[residual] 27000/40457, 0.0040 s/frame
[residual] 28000/40457, 0.0040 s/frame
[residual] 29000/40457, 0.0040 s/frame
[residual] 30000/40457, 0.0040 s/frame
[residual] 31000/40457, 0.0040 s/frame
[residual] 32000/40457, 0.0040 s/frame
[residual] 33000/40457, 0.0040 s/frame
[residual] 34000/40457, 0.0039 s/frame
[residual] 35000/40457, 0.0039 s/frame
[residual] 36000/40457, 0.0039 s/frame
[residual] 37000/40457, 0.0039 s/frame
[residual] 38000/40457, 0.0039 s/frame
[residual] 39000/40457, 0.0039 s/frame
[residual] 40000/40457, 0.0039 s/frame
[all] RMSE=0.22546 CRPS=0.10046 spread/skill=0.770 cov90=0.805
[defined_blind] RMSE=0.37397 CRPS=0.15154 spread/skill=0.624 cov90=0.842
[density] spearman=+0.823 AUSE=0.248
[vx] spearman=+0.439 AUSE=0.407
[vy] spearman=+0.115 AUSE=0.622
[var] spearman=+0.619 AUSE=0.457
[runtime] 233.56s on Tesla V100-PCIE-32GB; failures=0
[out] methods/enkf/enkf_opt/experiments/outputs/blind_spatial_validation/atc-20130714_var_b2.json
