[residual] 1000/39821, 0.0043 s/frame
[residual] 2000/39821, 0.0041 s/frame
[residual] 3000/39821, 0.0040 s/frame
[residual] 4000/39821, 0.0040 s/frame
[residual] 5000/39821, 0.0039 s/frame
[residual] 6000/39821, 0.0039 s/frame
[residual] 7000/39821, 0.0039 s/frame
[residual] 8000/39821, 0.0039 s/frame
[residual] 9000/39821, 0.0039 s/frame
[residual] 10000/39821, 0.0039 s/frame
[residual] 11000/39821, 0.0039 s/frame
[residual] 12000/39821, 0.0039 s/frame
[residual] 13000/39821, 0.0039 s/frame
[residual] 14000/39821, 0.0039 s/frame
[residual] 15000/39821, 0.0039 s/frame
[residual] 16000/39821, 0.0039 s/frame
[residual] 17000/39821, 0.0039 s/frame
[residual] 18000/39821, 0.0039 s/frame
[residual] 19000/39821, 0.0039 s/frame
[residual] 20000/39821, 0.0039 s/frame
[residual] 21000/39821, 0.0039 s/frame
[residual] 22000/39821, 0.0039 s/frame
[residual] 23000/39821, 0.0039 s/frame
[residual] 24000/39821, 0.0039 s/frame
[residual] 25000/39821, 0.0039 s/frame
[residual] 26000/39821, 0.0039 s/frame
[residual] 27000/39821, 0.0039 s/frame
[residual] 28000/39821, 0.0039 s/frame
[residual] 29000/39821, 0.0039 s/frame
[residual] 30000/39821, 0.0039 s/frame
[residual] 31000/39821, 0.0039 s/frame
[residual] 32000/39821, 0.0039 s/frame
[residual] 33000/39821, 0.0039 s/frame
[residual] 34000/39821, 0.0039 s/frame
[residual] 35000/39821, 0.0039 s/frame
[residual] 36000/39821, 0.0039 s/frame
[residual] 37000/39821, 0.0039 s/frame
[residual] 38000/39821, 0.0039 s/frame
[residual] 39000/39821, 0.0039 s/frame
[all] RMSE=0.20374 CRPS=0.09238 spread/skill=0.797 cov90=0.817
[defined_blind] RMSE=0.32731 CRPS=0.13414 spread/skill=0.592 cov90=0.825
[density] spearman=+0.796 AUSE=0.246
[vx] spearman=+0.402 AUSE=0.433
[vy] spearman=+0.060 AUSE=0.691
[var] spearman=+0.602 AUSE=0.499
[runtime] 225.36s on Tesla V100-PCIE-32GB; failures=0
[out] methods/enkf/enkf_opt/experiments/outputs/channel_test/atc-20130811_den2.json
