[residual] 1000/42890, 0.0064 s/frame
[residual] 2000/42890, 0.0062 s/frame
[residual] 3000/42890, 0.0061 s/frame
[residual] 4000/42890, 0.0060 s/frame
[residual] 5000/42890, 0.0060 s/frame
[residual] 6000/42890, 0.0060 s/frame
[residual] 7000/42890, 0.0060 s/frame
[residual] 8000/42890, 0.0060 s/frame
[residual] 9000/42890, 0.0060 s/frame
[residual] 10000/42890, 0.0060 s/frame
[residual] 11000/42890, 0.0060 s/frame
[residual] 12000/42890, 0.0060 s/frame
[residual] 13000/42890, 0.0060 s/frame
[residual] 14000/42890, 0.0060 s/frame
[residual] 15000/42890, 0.0060 s/frame
[residual] 16000/42890, 0.0060 s/frame
[residual] 17000/42890, 0.0060 s/frame
[residual] 18000/42890, 0.0060 s/frame
[residual] 19000/42890, 0.0060 s/frame
[residual] 20000/42890, 0.0060 s/frame
[residual] 21000/42890, 0.0060 s/frame
[residual] 22000/42890, 0.0060 s/frame
[residual] 23000/42890, 0.0060 s/frame
[residual] 24000/42890, 0.0060 s/frame
[residual] 25000/42890, 0.0060 s/frame
[residual] 26000/42890, 0.0060 s/frame
[residual] 27000/42890, 0.0060 s/frame
[residual] 28000/42890, 0.0059 s/frame
[residual] 29000/42890, 0.0059 s/frame
[residual] 30000/42890, 0.0059 s/frame
[residual] 31000/42890, 0.0060 s/frame
[residual] 32000/42890, 0.0060 s/frame
[residual] 33000/42890, 0.0059 s/frame
[residual] 34000/42890, 0.0059 s/frame
[residual] 35000/42890, 0.0059 s/frame
[residual] 36000/42890, 0.0059 s/frame
[residual] 37000/42890, 0.0059 s/frame
[residual] 38000/42890, 0.0059 s/frame
[residual] 39000/42890, 0.0059 s/frame
[residual] 40000/42890, 0.0059 s/frame
[residual] 41000/42890, 0.0059 s/frame
[residual] 42000/42890, 0.0059 s/frame
[all] RMSE=0.21814 CRPS=0.09601 spread/skill=0.527 cov90=0.692
[defined_blind] RMSE=0.36523 CRPS=0.16057 spread/skill=0.371 cov90=0.556
[density] spearman=+0.816 AUSE=0.228
[vx] spearman=+0.415 AUSE=0.407
[vy] spearman=+0.076 AUSE=0.646
[var] spearman=+0.629 AUSE=0.495
[runtime] 347.98s on Tesla V100-SXM2-16GB; failures=0
[out] methods/enkf/enkf_opt/experiments/outputs/selected_test/atc-20130825_r1.json
