[residual] 1000/37964, 0.0042 s/frame
[residual] 2000/37964, 0.0040 s/frame
[residual] 3000/37964, 0.0039 s/frame
[residual] 4000/37964, 0.0039 s/frame
[residual] 5000/37964, 0.0039 s/frame
[residual] 6000/37964, 0.0038 s/frame
[residual] 7000/37964, 0.0038 s/frame
[residual] 8000/37964, 0.0038 s/frame
[residual] 9000/37964, 0.0038 s/frame
[residual] 10000/37964, 0.0038 s/frame
[residual] 11000/37964, 0.0038 s/frame
[residual] 12000/37964, 0.0038 s/frame
[residual] 13000/37964, 0.0038 s/frame
[residual] 14000/37964, 0.0038 s/frame
[residual] 15000/37964, 0.0038 s/frame
[residual] 16000/37964, 0.0038 s/frame
[residual] 17000/37964, 0.0038 s/frame
[residual] 18000/37964, 0.0038 s/frame
[residual] 19000/37964, 0.0038 s/frame
[residual] 20000/37964, 0.0038 s/frame
[residual] 21000/37964, 0.0038 s/frame
[residual] 22000/37964, 0.0038 s/frame
[residual] 23000/37964, 0.0038 s/frame
[residual] 24000/37964, 0.0038 s/frame
[residual] 25000/37964, 0.0038 s/frame
[residual] 26000/37964, 0.0038 s/frame
[residual] 27000/37964, 0.0038 s/frame
[residual] 28000/37964, 0.0038 s/frame
[residual] 29000/37964, 0.0038 s/frame
[residual] 30000/37964, 0.0038 s/frame
[residual] 31000/37964, 0.0038 s/frame
[residual] 32000/37964, 0.0038 s/frame
[residual] 33000/37964, 0.0038 s/frame
[residual] 34000/37964, 0.0038 s/frame
[residual] 35000/37964, 0.0038 s/frame
[residual] 36000/37964, 0.0038 s/frame
[residual] 37000/37964, 0.0038 s/frame
[all] RMSE=0.23505 CRPS=0.10391 spread/skill=0.801 cov90=0.824
[defined_blind] RMSE=0.39193 CRPS=0.15851 spread/skill=0.606 cov90=0.842
[density] spearman=+0.808 AUSE=0.214
[vx] spearman=+0.476 AUSE=0.385
[vy] spearman=+0.121 AUSE=0.626
[var] spearman=+0.545 AUSE=0.512
[runtime] 214.41s on Tesla V100-PCIE-32GB; failures=0
[out] methods/enkf/enkf_opt/experiments/outputs/channel_test/atc-20130929_bal2.json
