[residual] 1000/40457, 0.0057 s/frame
[residual] 2000/40457, 0.0053 s/frame
[residual] 3000/40457, 0.0052 s/frame
[residual] 4000/40457, 0.0052 s/frame
[residual] 5000/40457, 0.0051 s/frame
[residual] 6000/40457, 0.0051 s/frame
[residual] 7000/40457, 0.0050 s/frame
[residual] 8000/40457, 0.0050 s/frame
[residual] 9000/40457, 0.0050 s/frame
[residual] 10000/40457, 0.0050 s/frame
[residual] 11000/40457, 0.0049 s/frame
[residual] 12000/40457, 0.0049 s/frame
[residual] 13000/40457, 0.0049 s/frame
[residual] 14000/40457, 0.0049 s/frame
[residual] 15000/40457, 0.0049 s/frame
[residual] 16000/40457, 0.0049 s/frame
[residual] 17000/40457, 0.0049 s/frame
[residual] 18000/40457, 0.0049 s/frame
[residual] 19000/40457, 0.0049 s/frame
[residual] 20000/40457, 0.0049 s/frame
[residual] 21000/40457, 0.0049 s/frame
[residual] 22000/40457, 0.0049 s/frame
[residual] 23000/40457, 0.0049 s/frame
[residual] 24000/40457, 0.0049 s/frame
[residual] 25000/40457, 0.0049 s/frame
[residual] 26000/40457, 0.0049 s/frame
[residual] 27000/40457, 0.0049 s/frame
[residual] 28000/40457, 0.0049 s/frame
[residual] 29000/40457, 0.0049 s/frame
[residual] 30000/40457, 0.0049 s/frame
[residual] 31000/40457, 0.0049 s/frame
[residual] 32000/40457, 0.0049 s/frame
[residual] 33000/40457, 0.0049 s/frame
[residual] 34000/40457, 0.0049 s/frame
[residual] 35000/40457, 0.0049 s/frame
[residual] 36000/40457, 0.0049 s/frame
[residual] 37000/40457, 0.0049 s/frame
[residual] 38000/40457, 0.0049 s/frame
[residual] 39000/40457, 0.0049 s/frame
[residual] 40000/40457, 0.0049 s/frame
[all] RMSE=nan CRPS=nan spread/skill=nan cov90=0.000
[defined_blind] RMSE=nan CRPS=nan spread/skill=nan cov90=0.000
Traceback (most recent call last):
  File "<frozen runpy>", line 198, in _run_module_as_main
  File "<frozen runpy>", line 88, in _run_code
  File "/scratch/work/zhangx29/Thesis_Project/methods/enkf/enkf_opt/experiments/eval_structured_q_gpu.py", line 276, in <module>
    main()
  File "/scratch/work/zhangx29/Thesis_Project/methods/enkf/enkf_opt/experiments/eval_structured_q_gpu.py", line 270, in main
    print(f"[{name}] spearman={p['spearman']:+.3f} AUSE={p['ause']:.3f}")
                                                        ^^^^^^^^^^^^^^^
TypeError: unsupported format string passed to NoneType.__format__
