[residual] 1000/37413, 0.0080 s/frame
[residual] 2000/37413, 0.0074 s/frame
[residual] 3000/37413, 0.0072 s/frame
[residual] 4000/37413, 0.0071 s/frame
[residual] 5000/37413, 0.0070 s/frame
[residual] 6000/37413, 0.0069 s/frame
[residual] 7000/37413, 0.0069 s/frame
[residual] 8000/37413, 0.0069 s/frame
[residual] 9000/37413, 0.0069 s/frame
[residual] 10000/37413, 0.0069 s/frame
[residual] 11000/37413, 0.0069 s/frame
[residual] 12000/37413, 0.0068 s/frame
[residual] 13000/37413, 0.0069 s/frame
[residual] 14000/37413, 0.0069 s/frame
[residual] 15000/37413, 0.0069 s/frame
[residual] 16000/37413, 0.0069 s/frame
[residual] 17000/37413, 0.0069 s/frame
[residual] 18000/37413, 0.0069 s/frame
[residual] 19000/37413, 0.0069 s/frame
[residual] 20000/37413, 0.0069 s/frame
[residual] 21000/37413, 0.0069 s/frame
[residual] 22000/37413, 0.0069 s/frame
[residual] 23000/37413, 0.0069 s/frame
[residual] 24000/37413, 0.0069 s/frame
[residual] 25000/37413, 0.0069 s/frame
[residual] 26000/37413, 0.0069 s/frame
[residual] 27000/37413, 0.0069 s/frame
[residual] 28000/37413, 0.0069 s/frame
[residual] 29000/37413, 0.0069 s/frame
[residual] 30000/37413, 0.0069 s/frame
[residual] 31000/37413, 0.0069 s/frame
[residual] 32000/37413, 0.0069 s/frame
[residual] 33000/37413, 0.0069 s/frame
[residual] 34000/37413, 0.0069 s/frame
[residual] 35000/37413, 0.0069 s/frame
[residual] 36000/37413, 0.0069 s/frame
[residual] 37000/37413, 0.0069 s/frame
[all] RMSE=0.22746 CRPS=0.10419 spread/skill=0.763 cov90=0.788
[defined_blind] RMSE=0.36459 CRPS=0.15626 spread/skill=0.649 cov90=0.800
[density] spearman=+0.829 AUSE=0.203
[vx] spearman=+0.441 AUSE=0.419
[vy] spearman=+0.138 AUSE=0.637
[var] spearman=+0.585 AUSE=0.499
[runtime] 347.94s on Tesla V100-SXM2-32GB; failures=0
[out] methods/enkf/enkf_opt/experiments/outputs/log_density_validation/atc-20130721_log1.json
