[residual] 1000/38842, 0.0042 s/frame
[residual] 2000/38842, 0.0040 s/frame
[residual] 3000/38842, 0.0039 s/frame
[residual] 4000/38842, 0.0039 s/frame
[residual] 5000/38842, 0.0038 s/frame
[residual] 6000/38842, 0.0038 s/frame
[residual] 7000/38842, 0.0038 s/frame
[residual] 8000/38842, 0.0038 s/frame
[residual] 9000/38842, 0.0038 s/frame
[residual] 10000/38842, 0.0038 s/frame
[residual] 11000/38842, 0.0038 s/frame
[residual] 12000/38842, 0.0038 s/frame
[residual] 13000/38842, 0.0038 s/frame
[residual] 14000/38842, 0.0038 s/frame
[residual] 15000/38842, 0.0038 s/frame
[residual] 16000/38842, 0.0038 s/frame
[residual] 17000/38842, 0.0038 s/frame
[residual] 18000/38842, 0.0038 s/frame
[residual] 19000/38842, 0.0038 s/frame
[residual] 20000/38842, 0.0038 s/frame
[residual] 21000/38842, 0.0038 s/frame
[residual] 22000/38842, 0.0038 s/frame
[residual] 23000/38842, 0.0038 s/frame
[residual] 24000/38842, 0.0037 s/frame
[residual] 25000/38842, 0.0037 s/frame
[residual] 26000/38842, 0.0037 s/frame
[residual] 27000/38842, 0.0037 s/frame
[residual] 28000/38842, 0.0037 s/frame
[residual] 29000/38842, 0.0037 s/frame
[residual] 30000/38842, 0.0037 s/frame
[residual] 31000/38842, 0.0037 s/frame
[residual] 32000/38842, 0.0037 s/frame
[residual] 33000/38842, 0.0037 s/frame
[residual] 34000/38842, 0.0037 s/frame
[residual] 35000/38842, 0.0037 s/frame
[residual] 36000/38842, 0.0037 s/frame
[residual] 37000/38842, 0.0037 s/frame
[residual] 38000/38842, 0.0037 s/frame
[all] RMSE=0.22007 CRPS=0.10146 spread/skill=0.918 cov90=0.832
[defined_blind] RMSE=0.36940 CRPS=0.14372 spread/skill=0.655 cov90=0.874
[density] spearman=+0.813 AUSE=0.206
[vx] spearman=+0.446 AUSE=0.405
[vy] spearman=+0.073 AUSE=0.666
[var] spearman=+0.470 AUSE=0.581
[runtime] 213.27s on Tesla V100-PCIE-32GB; failures=0
[out] methods/enkf/enkf_opt/experiments/outputs/channel_test/atc-20130922_bal4.json
