[residual] 1000/42890, 0.0075 s/frame
[residual] 2000/42890, 0.0073 s/frame
[residual] 3000/42890, 0.0072 s/frame
[residual] 4000/42890, 0.0072 s/frame
[residual] 5000/42890, 0.0072 s/frame
[residual] 6000/42890, 0.0071 s/frame
[residual] 7000/42890, 0.0071 s/frame
[residual] 8000/42890, 0.0071 s/frame
[residual] 9000/42890, 0.0071 s/frame
[residual] 10000/42890, 0.0071 s/frame
[residual] 11000/42890, 0.0071 s/frame
[residual] 12000/42890, 0.0071 s/frame
[residual] 13000/42890, 0.0071 s/frame
[residual] 14000/42890, 0.0071 s/frame
[residual] 15000/42890, 0.0071 s/frame
[residual] 16000/42890, 0.0071 s/frame
[residual] 17000/42890, 0.0071 s/frame
[residual] 18000/42890, 0.0071 s/frame
[residual] 19000/42890, 0.0071 s/frame
[residual] 20000/42890, 0.0071 s/frame
[residual] 21000/42890, 0.0071 s/frame
[residual] 22000/42890, 0.0071 s/frame
[residual] 23000/42890, 0.0071 s/frame
[residual] 24000/42890, 0.0071 s/frame
[residual] 25000/42890, 0.0071 s/frame
[residual] 26000/42890, 0.0071 s/frame
[residual] 27000/42890, 0.0071 s/frame
[residual] 28000/42890, 0.0071 s/frame
[residual] 29000/42890, 0.0071 s/frame
[residual] 30000/42890, 0.0071 s/frame
[residual] 31000/42890, 0.0071 s/frame
[residual] 32000/42890, 0.0071 s/frame
[residual] 33000/42890, 0.0071 s/frame
[residual] 34000/42890, 0.0071 s/frame
[residual] 35000/42890, 0.0071 s/frame
[residual] 36000/42890, 0.0071 s/frame
[residual] 37000/42890, 0.0071 s/frame
[residual] 38000/42890, 0.0071 s/frame
[residual] 39000/42890, 0.0071 s/frame
[residual] 40000/42890, 0.0071 s/frame
[residual] 41000/42890, 0.0071 s/frame
[residual] 42000/42890, 0.0071 s/frame
[all] RMSE=0.22415 CRPS=0.09835 spread/skill=0.715 cov90=0.793
[defined_blind] RMSE=0.37017 CRPS=0.15413 spread/skill=0.501 cov90=0.706
[density] spearman=+0.803 AUSE=0.212
[vx] spearman=+0.434 AUSE=0.406
[vy] spearman=+0.089 AUSE=0.648
[var] spearman=+0.726 AUSE=0.368
[runtime] 381.95s on Tesla V100-SXM2-16GB; failures=0
[out] methods/enkf/enkf_opt/experiments/outputs/fullseq7_gpu/atc-20130825_residual_s15.json
