[gaussian] 1000/40620, 0.0068 s/frame
[gaussian] 2000/40620, 0.0066 s/frame
[gaussian] 3000/40620, 0.0065 s/frame
[gaussian] 4000/40620, 0.0065 s/frame
[gaussian] 5000/40620, 0.0064 s/frame
[gaussian] 6000/40620, 0.0064 s/frame
[gaussian] 7000/40620, 0.0064 s/frame
[gaussian] 8000/40620, 0.0064 s/frame
[gaussian] 9000/40620, 0.0064 s/frame
[gaussian] 10000/40620, 0.0064 s/frame
[gaussian] 11000/40620, 0.0064 s/frame
[gaussian] 12000/40620, 0.0064 s/frame
[gaussian] 13000/40620, 0.0064 s/frame
[gaussian] 14000/40620, 0.0064 s/frame
[gaussian] 15000/40620, 0.0063 s/frame
[gaussian] 16000/40620, 0.0063 s/frame
[gaussian] 17000/40620, 0.0064 s/frame
[gaussian] 18000/40620, 0.0063 s/frame
[gaussian] 19000/40620, 0.0064 s/frame
[gaussian] 20000/40620, 0.0064 s/frame
[gaussian] 21000/40620, 0.0064 s/frame
[gaussian] 22000/40620, 0.0063 s/frame
[gaussian] 23000/40620, 0.0063 s/frame
[gaussian] 24000/40620, 0.0063 s/frame
[gaussian] 25000/40620, 0.0063 s/frame
[gaussian] 26000/40620, 0.0063 s/frame
[gaussian] 27000/40620, 0.0063 s/frame
[gaussian] 28000/40620, 0.0063 s/frame
[gaussian] 29000/40620, 0.0063 s/frame
[gaussian] 30000/40620, 0.0063 s/frame
[gaussian] 31000/40620, 0.0064 s/frame
[gaussian] 32000/40620, 0.0064 s/frame
[gaussian] 33000/40620, 0.0064 s/frame
[gaussian] 34000/40620, 0.0064 s/frame
[gaussian] 35000/40620, 0.0064 s/frame
[gaussian] 36000/40620, 0.0064 s/frame
[gaussian] 37000/40620, 0.0064 s/frame
[gaussian] 38000/40620, 0.0064 s/frame
[gaussian] 39000/40620, 0.0064 s/frame
[gaussian] 40000/40620, 0.0064 s/frame
[all] RMSE=0.23476 CRPS=0.10956 spread/skill=0.641 cov90=0.798
[defined_blind] RMSE=0.35518 CRPS=0.15725 spread/skill=0.265 cov90=0.503
[density] spearman=+0.719 AUSE=0.503
[vx] spearman=-0.180 AUSE=1.119
[vy] spearman=-0.104 AUSE=1.064
[var] spearman=+0.800 AUSE=0.312
[runtime] 345.55s on Tesla V100-SXM2-16GB; failures=0
[out] methods/enkf/enkf_opt/experiments/outputs/validation_sweep/atc-20130623_g1.json
