[residual] 1000/38437, 0.0042 s/frame
[residual] 2000/38437, 0.0040 s/frame
[residual] 3000/38437, 0.0039 s/frame
[residual] 4000/38437, 0.0039 s/frame
[residual] 5000/38437, 0.0039 s/frame
[residual] 6000/38437, 0.0038 s/frame
[residual] 7000/38437, 0.0038 s/frame
[residual] 8000/38437, 0.0038 s/frame
[residual] 9000/38437, 0.0038 s/frame
[residual] 10000/38437, 0.0038 s/frame
[residual] 11000/38437, 0.0038 s/frame
[residual] 12000/38437, 0.0038 s/frame
[residual] 13000/38437, 0.0038 s/frame
[residual] 14000/38437, 0.0038 s/frame
[residual] 15000/38437, 0.0038 s/frame
[residual] 16000/38437, 0.0038 s/frame
[residual] 17000/38437, 0.0038 s/frame
[residual] 18000/38437, 0.0038 s/frame
[residual] 19000/38437, 0.0038 s/frame
[residual] 20000/38437, 0.0038 s/frame
[residual] 21000/38437, 0.0038 s/frame
[residual] 22000/38437, 0.0038 s/frame
[residual] 23000/38437, 0.0038 s/frame
[residual] 24000/38437, 0.0038 s/frame
[residual] 25000/38437, 0.0038 s/frame
[residual] 26000/38437, 0.0038 s/frame
[residual] 27000/38437, 0.0038 s/frame
[residual] 28000/38437, 0.0038 s/frame
[residual] 29000/38437, 0.0038 s/frame
[residual] 30000/38437, 0.0038 s/frame
[residual] 31000/38437, 0.0038 s/frame
[residual] 32000/38437, 0.0038 s/frame
[residual] 33000/38437, 0.0038 s/frame
[residual] 34000/38437, 0.0038 s/frame
[residual] 35000/38437, 0.0038 s/frame
[residual] 36000/38437, 0.0038 s/frame
[residual] 37000/38437, 0.0038 s/frame
[residual] 38000/38437, 0.0038 s/frame
[all] RMSE=0.22462 CRPS=0.09954 spread/skill=0.810 cov90=0.829
[defined_blind] RMSE=0.36803 CRPS=0.14966 spread/skill=0.555 cov90=0.761
[density] spearman=+0.795 AUSE=0.225
[vx] spearman=+0.440 AUSE=0.406
[vy] spearman=+0.089 AUSE=0.644
[var] spearman=+0.767 AUSE=0.300
[runtime] 212.94s on Tesla V100-PCIE-32GB; failures=0
[out] methods/enkf/enkf_opt/experiments/outputs/validation_sweep/atc-20130707_r175.json
