[residual] 1000/36979, 0.0053 s/frame
[residual] 2000/36979, 0.0051 s/frame
[residual] 3000/36979, 0.0050 s/frame
[residual] 4000/36979, 0.0049 s/frame
[residual] 5000/36979, 0.0049 s/frame
[residual] 6000/36979, 0.0048 s/frame
[residual] 7000/36979, 0.0048 s/frame
[residual] 8000/36979, 0.0048 s/frame
[residual] 9000/36979, 0.0048 s/frame
[residual] 10000/36979, 0.0048 s/frame
[residual] 11000/36979, 0.0048 s/frame
[residual] 12000/36979, 0.0048 s/frame
[residual] 13000/36979, 0.0048 s/frame
[residual] 14000/36979, 0.0048 s/frame
[residual] 15000/36979, 0.0048 s/frame
[residual] 16000/36979, 0.0048 s/frame
[residual] 17000/36979, 0.0048 s/frame
[residual] 18000/36979, 0.0048 s/frame
[residual] 19000/36979, 0.0048 s/frame
[residual] 20000/36979, 0.0048 s/frame
[residual] 21000/36979, 0.0048 s/frame
[residual] 22000/36979, 0.0047 s/frame
[residual] 23000/36979, 0.0047 s/frame
[residual] 24000/36979, 0.0047 s/frame
[residual] 25000/36979, 0.0047 s/frame
[residual] 26000/36979, 0.0047 s/frame
[residual] 27000/36979, 0.0047 s/frame
[residual] 28000/36979, 0.0047 s/frame
[residual] 29000/36979, 0.0047 s/frame
[residual] 30000/36979, 0.0047 s/frame
[residual] 31000/36979, 0.0047 s/frame
[residual] 32000/36979, 0.0047 s/frame
[residual] 33000/36979, 0.0047 s/frame
[residual] 34000/36979, 0.0047 s/frame
[residual] 35000/36979, 0.0047 s/frame
[residual] 36000/36979, 0.0047 s/frame
[all] RMSE=0.21418 CRPS=0.09848 spread/skill=0.854 cov90=0.820
[defined_blind] RMSE=0.34917 CRPS=0.14143 spread/skill=0.730 cov90=0.874
[density] spearman=+0.809 AUSE=0.233
[vx] spearman=+0.419 AUSE=0.429
[vy] spearman=+0.105 AUSE=0.664
[var] spearman=+0.590 AUSE=0.483
[runtime] 242.39s on Tesla V100-PCIE-32GB; failures=0
[out] methods/enkf/enkf_opt/experiments/outputs/blind_spatial_validation/atc-20130728_sp_b4.json
