[residual] 1000/37413, 0.0060 s/frame
[residual] 2000/37413, 0.0058 s/frame
[residual] 3000/37413, 0.0057 s/frame
[residual] 4000/37413, 0.0056 s/frame
[residual] 5000/37413, 0.0056 s/frame
[residual] 6000/37413, 0.0056 s/frame
[residual] 7000/37413, 0.0056 s/frame
[residual] 8000/37413, 0.0056 s/frame
[residual] 9000/37413, 0.0056 s/frame
[residual] 10000/37413, 0.0056 s/frame
[residual] 11000/37413, 0.0056 s/frame
[residual] 12000/37413, 0.0056 s/frame
[residual] 13000/37413, 0.0056 s/frame
[residual] 14000/37413, 0.0056 s/frame
[residual] 15000/37413, 0.0056 s/frame
[residual] 16000/37413, 0.0056 s/frame
[residual] 17000/37413, 0.0056 s/frame
[residual] 18000/37413, 0.0056 s/frame
[residual] 19000/37413, 0.0055 s/frame
[residual] 20000/37413, 0.0055 s/frame
[residual] 21000/37413, 0.0055 s/frame
[residual] 22000/37413, 0.0055 s/frame
[residual] 23000/37413, 0.0055 s/frame
[residual] 24000/37413, 0.0055 s/frame
[residual] 25000/37413, 0.0055 s/frame
[residual] 26000/37413, 0.0055 s/frame
[residual] 27000/37413, 0.0055 s/frame
[residual] 28000/37413, 0.0055 s/frame
[residual] 29000/37413, 0.0055 s/frame
[residual] 30000/37413, 0.0055 s/frame
[residual] 31000/37413, 0.0055 s/frame
[residual] 32000/37413, 0.0055 s/frame
[residual] 33000/37413, 0.0055 s/frame
[residual] 34000/37413, 0.0055 s/frame
[residual] 35000/37413, 0.0055 s/frame
[residual] 36000/37413, 0.0055 s/frame
[residual] 37000/37413, 0.0055 s/frame
[all] RMSE=0.24316 CRPS=0.11244 spread/skill=0.923 cov90=0.855
[defined_blind] RMSE=0.37674 CRPS=0.16298 spread/skill=0.740 cov90=0.817
[density] spearman=+0.795 AUSE=0.225
[vx] spearman=+0.477 AUSE=0.406
[vy] spearman=+0.139 AUSE=0.643
[var] spearman=+0.783 AUSE=0.274
[runtime] 287.53s on Tesla V100-SXM2-16GB; failures=0
[out] methods/enkf/enkf_opt/experiments/outputs/validation_sweep/atc-20130721_r225.json
