[residual] 1000/38437, 0.0062 s/frame
[residual] 2000/38437, 0.0060 s/frame
[residual] 3000/38437, 0.0059 s/frame
[residual] 4000/38437, 0.0059 s/frame
[residual] 5000/38437, 0.0059 s/frame
[residual] 6000/38437, 0.0059 s/frame
[residual] 7000/38437, 0.0058 s/frame
[residual] 8000/38437, 0.0058 s/frame
[residual] 9000/38437, 0.0058 s/frame
[residual] 10000/38437, 0.0058 s/frame
[residual] 11000/38437, 0.0058 s/frame
[residual] 12000/38437, 0.0058 s/frame
[residual] 13000/38437, 0.0058 s/frame
[residual] 14000/38437, 0.0058 s/frame
[residual] 15000/38437, 0.0058 s/frame
[residual] 16000/38437, 0.0058 s/frame
[residual] 17000/38437, 0.0058 s/frame
[residual] 18000/38437, 0.0058 s/frame
[residual] 19000/38437, 0.0058 s/frame
[residual] 20000/38437, 0.0058 s/frame
[residual] 21000/38437, 0.0058 s/frame
[residual] 22000/38437, 0.0058 s/frame
[residual] 23000/38437, 0.0058 s/frame
[residual] 24000/38437, 0.0058 s/frame
[residual] 25000/38437, 0.0058 s/frame
[residual] 26000/38437, 0.0058 s/frame
[residual] 27000/38437, 0.0058 s/frame
[residual] 28000/38437, 0.0058 s/frame
[residual] 29000/38437, 0.0058 s/frame
[residual] 30000/38437, 0.0058 s/frame
[residual] 31000/38437, 0.0058 s/frame
[residual] 32000/38437, 0.0058 s/frame
[residual] 33000/38437, 0.0058 s/frame
[residual] 34000/38437, 0.0058 s/frame
[residual] 35000/38437, 0.0058 s/frame
[residual] 36000/38437, 0.0058 s/frame
[residual] 37000/38437, 0.0058 s/frame
[residual] 38000/38437, 0.0058 s/frame
[all] RMSE=0.23590 CRPS=0.10697 spread/skill=0.949 cov90=0.872
[defined_blind] RMSE=0.37646 CRPS=0.15076 spread/skill=0.663 cov90=0.831
[density] spearman=+0.787 AUSE=0.224
[vx] spearman=+0.464 AUSE=0.403
[vy] spearman=+0.093 AUSE=0.655
[var] spearman=+0.811 AUSE=0.234
[runtime] 300.94s on Tesla V100-SXM2-16GB; failures=0
[out] methods/enkf/enkf_opt/experiments/outputs/validation_sweep/atc-20130707_r225.json
