[residual] 1000/36979, 0.0065 s/frame
[residual] 2000/36979, 0.0063 s/frame
[residual] 3000/36979, 0.0062 s/frame
[residual] 4000/36979, 0.0062 s/frame
[residual] 5000/36979, 0.0062 s/frame
[residual] 6000/36979, 0.0062 s/frame
[residual] 7000/36979, 0.0062 s/frame
[residual] 8000/36979, 0.0062 s/frame
[residual] 9000/36979, 0.0062 s/frame
[residual] 10000/36979, 0.0061 s/frame
[residual] 11000/36979, 0.0061 s/frame
[residual] 12000/36979, 0.0061 s/frame
[residual] 13000/36979, 0.0061 s/frame
[residual] 14000/36979, 0.0061 s/frame
[residual] 15000/36979, 0.0061 s/frame
[residual] 16000/36979, 0.0061 s/frame
[residual] 17000/36979, 0.0061 s/frame
[residual] 18000/36979, 0.0061 s/frame
[residual] 19000/36979, 0.0061 s/frame
[residual] 20000/36979, 0.0061 s/frame
[residual] 21000/36979, 0.0061 s/frame
[residual] 22000/36979, 0.0061 s/frame
[residual] 23000/36979, 0.0061 s/frame
[residual] 24000/36979, 0.0061 s/frame
[residual] 25000/36979, 0.0061 s/frame
[residual] 26000/36979, 0.0061 s/frame
[residual] 27000/36979, 0.0061 s/frame
[residual] 28000/36979, 0.0061 s/frame
[residual] 29000/36979, 0.0061 s/frame
[residual] 30000/36979, 0.0061 s/frame
[residual] 31000/36979, 0.0061 s/frame
[residual] 32000/36979, 0.0061 s/frame
[residual] 33000/36979, 0.0061 s/frame
[residual] 34000/36979, 0.0061 s/frame
[residual] 35000/36979, 0.0061 s/frame
[residual] 36000/36979, 0.0061 s/frame
[all] RMSE=0.22378 CRPS=0.10199 spread/skill=0.907 cov90=0.851
[defined_blind] RMSE=0.35335 CRPS=0.14398 spread/skill=0.646 cov90=0.803
[density] spearman=+0.781 AUSE=0.234
[vx] spearman=+0.444 AUSE=0.414
[vy] spearman=+0.093 AUSE=0.670
[var] spearman=+0.789 AUSE=0.258
[runtime] 305.01s on Tesla V100-SXM2-16GB; failures=0
[out] methods/enkf/enkf_opt/experiments/outputs/validation_sweep/atc-20130728_r2.json
