[residual] 1000/38842, 0.0050 s/frame
[residual] 2000/38842, 0.0047 s/frame
[residual] 3000/38842, 0.0047 s/frame
[residual] 4000/38842, 0.0046 s/frame
[residual] 5000/38842, 0.0046 s/frame
[residual] 6000/38842, 0.0046 s/frame
[residual] 7000/38842, 0.0046 s/frame
[residual] 8000/38842, 0.0046 s/frame
[residual] 9000/38842, 0.0046 s/frame
[residual] 10000/38842, 0.0046 s/frame
[residual] 11000/38842, 0.0046 s/frame
[residual] 12000/38842, 0.0046 s/frame
[residual] 13000/38842, 0.0046 s/frame
[residual] 14000/38842, 0.0046 s/frame
[residual] 15000/38842, 0.0046 s/frame
[residual] 16000/38842, 0.0046 s/frame
[residual] 17000/38842, 0.0046 s/frame
[residual] 18000/38842, 0.0046 s/frame
[residual] 19000/38842, 0.0046 s/frame
[residual] 20000/38842, 0.0045 s/frame
[residual] 21000/38842, 0.0045 s/frame
[residual] 22000/38842, 0.0045 s/frame
[residual] 23000/38842, 0.0045 s/frame
[residual] 24000/38842, 0.0045 s/frame
[residual] 25000/38842, 0.0045 s/frame
[residual] 26000/38842, 0.0045 s/frame
[residual] 27000/38842, 0.0045 s/frame
[residual] 28000/38842, 0.0045 s/frame
[residual] 29000/38842, 0.0045 s/frame
[residual] 30000/38842, 0.0045 s/frame
[residual] 31000/38842, 0.0045 s/frame
[residual] 32000/38842, 0.0045 s/frame
[residual] 33000/38842, 0.0045 s/frame
[residual] 34000/38842, 0.0045 s/frame
[residual] 35000/38842, 0.0045 s/frame
[residual] 36000/38842, 0.0045 s/frame
[residual] 37000/38842, 0.0045 s/frame
[residual] 38000/38842, 0.0045 s/frame
[all] RMSE=0.21871 CRPS=0.09842 spread/skill=0.858 cov90=0.834
[defined_blind] RMSE=0.36779 CRPS=0.14311 spread/skill=0.586 cov90=0.849
[density] spearman=+0.805 AUSE=0.209
[vx] spearman=+0.440 AUSE=0.401
[vy] spearman=+0.072 AUSE=0.655
[var] spearman=+0.551 AUSE=0.521
[runtime] 245.3s on Tesla V100-PCIE-32GB; failures=0
[out] methods/enkf/enkf_opt/experiments/outputs/channel_test/atc-20130922_bal2.json
