[residual] 1000/38437, 0.0053 s/frame
[residual] 2000/38437, 0.0050 s/frame
[residual] 3000/38437, 0.0049 s/frame
[residual] 4000/38437, 0.0048 s/frame
[residual] 5000/38437, 0.0048 s/frame
[residual] 6000/38437, 0.0048 s/frame
[residual] 7000/38437, 0.0048 s/frame
[residual] 8000/38437, 0.0048 s/frame
[residual] 9000/38437, 0.0048 s/frame
[residual] 10000/38437, 0.0047 s/frame
[residual] 11000/38437, 0.0047 s/frame
[residual] 12000/38437, 0.0047 s/frame
[residual] 13000/38437, 0.0047 s/frame
[residual] 14000/38437, 0.0047 s/frame
[residual] 15000/38437, 0.0047 s/frame
[residual] 16000/38437, 0.0047 s/frame
[residual] 17000/38437, 0.0047 s/frame
[residual] 18000/38437, 0.0047 s/frame
[residual] 19000/38437, 0.0047 s/frame
[residual] 20000/38437, 0.0047 s/frame
[residual] 21000/38437, 0.0047 s/frame
[residual] 22000/38437, 0.0047 s/frame
[residual] 23000/38437, 0.0047 s/frame
[residual] 24000/38437, 0.0047 s/frame
[residual] 25000/38437, 0.0047 s/frame
[residual] 26000/38437, 0.0047 s/frame
[residual] 27000/38437, 0.0047 s/frame
[residual] 28000/38437, 0.0047 s/frame
[residual] 29000/38437, 0.0047 s/frame
[residual] 30000/38437, 0.0047 s/frame
[residual] 31000/38437, 0.0046 s/frame
[residual] 32000/38437, 0.0046 s/frame
[residual] 33000/38437, 0.0046 s/frame
[residual] 34000/38437, 0.0046 s/frame
[residual] 35000/38437, 0.0046 s/frame
[residual] 36000/38437, 0.0046 s/frame
[residual] 37000/38437, 0.0046 s/frame
[residual] 38000/38437, 0.0046 s/frame
[all] RMSE=0.22370 CRPS=0.09866 spread/skill=0.785 cov90=0.845
[defined_blind] RMSE=0.36760 CRPS=0.15093 spread/skill=0.534 cov90=0.803
[density] spearman=+0.863 AUSE=0.210
[vx] spearman=+0.442 AUSE=0.393
[vy] spearman=+0.091 AUSE=0.625
[var] spearman=+0.694 AUSE=0.361
[runtime] 251.0s on Tesla V100-PCIE-32GB; failures=0
[out] methods/enkf/enkf_opt/experiments/outputs/validation_sweep/atc-20130707_r15_rho80.json
