[residual] 1000/37413, 0.0073 s/frame
[residual] 2000/37413, 0.0071 s/frame
[residual] 3000/37413, 0.0070 s/frame
[residual] 4000/37413, 0.0069 s/frame
[residual] 5000/37413, 0.0069 s/frame
[residual] 6000/37413, 0.0069 s/frame
[residual] 7000/37413, 0.0069 s/frame
[residual] 8000/37413, 0.0069 s/frame
[residual] 9000/37413, 0.0069 s/frame
[residual] 10000/37413, 0.0069 s/frame
[residual] 11000/37413, 0.0069 s/frame
[residual] 12000/37413, 0.0069 s/frame
[residual] 13000/37413, 0.0069 s/frame
[residual] 14000/37413, 0.0069 s/frame
[residual] 15000/37413, 0.0069 s/frame
[residual] 16000/37413, 0.0069 s/frame
[residual] 17000/37413, 0.0069 s/frame
[residual] 18000/37413, 0.0069 s/frame
[residual] 19000/37413, 0.0069 s/frame
[residual] 20000/37413, 0.0069 s/frame
[residual] 21000/37413, 0.0069 s/frame
[residual] 22000/37413, 0.0069 s/frame
[residual] 23000/37413, 0.0069 s/frame
[residual] 24000/37413, 0.0069 s/frame
[residual] 25000/37413, 0.0069 s/frame
[residual] 26000/37413, 0.0069 s/frame
[residual] 27000/37413, 0.0069 s/frame
[residual] 28000/37413, 0.0069 s/frame
[residual] 29000/37413, 0.0069 s/frame
[residual] 30000/37413, 0.0069 s/frame
[residual] 31000/37413, 0.0069 s/frame
[residual] 32000/37413, 0.0069 s/frame
[residual] 33000/37413, 0.0069 s/frame
[residual] 34000/37413, 0.0069 s/frame
[residual] 35000/37413, 0.0069 s/frame
[residual] 36000/37413, 0.0069 s/frame
[residual] 37000/37413, 0.0069 s/frame
[all] RMSE=0.22836 CRPS=0.10438 spread/skill=0.794 cov90=0.807
[defined_blind] RMSE=0.36390 CRPS=0.16057 spread/skill=0.569 cov90=0.713
[density] spearman=+0.803 AUSE=0.213
[vx] spearman=+0.470 AUSE=0.386
[vy] spearman=+0.151 AUSE=0.616
[var] spearman=+0.393 AUSE=0.591
[runtime] 340.39s on Tesla V100-SXM2-16GB; failures=0
[out] methods/enkf/enkf_opt/experiments/outputs/validation_sweep/atc-20130721_r15_rt25.json
