[residual] 1000/38437, 0.0056 s/frame
[residual] 2000/38437, 0.0053 s/frame
[residual] 3000/38437, 0.0052 s/frame
[residual] 4000/38437, 0.0053 s/frame
[residual] 5000/38437, 0.0052 s/frame
[residual] 6000/38437, 0.0052 s/frame
[residual] 7000/38437, 0.0052 s/frame
[residual] 8000/38437, 0.0051 s/frame
[residual] 9000/38437, 0.0051 s/frame
[residual] 10000/38437, 0.0051 s/frame
[residual] 11000/38437, 0.0051 s/frame
[residual] 12000/38437, 0.0051 s/frame
[residual] 13000/38437, 0.0051 s/frame
[residual] 14000/38437, 0.0051 s/frame
[residual] 15000/38437, 0.0051 s/frame
[residual] 16000/38437, 0.0051 s/frame
[residual] 17000/38437, 0.0051 s/frame
[residual] 18000/38437, 0.0051 s/frame
[residual] 19000/38437, 0.0051 s/frame
[residual] 20000/38437, 0.0051 s/frame
[residual] 21000/38437, 0.0051 s/frame
[residual] 22000/38437, 0.0051 s/frame
[residual] 23000/38437, 0.0051 s/frame
[residual] 24000/38437, 0.0051 s/frame
[residual] 25000/38437, 0.0051 s/frame
[residual] 26000/38437, 0.0051 s/frame
[residual] 27000/38437, 0.0051 s/frame
[residual] 28000/38437, 0.0051 s/frame
[residual] 29000/38437, 0.0051 s/frame
[residual] 30000/38437, 0.0051 s/frame
[residual] 31000/38437, 0.0051 s/frame
[residual] 32000/38437, 0.0051 s/frame
[residual] 33000/38437, 0.0051 s/frame
[residual] 34000/38437, 0.0051 s/frame
[residual] 35000/38437, 0.0051 s/frame
[residual] 36000/38437, 0.0051 s/frame
[residual] 37000/38437, 0.0051 s/frame
[residual] 38000/38437, 0.0051 s/frame
[all] RMSE=0.21883 CRPS=0.09780 spread/skill=0.797 cov90=0.819
[defined_blind] RMSE=0.36491 CRPS=0.14473 spread/skill=0.606 cov90=0.847
[density] spearman=+0.813 AUSE=0.198
[vx] spearman=+0.421 AUSE=0.416
[vy] spearman=+0.089 AUSE=0.646
[var] spearman=+0.611 AUSE=0.470
[runtime] 267.0s on Tesla V100-PCIE-32GB; failures=0
[out] methods/enkf/enkf_opt/experiments/outputs/log_density_validation/atc-20130707_log15.json
