[residual] 1000/40620, 0.0050 s/frame
[residual] 2000/40620, 0.0048 s/frame
[residual] 3000/40620, 0.0048 s/frame
[residual] 4000/40620, 0.0047 s/frame
[residual] 5000/40620, 0.0047 s/frame
[residual] 6000/40620, 0.0047 s/frame
[residual] 7000/40620, 0.0047 s/frame
[residual] 8000/40620, 0.0047 s/frame
[residual] 9000/40620, 0.0047 s/frame
[residual] 10000/40620, 0.0046 s/frame
[residual] 11000/40620, 0.0046 s/frame
[residual] 12000/40620, 0.0046 s/frame
[residual] 13000/40620, 0.0046 s/frame
[residual] 14000/40620, 0.0046 s/frame
[residual] 15000/40620, 0.0046 s/frame
[residual] 16000/40620, 0.0046 s/frame
[residual] 17000/40620, 0.0046 s/frame
[residual] 18000/40620, 0.0046 s/frame
[residual] 19000/40620, 0.0046 s/frame
[residual] 20000/40620, 0.0046 s/frame
[residual] 21000/40620, 0.0046 s/frame
[residual] 22000/40620, 0.0046 s/frame
[residual] 23000/40620, 0.0046 s/frame
[residual] 24000/40620, 0.0046 s/frame
[residual] 25000/40620, 0.0046 s/frame
[residual] 26000/40620, 0.0046 s/frame
[residual] 27000/40620, 0.0046 s/frame
[residual] 28000/40620, 0.0046 s/frame
[residual] 29000/40620, 0.0046 s/frame
[residual] 30000/40620, 0.0046 s/frame
[residual] 31000/40620, 0.0046 s/frame
[residual] 32000/40620, 0.0046 s/frame
[residual] 33000/40620, 0.0046 s/frame
[residual] 34000/40620, 0.0046 s/frame
[residual] 35000/40620, 0.0046 s/frame
[residual] 36000/40620, 0.0046 s/frame
[residual] 37000/40620, 0.0046 s/frame
[residual] 38000/40620, 0.0046 s/frame
[residual] 39000/40620, 0.0046 s/frame
[residual] 40000/40620, 0.0046 s/frame
[all] RMSE=0.21465 CRPS=0.09413 spread/skill=0.815 cov90=0.858
[defined_blind] RMSE=0.35695 CRPS=0.13896 spread/skill=0.497 cov90=0.818
[density] spearman=+0.860 AUSE=0.220
[vx] spearman=+0.416 AUSE=0.404
[vy] spearman=+0.064 AUSE=0.624
[var] spearman=+0.711 AUSE=0.363
[runtime] 258.41s on Tesla V100-PCIE-32GB; failures=0
[out] methods/enkf/enkf_opt/experiments/outputs/validation_sweep/atc-20130623_r15_rho80.json
