[residual] 1000/40710, 0.0052 s/frame
[residual] 2000/40710, 0.0050 s/frame
[residual] 3000/40710, 0.0049 s/frame
[residual] 4000/40710, 0.0049 s/frame
[residual] 5000/40710, 0.0048 s/frame
[residual] 6000/40710, 0.0048 s/frame
[residual] 7000/40710, 0.0048 s/frame
[residual] 8000/40710, 0.0048 s/frame
[residual] 9000/40710, 0.0048 s/frame
[residual] 10000/40710, 0.0048 s/frame
[residual] 11000/40710, 0.0048 s/frame
[residual] 12000/40710, 0.0048 s/frame
[residual] 13000/40710, 0.0048 s/frame
[residual] 14000/40710, 0.0048 s/frame
[residual] 15000/40710, 0.0048 s/frame
[residual] 16000/40710, 0.0048 s/frame
[residual] 17000/40710, 0.0048 s/frame
[residual] 18000/40710, 0.0048 s/frame
[residual] 19000/40710, 0.0048 s/frame
[residual] 20000/40710, 0.0048 s/frame
[residual] 21000/40710, 0.0048 s/frame
[residual] 22000/40710, 0.0048 s/frame
[residual] 23000/40710, 0.0048 s/frame
[residual] 24000/40710, 0.0048 s/frame
[residual] 25000/40710, 0.0048 s/frame
[residual] 26000/40710, 0.0048 s/frame
[residual] 27000/40710, 0.0048 s/frame
[residual] 28000/40710, 0.0048 s/frame
[residual] 29000/40710, 0.0048 s/frame
[residual] 30000/40710, 0.0048 s/frame
[residual] 31000/40710, 0.0048 s/frame
[residual] 32000/40710, 0.0048 s/frame
[residual] 33000/40710, 0.0048 s/frame
[residual] 34000/40710, 0.0048 s/frame
[residual] 35000/40710, 0.0048 s/frame
[residual] 36000/40710, 0.0048 s/frame
[residual] 37000/40710, 0.0048 s/frame
[residual] 38000/40710, 0.0048 s/frame
[residual] 39000/40710, 0.0048 s/frame
[residual] 40000/40710, 0.0048 s/frame
[all] RMSE=0.20585 CRPS=0.09232 spread/skill=0.846 cov90=0.832
[defined_blind] RMSE=0.34506 CRPS=0.12880 spread/skill=0.577 cov90=0.857
[density] spearman=+0.802 AUSE=0.221
[vx] spearman=+0.396 AUSE=0.425
[vy] spearman=+0.057 AUSE=0.658
[var] spearman=+0.614 AUSE=0.480
[runtime] 266.46s on Tesla V100-PCIE-32GB; failures=0
[out] methods/enkf/enkf_opt/experiments/outputs/log_density_validation/atc-20130630_base.json
