[residual] 1000/38842, 0.0064 s/frame
[residual] 2000/38842, 0.0061 s/frame
[residual] 3000/38842, 0.0061 s/frame
[residual] 4000/38842, 0.0060 s/frame
[residual] 5000/38842, 0.0060 s/frame
[residual] 6000/38842, 0.0060 s/frame
[residual] 7000/38842, 0.0060 s/frame
[residual] 8000/38842, 0.0060 s/frame
[residual] 9000/38842, 0.0060 s/frame
[residual] 10000/38842, 0.0059 s/frame
[residual] 11000/38842, 0.0059 s/frame
[residual] 12000/38842, 0.0059 s/frame
[residual] 13000/38842, 0.0059 s/frame
[residual] 14000/38842, 0.0059 s/frame
[residual] 15000/38842, 0.0059 s/frame
[residual] 16000/38842, 0.0059 s/frame
[residual] 17000/38842, 0.0059 s/frame
[residual] 18000/38842, 0.0059 s/frame
[residual] 19000/38842, 0.0059 s/frame
[residual] 20000/38842, 0.0059 s/frame
[residual] 21000/38842, 0.0059 s/frame
[residual] 22000/38842, 0.0059 s/frame
[residual] 23000/38842, 0.0059 s/frame
[residual] 24000/38842, 0.0059 s/frame
[residual] 25000/38842, 0.0059 s/frame
[residual] 26000/38842, 0.0059 s/frame
[residual] 27000/38842, 0.0059 s/frame
[residual] 28000/38842, 0.0059 s/frame
[residual] 29000/38842, 0.0059 s/frame
[residual] 30000/38842, 0.0059 s/frame
[residual] 31000/38842, 0.0059 s/frame
[residual] 32000/38842, 0.0059 s/frame
[residual] 33000/38842, 0.0059 s/frame
[residual] 34000/38842, 0.0059 s/frame
[residual] 35000/38842, 0.0060 s/frame
[residual] 36000/38842, 0.0060 s/frame
[residual] 37000/38842, 0.0060 s/frame
[residual] 38000/38842, 0.0060 s/frame
[all] RMSE=0.22429 CRPS=0.09843 spread/skill=0.810 cov90=0.834
[defined_blind] RMSE=0.37126 CRPS=0.14744 spread/skill=0.530 cov90=0.762
[density] spearman=+0.786 AUSE=0.224
[vx] spearman=+0.445 AUSE=0.400
[vy] spearman=+0.082 AUSE=0.650
[var] spearman=+0.769 AUSE=0.299
[runtime] 312.27s on Tesla V100-SXM2-16GB; failures=0
[out] methods/enkf/enkf_opt/experiments/outputs/selected_test/atc-20130922_r175.json
