[gaussian] 1000/39758, 0.0062 s/frame
[gaussian] 2000/39758, 0.0060 s/frame
[gaussian] 3000/39758, 0.0059 s/frame
[gaussian] 4000/39758, 0.0058 s/frame
[gaussian] 5000/39758, 0.0058 s/frame
[gaussian] 6000/39758, 0.0058 s/frame
[gaussian] 7000/39758, 0.0058 s/frame
[gaussian] 8000/39758, 0.0058 s/frame
[gaussian] 9000/39758, 0.0058 s/frame
[gaussian] 10000/39758, 0.0058 s/frame
[gaussian] 11000/39758, 0.0058 s/frame
[gaussian] 12000/39758, 0.0058 s/frame
[gaussian] 13000/39758, 0.0058 s/frame
[gaussian] 14000/39758, 0.0058 s/frame
[gaussian] 15000/39758, 0.0058 s/frame
[gaussian] 16000/39758, 0.0058 s/frame
[gaussian] 17000/39758, 0.0058 s/frame
[gaussian] 18000/39758, 0.0058 s/frame
[gaussian] 19000/39758, 0.0058 s/frame
[gaussian] 20000/39758, 0.0057 s/frame
[gaussian] 21000/39758, 0.0057 s/frame
[gaussian] 22000/39758, 0.0057 s/frame
[gaussian] 23000/39758, 0.0057 s/frame
[gaussian] 24000/39758, 0.0057 s/frame
[gaussian] 25000/39758, 0.0057 s/frame
[gaussian] 26000/39758, 0.0057 s/frame
[gaussian] 27000/39758, 0.0057 s/frame
[gaussian] 28000/39758, 0.0057 s/frame
[gaussian] 29000/39758, 0.0057 s/frame
[gaussian] 30000/39758, 0.0057 s/frame
[gaussian] 31000/39758, 0.0057 s/frame
[gaussian] 32000/39758, 0.0057 s/frame
[gaussian] 33000/39758, 0.0057 s/frame
[gaussian] 34000/39758, 0.0057 s/frame
[gaussian] 35000/39758, 0.0057 s/frame
[gaussian] 36000/39758, 0.0057 s/frame
[gaussian] 37000/39758, 0.0057 s/frame
[gaussian] 38000/39758, 0.0057 s/frame
[gaussian] 39000/39758, 0.0057 s/frame
[all] RMSE=0.25401 CRPS=0.12048 spread/skill=0.593 cov90=0.773
[defined_blind] RMSE=0.37964 CRPS=0.18071 spread/skill=0.299 cov90=0.501
[density] spearman=+0.728 AUSE=0.441
[vx] spearman=-0.165 AUSE=1.104
[vy] spearman=-0.098 AUSE=1.057
[var] spearman=+0.781 AUSE=0.353
[runtime] 313.17s on Tesla V100-SXM2-16GB; failures=0
[out] methods/enkf/enkf_opt/experiments/outputs/selected_test/atc-20130901_g1.json
