[residual] 1000/40457, 0.0070 s/frame
[residual] 2000/40457, 0.0068 s/frame
[residual] 3000/40457, 0.0067 s/frame
[residual] 4000/40457, 0.0067 s/frame
[residual] 5000/40457, 0.0066 s/frame
[residual] 6000/40457, 0.0066 s/frame
[residual] 7000/40457, 0.0066 s/frame
[residual] 8000/40457, 0.0066 s/frame
[residual] 9000/40457, 0.0066 s/frame
[residual] 10000/40457, 0.0066 s/frame
[residual] 11000/40457, 0.0066 s/frame
[residual] 12000/40457, 0.0074 s/frame
[residual] 13000/40457, 0.0073 s/frame
[residual] 14000/40457, 0.0072 s/frame
[residual] 15000/40457, 0.0072 s/frame
[residual] 16000/40457, 0.0072 s/frame
[residual] 17000/40457, 0.0071 s/frame
[residual] 18000/40457, 0.0071 s/frame
[residual] 19000/40457, 0.0071 s/frame
[residual] 20000/40457, 0.0070 s/frame
[residual] 21000/40457, 0.0070 s/frame
[residual] 22000/40457, 0.0070 s/frame
[residual] 23000/40457, 0.0070 s/frame
[residual] 24000/40457, 0.0070 s/frame
[residual] 25000/40457, 0.0069 s/frame
[residual] 26000/40457, 0.0069 s/frame
[residual] 27000/40457, 0.0069 s/frame
[residual] 28000/40457, 0.0069 s/frame
[residual] 29000/40457, 0.0069 s/frame
[residual] 30000/40457, 0.0069 s/frame
[residual] 31000/40457, 0.0069 s/frame
[residual] 32000/40457, 0.0069 s/frame
[residual] 33000/40457, 0.0068 s/frame
[residual] 34000/40457, 0.0068 s/frame
[residual] 35000/40457, 0.0068 s/frame
[residual] 36000/40457, 0.0068 s/frame
[residual] 37000/40457, 0.0068 s/frame
[residual] 38000/40457, 0.0068 s/frame
[residual] 39000/40457, 0.0068 s/frame
[residual] 40000/40457, 0.0068 s/frame
[all] RMSE=0.22461 CRPS=0.09979 spread/skill=0.777 cov90=0.815
[defined_blind] RMSE=0.37343 CRPS=0.15039 spread/skill=0.614 cov90=0.843
[density] spearman=+0.813 AUSE=0.197
[vx] spearman=+0.437 AUSE=0.407
[vy] spearman=+0.112 AUSE=0.623
[var] spearman=+0.611 AUSE=0.463
[runtime] 379.53s on Tesla V100-SXM2-16GB; failures=0
[out] methods/enkf/enkf_opt/experiments/outputs/log_density_calibration_validation/atc-20130714_grid.json
