[residual] 1000/42890, 0.0065 s/frame
[residual] 2000/42890, 0.0063 s/frame
[residual] 3000/42890, 0.0062 s/frame
[residual] 4000/42890, 0.0061 s/frame
[residual] 5000/42890, 0.0061 s/frame
[residual] 6000/42890, 0.0061 s/frame
[residual] 7000/42890, 0.0061 s/frame
[residual] 8000/42890, 0.0061 s/frame
[residual] 9000/42890, 0.0061 s/frame
[residual] 10000/42890, 0.0060 s/frame
[residual] 11000/42890, 0.0060 s/frame
[residual] 12000/42890, 0.0060 s/frame
[residual] 13000/42890, 0.0060 s/frame
[residual] 14000/42890, 0.0060 s/frame
[residual] 15000/42890, 0.0060 s/frame
[residual] 16000/42890, 0.0060 s/frame
[residual] 17000/42890, 0.0060 s/frame
[residual] 18000/42890, 0.0060 s/frame
[residual] 19000/42890, 0.0060 s/frame
[residual] 20000/42890, 0.0060 s/frame
[residual] 21000/42890, 0.0060 s/frame
[residual] 22000/42890, 0.0060 s/frame
[residual] 23000/42890, 0.0060 s/frame
[residual] 24000/42890, 0.0060 s/frame
[residual] 25000/42890, 0.0060 s/frame
[residual] 26000/42890, 0.0060 s/frame
[residual] 27000/42890, 0.0060 s/frame
[residual] 28000/42890, 0.0060 s/frame
[residual] 29000/42890, 0.0060 s/frame
[residual] 30000/42890, 0.0060 s/frame
[residual] 31000/42890, 0.0060 s/frame
[residual] 32000/42890, 0.0060 s/frame
[residual] 33000/42890, 0.0060 s/frame
[residual] 34000/42890, 0.0060 s/frame
[residual] 35000/42890, 0.0060 s/frame
[residual] 36000/42890, 0.0060 s/frame
[residual] 37000/42890, 0.0060 s/frame
[residual] 38000/42890, 0.0060 s/frame
[residual] 39000/42890, 0.0060 s/frame
[residual] 40000/42890, 0.0060 s/frame
[residual] 41000/42890, 0.0060 s/frame
[residual] 42000/42890, 0.0060 s/frame
[all] RMSE=0.22853 CRPS=0.10107 spread/skill=0.796 cov90=0.825
[defined_blind] RMSE=0.37363 CRPS=0.15333 spread/skill=0.561 cov90=0.756
[density] spearman=+0.798 AUSE=0.210
[vx] spearman=+0.447 AUSE=0.405
[vy] spearman=+0.095 AUSE=0.651
[var] spearman=+0.759 AUSE=0.322
[runtime] 349.87s on Tesla V100-SXM2-16GB; failures=0
[out] methods/enkf/enkf_opt/experiments/outputs/selected_test/atc-20130825_r175.json
