[residual] 1000/37413, 0.0043 s/frame
[residual] 2000/37413, 0.0041 s/frame
[residual] 3000/37413, 0.0040 s/frame
[residual] 4000/37413, 0.0040 s/frame
[residual] 5000/37413, 0.0040 s/frame
[residual] 6000/37413, 0.0039 s/frame
[residual] 7000/37413, 0.0039 s/frame
[residual] 8000/37413, 0.0039 s/frame
[residual] 9000/37413, 0.0039 s/frame
[residual] 10000/37413, 0.0039 s/frame
[residual] 11000/37413, 0.0039 s/frame
[residual] 12000/37413, 0.0039 s/frame
[residual] 13000/37413, 0.0039 s/frame
[residual] 14000/37413, 0.0039 s/frame
[residual] 15000/37413, 0.0039 s/frame
[residual] 16000/37413, 0.0039 s/frame
[residual] 17000/37413, 0.0040 s/frame
[residual] 18000/37413, 0.0040 s/frame
[residual] 19000/37413, 0.0040 s/frame
[residual] 20000/37413, 0.0040 s/frame
[residual] 21000/37413, 0.0040 s/frame
[residual] 22000/37413, 0.0040 s/frame
[residual] 23000/37413, 0.0039 s/frame
[residual] 24000/37413, 0.0039 s/frame
[residual] 25000/37413, 0.0039 s/frame
[residual] 26000/37413, 0.0039 s/frame
[residual] 27000/37413, 0.0039 s/frame
[residual] 28000/37413, 0.0039 s/frame
[residual] 29000/37413, 0.0039 s/frame
[residual] 30000/37413, 0.0039 s/frame
[residual] 31000/37413, 0.0039 s/frame
[residual] 32000/37413, 0.0039 s/frame
[residual] 33000/37413, 0.0039 s/frame
[residual] 34000/37413, 0.0039 s/frame
[residual] 35000/37413, 0.0039 s/frame
[residual] 36000/37413, 0.0039 s/frame
[residual] 37000/37413, 0.0039 s/frame
[all] RMSE=0.22772 CRPS=0.10438 spread/skill=0.767 cov90=0.791
[defined_blind] RMSE=0.36492 CRPS=0.15609 spread/skill=0.682 cov90=0.837
[density] spearman=+0.819 AUSE=0.251
[vx] spearman=+0.443 AUSE=0.418
[vy] spearman=+0.138 AUSE=0.637
[var] spearman=+0.586 AUSE=0.500
[runtime] 218.91s on Tesla V100-PCIE-32GB; failures=0
[out] methods/enkf/enkf_opt/experiments/outputs/blind_spatial_validation/atc-20130721_var_b2.json
