[residual] 1000/39821, 0.0062 s/frame
[residual] 2000/39821, 0.0059 s/frame
[residual] 3000/39821, 0.0059 s/frame
[residual] 4000/39821, 0.0058 s/frame
[residual] 5000/39821, 0.0058 s/frame
[residual] 6000/39821, 0.0058 s/frame
[residual] 7000/39821, 0.0058 s/frame
[residual] 8000/39821, 0.0058 s/frame
[residual] 9000/39821, 0.0058 s/frame
[residual] 10000/39821, 0.0058 s/frame
[residual] 11000/39821, 0.0058 s/frame
[residual] 12000/39821, 0.0058 s/frame
[residual] 13000/39821, 0.0057 s/frame
[residual] 14000/39821, 0.0057 s/frame
[residual] 15000/39821, 0.0057 s/frame
[residual] 16000/39821, 0.0057 s/frame
[residual] 17000/39821, 0.0057 s/frame
[residual] 18000/39821, 0.0057 s/frame
[residual] 19000/39821, 0.0057 s/frame
[residual] 20000/39821, 0.0057 s/frame
[residual] 21000/39821, 0.0057 s/frame
[residual] 22000/39821, 0.0057 s/frame
[residual] 23000/39821, 0.0057 s/frame
[residual] 24000/39821, 0.0057 s/frame
[residual] 25000/39821, 0.0057 s/frame
[residual] 26000/39821, 0.0057 s/frame
[residual] 27000/39821, 0.0057 s/frame
[residual] 28000/39821, 0.0057 s/frame
[residual] 29000/39821, 0.0057 s/frame
[residual] 30000/39821, 0.0057 s/frame
[residual] 31000/39821, 0.0057 s/frame
[residual] 32000/39821, 0.0057 s/frame
[residual] 33000/39821, 0.0057 s/frame
[residual] 34000/39821, 0.0057 s/frame
[residual] 35000/39821, 0.0057 s/frame
[residual] 36000/39821, 0.0057 s/frame
[residual] 37000/39821, 0.0057 s/frame
[residual] 38000/39821, 0.0057 s/frame
[residual] 39000/39821, 0.0057 s/frame
[all] RMSE=0.23141 CRPS=0.10913 spread/skill=1.053 cov90=0.885
[defined_blind] RMSE=0.34614 CRPS=0.14183 spread/skill=0.778 cov90=0.853
[density] spearman=+0.771 AUSE=0.261
[vx] spearman=+0.457 AUSE=0.426
[vy] spearman=+0.078 AUSE=0.714
[var] spearman=+0.828 AUSE=0.218
[runtime] 312.3s on Tesla V100-SXM2-16GB; failures=0
[out] methods/enkf/enkf_opt/experiments/outputs/selected_test/atc-20130811_r25.json
