[residual] 1000/35127, 0.0063 s/frame
[residual] 2000/35127, 0.0060 s/frame
[residual] 3000/35127, 0.0060 s/frame
[residual] 4000/35127, 0.0059 s/frame
[residual] 5000/35127, 0.0059 s/frame
[residual] 6000/35127, 0.0059 s/frame
[residual] 7000/35127, 0.0059 s/frame
[residual] 8000/35127, 0.0059 s/frame
[residual] 9000/35127, 0.0059 s/frame
[residual] 10000/35127, 0.0059 s/frame
[residual] 11000/35127, 0.0059 s/frame
[residual] 12000/35127, 0.0058 s/frame
[residual] 13000/35127, 0.0058 s/frame
[residual] 14000/35127, 0.0058 s/frame
[residual] 15000/35127, 0.0058 s/frame
[residual] 16000/35127, 0.0058 s/frame
[residual] 17000/35127, 0.0058 s/frame
[residual] 18000/35127, 0.0058 s/frame
[residual] 19000/35127, 0.0058 s/frame
[residual] 20000/35127, 0.0058 s/frame
[residual] 21000/35127, 0.0058 s/frame
[residual] 22000/35127, 0.0058 s/frame
[residual] 23000/35127, 0.0058 s/frame
[residual] 24000/35127, 0.0058 s/frame
[residual] 25000/35127, 0.0058 s/frame
[residual] 26000/35127, 0.0058 s/frame
[residual] 27000/35127, 0.0058 s/frame
[residual] 28000/35127, 0.0058 s/frame
[residual] 29000/35127, 0.0058 s/frame
[residual] 30000/35127, 0.0058 s/frame
[residual] 31000/35127, 0.0058 s/frame
[residual] 32000/35127, 0.0058 s/frame
[residual] 33000/35127, 0.0058 s/frame
[residual] 34000/35127, 0.0058 s/frame
[residual] 35000/35127, 0.0058 s/frame
[all] RMSE=0.21430 CRPS=0.09531 spread/skill=0.784 cov90=0.829
[defined_blind] RMSE=0.34956 CRPS=0.14213 spread/skill=0.518 cov90=0.771
[density] spearman=+0.829 AUSE=0.226
[vx] spearman=+0.417 AUSE=0.411
[vy] spearman=+0.075 AUSE=0.640
[var] spearman=+0.708 AUSE=0.382
[runtime] 277.27s on Tesla V100-SXM2-16GB; failures=0
[out] methods/enkf/enkf_opt/experiments/outputs/validation_sweep/atc-20130616_r15_rho50.json
