[residual] 1000/38842, 0.0077 s/frame
[residual] 2000/38842, 0.0075 s/frame
[residual] 3000/38842, 0.0074 s/frame
[residual] 4000/38842, 0.0074 s/frame
[residual] 5000/38842, 0.0073 s/frame
[residual] 6000/38842, 0.0073 s/frame
[residual] 7000/38842, 0.0073 s/frame
[residual] 8000/38842, 0.0073 s/frame
[residual] 9000/38842, 0.0073 s/frame
[residual] 10000/38842, 0.0073 s/frame
[residual] 11000/38842, 0.0073 s/frame
[residual] 12000/38842, 0.0073 s/frame
[residual] 13000/38842, 0.0073 s/frame
[residual] 14000/38842, 0.0073 s/frame
[residual] 15000/38842, 0.0073 s/frame
[residual] 16000/38842, 0.0073 s/frame
[residual] 17000/38842, 0.0073 s/frame
[residual] 18000/38842, 0.0073 s/frame
[residual] 19000/38842, 0.0073 s/frame
[residual] 20000/38842, 0.0073 s/frame
[residual] 21000/38842, 0.0073 s/frame
[residual] 22000/38842, 0.0073 s/frame
[residual] 23000/38842, 0.0073 s/frame
[residual] 24000/38842, 0.0073 s/frame
[residual] 25000/38842, 0.0073 s/frame
[residual] 26000/38842, 0.0073 s/frame
[residual] 27000/38842, 0.0073 s/frame
[residual] 28000/38842, 0.0073 s/frame
[residual] 29000/38842, 0.0073 s/frame
[residual] 30000/38842, 0.0073 s/frame
[residual] 31000/38842, 0.0073 s/frame
[residual] 32000/38842, 0.0073 s/frame
[residual] 33000/38842, 0.0073 s/frame
[residual] 34000/38842, 0.0073 s/frame
[residual] 35000/38842, 0.0073 s/frame
[residual] 36000/38842, 0.0073 s/frame
[residual] 37000/38842, 0.0073 s/frame
[residual] 38000/38842, 0.0073 s/frame
[all] RMSE=0.22017 CRPS=0.09738 spread/skill=0.819 cov90=0.832
[defined_blind] RMSE=0.36828 CRPS=0.14863 spread/skill=0.485 cov90=0.726
[density] spearman=+0.781 AUSE=0.208
[vx] spearman=+0.453 AUSE=0.380
[vy] spearman=+0.087 AUSE=0.639
[var] spearman=+0.416 AUSE=0.568
[runtime] 364.95s on Tesla V100-SXM2-16GB; failures=0
[out] methods/enkf/enkf_opt/experiments/outputs/selected_test/atc-20130922_r15_rt25.json
