[residual] 1000/42890, 0.0051 s/frame
[residual] 2000/42890, 0.0049 s/frame
[residual] 3000/42890, 0.0048 s/frame
[residual] 4000/42890, 0.0048 s/frame
[residual] 5000/42890, 0.0047 s/frame
[residual] 6000/42890, 0.0047 s/frame
[residual] 7000/42890, 0.0047 s/frame
[residual] 8000/42890, 0.0047 s/frame
[residual] 9000/42890, 0.0047 s/frame
[residual] 10000/42890, 0.0047 s/frame
[residual] 11000/42890, 0.0047 s/frame
[residual] 12000/42890, 0.0047 s/frame
[residual] 13000/42890, 0.0047 s/frame
[residual] 14000/42890, 0.0047 s/frame
[residual] 15000/42890, 0.0047 s/frame
[residual] 16000/42890, 0.0047 s/frame
[residual] 17000/42890, 0.0047 s/frame
[residual] 18000/42890, 0.0047 s/frame
[residual] 19000/42890, 0.0047 s/frame
[residual] 20000/42890, 0.0047 s/frame
[residual] 21000/42890, 0.0047 s/frame
[residual] 22000/42890, 0.0047 s/frame
[residual] 23000/42890, 0.0047 s/frame
[residual] 24000/42890, 0.0047 s/frame
[residual] 25000/42890, 0.0047 s/frame
[residual] 26000/42890, 0.0047 s/frame
[residual] 27000/42890, 0.0047 s/frame
[residual] 28000/42890, 0.0047 s/frame
[residual] 29000/42890, 0.0047 s/frame
[residual] 30000/42890, 0.0047 s/frame
[residual] 31000/42890, 0.0047 s/frame
[residual] 32000/42890, 0.0047 s/frame
[residual] 33000/42890, 0.0047 s/frame
[residual] 34000/42890, 0.0047 s/frame
[residual] 35000/42890, 0.0047 s/frame
[residual] 36000/42890, 0.0047 s/frame
[residual] 37000/42890, 0.0047 s/frame
[residual] 38000/42890, 0.0047 s/frame
[residual] 39000/42890, 0.0047 s/frame
[residual] 40000/42890, 0.0047 s/frame
[residual] 41000/42890, 0.0047 s/frame
[residual] 42000/42890, 0.0047 s/frame
[all] RMSE=0.22320 CRPS=0.10090 spread/skill=0.844 cov90=0.827
[defined_blind] RMSE=0.36996 CRPS=0.14877 spread/skill=0.618 cov90=0.844
[density] spearman=+0.812 AUSE=0.202
[vx] spearman=+0.442 AUSE=0.406
[vy] spearman=+0.087 AUSE=0.656
[var] spearman=+0.541 AUSE=0.528
[runtime] 282.45s on Tesla V100-PCIE-32GB; failures=0
[out] methods/enkf/enkf_opt/experiments/outputs/channel_test/atc-20130825_bal2.json
