[residual] 1000/40620, 0.0071 s/frame
[residual] 2000/40620, 0.0069 s/frame
[residual] 3000/40620, 0.0068 s/frame
[residual] 4000/40620, 0.0068 s/frame
[residual] 5000/40620, 0.0067 s/frame
[residual] 6000/40620, 0.0067 s/frame
[residual] 7000/40620, 0.0067 s/frame
[residual] 8000/40620, 0.0067 s/frame
[residual] 9000/40620, 0.0067 s/frame
[residual] 10000/40620, 0.0067 s/frame
[residual] 11000/40620, 0.0067 s/frame
[residual] 12000/40620, 0.0067 s/frame
[residual] 13000/40620, 0.0067 s/frame
[residual] 14000/40620, 0.0067 s/frame
[residual] 15000/40620, 0.0067 s/frame
[residual] 16000/40620, 0.0067 s/frame
[residual] 17000/40620, 0.0067 s/frame
[residual] 18000/40620, 0.0067 s/frame
[residual] 19000/40620, 0.0067 s/frame
[residual] 20000/40620, 0.0067 s/frame
[residual] 21000/40620, 0.0067 s/frame
[residual] 22000/40620, 0.0067 s/frame
[residual] 23000/40620, 0.0067 s/frame
[residual] 24000/40620, 0.0067 s/frame
[residual] 25000/40620, 0.0067 s/frame
[residual] 26000/40620, 0.0067 s/frame
[residual] 27000/40620, 0.0067 s/frame
[residual] 28000/40620, 0.0067 s/frame
[residual] 29000/40620, 0.0067 s/frame
[residual] 30000/40620, 0.0067 s/frame
[residual] 31000/40620, 0.0067 s/frame
[residual] 32000/40620, 0.0067 s/frame
[residual] 33000/40620, 0.0067 s/frame
[residual] 34000/40620, 0.0067 s/frame
[residual] 35000/40620, 0.0067 s/frame
[residual] 36000/40620, 0.0067 s/frame
[residual] 37000/40620, 0.0067 s/frame
[residual] 38000/40620, 0.0067 s/frame
[residual] 39000/40620, 0.0067 s/frame
[residual] 40000/40620, 0.0067 s/frame
[all] RMSE=0.19848 CRPS=0.09259 spread/skill=1.075 cov90=0.896
[defined_blind] RMSE=0.34877 CRPS=0.13009 spread/skill=0.622 cov90=0.920
[density] spearman=+0.863 AUSE=0.170
[vx] spearman=+0.381 AUSE=0.391
[vy] spearman=+0.068 AUSE=0.579
[var] spearman=+0.585 AUSE=0.516
[runtime] 353.94s on Tesla V100-SXM2-16GB; failures=0
[out] methods/enkf/enkf_opt/experiments/outputs/cross_localization_validation/atc-20130623_diag.json
