[residual] 1000/36979, 0.0044 s/frame
[residual] 2000/36979, 0.0042 s/frame
[residual] 3000/36979, 0.0041 s/frame
[residual] 4000/36979, 0.0041 s/frame
[residual] 5000/36979, 0.0040 s/frame
[residual] 6000/36979, 0.0040 s/frame
[residual] 7000/36979, 0.0040 s/frame
[residual] 8000/36979, 0.0040 s/frame
[residual] 9000/36979, 0.0040 s/frame
[residual] 10000/36979, 0.0040 s/frame
[residual] 11000/36979, 0.0040 s/frame
[residual] 12000/36979, 0.0040 s/frame
[residual] 13000/36979, 0.0040 s/frame
[residual] 14000/36979, 0.0040 s/frame
[residual] 15000/36979, 0.0040 s/frame
[residual] 16000/36979, 0.0040 s/frame
[residual] 17000/36979, 0.0040 s/frame
[residual] 18000/36979, 0.0040 s/frame
[residual] 19000/36979, 0.0040 s/frame
[residual] 20000/36979, 0.0039 s/frame
[residual] 21000/36979, 0.0039 s/frame
[residual] 22000/36979, 0.0039 s/frame
[residual] 23000/36979, 0.0039 s/frame
[residual] 24000/36979, 0.0039 s/frame
[residual] 25000/36979, 0.0039 s/frame
[residual] 26000/36979, 0.0039 s/frame
[residual] 27000/36979, 0.0039 s/frame
[residual] 28000/36979, 0.0039 s/frame
[residual] 29000/36979, 0.0039 s/frame
[residual] 30000/36979, 0.0039 s/frame
[residual] 31000/36979, 0.0039 s/frame
[residual] 32000/36979, 0.0039 s/frame
[residual] 33000/36979, 0.0039 s/frame
[residual] 34000/36979, 0.0039 s/frame
[residual] 35000/36979, 0.0039 s/frame
[residual] 36000/36979, 0.0039 s/frame
[all] RMSE=0.21328 CRPS=0.09728 spread/skill=0.813 cov90=0.808
[defined_blind] RMSE=0.34732 CRPS=0.14050 spread/skill=0.652 cov90=0.847
[density] spearman=+0.815 AUSE=0.256
[vx] spearman=+0.414 AUSE=0.426
[vy] spearman=+0.095 AUSE=0.663
[var] spearman=+0.616 AUSE=0.459
[runtime] 211.17s on Tesla V100-PCIE-32GB; failures=0
[out] methods/enkf/enkf_opt/experiments/outputs/blind_spatial_validation/atc-20130728_var_b2.json
