[residual] 1000/40457, 0.0063 s/frame
[residual] 2000/40457, 0.0061 s/frame
[residual] 3000/40457, 0.0060 s/frame
[residual] 4000/40457, 0.0060 s/frame
[residual] 5000/40457, 0.0060 s/frame
[residual] 6000/40457, 0.0060 s/frame
[residual] 7000/40457, 0.0059 s/frame
[residual] 8000/40457, 0.0059 s/frame
[residual] 9000/40457, 0.0059 s/frame
[residual] 10000/40457, 0.0059 s/frame
[residual] 11000/40457, 0.0059 s/frame
[residual] 12000/40457, 0.0059 s/frame
[residual] 13000/40457, 0.0059 s/frame
[residual] 14000/40457, 0.0059 s/frame
[residual] 15000/40457, 0.0059 s/frame
[residual] 16000/40457, 0.0059 s/frame
[residual] 17000/40457, 0.0059 s/frame
[residual] 18000/40457, 0.0059 s/frame
[residual] 19000/40457, 0.0059 s/frame
[residual] 20000/40457, 0.0059 s/frame
[residual] 21000/40457, 0.0059 s/frame
[residual] 22000/40457, 0.0060 s/frame
[residual] 23000/40457, 0.0060 s/frame
[residual] 24000/40457, 0.0060 s/frame
[residual] 25000/40457, 0.0060 s/frame
[residual] 26000/40457, 0.0060 s/frame
[residual] 27000/40457, 0.0059 s/frame
[residual] 28000/40457, 0.0059 s/frame
[residual] 29000/40457, 0.0059 s/frame
[residual] 30000/40457, 0.0059 s/frame
[residual] 31000/40457, 0.0059 s/frame
[residual] 32000/40457, 0.0059 s/frame
[residual] 33000/40457, 0.0059 s/frame
[residual] 34000/40457, 0.0059 s/frame
[residual] 35000/40457, 0.0059 s/frame
[residual] 36000/40457, 0.0059 s/frame
[residual] 37000/40457, 0.0059 s/frame
[residual] 38000/40457, 0.0059 s/frame
[residual] 39000/40457, 0.0059 s/frame
[residual] 40000/40457, 0.0059 s/frame
[all] RMSE=0.24764 CRPS=0.11293 spread/skill=0.986 cov90=0.884
[defined_blind] RMSE=0.39036 CRPS=0.15855 spread/skill=0.724 cov90=0.849
[density] spearman=+0.786 AUSE=0.224
[vx] spearman=+0.485 AUSE=0.395
[vy] spearman=+0.114 AUSE=0.643
[var] spearman=+0.826 AUSE=0.210
[runtime] 326.19s on Tesla V100-SXM2-16GB; failures=0
[out] methods/enkf/enkf_opt/experiments/outputs/validation_sweep/atc-20130714_r25.json
