[residual] 1000/36979, 0.0070 s/frame
[residual] 2000/36979, 0.0068 s/frame
[residual] 3000/36979, 0.0067 s/frame
[residual] 4000/36979, 0.0066 s/frame
[residual] 5000/36979, 0.0066 s/frame
[residual] 6000/36979, 0.0065 s/frame
[residual] 7000/36979, 0.0065 s/frame
[residual] 8000/36979, 0.0065 s/frame
[residual] 9000/36979, 0.0065 s/frame
[residual] 10000/36979, 0.0064 s/frame
[residual] 11000/36979, 0.0064 s/frame
[residual] 12000/36979, 0.0064 s/frame
[residual] 13000/36979, 0.0064 s/frame
[residual] 14000/36979, 0.0064 s/frame
[residual] 15000/36979, 0.0064 s/frame
[residual] 16000/36979, 0.0064 s/frame
[residual] 17000/36979, 0.0064 s/frame
[residual] 18000/36979, 0.0064 s/frame
[residual] 19000/36979, 0.0064 s/frame
[residual] 20000/36979, 0.0064 s/frame
[residual] 21000/36979, 0.0064 s/frame
[residual] 22000/36979, 0.0064 s/frame
[residual] 23000/36979, 0.0064 s/frame
[residual] 24000/36979, 0.0064 s/frame
[residual] 25000/36979, 0.0064 s/frame
[residual] 26000/36979, 0.0064 s/frame
[residual] 27000/36979, 0.0064 s/frame
[residual] 28000/36979, 0.0064 s/frame
[residual] 29000/36979, 0.0064 s/frame
[residual] 30000/36979, 0.0064 s/frame
[residual] 31000/36979, 0.0064 s/frame
[residual] 32000/36979, 0.0064 s/frame
[residual] 33000/36979, 0.0064 s/frame
[residual] 34000/36979, 0.0064 s/frame
[residual] 35000/36979, 0.0064 s/frame
[residual] 36000/36979, 0.0064 s/frame
[all] RMSE=0.21486 CRPS=0.10148 spread/skill=0.942 cov90=0.829
[defined_blind] RMSE=0.34774 CRPS=0.14052 spread/skill=0.722 cov90=0.876
[density] spearman=+0.804 AUSE=0.219
[vx] spearman=+0.434 AUSE=0.420
[vy] spearman=+0.085 AUSE=0.679
[var] spearman=+0.466 AUSE=0.573
[runtime] 317.8s on Tesla V100-SXM2-32GB; failures=0
[out] methods/enkf/enkf_opt/experiments/outputs/channel_sweep/atc-20130728_bal4.json
