[residual] 1000/35127, 0.0053 s/frame
[residual] 2000/35127, 0.0050 s/frame
[residual] 3000/35127, 0.0049 s/frame
[residual] 4000/35127, 0.0049 s/frame
[residual] 5000/35127, 0.0048 s/frame
[residual] 6000/35127, 0.0048 s/frame
[residual] 7000/35127, 0.0048 s/frame
[residual] 8000/35127, 0.0047 s/frame
[residual] 9000/35127, 0.0047 s/frame
[residual] 10000/35127, 0.0047 s/frame
[residual] 11000/35127, 0.0047 s/frame
[residual] 12000/35127, 0.0047 s/frame
[residual] 13000/35127, 0.0047 s/frame
[residual] 14000/35127, 0.0047 s/frame
[residual] 15000/35127, 0.0047 s/frame
[residual] 16000/35127, 0.0047 s/frame
[residual] 17000/35127, 0.0047 s/frame
[residual] 18000/35127, 0.0047 s/frame
[residual] 19000/35127, 0.0047 s/frame
[residual] 20000/35127, 0.0047 s/frame
[residual] 21000/35127, 0.0047 s/frame
[residual] 22000/35127, 0.0047 s/frame
[residual] 23000/35127, 0.0047 s/frame
[residual] 24000/35127, 0.0046 s/frame
[residual] 25000/35127, 0.0046 s/frame
[residual] 26000/35127, 0.0046 s/frame
[residual] 27000/35127, 0.0046 s/frame
[residual] 28000/35127, 0.0046 s/frame
[residual] 29000/35127, 0.0046 s/frame
[residual] 30000/35127, 0.0046 s/frame
[residual] 31000/35127, 0.0046 s/frame
[residual] 32000/35127, 0.0046 s/frame
[residual] 33000/35127, 0.0046 s/frame
[residual] 34000/35127, 0.0046 s/frame
[residual] 35000/35127, 0.0047 s/frame
[all] RMSE=0.21329 CRPS=0.09905 spread/skill=0.908 cov90=0.831
[defined_blind] RMSE=0.34941 CRPS=0.13809 spread/skill=0.650 cov90=0.861
[density] spearman=+0.805 AUSE=0.220
[vx] spearman=+0.422 AUSE=0.421
[vy] spearman=+0.073 AUSE=0.665
[var] spearman=+0.508 AUSE=0.569
[runtime] 228.22s on Tesla V100-PCIE-32GB; failures=0
[out] methods/enkf/enkf_opt/experiments/outputs/channel_sweep/atc-20130616_bal3.json
