[residual] 1000/37964, 0.0042 s/frame
[residual] 2000/37964, 0.0040 s/frame
[residual] 3000/37964, 0.0039 s/frame
[residual] 4000/37964, 0.0038 s/frame
[residual] 5000/37964, 0.0038 s/frame
[residual] 6000/37964, 0.0038 s/frame
[residual] 7000/37964, 0.0038 s/frame
[residual] 8000/37964, 0.0038 s/frame
[residual] 9000/37964, 0.0038 s/frame
[residual] 10000/37964, 0.0038 s/frame
[residual] 11000/37964, 0.0038 s/frame
[residual] 12000/37964, 0.0038 s/frame
[residual] 13000/37964, 0.0038 s/frame
[residual] 14000/37964, 0.0038 s/frame
[residual] 15000/37964, 0.0038 s/frame
[residual] 16000/37964, 0.0038 s/frame
[residual] 17000/37964, 0.0038 s/frame
[residual] 18000/37964, 0.0038 s/frame
[residual] 19000/37964, 0.0038 s/frame
[residual] 20000/37964, 0.0038 s/frame
[residual] 21000/37964, 0.0038 s/frame
[residual] 22000/37964, 0.0038 s/frame
[residual] 23000/37964, 0.0037 s/frame
[residual] 24000/37964, 0.0037 s/frame
[residual] 25000/37964, 0.0037 s/frame
[residual] 26000/37964, 0.0037 s/frame
[residual] 27000/37964, 0.0037 s/frame
[residual] 28000/37964, 0.0037 s/frame
[residual] 29000/37964, 0.0037 s/frame
[residual] 30000/37964, 0.0037 s/frame
[residual] 31000/37964, 0.0037 s/frame
[residual] 32000/37964, 0.0037 s/frame
[residual] 33000/37964, 0.0037 s/frame
[residual] 34000/37964, 0.0037 s/frame
[residual] 35000/37964, 0.0037 s/frame
[residual] 36000/37964, 0.0037 s/frame
[residual] 37000/37964, 0.0037 s/frame
[all] RMSE=0.23593 CRPS=0.10646 spread/skill=0.858 cov90=0.825
[defined_blind] RMSE=0.39316 CRPS=0.15838 spread/skill=0.673 cov90=0.870
[density] spearman=+0.810 AUSE=0.211
[vx] spearman=+0.479 AUSE=0.389
[vy] spearman=+0.119 AUSE=0.636
[var] spearman=+0.467 AUSE=0.569
[runtime] 213.05s on Tesla V100-PCIE-32GB; failures=0
[out] methods/enkf/enkf_opt/experiments/outputs/channel_test/atc-20130929_bal4.json
