[residual] 1000/36979, 0.0075 s/frame
[residual] 2000/36979, 0.0072 s/frame
[residual] 3000/36979, 0.0071 s/frame
[residual] 4000/36979, 0.0071 s/frame
[residual] 5000/36979, 0.0070 s/frame
[residual] 6000/36979, 0.0070 s/frame
[residual] 7000/36979, 0.0070 s/frame
[residual] 8000/36979, 0.0070 s/frame
[residual] 9000/36979, 0.0070 s/frame
[residual] 10000/36979, 0.0070 s/frame
[residual] 11000/36979, 0.0070 s/frame
[residual] 12000/36979, 0.0069 s/frame
[residual] 13000/36979, 0.0069 s/frame
[residual] 14000/36979, 0.0069 s/frame
[residual] 15000/36979, 0.0069 s/frame
[residual] 16000/36979, 0.0069 s/frame
[residual] 17000/36979, 0.0069 s/frame
[residual] 18000/36979, 0.0069 s/frame
[residual] 19000/36979, 0.0069 s/frame
[residual] 20000/36979, 0.0069 s/frame
[residual] 21000/36979, 0.0069 s/frame
[residual] 22000/36979, 0.0069 s/frame
[residual] 23000/36979, 0.0069 s/frame
[residual] 24000/36979, 0.0069 s/frame
[residual] 25000/36979, 0.0069 s/frame
[residual] 26000/36979, 0.0069 s/frame
[residual] 27000/36979, 0.0069 s/frame
[residual] 28000/36979, 0.0069 s/frame
[residual] 29000/36979, 0.0069 s/frame
[residual] 30000/36979, 0.0069 s/frame
[residual] 31000/36979, 0.0069 s/frame
[residual] 32000/36979, 0.0069 s/frame
[residual] 33000/36979, 0.0069 s/frame
[residual] 34000/36979, 0.0069 s/frame
[residual] 35000/36979, 0.0069 s/frame
[residual] 36000/36979, 0.0069 s/frame
[all] RMSE=0.21300 CRPS=0.09707 spread/skill=0.808 cov90=0.806
[defined_blind] RMSE=0.34675 CRPS=0.13993 spread/skill=0.614 cov90=0.812
[density] spearman=+0.819 AUSE=0.211
[vx] spearman=+0.412 AUSE=0.426
[vy] spearman=+0.095 AUSE=0.662
[var] spearman=+0.616 AUSE=0.457
[runtime] 338.63s on Tesla V100-SXM2-16GB; failures=0
[out] methods/enkf/enkf_opt/experiments/outputs/log_density_validation/atc-20130728_log1.json
