[residual] 1000/38885, 0.0075 s/frame
[residual] 2000/38885, 0.0072 s/frame
[residual] 3000/38885, 0.0071 s/frame
[residual] 4000/38885, 0.0071 s/frame
[residual] 5000/38885, 0.0071 s/frame
[residual] 6000/38885, 0.0071 s/frame
[residual] 7000/38885, 0.0071 s/frame
[residual] 8000/38885, 0.0070 s/frame
[residual] 9000/38885, 0.0070 s/frame
[residual] 10000/38885, 0.0070 s/frame
[residual] 11000/38885, 0.0070 s/frame
[residual] 12000/38885, 0.0070 s/frame
[residual] 13000/38885, 0.0070 s/frame
[residual] 14000/38885, 0.0070 s/frame
[residual] 15000/38885, 0.0070 s/frame
[residual] 16000/38885, 0.0070 s/frame
[residual] 17000/38885, 0.0070 s/frame
[residual] 18000/38885, 0.0070 s/frame
[residual] 19000/38885, 0.0070 s/frame
[residual] 20000/38885, 0.0070 s/frame
[residual] 21000/38885, 0.0070 s/frame
[residual] 22000/38885, 0.0070 s/frame
[residual] 23000/38885, 0.0070 s/frame
[residual] 24000/38885, 0.0070 s/frame
[residual] 25000/38885, 0.0070 s/frame
[residual] 26000/38885, 0.0070 s/frame
[residual] 27000/38885, 0.0070 s/frame
[residual] 28000/38885, 0.0070 s/frame
[residual] 29000/38885, 0.0070 s/frame
[residual] 30000/38885, 0.0070 s/frame
[residual] 31000/38885, 0.0070 s/frame
[residual] 32000/38885, 0.0070 s/frame
[residual] 33000/38885, 0.0070 s/frame
[residual] 34000/38885, 0.0070 s/frame
[residual] 35000/38885, 0.0070 s/frame
[residual] 36000/38885, 0.0070 s/frame
[residual] 37000/38885, 0.0070 s/frame
[residual] 38000/38885, 0.0070 s/frame
[all] RMSE=0.23149 CRPS=0.10423 spread/skill=0.758 cov90=0.802
[defined_blind] RMSE=0.37686 CRPS=0.16018 spread/skill=0.657 cov90=0.831
[density] spearman=+0.816 AUSE=0.204
[vx] spearman=+0.445 AUSE=0.421
[vy] spearman=+0.130 AUSE=0.647
[var] spearman=+0.592 AUSE=0.470
[runtime] 363.51s on Tesla V100-SXM2-16GB; failures=0
[out] methods/enkf/enkf_opt/experiments/outputs/log_density_test/atc-20130818_log15.json
