[residual] 1000/42890, 0.0044 s/frame
[residual] 2000/42890, 0.0043 s/frame
[residual] 3000/42890, 0.0042 s/frame
[residual] 4000/42890, 0.0041 s/frame
[residual] 5000/42890, 0.0041 s/frame
[residual] 6000/42890, 0.0041 s/frame
[residual] 7000/42890, 0.0041 s/frame
[residual] 8000/42890, 0.0041 s/frame
[residual] 9000/42890, 0.0040 s/frame
[residual] 10000/42890, 0.0041 s/frame
[residual] 11000/42890, 0.0041 s/frame
[residual] 12000/42890, 0.0041 s/frame
[residual] 13000/42890, 0.0041 s/frame
[residual] 14000/42890, 0.0041 s/frame
[residual] 15000/42890, 0.0040 s/frame
[residual] 16000/42890, 0.0040 s/frame
[residual] 17000/42890, 0.0040 s/frame
[residual] 18000/42890, 0.0040 s/frame
[residual] 19000/42890, 0.0040 s/frame
[residual] 20000/42890, 0.0040 s/frame
[residual] 21000/42890, 0.0040 s/frame
[residual] 22000/42890, 0.0040 s/frame
[residual] 23000/42890, 0.0040 s/frame
[residual] 24000/42890, 0.0040 s/frame
[residual] 25000/42890, 0.0040 s/frame
[residual] 26000/42890, 0.0040 s/frame
[residual] 27000/42890, 0.0040 s/frame
[residual] 28000/42890, 0.0040 s/frame
[residual] 29000/42890, 0.0040 s/frame
[residual] 30000/42890, 0.0040 s/frame
[residual] 31000/42890, 0.0040 s/frame
[residual] 32000/42890, 0.0040 s/frame
[residual] 33000/42890, 0.0040 s/frame
[residual] 34000/42890, 0.0040 s/frame
[residual] 35000/42890, 0.0040 s/frame
[residual] 36000/42890, 0.0040 s/frame
[residual] 37000/42890, 0.0040 s/frame
[residual] 38000/42890, 0.0040 s/frame
[residual] 39000/42890, 0.0040 s/frame
[residual] 40000/42890, 0.0040 s/frame
[residual] 41000/42890, 0.0040 s/frame
[residual] 42000/42890, 0.0040 s/frame
[all] RMSE=0.22284 CRPS=0.09929 spread/skill=0.786 cov90=0.817
[defined_blind] RMSE=0.37091 CRPS=0.14890 spread/skill=0.619 cov90=0.845
[density] spearman=+0.815 AUSE=0.200
[vx] spearman=+0.427 AUSE=0.415
[vy] spearman=+0.094 AUSE=0.650
[var] spearman=+0.599 AUSE=0.485
[runtime] 250.22s on Tesla V100-PCIE-32GB; failures=0
[out] methods/enkf/enkf_opt/experiments/outputs/blind_spatial_test/atc-20130825_sp_b2.json
