[residual] 1000/39758, 0.0079 s/frame
[residual] 2000/39758, 0.0076 s/frame
[residual] 3000/39758, 0.0076 s/frame
[residual] 4000/39758, 0.0075 s/frame
[residual] 5000/39758, 0.0075 s/frame
[residual] 6000/39758, 0.0075 s/frame
[residual] 7000/39758, 0.0075 s/frame
[residual] 8000/39758, 0.0075 s/frame
[residual] 9000/39758, 0.0074 s/frame
[residual] 10000/39758, 0.0074 s/frame
[residual] 11000/39758, 0.0074 s/frame
[residual] 12000/39758, 0.0074 s/frame
[residual] 13000/39758, 0.0074 s/frame
[residual] 14000/39758, 0.0074 s/frame
[residual] 15000/39758, 0.0074 s/frame
[residual] 16000/39758, 0.0074 s/frame
[residual] 17000/39758, 0.0074 s/frame
[residual] 18000/39758, 0.0074 s/frame
[residual] 19000/39758, 0.0074 s/frame
[residual] 20000/39758, 0.0074 s/frame
[residual] 21000/39758, 0.0074 s/frame
[residual] 22000/39758, 0.0074 s/frame
[residual] 23000/39758, 0.0074 s/frame
[residual] 24000/39758, 0.0074 s/frame
[residual] 25000/39758, 0.0074 s/frame
[residual] 26000/39758, 0.0074 s/frame
[residual] 27000/39758, 0.0074 s/frame
[residual] 28000/39758, 0.0074 s/frame
[residual] 29000/39758, 0.0074 s/frame
[residual] 30000/39758, 0.0074 s/frame
[residual] 31000/39758, 0.0074 s/frame
[residual] 32000/39758, 0.0074 s/frame
[residual] 33000/39758, 0.0074 s/frame
[residual] 34000/39758, 0.0074 s/frame
[residual] 35000/39758, 0.0074 s/frame
[residual] 36000/39758, 0.0074 s/frame
[residual] 37000/39758, 0.0074 s/frame
[residual] 38000/39758, 0.0074 s/frame
[residual] 39000/39758, 0.0074 s/frame
[all] RMSE=0.23176 CRPS=0.10314 spread/skill=0.780 cov90=0.816
[defined_blind] RMSE=0.37942 CRPS=0.16227 spread/skill=0.527 cov90=0.712
[density] spearman=+0.798 AUSE=0.206
[vx] spearman=+0.465 AUSE=0.381
[vy] spearman=+0.121 AUSE=0.627
[var] spearman=+0.410 AUSE=0.591
[runtime] 382.16s on Tesla V100-SXM2-16GB; failures=0
[out] methods/enkf/enkf_opt/experiments/outputs/selected_test/atc-20130901_r15_rt25.json
