[residual] 1000/40620, 0.0068 s/frame
[residual] 2000/40620, 0.0066 s/frame
[residual] 3000/40620, 0.0065 s/frame
[residual] 4000/40620, 0.0065 s/frame
[residual] 5000/40620, 0.0065 s/frame
[residual] 6000/40620, 0.0064 s/frame
[residual] 7000/40620, 0.0064 s/frame
[residual] 8000/40620, 0.0064 s/frame
[residual] 9000/40620, 0.0064 s/frame
[residual] 10000/40620, 0.0064 s/frame
[residual] 11000/40620, 0.0064 s/frame
[residual] 12000/40620, 0.0064 s/frame
[residual] 13000/40620, 0.0064 s/frame
[residual] 14000/40620, 0.0064 s/frame
[residual] 15000/40620, 0.0064 s/frame
[residual] 16000/40620, 0.0064 s/frame
[residual] 17000/40620, 0.0064 s/frame
[residual] 18000/40620, 0.0064 s/frame
[residual] 19000/40620, 0.0064 s/frame
[residual] 20000/40620, 0.0064 s/frame
[residual] 21000/40620, 0.0064 s/frame
[residual] 22000/40620, 0.0064 s/frame
[residual] 23000/40620, 0.0064 s/frame
[residual] 24000/40620, 0.0064 s/frame
[residual] 25000/40620, 0.0064 s/frame
[residual] 26000/40620, 0.0064 s/frame
[residual] 27000/40620, 0.0064 s/frame
[residual] 28000/40620, 0.0064 s/frame
[residual] 29000/40620, 0.0064 s/frame
[residual] 30000/40620, 0.0064 s/frame
[residual] 31000/40620, 0.0064 s/frame
[residual] 32000/40620, 0.0064 s/frame
[residual] 33000/40620, 0.0064 s/frame
[residual] 34000/40620, 0.0064 s/frame
[residual] 35000/40620, 0.0064 s/frame
[residual] 36000/40620, 0.0064 s/frame
[residual] 37000/40620, 0.0064 s/frame
[residual] 38000/40620, 0.0064 s/frame
[residual] 39000/40620, 0.0064 s/frame
[residual] 40000/40620, 0.0064 s/frame
[all] RMSE=0.19964 CRPS=0.09049 spread/skill=0.942 cov90=0.864
[defined_blind] RMSE=0.34954 CRPS=0.13101 spread/skill=0.591 cov90=0.885
[density] spearman=+0.829 AUSE=0.181
[vx] spearman=+0.375 AUSE=0.404
[vy] spearman=+0.051 AUSE=0.615
[var] spearman=+0.606 AUSE=0.495
[runtime] 342.66s on Tesla V100-SXM2-16GB; failures=0
[out] methods/enkf/enkf_opt/experiments/outputs/cross_localization_validation/atc-20130623_weak50.json
