[residual] 1000/38437, 0.0075 s/frame
[residual] 2000/38437, 0.0073 s/frame
[residual] 3000/38437, 0.0073 s/frame
[residual] 4000/38437, 0.0072 s/frame
[residual] 5000/38437, 0.0072 s/frame
[residual] 6000/38437, 0.0072 s/frame
[residual] 7000/38437, 0.0072 s/frame
[residual] 8000/38437, 0.0072 s/frame
[residual] 9000/38437, 0.0071 s/frame
[residual] 10000/38437, 0.0071 s/frame
[residual] 11000/38437, 0.0071 s/frame
[residual] 12000/38437, 0.0071 s/frame
[residual] 13000/38437, 0.0071 s/frame
[residual] 14000/38437, 0.0071 s/frame
[residual] 15000/38437, 0.0071 s/frame
[residual] 16000/38437, 0.0071 s/frame
[residual] 17000/38437, 0.0071 s/frame
[residual] 18000/38437, 0.0071 s/frame
[residual] 19000/38437, 0.0071 s/frame
[residual] 20000/38437, 0.0071 s/frame
[residual] 21000/38437, 0.0071 s/frame
[residual] 22000/38437, 0.0071 s/frame
[residual] 23000/38437, 0.0071 s/frame
[residual] 24000/38437, 0.0071 s/frame
[residual] 25000/38437, 0.0071 s/frame
[residual] 26000/38437, 0.0071 s/frame
[residual] 27000/38437, 0.0071 s/frame
[residual] 28000/38437, 0.0071 s/frame
[residual] 29000/38437, 0.0071 s/frame
[residual] 30000/38437, 0.0071 s/frame
[residual] 31000/38437, 0.0071 s/frame
[residual] 32000/38437, 0.0071 s/frame
[residual] 33000/38437, 0.0071 s/frame
[residual] 34000/38437, 0.0071 s/frame
[residual] 35000/38437, 0.0071 s/frame
[residual] 36000/38437, 0.0071 s/frame
[residual] 37000/38437, 0.0071 s/frame
[residual] 38000/38437, 0.0071 s/frame
[all] RMSE=0.20624 CRPS=0.09502 spread/skill=0.995 cov90=0.882
[defined_blind] RMSE=0.35780 CRPS=0.14125 spread/skill=0.654 cov90=0.905
[density] spearman=+0.854 AUSE=0.171
[vx] spearman=+0.409 AUSE=0.382
[vy] spearman=+0.095 AUSE=0.594
[var] spearman=+0.570 AUSE=0.509
[runtime] 354.42s on Tesla V100-SXM2-16GB; failures=0
[out] methods/enkf/enkf_opt/experiments/outputs/cross_localization_validation/atc-20130707_physics.json
