[residual] 1000/39758, 0.0084 s/frame
[residual] 2000/39758, 0.0081 s/frame
[residual] 3000/39758, 0.0077 s/frame
[residual] 4000/39758, 0.0075 s/frame
[residual] 5000/39758, 0.0074 s/frame
[residual] 6000/39758, 0.0073 s/frame
[residual] 7000/39758, 0.0072 s/frame
[residual] 8000/39758, 0.0072 s/frame
[residual] 9000/39758, 0.0072 s/frame
[residual] 10000/39758, 0.0071 s/frame
[residual] 11000/39758, 0.0071 s/frame
[residual] 12000/39758, 0.0071 s/frame
[residual] 13000/39758, 0.0071 s/frame
[residual] 14000/39758, 0.0071 s/frame
[residual] 15000/39758, 0.0071 s/frame
[residual] 16000/39758, 0.0070 s/frame
[residual] 17000/39758, 0.0070 s/frame
[residual] 18000/39758, 0.0070 s/frame
[residual] 19000/39758, 0.0070 s/frame
[residual] 20000/39758, 0.0070 s/frame
[residual] 21000/39758, 0.0070 s/frame
[residual] 22000/39758, 0.0070 s/frame
[residual] 23000/39758, 0.0070 s/frame
[residual] 24000/39758, 0.0070 s/frame
[residual] 25000/39758, 0.0070 s/frame
[residual] 26000/39758, 0.0070 s/frame
[residual] 27000/39758, 0.0070 s/frame
[residual] 28000/39758, 0.0070 s/frame
[residual] 29000/39758, 0.0070 s/frame
[residual] 30000/39758, 0.0070 s/frame
[residual] 31000/39758, 0.0070 s/frame
[residual] 32000/39758, 0.0070 s/frame
[residual] 33000/39758, 0.0069 s/frame
[residual] 34000/39758, 0.0069 s/frame
[residual] 35000/39758, 0.0069 s/frame
[residual] 36000/39758, 0.0069 s/frame
[residual] 37000/39758, 0.0069 s/frame
[residual] 38000/39758, 0.0069 s/frame
[residual] 39000/39758, 0.0069 s/frame
[all] RMSE=0.22990 CRPS=0.10221 spread/skill=0.761 cov90=0.808
[defined_blind] RMSE=0.37901 CRPS=0.15615 spread/skill=0.628 cov90=0.835
[density] spearman=+0.816 AUSE=0.192
[vx] spearman=+0.441 AUSE=0.414
[vy] spearman=+0.114 AUSE=0.638
[var] spearman=+0.596 AUSE=0.503
[runtime] 366.83s on Tesla V100-SXM2-16GB; failures=0
[out] methods/enkf/enkf_opt/experiments/outputs/log_density_test/atc-20130901_log15.json
