[residual] 1000/40620, 0.0042 s/frame
[residual] 2000/40620, 0.0040 s/frame
[residual] 3000/40620, 0.0039 s/frame
[residual] 4000/40620, 0.0039 s/frame
[residual] 5000/40620, 0.0038 s/frame
[residual] 6000/40620, 0.0038 s/frame
[residual] 7000/40620, 0.0038 s/frame
[residual] 8000/40620, 0.0038 s/frame
[residual] 9000/40620, 0.0038 s/frame
[residual] 10000/40620, 0.0038 s/frame
[residual] 11000/40620, 0.0038 s/frame
[residual] 12000/40620, 0.0038 s/frame
[residual] 13000/40620, 0.0038 s/frame
[residual] 14000/40620, 0.0038 s/frame
[residual] 15000/40620, 0.0038 s/frame
[residual] 16000/40620, 0.0038 s/frame
[residual] 17000/40620, 0.0038 s/frame
[residual] 18000/40620, 0.0038 s/frame
[residual] 19000/40620, 0.0038 s/frame
[residual] 20000/40620, 0.0038 s/frame
[residual] 21000/40620, 0.0038 s/frame
[residual] 22000/40620, 0.0038 s/frame
[residual] 23000/40620, 0.0038 s/frame
[residual] 24000/40620, 0.0038 s/frame
[residual] 25000/40620, 0.0038 s/frame
[residual] 26000/40620, 0.0038 s/frame
[residual] 27000/40620, 0.0038 s/frame
[residual] 28000/40620, 0.0038 s/frame
[residual] 29000/40620, 0.0038 s/frame
[residual] 30000/40620, 0.0038 s/frame
[residual] 31000/40620, 0.0038 s/frame
[residual] 32000/40620, 0.0037 s/frame
[residual] 33000/40620, 0.0037 s/frame
[residual] 34000/40620, 0.0037 s/frame
[residual] 35000/40620, 0.0037 s/frame
[residual] 36000/40620, 0.0037 s/frame
[residual] 37000/40620, 0.0037 s/frame
[residual] 38000/40620, 0.0037 s/frame
[residual] 39000/40620, 0.0037 s/frame
[residual] 40000/40620, 0.0037 s/frame
[all] RMSE=0.20750 CRPS=0.09116 spread/skill=0.764 cov90=0.812
[defined_blind] RMSE=0.35191 CRPS=0.13658 spread/skill=0.468 cov90=0.768
[density] spearman=+0.819 AUSE=0.231
[vx] spearman=+0.403 AUSE=0.416
[vy] spearman=+0.059 AUSE=0.632
[var] spearman=+0.632 AUSE=0.479
[runtime] 223.39s on Tesla V100-PCIE-32GB; failures=0
[out] methods/enkf/enkf_opt/experiments/outputs/channel_sweep/atc-20130623_var075.json
