[residual] 1000/39383, 0.0041 s/frame
[residual] 2000/39383, 0.0039 s/frame
[residual] 3000/39383, 0.0039 s/frame
[residual] 4000/39383, 0.0038 s/frame
[residual] 5000/39383, 0.0038 s/frame
[residual] 6000/39383, 0.0038 s/frame
[residual] 7000/39383, 0.0038 s/frame
[residual] 8000/39383, 0.0038 s/frame
[residual] 9000/39383, 0.0038 s/frame
[residual] 10000/39383, 0.0038 s/frame
[residual] 11000/39383, 0.0038 s/frame
[residual] 12000/39383, 0.0038 s/frame
[residual] 13000/39383, 0.0038 s/frame
[residual] 14000/39383, 0.0037 s/frame
[residual] 15000/39383, 0.0037 s/frame
[residual] 16000/39383, 0.0037 s/frame
[residual] 17000/39383, 0.0037 s/frame
[residual] 18000/39383, 0.0037 s/frame
[residual] 19000/39383, 0.0037 s/frame
[residual] 20000/39383, 0.0038 s/frame
[residual] 21000/39383, 0.0038 s/frame
[residual] 22000/39383, 0.0038 s/frame
[residual] 23000/39383, 0.0038 s/frame
[residual] 24000/39383, 0.0038 s/frame
[residual] 25000/39383, 0.0038 s/frame
[residual] 26000/39383, 0.0037 s/frame
[residual] 27000/39383, 0.0037 s/frame
[residual] 28000/39383, 0.0037 s/frame
[residual] 29000/39383, 0.0037 s/frame
[residual] 30000/39383, 0.0037 s/frame
[residual] 31000/39383, 0.0037 s/frame
[residual] 32000/39383, 0.0037 s/frame
[residual] 33000/39383, 0.0037 s/frame
[residual] 34000/39383, 0.0037 s/frame
[residual] 35000/39383, 0.0037 s/frame
[residual] 36000/39383, 0.0037 s/frame
[residual] 37000/39383, 0.0037 s/frame
[residual] 38000/39383, 0.0037 s/frame
[residual] 39000/39383, 0.0037 s/frame
[all] RMSE=0.22120 CRPS=0.10226 spread/skill=0.914 cov90=0.830
[defined_blind] RMSE=0.36786 CRPS=0.14439 spread/skill=0.663 cov90=0.871
[density] spearman=+0.813 AUSE=0.215
[vx] spearman=+0.438 AUSE=0.413
[vy] spearman=+0.078 AUSE=0.667
[var] spearman=+0.460 AUSE=0.587
[runtime] 216.68s on Tesla V100-PCIE-32GB; failures=0
[out] methods/enkf/enkf_opt/experiments/outputs/channel_test/atc-20130915_bal4.json
