[residual] 1000/38842, 0.0052 s/frame
[residual] 2000/38842, 0.0051 s/frame
[residual] 3000/38842, 0.0050 s/frame
[residual] 4000/38842, 0.0050 s/frame
[residual] 5000/38842, 0.0049 s/frame
[residual] 6000/38842, 0.0049 s/frame
[residual] 7000/38842, 0.0049 s/frame
[residual] 8000/38842, 0.0049 s/frame
[residual] 9000/38842, 0.0049 s/frame
[residual] 10000/38842, 0.0049 s/frame
[residual] 11000/38842, 0.0049 s/frame
[residual] 12000/38842, 0.0049 s/frame
[residual] 13000/38842, 0.0049 s/frame
[residual] 14000/38842, 0.0049 s/frame
[residual] 15000/38842, 0.0048 s/frame
[residual] 16000/38842, 0.0048 s/frame
[residual] 17000/38842, 0.0048 s/frame
[residual] 18000/38842, 0.0048 s/frame
[residual] 19000/38842, 0.0048 s/frame
[residual] 20000/38842, 0.0048 s/frame
[residual] 21000/38842, 0.0048 s/frame
[residual] 22000/38842, 0.0048 s/frame
[residual] 23000/38842, 0.0048 s/frame
[residual] 24000/38842, 0.0048 s/frame
[residual] 25000/38842, 0.0048 s/frame
[residual] 26000/38842, 0.0048 s/frame
[residual] 27000/38842, 0.0048 s/frame
[residual] 28000/38842, 0.0048 s/frame
[residual] 29000/38842, 0.0048 s/frame
[residual] 30000/38842, 0.0048 s/frame
[residual] 31000/38842, 0.0048 s/frame
[residual] 32000/38842, 0.0048 s/frame
[residual] 33000/38842, 0.0048 s/frame
[residual] 34000/38842, 0.0048 s/frame
[residual] 35000/38842, 0.0048 s/frame
[residual] 36000/38842, 0.0048 s/frame
[residual] 37000/38842, 0.0048 s/frame
[residual] 38000/38842, 0.0048 s/frame
[all] RMSE=0.21853 CRPS=0.09681 spread/skill=0.799 cov90=0.824
[defined_blind] RMSE=0.36858 CRPS=0.14316 spread/skill=0.587 cov90=0.849
[density] spearman=+0.808 AUSE=0.206
[vx] spearman=+0.424 AUSE=0.411
[vy] spearman=+0.080 AUSE=0.650
[var] spearman=+0.609 AUSE=0.474
[runtime] 258.45s on Tesla V100-PCIE-32GB; failures=0
[out] methods/enkf/enkf_opt/experiments/outputs/blind_spatial_test/atc-20130922_sp_b2.json
