[residual] 1000/37413, 0.0042 s/frame
[residual] 2000/37413, 0.0040 s/frame
[residual] 3000/37413, 0.0039 s/frame
[residual] 4000/37413, 0.0039 s/frame
[residual] 5000/37413, 0.0039 s/frame
[residual] 6000/37413, 0.0039 s/frame
[residual] 7000/37413, 0.0039 s/frame
[residual] 8000/37413, 0.0038 s/frame
[residual] 9000/37413, 0.0038 s/frame
[residual] 10000/37413, 0.0038 s/frame
[residual] 11000/37413, 0.0038 s/frame
[residual] 12000/37413, 0.0038 s/frame
[residual] 13000/37413, 0.0038 s/frame
[residual] 14000/37413, 0.0038 s/frame
[residual] 15000/37413, 0.0038 s/frame
[residual] 16000/37413, 0.0038 s/frame
[residual] 17000/37413, 0.0038 s/frame
[residual] 18000/37413, 0.0038 s/frame
[residual] 19000/37413, 0.0038 s/frame
[residual] 20000/37413, 0.0038 s/frame
[residual] 21000/37413, 0.0038 s/frame
[residual] 22000/37413, 0.0038 s/frame
[residual] 23000/37413, 0.0038 s/frame
[residual] 24000/37413, 0.0038 s/frame
[residual] 25000/37413, 0.0038 s/frame
[residual] 26000/37413, 0.0038 s/frame
[residual] 27000/37413, 0.0038 s/frame
[residual] 28000/37413, 0.0038 s/frame
[residual] 29000/37413, 0.0038 s/frame
[residual] 30000/37413, 0.0038 s/frame
[residual] 31000/37413, 0.0038 s/frame
[residual] 32000/37413, 0.0038 s/frame
[residual] 33000/37413, 0.0038 s/frame
[residual] 34000/37413, 0.0038 s/frame
[residual] 35000/37413, 0.0038 s/frame
[residual] 36000/37413, 0.0038 s/frame
[residual] 37000/37413, 0.0038 s/frame
[all] RMSE=0.22423 CRPS=0.10125 spread/skill=0.730 cov90=0.798
[defined_blind] RMSE=0.36114 CRPS=0.15642 spread/skill=0.599 cov90=0.806
[density] spearman=+0.809 AUSE=0.216
[vx] spearman=+0.445 AUSE=0.407
[vy] spearman=+0.132 AUSE=0.626
[var] spearman=+0.568 AUSE=0.522
[runtime] 211.82s on Tesla V100-PCIE-32GB; failures=0
[out] methods/enkf/enkf_opt/experiments/outputs/channel_sweep/atc-20130721_den2.json
