[residual] 1000/38437, 0.0061 s/frame
[residual] 2000/38437, 0.0059 s/frame
[residual] 3000/38437, 0.0058 s/frame
[residual] 4000/38437, 0.0057 s/frame
[residual] 5000/38437, 0.0057 s/frame
[residual] 6000/38437, 0.0057 s/frame
[residual] 7000/38437, 0.0057 s/frame
[residual] 8000/38437, 0.0056 s/frame
[residual] 9000/38437, 0.0056 s/frame
[residual] 10000/38437, 0.0056 s/frame
[residual] 11000/38437, 0.0056 s/frame
[residual] 12000/38437, 0.0056 s/frame
[residual] 13000/38437, 0.0056 s/frame
[residual] 14000/38437, 0.0056 s/frame
[residual] 15000/38437, 0.0056 s/frame
[residual] 16000/38437, 0.0056 s/frame
[residual] 17000/38437, 0.0056 s/frame
[residual] 18000/38437, 0.0056 s/frame
[residual] 19000/38437, 0.0056 s/frame
[residual] 20000/38437, 0.0056 s/frame
[residual] 21000/38437, 0.0056 s/frame
[residual] 22000/38437, 0.0056 s/frame
[residual] 23000/38437, 0.0056 s/frame
[residual] 24000/38437, 0.0056 s/frame
[residual] 25000/38437, 0.0056 s/frame
[residual] 26000/38437, 0.0056 s/frame
[residual] 27000/38437, 0.0056 s/frame
[residual] 28000/38437, 0.0056 s/frame
[residual] 29000/38437, 0.0056 s/frame
[residual] 30000/38437, 0.0056 s/frame
[residual] 31000/38437, 0.0056 s/frame
[residual] 32000/38437, 0.0056 s/frame
[residual] 33000/38437, 0.0056 s/frame
[residual] 34000/38437, 0.0056 s/frame
[residual] 35000/38437, 0.0056 s/frame
[residual] 36000/38437, 0.0056 s/frame
[residual] 37000/38437, 0.0056 s/frame
[residual] 38000/38437, 0.0056 s/frame
[all] RMSE=0.22014 CRPS=0.09676 spread/skill=0.729 cov90=0.797
[defined_blind] RMSE=0.36461 CRPS=0.15074 spread/skill=0.496 cov90=0.708
[density] spearman=+0.801 AUSE=0.228
[vx] spearman=+0.428 AUSE=0.407
[vy] spearman=+0.085 AUSE=0.640
[var] spearman=+0.735 AUSE=0.347
[runtime] 296.02s on Tesla V100-SXM2-16GB; failures=0
[out] methods/enkf/enkf_opt/experiments/outputs/validation_sweep/atc-20130707_r15.json
