[residual] 1000/38842, 0.0064 s/frame
[residual] 2000/38842, 0.0062 s/frame
[residual] 3000/38842, 0.0062 s/frame
[residual] 4000/38842, 0.0061 s/frame
[residual] 5000/38842, 0.0061 s/frame
[residual] 6000/38842, 0.0061 s/frame
[residual] 7000/38842, 0.0061 s/frame
[residual] 8000/38842, 0.0061 s/frame
[residual] 9000/38842, 0.0061 s/frame
[residual] 10000/38842, 0.0061 s/frame
[residual] 11000/38842, 0.0061 s/frame
[residual] 12000/38842, 0.0061 s/frame
[residual] 13000/38842, 0.0061 s/frame
[residual] 14000/38842, 0.0061 s/frame
[residual] 15000/38842, 0.0060 s/frame
[residual] 16000/38842, 0.0060 s/frame
[residual] 17000/38842, 0.0060 s/frame
[residual] 18000/38842, 0.0060 s/frame
[residual] 19000/38842, 0.0060 s/frame
[residual] 20000/38842, 0.0060 s/frame
[residual] 21000/38842, 0.0061 s/frame
[residual] 22000/38842, 0.0061 s/frame
[residual] 23000/38842, 0.0061 s/frame
[residual] 24000/38842, 0.0061 s/frame
[residual] 25000/38842, 0.0061 s/frame
[residual] 26000/38842, 0.0060 s/frame
[residual] 27000/38842, 0.0060 s/frame
[residual] 28000/38842, 0.0060 s/frame
[residual] 29000/38842, 0.0060 s/frame
[residual] 30000/38842, 0.0060 s/frame
[residual] 31000/38842, 0.0060 s/frame
[residual] 32000/38842, 0.0060 s/frame
[residual] 33000/38842, 0.0060 s/frame
[residual] 34000/38842, 0.0060 s/frame
[residual] 35000/38842, 0.0060 s/frame
[residual] 36000/38842, 0.0060 s/frame
[residual] 37000/38842, 0.0060 s/frame
[residual] 38000/38842, 0.0060 s/frame
[all] RMSE=0.22091 CRPS=0.09623 spread/skill=0.759 cov90=0.830
[defined_blind] RMSE=0.36868 CRPS=0.14845 spread/skill=0.494 cov90=0.766
[density] spearman=+0.833 AUSE=0.218
[vx] spearman=+0.440 AUSE=0.393
[vy] spearman=+0.075 AUSE=0.636
[var] spearman=+0.712 AUSE=0.362
[runtime] 315.16s on Tesla V100-SXM2-16GB; failures=0
[out] methods/enkf/enkf_opt/experiments/outputs/selected_test/atc-20130922_r15_rho50.json
