[residual, scale=1, rtps=0] 200/42890, 0.072 s/frame
[residual, scale=1, rtps=0] 400/42890, 0.071 s/frame
[residual, scale=1, rtps=0] 600/42890, 0.072 s/frame
[residual, scale=1, rtps=0] 800/42890, 0.073 s/frame
[residual, scale=1, rtps=0] 1000/42890, 0.072 s/frame
[residual, scale=1, rtps=0] 1200/42890, 0.072 s/frame
[residual, scale=1, rtps=0] 1400/42890, 0.072 s/frame
[residual, scale=1, rtps=0] 1600/42890, 0.072 s/frame
[residual, scale=1, rtps=0] 1800/42890, 0.072 s/frame
[residual, scale=1, rtps=0] 2000/42890, 0.072 s/frame
[residual, scale=1, rtps=0] 2200/42890, 0.072 s/frame
[residual, scale=1, rtps=0] 2400/42890, 0.072 s/frame
[residual, scale=1, rtps=0] 2600/42890, 0.072 s/frame
[residual, scale=1, rtps=0] 2800/42890, 0.072 s/frame
[residual, scale=1, rtps=0] 3000/42890, 0.072 s/frame
[residual, scale=1, rtps=0] 3200/42890, 0.072 s/frame
[residual, scale=1, rtps=0] 3400/42890, 0.072 s/frame
[residual, scale=1, rtps=0] 3600/42890, 0.072 s/frame
[residual, scale=1, rtps=0] 3800/42890, 0.072 s/frame
[residual, scale=1, rtps=0] 4000/42890, 0.072 s/frame
[residual, scale=1, rtps=0] 4200/42890, 0.072 s/frame
[residual, scale=1, rtps=0] 4400/42890, 0.072 s/frame
[residual, scale=1, rtps=0] 4600/42890, 0.072 s/frame
[residual, scale=1, rtps=0] 4800/42890, 0.072 s/frame
[residual, scale=1, rtps=0] 5000/42890, 0.072 s/frame
[residual, scale=1, rtps=0] 5200/42890, 0.071 s/frame
[residual, scale=1, rtps=0] 5400/42890, 0.071 s/frame
[residual, scale=1, rtps=0] 5600/42890, 0.072 s/frame
[residual, scale=1, rtps=0] 5800/42890, 0.072 s/frame
[residual, scale=1, rtps=0] 6000/42890, 0.072 s/frame
[residual, scale=1, rtps=0] 6200/42890, 0.072 s/frame
[residual, scale=1, rtps=0] 6400/42890, 0.072 s/frame
[residual, scale=1, rtps=0] 6600/42890, 0.072 s/frame
[residual, scale=1, rtps=0] 6800/42890, 0.072 s/frame
[residual, scale=1, rtps=0] 7000/42890, 0.072 s/frame
[residual, scale=1, rtps=0] 7200/42890, 0.072 s/frame
[residual, scale=1, rtps=0] 7400/42890, 0.072 s/frame
[residual, scale=1, rtps=0] 7600/42890, 0.072 s/frame
[residual, scale=1, rtps=0] 7800/42890, 0.072 s/frame
[residual, scale=1, rtps=0] 8000/42890, 0.072 s/frame
[residual, scale=1, rtps=0] 8200/42890, 0.072 s/frame
[residual, scale=1, rtps=0] 8400/42890, 0.072 s/frame
[residual, scale=1, rtps=0] 8600/42890, 0.072 s/frame
[residual, scale=1, rtps=0] 8800/42890, 0.072 s/frame
[residual, scale=1, rtps=0] 9000/42890, 0.072 s/frame
[residual, scale=1, rtps=0] 9200/42890, 0.072 s/frame
[residual, scale=1, rtps=0] 9400/42890, 0.072 s/frame
[residual, scale=1, rtps=0] 9600/42890, 0.072 s/frame
[residual, scale=1, rtps=0] 9800/42890, 0.072 s/frame
[residual, scale=1, rtps=0] 10000/42890, 0.072 s/frame
[residual, scale=1, rtps=0] 10200/42890, 0.072 s/frame
[residual, scale=1, rtps=0] 10400/42890, 0.072 s/frame
[residual, scale=1, rtps=0] 10600/42890, 0.072 s/frame
[residual, scale=1, rtps=0] 10800/42890, 0.072 s/frame
[residual, scale=1, rtps=0] 11000/42890, 0.072 s/frame
[residual, scale=1, rtps=0] 11200/42890, 0.072 s/frame
[residual, scale=1, rtps=0] 11400/42890, 0.072 s/frame
[residual, scale=1, rtps=0] 11600/42890, 0.072 s/frame
[residual, scale=1, rtps=0] 11800/42890, 0.072 s/frame
[residual, scale=1, rtps=0] 12000/42890, 0.072 s/frame
[residual, scale=1, rtps=0] 12200/42890, 0.072 s/frame
[residual, scale=1, rtps=0] 12400/42890, 0.072 s/frame
[residual, scale=1, rtps=0] 12600/42890, 0.072 s/frame
[residual, scale=1, rtps=0] 12800/42890, 0.072 s/frame
[residual, scale=1, rtps=0] 13000/42890, 0.072 s/frame
[residual, scale=1, rtps=0] 13200/42890, 0.072 s/frame
[residual, scale=1, rtps=0] 13400/42890, 0.072 s/frame
[residual, scale=1, rtps=0] 13600/42890, 0.072 s/frame
[residual, scale=1, rtps=0] 13800/42890, 0.072 s/frame
[residual, scale=1, rtps=0] 14000/42890, 0.072 s/frame
[residual, scale=1, rtps=0] 14200/42890, 0.072 s/frame
[residual, scale=1, rtps=0] 14400/42890, 0.072 s/frame
[residual, scale=1, rtps=0] 14600/42890, 0.072 s/frame
[residual, scale=1, rtps=0] 14800/42890, 0.072 s/frame
[residual, scale=1, rtps=0] 15000/42890, 0.072 s/frame
[residual, scale=1, rtps=0] 15200/42890, 0.072 s/frame
[residual, scale=1, rtps=0] 15400/42890, 0.072 s/frame
[residual, scale=1, rtps=0] 15600/42890, 0.072 s/frame
[residual, scale=1, rtps=0] 15800/42890, 0.072 s/frame
[residual, scale=1, rtps=0] 16000/42890, 0.072 s/frame
[residual, scale=1, rtps=0] 16200/42890, 0.072 s/frame
[residual, scale=1, rtps=0] 16400/42890, 0.072 s/frame
[residual, scale=1, rtps=0] 16600/42890, 0.072 s/frame
[residual, scale=1, rtps=0] 16800/42890, 0.072 s/frame
[residual, scale=1, rtps=0] 17000/42890, 0.072 s/frame
[residual, scale=1, rtps=0] 17200/42890, 0.072 s/frame
[residual, scale=1, rtps=0] 17400/42890, 0.072 s/frame
[residual, scale=1, rtps=0] 17600/42890, 0.072 s/frame
[residual, scale=1, rtps=0] 17800/42890, 0.072 s/frame
[residual, scale=1, rtps=0] 18000/42890, 0.072 s/frame
[residual, scale=1, rtps=0] 18200/42890, 0.072 s/frame
[residual, scale=1, rtps=0] 18400/42890, 0.072 s/frame
[residual, scale=1, rtps=0] 18600/42890, 0.072 s/frame
[residual, scale=1, rtps=0] 18800/42890, 0.072 s/frame
[residual, scale=1, rtps=0] 19000/42890, 0.072 s/frame
[residual, scale=1, rtps=0] 19200/42890, 0.072 s/frame
[residual, scale=1, rtps=0] 19400/42890, 0.072 s/frame
[residual, scale=1, rtps=0] 19600/42890, 0.072 s/frame
[residual, scale=1, rtps=0] 19800/42890, 0.072 s/frame
[residual, scale=1, rtps=0] 20000/42890, 0.072 s/frame
[residual, scale=1, rtps=0] 20200/42890, 0.072 s/frame
[residual, scale=1, rtps=0] 20400/42890, 0.072 s/frame
[residual, scale=1, rtps=0] 20600/42890, 0.072 s/frame
[residual, scale=1, rtps=0] 20800/42890, 0.072 s/frame
[residual, scale=1, rtps=0] 21000/42890, 0.072 s/frame
[residual, scale=1, rtps=0] 21200/42890, 0.072 s/frame
[residual, scale=1, rtps=0] 21400/42890, 0.072 s/frame
[residual, scale=1, rtps=0] 21600/42890, 0.072 s/frame
[residual, scale=1, rtps=0] 21800/42890, 0.072 s/frame
[residual, scale=1, rtps=0] 22000/42890, 0.072 s/frame
[residual, scale=1, rtps=0] 22200/42890, 0.072 s/frame
[residual, scale=1, rtps=0] 22400/42890, 0.072 s/frame
[residual, scale=1, rtps=0] 22600/42890, 0.072 s/frame
[residual, scale=1, rtps=0] 22800/42890, 0.072 s/frame
[residual, scale=1, rtps=0] 23000/42890, 0.072 s/frame
[residual, scale=1, rtps=0] 23200/42890, 0.072 s/frame
[residual, scale=1, rtps=0] 23400/42890, 0.072 s/frame
[residual, scale=1, rtps=0] 23600/42890, 0.072 s/frame
[residual, scale=1, rtps=0] 23800/42890, 0.072 s/frame
[residual, scale=1, rtps=0] 24000/42890, 0.072 s/frame
[residual, scale=1, rtps=0] 24200/42890, 0.072 s/frame
[residual, scale=1, rtps=0] 24400/42890, 0.072 s/frame
[residual, scale=1, rtps=0] 24600/42890, 0.072 s/frame
[residual, scale=1, rtps=0] 24800/42890, 0.072 s/frame
[residual, scale=1, rtps=0] 25000/42890, 0.072 s/frame
[residual, scale=1, rtps=0] 25200/42890, 0.072 s/frame
[residual, scale=1, rtps=0] 25400/42890, 0.072 s/frame
[residual, scale=1, rtps=0] 25600/42890, 0.072 s/frame
[residual, scale=1, rtps=0] 25800/42890, 0.072 s/frame
[residual, scale=1, rtps=0] 26000/42890, 0.072 s/frame
[residual, scale=1, rtps=0] 26200/42890, 0.072 s/frame
[residual, scale=1, rtps=0] 26400/42890, 0.072 s/frame
[residual, scale=1, rtps=0] 26600/42890, 0.072 s/frame
[residual, scale=1, rtps=0] 26800/42890, 0.072 s/frame
[residual, scale=1, rtps=0] 27000/42890, 0.072 s/frame
[residual, scale=1, rtps=0] 27200/42890, 0.072 s/frame
[residual, scale=1, rtps=0] 27400/42890, 0.072 s/frame
[residual, scale=1, rtps=0] 27600/42890, 0.072 s/frame
[residual, scale=1, rtps=0] 27800/42890, 0.072 s/frame
[residual, scale=1, rtps=0] 28000/42890, 0.072 s/frame
[residual, scale=1, rtps=0] 28200/42890, 0.072 s/frame
[residual, scale=1, rtps=0] 28400/42890, 0.072 s/frame
[residual, scale=1, rtps=0] 28600/42890, 0.072 s/frame
[residual, scale=1, rtps=0] 28800/42890, 0.072 s/frame
[residual, scale=1, rtps=0] 29000/42890, 0.072 s/frame
[residual, scale=1, rtps=0] 29200/42890, 0.072 s/frame
[residual, scale=1, rtps=0] 29400/42890, 0.072 s/frame
[residual, scale=1, rtps=0] 29600/42890, 0.072 s/frame
[residual, scale=1, rtps=0] 29800/42890, 0.072 s/frame
[residual, scale=1, rtps=0] 30000/42890, 0.072 s/frame
[residual, scale=1, rtps=0] 30200/42890, 0.072 s/frame
[residual, scale=1, rtps=0] 30400/42890, 0.072 s/frame
[residual, scale=1, rtps=0] 30600/42890, 0.072 s/frame
[residual, scale=1, rtps=0] 30800/42890, 0.072 s/frame
[residual, scale=1, rtps=0] 31000/42890, 0.072 s/frame
[residual, scale=1, rtps=0] 31200/42890, 0.072 s/frame
[residual, scale=1, rtps=0] 31400/42890, 0.072 s/frame
[residual, scale=1, rtps=0] 31600/42890, 0.072 s/frame
[residual, scale=1, rtps=0] 31800/42890, 0.072 s/frame
[residual, scale=1, rtps=0] 32000/42890, 0.072 s/frame
[residual, scale=1, rtps=0] 32200/42890, 0.072 s/frame
[residual, scale=1, rtps=0] 32400/42890, 0.072 s/frame
[residual, scale=1, rtps=0] 32600/42890, 0.072 s/frame
[residual, scale=1, rtps=0] 32800/42890, 0.072 s/frame
[residual, scale=1, rtps=0] 33000/42890, 0.072 s/frame
[residual, scale=1, rtps=0] 33200/42890, 0.072 s/frame
[residual, scale=1, rtps=0] 33400/42890, 0.072 s/frame
[residual, scale=1, rtps=0] 33600/42890, 0.072 s/frame
[residual, scale=1, rtps=0] 33800/42890, 0.072 s/frame
[residual, scale=1, rtps=0] 34000/42890, 0.072 s/frame
[residual, scale=1, rtps=0] 34200/42890, 0.072 s/frame
[residual, scale=1, rtps=0] 34400/42890, 0.072 s/frame
[residual, scale=1, rtps=0] 34600/42890, 0.072 s/frame
[residual, scale=1, rtps=0] 34800/42890, 0.072 s/frame
[residual, scale=1, rtps=0] 35000/42890, 0.072 s/frame
[residual, scale=1, rtps=0] 35200/42890, 0.072 s/frame
[residual, scale=1, rtps=0] 35400/42890, 0.072 s/frame
[residual, scale=1, rtps=0] 35600/42890, 0.072 s/frame
[residual, scale=1, rtps=0] 35800/42890, 0.072 s/frame
[residual, scale=1, rtps=0] 36000/42890, 0.072 s/frame
[residual, scale=1, rtps=0] 36200/42890, 0.072 s/frame
[residual, scale=1, rtps=0] 36400/42890, 0.072 s/frame
[residual, scale=1, rtps=0] 36600/42890, 0.072 s/frame
[residual, scale=1, rtps=0] 36800/42890, 0.072 s/frame
[residual, scale=1, rtps=0] 37000/42890, 0.072 s/frame
[residual, scale=1, rtps=0] 37200/42890, 0.072 s/frame
[residual, scale=1, rtps=0] 37400/42890, 0.072 s/frame
[residual, scale=1, rtps=0] 37600/42890, 0.072 s/frame
[residual, scale=1, rtps=0] 37800/42890, 0.072 s/frame
[residual, scale=1, rtps=0] 38000/42890, 0.072 s/frame
[residual, scale=1, rtps=0] 38200/42890, 0.072 s/frame
[residual, scale=1, rtps=0] 38400/42890, 0.072 s/frame
[residual, scale=1, rtps=0] 38600/42890, 0.072 s/frame
[residual, scale=1, rtps=0] 38800/42890, 0.072 s/frame
[residual, scale=1, rtps=0] 39000/42890, 0.072 s/frame
[residual, scale=1, rtps=0] 39200/42890, 0.072 s/frame
[residual, scale=1, rtps=0] 39400/42890, 0.072 s/frame
[residual, scale=1, rtps=0] 39600/42890, 0.072 s/frame
[residual, scale=1, rtps=0] 39800/42890, 0.072 s/frame
[residual, scale=1, rtps=0] 40000/42890, 0.072 s/frame
[residual, scale=1, rtps=0] 40200/42890, 0.072 s/frame
[residual, scale=1, rtps=0] 40400/42890, 0.072 s/frame
[residual, scale=1, rtps=0] 40600/42890, 0.072 s/frame
[residual, scale=1, rtps=0] 40800/42890, 0.072 s/frame
[residual, scale=1, rtps=0] 41000/42890, 0.072 s/frame
[residual, scale=1, rtps=0] 41200/42890, 0.072 s/frame
[residual, scale=1, rtps=0] 41400/42890, 0.072 s/frame
[residual, scale=1, rtps=0] 41600/42890, 0.072 s/frame
[residual, scale=1, rtps=0] 41800/42890, 0.072 s/frame
[residual, scale=1, rtps=0] 42000/42890, 0.072 s/frame
[residual, scale=1, rtps=0] 42200/42890, 0.072 s/frame
[residual, scale=1, rtps=0] 42400/42890, 0.072 s/frame
[residual, scale=1, rtps=0] 42600/42890, 0.072 s/frame
[residual, scale=1, rtps=0] 42800/42890, 0.072 s/frame
[all] RMSE=0.21814 CRPS=0.09601 spread/skill=0.526 cov90=0.692
[defined_blind] RMSE=0.36511 CRPS=0.16055 spread/skill=0.371 cov90=0.556
[density] spearman=+0.817 AUSE=0.228 sigma_cv=0.740
[vx] spearman=+0.415 AUSE=0.408 sigma_cv=0.560
[vy] spearman=+0.076 AUSE=0.646 sigma_cv=0.491
[var] spearman=+0.630 AUSE=0.495 sigma_cv=0.833
[out] methods/enkf/enkf_opt/experiments/outputs/fullseq7/atc-20130825_residual_s1.json
