[residual] 1000/37964, 0.0075 s/frame
[residual] 2000/37964, 0.0073 s/frame
[residual] 3000/37964, 0.0072 s/frame
[residual] 4000/37964, 0.0072 s/frame
[residual] 5000/37964, 0.0072 s/frame
[residual] 6000/37964, 0.0073 s/frame
[residual] 7000/37964, 0.0072 s/frame
[residual] 8000/37964, 0.0072 s/frame
[residual] 9000/37964, 0.0072 s/frame
[residual] 10000/37964, 0.0072 s/frame
[residual] 11000/37964, 0.0072 s/frame
[residual] 12000/37964, 0.0072 s/frame
[residual] 13000/37964, 0.0072 s/frame
[residual] 14000/37964, 0.0071 s/frame
[residual] 15000/37964, 0.0071 s/frame
[residual] 16000/37964, 0.0071 s/frame
[residual] 17000/37964, 0.0071 s/frame
[residual] 18000/37964, 0.0071 s/frame
[residual] 19000/37964, 0.0071 s/frame
[residual] 20000/37964, 0.0071 s/frame
[residual] 21000/37964, 0.0071 s/frame
[residual] 22000/37964, 0.0071 s/frame
[residual] 23000/37964, 0.0071 s/frame
[residual] 24000/37964, 0.0071 s/frame
[residual] 25000/37964, 0.0071 s/frame
[residual] 26000/37964, 0.0071 s/frame
[residual] 27000/37964, 0.0071 s/frame
[residual] 28000/37964, 0.0071 s/frame
[residual] 29000/37964, 0.0071 s/frame
[residual] 30000/37964, 0.0071 s/frame
[residual] 31000/37964, 0.0071 s/frame
[residual] 32000/37964, 0.0071 s/frame
[residual] 33000/37964, 0.0071 s/frame
[residual] 34000/37964, 0.0071 s/frame
[residual] 35000/37964, 0.0071 s/frame
[residual] 36000/37964, 0.0071 s/frame
[residual] 37000/37964, 0.0071 s/frame
[all] RMSE=0.23517 CRPS=0.10250 spread/skill=0.753 cov90=0.818
[defined_blind] RMSE=0.39273 CRPS=0.15761 spread/skill=0.649 cov90=0.884
[density] spearman=+0.813 AUSE=0.221
[vx] spearman=+0.461 AUSE=0.395
[vy] spearman=+0.126 AUSE=0.622
[var] spearman=+0.603 AUSE=0.466
[runtime] 411.2s on Tesla V100-SXM2-32GB; failures=0
[out] methods/enkf/enkf_opt/experiments/outputs/density_calibration_test/atc-20130929_sp_b2_dcal.json
