[residual] 1000/38885, 0.0050 s/frame
[residual] 2000/38885, 0.0048 s/frame
[residual] 3000/38885, 0.0048 s/frame
[residual] 4000/38885, 0.0047 s/frame
[residual] 5000/38885, 0.0047 s/frame
[residual] 6000/38885, 0.0047 s/frame
[residual] 7000/38885, 0.0047 s/frame
[residual] 8000/38885, 0.0047 s/frame
[residual] 9000/38885, 0.0047 s/frame
[residual] 10000/38885, 0.0047 s/frame
[residual] 11000/38885, 0.0047 s/frame
[residual] 12000/38885, 0.0046 s/frame
[residual] 13000/38885, 0.0046 s/frame
[residual] 14000/38885, 0.0046 s/frame
[residual] 15000/38885, 0.0046 s/frame
[residual] 16000/38885, 0.0046 s/frame
[residual] 17000/38885, 0.0046 s/frame
[residual] 18000/38885, 0.0046 s/frame
[residual] 19000/38885, 0.0046 s/frame
[residual] 20000/38885, 0.0046 s/frame
[residual] 21000/38885, 0.0046 s/frame
[residual] 22000/38885, 0.0046 s/frame
[residual] 23000/38885, 0.0046 s/frame
[residual] 24000/38885, 0.0046 s/frame
[residual] 25000/38885, 0.0046 s/frame
[residual] 26000/38885, 0.0046 s/frame
[residual] 27000/38885, 0.0046 s/frame
[residual] 28000/38885, 0.0046 s/frame
[residual] 29000/38885, 0.0046 s/frame
[residual] 30000/38885, 0.0046 s/frame
[residual] 31000/38885, 0.0046 s/frame
[residual] 32000/38885, 0.0046 s/frame
[residual] 33000/38885, 0.0046 s/frame
[residual] 34000/38885, 0.0046 s/frame
[residual] 35000/38885, 0.0046 s/frame
[residual] 36000/38885, 0.0046 s/frame
[residual] 37000/38885, 0.0046 s/frame
[residual] 38000/38885, 0.0046 s/frame
[all] RMSE=0.23183 CRPS=0.10568 spread/skill=0.816 cov90=0.816
[defined_blind] RMSE=0.37595 CRPS=0.16026 spread/skill=0.661 cov90=0.833
[density] spearman=+0.808 AUSE=0.223
[vx] spearman=+0.460 AUSE=0.413
[vy] spearman=+0.123 AUSE=0.647
[var] spearman=+0.534 AUSE=0.518
[runtime] 250.66s on Tesla V100-PCIE-32GB; failures=0
[out] methods/enkf/enkf_opt/experiments/outputs/channel_test/atc-20130818_bal2.json
