[residual] 1000/42890, 0.0061 s/frame
[residual] 2000/42890, 0.0059 s/frame
[residual] 3000/42890, 0.0058 s/frame
[residual] 4000/42890, 0.0058 s/frame
[residual] 5000/42890, 0.0057 s/frame
[residual] 6000/42890, 0.0057 s/frame
[residual] 7000/42890, 0.0057 s/frame
[residual] 8000/42890, 0.0057 s/frame
[residual] 9000/42890, 0.0057 s/frame
[residual] 10000/42890, 0.0057 s/frame
[residual] 11000/42890, 0.0057 s/frame
[residual] 12000/42890, 0.0057 s/frame
[residual] 13000/42890, 0.0057 s/frame
[residual] 14000/42890, 0.0057 s/frame
[residual] 15000/42890, 0.0057 s/frame
[residual] 16000/42890, 0.0057 s/frame
[residual] 17000/42890, 0.0057 s/frame
[residual] 18000/42890, 0.0057 s/frame
[residual] 19000/42890, 0.0057 s/frame
[residual] 20000/42890, 0.0057 s/frame
[residual] 21000/42890, 0.0057 s/frame
[residual] 22000/42890, 0.0057 s/frame
[residual] 23000/42890, 0.0057 s/frame
[residual] 24000/42890, 0.0057 s/frame
[residual] 25000/42890, 0.0057 s/frame
[residual] 26000/42890, 0.0057 s/frame
[residual] 27000/42890, 0.0057 s/frame
[residual] 28000/42890, 0.0057 s/frame
[residual] 29000/42890, 0.0057 s/frame
[residual] 30000/42890, 0.0057 s/frame
[residual] 31000/42890, 0.0057 s/frame
[residual] 32000/42890, 0.0057 s/frame
[residual] 33000/42890, 0.0057 s/frame
[residual] 34000/42890, 0.0057 s/frame
[residual] 35000/42890, 0.0057 s/frame
[residual] 36000/42890, 0.0057 s/frame
[residual] 37000/42890, 0.0057 s/frame
[residual] 38000/42890, 0.0057 s/frame
[residual] 39000/42890, 0.0057 s/frame
[residual] 40000/42890, 0.0057 s/frame
[residual] 41000/42890, 0.0057 s/frame
[residual] 42000/42890, 0.0057 s/frame
[all] RMSE=0.24591 CRPS=0.11264 spread/skill=0.992 cov90=0.883
[defined_blind] RMSE=0.38683 CRPS=0.15677 spread/skill=0.721 cov90=0.846
[density] spearman=+0.791 AUSE=0.210
[vx] spearman=+0.478 AUSE=0.402
[vy] spearman=+0.100 AUSE=0.667
[var] spearman=+0.819 AUSE=0.232
[runtime] 334.02s on Tesla V100-SXM2-16GB; failures=0
[out] methods/enkf/enkf_opt/experiments/outputs/selected_test/atc-20130825_r25.json
