[residual] 1000/37964, 0.0042 s/frame
[residual] 2000/37964, 0.0040 s/frame
[residual] 3000/37964, 0.0039 s/frame
[residual] 4000/37964, 0.0039 s/frame
[residual] 5000/37964, 0.0038 s/frame
[residual] 6000/37964, 0.0038 s/frame
[residual] 7000/37964, 0.0038 s/frame
[residual] 8000/37964, 0.0038 s/frame
[residual] 9000/37964, 0.0038 s/frame
[residual] 10000/37964, 0.0038 s/frame
[residual] 11000/37964, 0.0038 s/frame
[residual] 12000/37964, 0.0038 s/frame
[residual] 13000/37964, 0.0038 s/frame
[residual] 14000/37964, 0.0038 s/frame
[residual] 15000/37964, 0.0038 s/frame
[residual] 16000/37964, 0.0038 s/frame
[residual] 17000/37964, 0.0038 s/frame
[residual] 18000/37964, 0.0038 s/frame
[residual] 19000/37964, 0.0038 s/frame
[residual] 20000/37964, 0.0038 s/frame
[residual] 21000/37964, 0.0038 s/frame
[residual] 22000/37964, 0.0038 s/frame
[residual] 23000/37964, 0.0038 s/frame
[residual] 24000/37964, 0.0038 s/frame
[residual] 25000/37964, 0.0038 s/frame
[residual] 26000/37964, 0.0038 s/frame
[residual] 27000/37964, 0.0038 s/frame
[residual] 28000/37964, 0.0038 s/frame
[residual] 29000/37964, 0.0038 s/frame
[residual] 30000/37964, 0.0037 s/frame
[residual] 31000/37964, 0.0037 s/frame
[residual] 32000/37964, 0.0037 s/frame
[residual] 33000/37964, 0.0037 s/frame
[residual] 34000/37964, 0.0037 s/frame
[residual] 35000/37964, 0.0037 s/frame
[residual] 36000/37964, 0.0037 s/frame
[residual] 37000/37964, 0.0037 s/frame
[all] RMSE=0.25705 CRPS=0.11516 spread/skill=0.949 cov90=0.881
[defined_blind] RMSE=0.40847 CRPS=0.16584 spread/skill=0.713 cov90=0.847
[density] spearman=+0.791 AUSE=0.227
[vx] spearman=+0.503 AUSE=0.384
[vy] spearman=+0.129 AUSE=0.640
[var] spearman=+0.823 AUSE=0.215
[runtime] 210.55s on Tesla V100-PCIE-32GB; failures=0
[out] methods/enkf/enkf_opt/experiments/outputs/selected_test/atc-20130929_r25.json
