[residual] 1000/36979, 0.0062 s/frame
[residual] 2000/36979, 0.0060 s/frame
[residual] 3000/36979, 0.0060 s/frame
[residual] 4000/36979, 0.0060 s/frame
[residual] 5000/36979, 0.0060 s/frame
[residual] 6000/36979, 0.0059 s/frame
[residual] 7000/36979, 0.0059 s/frame
[residual] 8000/36979, 0.0059 s/frame
[residual] 9000/36979, 0.0059 s/frame
[residual] 10000/36979, 0.0059 s/frame
[residual] 11000/36979, 0.0059 s/frame
[residual] 12000/36979, 0.0059 s/frame
[residual] 13000/36979, 0.0059 s/frame
[residual] 14000/36979, 0.0059 s/frame
[residual] 15000/36979, 0.0059 s/frame
[residual] 16000/36979, 0.0059 s/frame
[residual] 17000/36979, 0.0059 s/frame
[residual] 18000/36979, 0.0059 s/frame
[residual] 19000/36979, 0.0059 s/frame
[residual] 20000/36979, 0.0059 s/frame
[residual] 21000/36979, 0.0059 s/frame
[residual] 22000/36979, 0.0059 s/frame
[residual] 23000/36979, 0.0059 s/frame
[residual] 24000/36979, 0.0058 s/frame
[residual] 25000/36979, 0.0058 s/frame
[residual] 26000/36979, 0.0058 s/frame
[residual] 27000/36979, 0.0058 s/frame
[residual] 28000/36979, 0.0058 s/frame
[residual] 29000/36979, 0.0058 s/frame
[residual] 30000/36979, 0.0058 s/frame
[residual] 31000/36979, 0.0058 s/frame
[residual] 32000/36979, 0.0058 s/frame
[residual] 33000/36979, 0.0058 s/frame
[residual] 34000/36979, 0.0058 s/frame
[residual] 35000/36979, 0.0058 s/frame
[residual] 36000/36979, 0.0058 s/frame
[all] RMSE=0.21704 CRPS=0.09744 spread/skill=0.809 cov90=0.844
[defined_blind] RMSE=0.34898 CRPS=0.14419 spread/skill=0.563 cov90=0.808
[density] spearman=+0.853 AUSE=0.220
[vx] spearman=+0.429 AUSE=0.404
[vy] spearman=+0.087 AUSE=0.647
[var] spearman=+0.692 AUSE=0.356
[runtime] 293.18s on Tesla V100-SXM2-16GB; failures=0
[out] methods/enkf/enkf_opt/experiments/outputs/validation_sweep/atc-20130728_r15_rho80.json
