[residual] 1000/38437, 0.0072 s/frame
[residual] 2000/38437, 0.0069 s/frame
[residual] 3000/38437, 0.0068 s/frame
[residual] 4000/38437, 0.0068 s/frame
[residual] 5000/38437, 0.0067 s/frame
[residual] 6000/38437, 0.0067 s/frame
[residual] 7000/38437, 0.0067 s/frame
[residual] 8000/38437, 0.0067 s/frame
[residual] 9000/38437, 0.0067 s/frame
[residual] 10000/38437, 0.0067 s/frame
[residual] 11000/38437, 0.0067 s/frame
[residual] 12000/38437, 0.0067 s/frame
[residual] 13000/38437, 0.0067 s/frame
[residual] 14000/38437, 0.0067 s/frame
[residual] 15000/38437, 0.0067 s/frame
[residual] 16000/38437, 0.0067 s/frame
[residual] 17000/38437, 0.0067 s/frame
[residual] 18000/38437, 0.0067 s/frame
[residual] 19000/38437, 0.0067 s/frame
[residual] 20000/38437, 0.0067 s/frame
[residual] 21000/38437, 0.0067 s/frame
[residual] 22000/38437, 0.0067 s/frame
[residual] 23000/38437, 0.0067 s/frame
[residual] 24000/38437, 0.0067 s/frame
[residual] 25000/38437, 0.0067 s/frame
[residual] 26000/38437, 0.0067 s/frame
[residual] 27000/38437, 0.0067 s/frame
[residual] 28000/38437, 0.0067 s/frame
[residual] 29000/38437, 0.0067 s/frame
[residual] 30000/38437, 0.0067 s/frame
[residual] 31000/38437, 0.0067 s/frame
[residual] 32000/38437, 0.0067 s/frame
[residual] 33000/38437, 0.0067 s/frame
[residual] 34000/38437, 0.0067 s/frame
[residual] 35000/38437, 0.0067 s/frame
[residual] 36000/38437, 0.0067 s/frame
[residual] 37000/38437, 0.0067 s/frame
[residual] 38000/38437, 0.0067 s/frame
[all] RMSE=0.22168 CRPS=0.10106 spread/skill=0.906 cov90=0.849
[defined_blind] RMSE=0.36544 CRPS=0.15064 spread/skill=0.519 cov90=0.740
[density] spearman=+0.785 AUSE=0.201
[vx] spearman=+0.464 AUSE=0.372
[vy] spearman=+0.110 AUSE=0.620
[var] spearman=+0.315 AUSE=0.620
[runtime] 337.46s on Tesla V100-SXM2-16GB; failures=0
[out] methods/enkf/enkf_opt/experiments/outputs/validation_sweep/atc-20130707_r15_rt50.json
