[residual] 1000/39383, 0.0062 s/frame
[residual] 2000/39383, 0.0060 s/frame
[residual] 3000/39383, 0.0060 s/frame
[residual] 4000/39383, 0.0059 s/frame
[residual] 5000/39383, 0.0059 s/frame
[residual] 6000/39383, 0.0059 s/frame
[residual] 7000/39383, 0.0059 s/frame
[residual] 8000/39383, 0.0059 s/frame
[residual] 9000/39383, 0.0059 s/frame
[residual] 10000/39383, 0.0059 s/frame
[residual] 11000/39383, 0.0059 s/frame
[residual] 12000/39383, 0.0059 s/frame
[residual] 13000/39383, 0.0059 s/frame
[residual] 14000/39383, 0.0059 s/frame
[residual] 15000/39383, 0.0059 s/frame
[residual] 16000/39383, 0.0059 s/frame
[residual] 17000/39383, 0.0058 s/frame
[residual] 18000/39383, 0.0058 s/frame
[residual] 19000/39383, 0.0058 s/frame
[residual] 20000/39383, 0.0058 s/frame
[residual] 21000/39383, 0.0058 s/frame
[residual] 22000/39383, 0.0058 s/frame
[residual] 23000/39383, 0.0058 s/frame
[residual] 24000/39383, 0.0058 s/frame
[residual] 25000/39383, 0.0058 s/frame
[residual] 26000/39383, 0.0058 s/frame
[residual] 27000/39383, 0.0058 s/frame
[residual] 28000/39383, 0.0058 s/frame
[residual] 29000/39383, 0.0058 s/frame
[residual] 30000/39383, 0.0058 s/frame
[residual] 31000/39383, 0.0058 s/frame
[residual] 32000/39383, 0.0058 s/frame
[residual] 33000/39383, 0.0058 s/frame
[residual] 34000/39383, 0.0058 s/frame
[residual] 35000/39383, 0.0058 s/frame
[residual] 36000/39383, 0.0058 s/frame
[residual] 37000/39383, 0.0058 s/frame
[residual] 38000/39383, 0.0058 s/frame
[residual] 39000/39383, 0.0058 s/frame
[all] RMSE=0.21497 CRPS=0.09408 spread/skill=0.533 cov90=0.696
[defined_blind] RMSE=0.36210 CRPS=0.15649 spread/skill=0.356 cov90=0.548
[density] spearman=+0.808 AUSE=0.252
[vx] spearman=+0.408 AUSE=0.411
[vy] spearman=+0.063 AUSE=0.655
[var] spearman=+0.630 AUSE=0.491
[runtime] 312.31s on Tesla V100-SXM2-16GB; failures=0
[out] methods/enkf/enkf_opt/experiments/outputs/selected_test/atc-20130915_r1.json
