[residual] 1000/40457, 0.0043 s/frame
[residual] 2000/40457, 0.0041 s/frame
[residual] 3000/40457, 0.0040 s/frame
[residual] 4000/40457, 0.0040 s/frame
[residual] 5000/40457, 0.0040 s/frame
[residual] 6000/40457, 0.0040 s/frame
[residual] 7000/40457, 0.0040 s/frame
[residual] 8000/40457, 0.0040 s/frame
[residual] 9000/40457, 0.0039 s/frame
[residual] 10000/40457, 0.0039 s/frame
[residual] 11000/40457, 0.0039 s/frame
[residual] 12000/40457, 0.0039 s/frame
[residual] 13000/40457, 0.0039 s/frame
[residual] 14000/40457, 0.0039 s/frame
[residual] 15000/40457, 0.0039 s/frame
[residual] 16000/40457, 0.0039 s/frame
[residual] 17000/40457, 0.0039 s/frame
[residual] 18000/40457, 0.0039 s/frame
[residual] 19000/40457, 0.0039 s/frame
[residual] 20000/40457, 0.0039 s/frame
[residual] 21000/40457, 0.0039 s/frame
[residual] 22000/40457, 0.0039 s/frame
[residual] 23000/40457, 0.0039 s/frame
[residual] 24000/40457, 0.0039 s/frame
[residual] 25000/40457, 0.0039 s/frame
[residual] 26000/40457, 0.0039 s/frame
[residual] 27000/40457, 0.0039 s/frame
[residual] 28000/40457, 0.0039 s/frame
[residual] 29000/40457, 0.0039 s/frame
[residual] 30000/40457, 0.0039 s/frame
[residual] 31000/40457, 0.0039 s/frame
[residual] 32000/40457, 0.0039 s/frame
[residual] 33000/40457, 0.0039 s/frame
[residual] 34000/40457, 0.0039 s/frame
[residual] 35000/40457, 0.0039 s/frame
[residual] 36000/40457, 0.0039 s/frame
[residual] 37000/40457, 0.0039 s/frame
[residual] 38000/40457, 0.0038 s/frame
[residual] 39000/40457, 0.0038 s/frame
[residual] 40000/40457, 0.0038 s/frame
[all] RMSE=0.22466 CRPS=0.09983 spread/skill=0.780 cov90=0.816
[defined_blind] RMSE=0.37362 CRPS=0.15071 spread/skill=0.621 cov90=0.846
[density] spearman=+0.809 AUSE=0.209
[vx] spearman=+0.437 AUSE=0.407
[vy] spearman=+0.113 AUSE=0.622
[var] spearman=+0.608 AUSE=0.466
[runtime] 227.93s on Tesla V100-PCIE-32GB; failures=0
[out] methods/enkf/enkf_opt/experiments/outputs/blind_spatial_validation/atc-20130714_sp_b2.json
