Traceback (most recent call last):
  File "<frozen runpy>", line 198, in _run_module_as_main
  File "<frozen runpy>", line 88, in _run_code
  File "/scratch/work/zhangx29/Thesis_Project/methods/enkf/enkf_opt/experiments/eval_structured_q_gpu.py", line 222, in <module>
    main()
  File "/scratch/work/zhangx29/Thesis_Project/methods/enkf/enkf_opt/experiments/eval_structured_q_gpu.py", line 169, in main
    xf0 = filt.forecast()
          ^^^^^^^^^^^^^^^
  File "/appl/scibuilder-mamba/aalto-rhel9/prod/software/scicomp-pytorch-env/2026.1/354b404/lib/python3.12/site-packages/torch/utils/_contextlib.py", line 124, in decorate_context
    return func(*args, **kwargs)
           ^^^^^^^^^^^^^^^^^^^^^
  File "/scratch/work/zhangx29/Thesis_Project/methods/enkf/enkf_opt/experiments/eval_structured_q_gpu.py", line 75, in forecast
    pred = pred.reshape(self.n, STATE_DIM) - self.bias[None]
           ~~~~~~~~~~~~~~~~~~~~~~~~~~~~~~~~^~~~~~~~~~~~~~~~~
  File "/scratch/work/zhangx29/Thesis_Project/methods/enkf/enkf_opt/pedpred/grid.py", line 192, in __torch_function__
    return super().__torch_function__(func, types, args, kwargs)
           ^^^^^^^^^^^^^^^^^^^^^^^^^^^^^^^^^^^^^^^^^^^^^^^^^^^^^
  File "/appl/scibuilder-mamba/aalto-rhel9/prod/software/scicomp-pytorch-env/2026.1/354b404/lib/python3.12/site-packages/torch/_tensor.py", line 1703, in __torch_function__
    ret = func(*args, **kwargs)
          ^^^^^^^^^^^^^^^^^^^^^
RuntimeError: Expected all tensors to be on the same device, but found at least two devices, cuda:0 and cpu!
