[residual] 1000/40710, 0.0070 s/frame
[residual] 2000/40710, 0.0068 s/frame
[residual] 3000/40710, 0.0067 s/frame
[residual] 4000/40710, 0.0066 s/frame
[residual] 5000/40710, 0.0066 s/frame
[residual] 6000/40710, 0.0066 s/frame
[residual] 7000/40710, 0.0066 s/frame
[residual] 8000/40710, 0.0066 s/frame
[residual] 9000/40710, 0.0066 s/frame
[residual] 10000/40710, 0.0066 s/frame
[residual] 11000/40710, 0.0066 s/frame
[residual] 12000/40710, 0.0066 s/frame
[residual] 13000/40710, 0.0066 s/frame
[residual] 14000/40710, 0.0065 s/frame
[residual] 15000/40710, 0.0065 s/frame
[residual] 16000/40710, 0.0065 s/frame
[residual] 17000/40710, 0.0065 s/frame
[residual] 18000/40710, 0.0065 s/frame
[residual] 19000/40710, 0.0065 s/frame
[residual] 20000/40710, 0.0065 s/frame
[residual] 21000/40710, 0.0065 s/frame
[residual] 22000/40710, 0.0065 s/frame
[residual] 23000/40710, 0.0065 s/frame
[residual] 24000/40710, 0.0065 s/frame
[residual] 25000/40710, 0.0065 s/frame
[residual] 26000/40710, 0.0065 s/frame
[residual] 27000/40710, 0.0065 s/frame
[residual] 28000/40710, 0.0065 s/frame
[residual] 29000/40710, 0.0065 s/frame
[residual] 30000/40710, 0.0065 s/frame
[residual] 31000/40710, 0.0065 s/frame
[residual] 32000/40710, 0.0065 s/frame
[residual] 33000/40710, 0.0065 s/frame
[residual] 34000/40710, 0.0065 s/frame
[residual] 35000/40710, 0.0065 s/frame
[residual] 36000/40710, 0.0065 s/frame
[residual] 37000/40710, 0.0065 s/frame
[residual] 38000/40710, 0.0065 s/frame
[residual] 39000/40710, 0.0065 s/frame
[residual] 40000/40710, 0.0065 s/frame
[all] RMSE=0.19335 CRPS=0.09017 spread/skill=1.054 cov90=0.888
[defined_blind] RMSE=0.33834 CRPS=0.12516 spread/skill=0.614 cov90=0.912
[density] spearman=+0.853 AUSE=0.179
[vx] spearman=+0.369 AUSE=0.398
[vy] spearman=+0.047 AUSE=0.608
[var] spearman=+0.577 AUSE=0.515
[runtime] 349.29s on Tesla V100-SXM2-16GB; failures=0
[out] methods/enkf/enkf_opt/experiments/outputs/cross_localization_validation/atc-20130630_physics.json
