[residual] 1000/37413, 0.0068 s/frame
[residual] 2000/37413, 0.0066 s/frame
[residual] 3000/37413, 0.0065 s/frame
[residual] 4000/37413, 0.0065 s/frame
[residual] 5000/37413, 0.0065 s/frame
[residual] 6000/37413, 0.0064 s/frame
[residual] 7000/37413, 0.0064 s/frame
[residual] 8000/37413, 0.0064 s/frame
[residual] 9000/37413, 0.0064 s/frame
[residual] 10000/37413, 0.0064 s/frame
[residual] 11000/37413, 0.0064 s/frame
[residual] 12000/37413, 0.0064 s/frame
[residual] 13000/37413, 0.0064 s/frame
[residual] 14000/37413, 0.0064 s/frame
[residual] 15000/37413, 0.0064 s/frame
[residual] 16000/37413, 0.0064 s/frame
[residual] 17000/37413, 0.0064 s/frame
[residual] 18000/37413, 0.0064 s/frame
[residual] 19000/37413, 0.0064 s/frame
[residual] 20000/37413, 0.0064 s/frame
[residual] 21000/37413, 0.0064 s/frame
[residual] 22000/37413, 0.0064 s/frame
[residual] 23000/37413, 0.0064 s/frame
[residual] 24000/37413, 0.0064 s/frame
[residual] 25000/37413, 0.0064 s/frame
[residual] 26000/37413, 0.0064 s/frame
[residual] 27000/37413, 0.0064 s/frame
[residual] 28000/37413, 0.0064 s/frame
[residual] 29000/37413, 0.0064 s/frame
[residual] 30000/37413, 0.0064 s/frame
[residual] 31000/37413, 0.0064 s/frame
[residual] 32000/37413, 0.0064 s/frame
[residual] 33000/37413, 0.0064 s/frame
[residual] 34000/37413, 0.0064 s/frame
[residual] 35000/37413, 0.0064 s/frame
[residual] 36000/37413, 0.0064 s/frame
[residual] 37000/37413, 0.0064 s/frame
[all] RMSE=0.21339 CRPS=0.09984 spread/skill=0.974 cov90=0.872
[defined_blind] RMSE=0.35636 CRPS=0.15139 spread/skill=0.733 cov90=0.897
[density] spearman=+0.843 AUSE=0.178
[vx] spearman=+0.438 AUSE=0.384
[vy] spearman=+0.151 AUSE=0.590
[var] spearman=+0.531 AUSE=0.542
[runtime] 321.4s on Tesla V100-SXM2-16GB; failures=0
[out] methods/enkf/enkf_opt/experiments/outputs/cross_localization_validation/atc-20130721_physics.json
