[residual] 1000/40710, 0.0045 s/frame
[residual] 2000/40710, 0.0042 s/frame
[residual] 3000/40710, 0.0042 s/frame
[residual] 4000/40710, 0.0041 s/frame
[residual] 5000/40710, 0.0041 s/frame
[residual] 6000/40710, 0.0041 s/frame
[residual] 7000/40710, 0.0041 s/frame
[residual] 8000/40710, 0.0041 s/frame
[residual] 9000/40710, 0.0040 s/frame
[residual] 10000/40710, 0.0040 s/frame
[residual] 11000/40710, 0.0041 s/frame
[residual] 12000/40710, 0.0040 s/frame
[residual] 13000/40710, 0.0040 s/frame
[residual] 14000/40710, 0.0040 s/frame
[residual] 15000/40710, 0.0040 s/frame
[residual] 16000/40710, 0.0040 s/frame
[residual] 17000/40710, 0.0040 s/frame
[residual] 18000/40710, 0.0040 s/frame
[residual] 19000/40710, 0.0040 s/frame
[residual] 20000/40710, 0.0040 s/frame
[residual] 21000/40710, 0.0040 s/frame
[residual] 22000/40710, 0.0040 s/frame
[residual] 23000/40710, 0.0040 s/frame
[residual] 24000/40710, 0.0040 s/frame
[residual] 25000/40710, 0.0040 s/frame
[residual] 26000/40710, 0.0040 s/frame
[residual] 27000/40710, 0.0040 s/frame
[residual] 28000/40710, 0.0040 s/frame
[residual] 29000/40710, 0.0040 s/frame
[residual] 30000/40710, 0.0040 s/frame
[residual] 31000/40710, 0.0040 s/frame
[residual] 32000/40710, 0.0040 s/frame
[residual] 33000/40710, 0.0040 s/frame
[residual] 34000/40710, 0.0040 s/frame
[residual] 35000/40710, 0.0040 s/frame
[residual] 36000/40710, 0.0040 s/frame
[residual] 37000/40710, 0.0040 s/frame
[residual] 38000/40710, 0.0040 s/frame
[residual] 39000/40710, 0.0040 s/frame
[residual] 40000/40710, 0.0040 s/frame
[all] RMSE=0.20756 CRPS=0.09426 spread/skill=0.877 cov90=0.832
[defined_blind] RMSE=0.34737 CRPS=0.13116 spread/skill=0.656 cov90=0.875
[density] spearman=+0.814 AUSE=0.233
[vx] spearman=+0.406 AUSE=0.428
[vy] spearman=+0.074 AUSE=0.659
[var] spearman=+0.599 AUSE=0.498
[runtime] 236.0s on Tesla V100-PCIE-32GB; failures=0
[out] methods/enkf/enkf_opt/experiments/outputs/blind_spatial_validation/atc-20130630_sp_b4.json
