[residual] 1000/37964, 0.0042 s/frame
[residual] 2000/37964, 0.0040 s/frame
[residual] 3000/37964, 0.0039 s/frame
[residual] 4000/37964, 0.0039 s/frame
[residual] 5000/37964, 0.0039 s/frame
[residual] 6000/37964, 0.0038 s/frame
[residual] 7000/37964, 0.0038 s/frame
[residual] 8000/37964, 0.0038 s/frame
[residual] 9000/37964, 0.0038 s/frame
[residual] 10000/37964, 0.0038 s/frame
[residual] 11000/37964, 0.0038 s/frame
[residual] 12000/37964, 0.0038 s/frame
[residual] 13000/37964, 0.0038 s/frame
[residual] 14000/37964, 0.0038 s/frame
[residual] 15000/37964, 0.0038 s/frame
[residual] 16000/37964, 0.0038 s/frame
[residual] 17000/37964, 0.0038 s/frame
[residual] 18000/37964, 0.0038 s/frame
[residual] 19000/37964, 0.0038 s/frame
[residual] 20000/37964, 0.0038 s/frame
[residual] 21000/37964, 0.0038 s/frame
[residual] 22000/37964, 0.0038 s/frame
[residual] 23000/37964, 0.0038 s/frame
[residual] 24000/37964, 0.0038 s/frame
[residual] 25000/37964, 0.0038 s/frame
[residual] 26000/37964, 0.0038 s/frame
[residual] 27000/37964, 0.0038 s/frame
[residual] 28000/37964, 0.0038 s/frame
[residual] 29000/37964, 0.0038 s/frame
[residual] 30000/37964, 0.0038 s/frame
[residual] 31000/37964, 0.0038 s/frame
[residual] 32000/37964, 0.0038 s/frame
[residual] 33000/37964, 0.0038 s/frame
[residual] 34000/37964, 0.0038 s/frame
[residual] 35000/37964, 0.0038 s/frame
[residual] 36000/37964, 0.0038 s/frame
[residual] 37000/37964, 0.0038 s/frame
[all] RMSE=0.23194 CRPS=0.10102 spread/skill=0.495 cov90=0.677
[defined_blind] RMSE=0.38858 CRPS=0.17397 spread/skill=0.363 cov90=0.525
[density] spearman=+0.819 AUSE=0.250
[vx] spearman=+0.456 AUSE=0.384
[vy] spearman=+0.115 AUSE=0.619
[var] spearman=+0.632 AUSE=0.472
[runtime] 213.84s on Tesla V100-PCIE-32GB; failures=0
[out] methods/enkf/enkf_opt/experiments/outputs/selected_test/atc-20130929_r1.json
