[residual] 1000/40710, 0.0043 s/frame
[residual] 2000/40710, 0.0041 s/frame
[residual] 3000/40710, 0.0040 s/frame
[residual] 4000/40710, 0.0040 s/frame
[residual] 5000/40710, 0.0040 s/frame
[residual] 6000/40710, 0.0040 s/frame
[residual] 7000/40710, 0.0039 s/frame
[residual] 8000/40710, 0.0039 s/frame
[residual] 9000/40710, 0.0039 s/frame
[residual] 10000/40710, 0.0039 s/frame
[residual] 11000/40710, 0.0039 s/frame
[residual] 12000/40710, 0.0039 s/frame
[residual] 13000/40710, 0.0039 s/frame
[residual] 14000/40710, 0.0039 s/frame
[residual] 15000/40710, 0.0039 s/frame
[residual] 16000/40710, 0.0039 s/frame
[residual] 17000/40710, 0.0039 s/frame
[residual] 18000/40710, 0.0039 s/frame
[residual] 19000/40710, 0.0039 s/frame
[residual] 20000/40710, 0.0039 s/frame
[residual] 21000/40710, 0.0039 s/frame
[residual] 22000/40710, 0.0039 s/frame
[residual] 23000/40710, 0.0039 s/frame
[residual] 24000/40710, 0.0039 s/frame
[residual] 25000/40710, 0.0039 s/frame
[residual] 26000/40710, 0.0039 s/frame
[residual] 27000/40710, 0.0039 s/frame
[residual] 28000/40710, 0.0039 s/frame
[residual] 29000/40710, 0.0039 s/frame
[residual] 30000/40710, 0.0039 s/frame
[residual] 31000/40710, 0.0039 s/frame
[residual] 32000/40710, 0.0039 s/frame
[residual] 33000/40710, 0.0039 s/frame
[residual] 34000/40710, 0.0039 s/frame
[residual] 35000/40710, 0.0039 s/frame
[residual] 36000/40710, 0.0039 s/frame
[residual] 37000/40710, 0.0039 s/frame
[residual] 38000/40710, 0.0039 s/frame
[residual] 39000/40710, 0.0039 s/frame
[residual] 40000/40710, 0.0039 s/frame
[all] RMSE=0.20626 CRPS=0.09303 spread/skill=0.859 cov90=0.832
[defined_blind] RMSE=0.34570 CRPS=0.12978 spread/skill=0.613 cov90=0.867
[density] spearman=+0.809 AUSE=0.229
[vx] spearman=+0.399 AUSE=0.426
[vy] spearman=+0.065 AUSE=0.659
[var] spearman=+0.606 AUSE=0.491
[runtime] 230.24s on Tesla V100-PCIE-32GB; failures=0
[out] methods/enkf/enkf_opt/experiments/outputs/blind_spatial_validation/atc-20130630_sp_b3.json
