[residual] 1000/37413, 0.0042 s/frame
[residual] 2000/37413, 0.0040 s/frame
[residual] 3000/37413, 0.0039 s/frame
[residual] 4000/37413, 0.0039 s/frame
[residual] 5000/37413, 0.0039 s/frame
[residual] 6000/37413, 0.0038 s/frame
[residual] 7000/37413, 0.0038 s/frame
[residual] 8000/37413, 0.0038 s/frame
[residual] 9000/37413, 0.0038 s/frame
[residual] 10000/37413, 0.0038 s/frame
[residual] 11000/37413, 0.0038 s/frame
[residual] 12000/37413, 0.0038 s/frame
[residual] 13000/37413, 0.0038 s/frame
[residual] 14000/37413, 0.0038 s/frame
[residual] 15000/37413, 0.0038 s/frame
[residual] 16000/37413, 0.0038 s/frame
[residual] 17000/37413, 0.0038 s/frame
[residual] 18000/37413, 0.0038 s/frame
[residual] 19000/37413, 0.0038 s/frame
[residual] 20000/37413, 0.0038 s/frame
[residual] 21000/37413, 0.0038 s/frame
[residual] 22000/37413, 0.0038 s/frame
[residual] 23000/37413, 0.0038 s/frame
[residual] 24000/37413, 0.0038 s/frame
[residual] 25000/37413, 0.0038 s/frame
[residual] 26000/37413, 0.0038 s/frame
[residual] 27000/37413, 0.0038 s/frame
[residual] 28000/37413, 0.0038 s/frame
[residual] 29000/37413, 0.0038 s/frame
[residual] 30000/37413, 0.0038 s/frame
[residual] 31000/37413, 0.0038 s/frame
[residual] 32000/37413, 0.0038 s/frame
[residual] 33000/37413, 0.0038 s/frame
[residual] 34000/37413, 0.0038 s/frame
[residual] 35000/37413, 0.0038 s/frame
[residual] 36000/37413, 0.0038 s/frame
[residual] 37000/37413, 0.0038 s/frame
[all] RMSE=0.22891 CRPS=0.10346 spread/skill=0.741 cov90=0.805
[defined_blind] RMSE=0.36422 CRPS=0.16033 spread/skill=0.580 cov90=0.753
[density] spearman=+0.834 AUSE=0.224
[vx] spearman=+0.455 AUSE=0.401
[vy] spearman=+0.136 AUSE=0.624
[var] spearman=+0.678 AUSE=0.403
[runtime] 213.09s on Tesla V100-PCIE-32GB; failures=0
[out] methods/enkf/enkf_opt/experiments/outputs/validation_sweep/atc-20130721_r15_rho50.json
