[residual] 1000/40710, 0.0070 s/frame
[residual] 2000/40710, 0.0068 s/frame
[residual] 3000/40710, 0.0067 s/frame
[residual] 4000/40710, 0.0067 s/frame
[residual] 5000/40710, 0.0067 s/frame
[residual] 6000/40710, 0.0066 s/frame
[residual] 7000/40710, 0.0066 s/frame
[residual] 8000/40710, 0.0066 s/frame
[residual] 9000/40710, 0.0066 s/frame
[residual] 10000/40710, 0.0066 s/frame
[residual] 11000/40710, 0.0066 s/frame
[residual] 12000/40710, 0.0066 s/frame
[residual] 13000/40710, 0.0066 s/frame
[residual] 14000/40710, 0.0066 s/frame
[residual] 15000/40710, 0.0066 s/frame
[residual] 16000/40710, 0.0066 s/frame
[residual] 17000/40710, 0.0066 s/frame
[residual] 18000/40710, 0.0066 s/frame
[residual] 19000/40710, 0.0066 s/frame
[residual] 20000/40710, 0.0066 s/frame
[residual] 21000/40710, 0.0066 s/frame
[residual] 22000/40710, 0.0066 s/frame
[residual] 23000/40710, 0.0066 s/frame
[residual] 24000/40710, 0.0066 s/frame
[residual] 25000/40710, 0.0066 s/frame
[residual] 26000/40710, 0.0066 s/frame
[residual] 27000/40710, 0.0066 s/frame
[residual] 28000/40710, 0.0066 s/frame
[residual] 29000/40710, 0.0066 s/frame
[residual] 30000/40710, 0.0066 s/frame
[residual] 31000/40710, 0.0066 s/frame
[residual] 32000/40710, 0.0066 s/frame
[residual] 33000/40710, 0.0066 s/frame
[residual] 34000/40710, 0.0066 s/frame
[residual] 35000/40710, 0.0066 s/frame
[residual] 36000/40710, 0.0066 s/frame
[residual] 37000/40710, 0.0066 s/frame
[residual] 38000/40710, 0.0066 s/frame
[residual] 39000/40710, 0.0066 s/frame
[residual] 40000/40710, 0.0066 s/frame
[all] RMSE=0.20847 CRPS=0.09541 spread/skill=0.961 cov90=0.864
[defined_blind] RMSE=0.34542 CRPS=0.13294 spread/skill=0.485 cov90=0.765
[density] spearman=+0.756 AUSE=0.222
[vx] spearman=+0.435 AUSE=0.383
[vy] spearman=+0.074 AUSE=0.638
[var] spearman=+0.319 AUSE=0.627
[runtime] 353.36s on Tesla V100-SXM2-16GB; failures=0
[out] methods/enkf/enkf_opt/experiments/outputs/validation_sweep/atc-20130630_r15_rt50.json
