[residual] 1000/39758, 0.0051 s/frame
[residual] 2000/39758, 0.0048 s/frame
[residual] 3000/39758, 0.0048 s/frame
[residual] 4000/39758, 0.0048 s/frame
[residual] 5000/39758, 0.0047 s/frame
[residual] 6000/39758, 0.0047 s/frame
[residual] 7000/39758, 0.0047 s/frame
[residual] 8000/39758, 0.0047 s/frame
[residual] 9000/39758, 0.0047 s/frame
[residual] 10000/39758, 0.0046 s/frame
[residual] 11000/39758, 0.0046 s/frame
[residual] 12000/39758, 0.0046 s/frame
[residual] 13000/39758, 0.0046 s/frame
[residual] 14000/39758, 0.0046 s/frame
[residual] 15000/39758, 0.0046 s/frame
[residual] 16000/39758, 0.0046 s/frame
[residual] 17000/39758, 0.0046 s/frame
[residual] 18000/39758, 0.0046 s/frame
[residual] 19000/39758, 0.0046 s/frame
[residual] 20000/39758, 0.0046 s/frame
[residual] 21000/39758, 0.0046 s/frame
[residual] 22000/39758, 0.0046 s/frame
[residual] 23000/39758, 0.0046 s/frame
[residual] 24000/39758, 0.0046 s/frame
[residual] 25000/39758, 0.0046 s/frame
[residual] 26000/39758, 0.0046 s/frame
[residual] 27000/39758, 0.0046 s/frame
[residual] 28000/39758, 0.0046 s/frame
[residual] 29000/39758, 0.0046 s/frame
[residual] 30000/39758, 0.0046 s/frame
[residual] 31000/39758, 0.0046 s/frame
[residual] 32000/39758, 0.0046 s/frame
[residual] 33000/39758, 0.0046 s/frame
[residual] 34000/39758, 0.0046 s/frame
[residual] 35000/39758, 0.0046 s/frame
[residual] 36000/39758, 0.0046 s/frame
[residual] 37000/39758, 0.0046 s/frame
[residual] 38000/39758, 0.0046 s/frame
[residual] 39000/39758, 0.0046 s/frame
[all] RMSE=0.23566 CRPS=0.10419 spread/skill=0.773 cov90=0.816
[defined_blind] RMSE=0.38242 CRPS=0.16149 spread/skill=0.576 cov90=0.747
[density] spearman=+0.801 AUSE=0.219
[vx] spearman=+0.456 AUSE=0.403
[vy] spearman=+0.113 AUSE=0.639
[var] spearman=+0.753 AUSE=0.349
[runtime] 256.87s on Tesla V100-PCIE-32GB; failures=0
[out] methods/enkf/enkf_opt/experiments/outputs/selected_test/atc-20130901_r175.json
