[residual] 1000/40457, 0.0051 s/frame
[residual] 2000/40457, 0.0049 s/frame
[residual] 3000/40457, 0.0048 s/frame
[residual] 4000/40457, 0.0048 s/frame
[residual] 5000/40457, 0.0048 s/frame
[residual] 6000/40457, 0.0047 s/frame
[residual] 7000/40457, 0.0047 s/frame
[residual] 8000/40457, 0.0047 s/frame
[residual] 9000/40457, 0.0047 s/frame
[residual] 10000/40457, 0.0047 s/frame
[residual] 11000/40457, 0.0047 s/frame
[residual] 12000/40457, 0.0047 s/frame
[residual] 13000/40457, 0.0047 s/frame
[residual] 14000/40457, 0.0047 s/frame
[residual] 15000/40457, 0.0047 s/frame
[residual] 16000/40457, 0.0047 s/frame
[residual] 17000/40457, 0.0047 s/frame
[residual] 18000/40457, 0.0047 s/frame
[residual] 19000/40457, 0.0047 s/frame
[residual] 20000/40457, 0.0047 s/frame
[residual] 21000/40457, 0.0047 s/frame
[residual] 22000/40457, 0.0046 s/frame
[residual] 23000/40457, 0.0046 s/frame
[residual] 24000/40457, 0.0046 s/frame
[residual] 25000/40457, 0.0046 s/frame
[residual] 26000/40457, 0.0046 s/frame
[residual] 27000/40457, 0.0046 s/frame
[residual] 28000/40457, 0.0046 s/frame
[residual] 29000/40457, 0.0046 s/frame
[residual] 30000/40457, 0.0046 s/frame
[residual] 31000/40457, 0.0046 s/frame
[residual] 32000/40457, 0.0046 s/frame
[residual] 33000/40457, 0.0046 s/frame
[residual] 34000/40457, 0.0046 s/frame
[residual] 35000/40457, 0.0046 s/frame
[residual] 36000/40457, 0.0046 s/frame
[residual] 37000/40457, 0.0046 s/frame
[residual] 38000/40457, 0.0046 s/frame
[residual] 39000/40457, 0.0046 s/frame
[residual] 40000/40457, 0.0046 s/frame
[all] RMSE=0.22614 CRPS=0.10147 spread/skill=0.810 cov90=0.818
[defined_blind] RMSE=0.37580 CRPS=0.15175 spread/skill=0.696 cov90=0.872
[density] spearman=+0.815 AUSE=0.224
[vx] spearman=+0.440 AUSE=0.412
[vy] spearman=+0.124 AUSE=0.625
[var] spearman=+0.594 AUSE=0.481
[runtime] 261.35s on Tesla V100-PCIE-32GB; failures=0
[out] methods/enkf/enkf_opt/experiments/outputs/blind_spatial_validation/atc-20130714_sp_b4.json
