[residual] 1000/35127, 0.0070 s/frame
[residual] 2000/35127, 0.0067 s/frame
[residual] 3000/35127, 0.0066 s/frame
[residual] 4000/35127, 0.0066 s/frame
[residual] 5000/35127, 0.0066 s/frame
[residual] 6000/35127, 0.0065 s/frame
[residual] 7000/35127, 0.0065 s/frame
[residual] 8000/35127, 0.0065 s/frame
[residual] 9000/35127, 0.0065 s/frame
[residual] 10000/35127, 0.0065 s/frame
[residual] 11000/35127, 0.0065 s/frame
[residual] 12000/35127, 0.0065 s/frame
[residual] 13000/35127, 0.0065 s/frame
[residual] 14000/35127, 0.0065 s/frame
[residual] 15000/35127, 0.0065 s/frame
[residual] 16000/35127, 0.0065 s/frame
[residual] 17000/35127, 0.0065 s/frame
[residual] 18000/35127, 0.0065 s/frame
[residual] 19000/35127, 0.0065 s/frame
[residual] 20000/35127, 0.0065 s/frame
[residual] 21000/35127, 0.0065 s/frame
[residual] 22000/35127, 0.0065 s/frame
[residual] 23000/35127, 0.0065 s/frame
[residual] 24000/35127, 0.0065 s/frame
[residual] 25000/35127, 0.0065 s/frame
[residual] 26000/35127, 0.0065 s/frame
[residual] 27000/35127, 0.0065 s/frame
[residual] 28000/35127, 0.0065 s/frame
[residual] 29000/35127, 0.0065 s/frame
[residual] 30000/35127, 0.0065 s/frame
[residual] 31000/35127, 0.0065 s/frame
[residual] 32000/35127, 0.0065 s/frame
[residual] 33000/35127, 0.0065 s/frame
[residual] 34000/35127, 0.0065 s/frame
[residual] 35000/35127, 0.0065 s/frame
[all] RMSE=0.20175 CRPS=0.09272 spread/skill=0.934 cov90=0.857
[defined_blind] RMSE=0.34439 CRPS=0.13522 spread/skill=0.636 cov90=0.878
[density] spearman=+0.827 AUSE=0.182
[vx] spearman=+0.388 AUSE=0.405
[vy] spearman=+0.067 AUSE=0.628
[var] spearman=+0.585 AUSE=0.511
[runtime] 300.15s on Tesla V100-SXM2-16GB; failures=0
[out] methods/enkf/enkf_opt/experiments/outputs/cross_localization_validation/atc-20130616_weak50.json
