[residual] 1000/38842, 0.0063 s/frame
[residual] 2000/38842, 0.0060 s/frame
[residual] 3000/38842, 0.0060 s/frame
[residual] 4000/38842, 0.0059 s/frame
[residual] 5000/38842, 0.0059 s/frame
[residual] 6000/38842, 0.0059 s/frame
[residual] 7000/38842, 0.0059 s/frame
[residual] 8000/38842, 0.0059 s/frame
[residual] 9000/38842, 0.0059 s/frame
[residual] 10000/38842, 0.0059 s/frame
[residual] 11000/38842, 0.0058 s/frame
[residual] 12000/38842, 0.0058 s/frame
[residual] 13000/38842, 0.0058 s/frame
[residual] 14000/38842, 0.0058 s/frame
[residual] 15000/38842, 0.0059 s/frame
[residual] 16000/38842, 0.0059 s/frame
[residual] 17000/38842, 0.0059 s/frame
[residual] 18000/38842, 0.0059 s/frame
[residual] 19000/38842, 0.0059 s/frame
[residual] 20000/38842, 0.0059 s/frame
[residual] 21000/38842, 0.0059 s/frame
[residual] 22000/38842, 0.0059 s/frame
[residual] 23000/38842, 0.0059 s/frame
[residual] 24000/38842, 0.0059 s/frame
[residual] 25000/38842, 0.0059 s/frame
[residual] 26000/38842, 0.0059 s/frame
[residual] 27000/38842, 0.0059 s/frame
[residual] 28000/38842, 0.0059 s/frame
[residual] 29000/38842, 0.0059 s/frame
[residual] 30000/38842, 0.0059 s/frame
[residual] 31000/38842, 0.0059 s/frame
[residual] 32000/38842, 0.0059 s/frame
[residual] 33000/38842, 0.0059 s/frame
[residual] 34000/38842, 0.0059 s/frame
[residual] 35000/38842, 0.0059 s/frame
[residual] 36000/38842, 0.0059 s/frame
[residual] 37000/38842, 0.0059 s/frame
[residual] 38000/38842, 0.0059 s/frame
[all] RMSE=0.22344 CRPS=0.09760 spread/skill=0.783 cov90=0.849
[defined_blind] RMSE=0.37077 CRPS=0.14894 spread/skill=0.510 cov90=0.804
[density] spearman=+0.861 AUSE=0.209
[vx] spearman=+0.447 AUSE=0.387
[vy] spearman=+0.078 AUSE=0.631
[var] spearman=+0.696 AUSE=0.360
[runtime] 308.94s on Tesla V100-SXM2-16GB; failures=0
[out] methods/enkf/enkf_opt/experiments/outputs/selected_test/atc-20130922_r15_rho80.json
