[residual] 1000/39821, 0.0073 s/frame
[residual] 2000/39821, 0.0070 s/frame
[residual] 3000/39821, 0.0069 s/frame
[residual] 4000/39821, 0.0069 s/frame
[residual] 5000/39821, 0.0069 s/frame
[residual] 6000/39821, 0.0069 s/frame
[residual] 7000/39821, 0.0068 s/frame
[residual] 8000/39821, 0.0068 s/frame
[residual] 9000/39821, 0.0069 s/frame
[residual] 10000/39821, 0.0069 s/frame
[residual] 11000/39821, 0.0069 s/frame
[residual] 12000/39821, 0.0069 s/frame
[residual] 13000/39821, 0.0069 s/frame
[residual] 14000/39821, 0.0069 s/frame
[residual] 15000/39821, 0.0068 s/frame
[residual] 16000/39821, 0.0068 s/frame
[residual] 17000/39821, 0.0068 s/frame
[residual] 18000/39821, 0.0068 s/frame
[residual] 19000/39821, 0.0068 s/frame
[residual] 20000/39821, 0.0068 s/frame
[residual] 21000/39821, 0.0068 s/frame
[residual] 22000/39821, 0.0068 s/frame
[residual] 23000/39821, 0.0068 s/frame
[residual] 24000/39821, 0.0068 s/frame
[residual] 25000/39821, 0.0068 s/frame
[residual] 26000/39821, 0.0068 s/frame
[residual] 27000/39821, 0.0068 s/frame
[residual] 28000/39821, 0.0068 s/frame
[residual] 29000/39821, 0.0068 s/frame
[residual] 30000/39821, 0.0068 s/frame
[residual] 31000/39821, 0.0068 s/frame
[residual] 32000/39821, 0.0068 s/frame
[residual] 33000/39821, 0.0068 s/frame
[residual] 34000/39821, 0.0068 s/frame
[residual] 35000/39821, 0.0068 s/frame
[residual] 36000/39821, 0.0068 s/frame
[residual] 37000/39821, 0.0068 s/frame
[residual] 38000/39821, 0.0068 s/frame
[residual] 39000/39821, 0.0068 s/frame
[all] RMSE=0.20661 CRPS=0.09506 spread/skill=0.843 cov90=0.819
[defined_blind] RMSE=0.32968 CRPS=0.13314 spread/skill=0.663 cov90=0.848
[density] spearman=+0.799 AUSE=0.232
[vx] spearman=+0.404 AUSE=0.443
[vy] spearman=+0.075 AUSE=0.696
[var] spearman=+0.610 AUSE=0.483
[runtime] 362.04s on Tesla V100-SXM2-16GB; failures=0
[out] methods/enkf/enkf_opt/experiments/outputs/log_density_test/atc-20130811_log15.json
