[gaussian] 1000/38842, 0.0065 s/frame
[gaussian] 2000/38842, 0.0063 s/frame
[gaussian] 3000/38842, 0.0062 s/frame
[gaussian] 4000/38842, 0.0062 s/frame
[gaussian] 5000/38842, 0.0062 s/frame
[gaussian] 6000/38842, 0.0062 s/frame
[gaussian] 7000/38842, 0.0062 s/frame
[gaussian] 8000/38842, 0.0061 s/frame
[gaussian] 9000/38842, 0.0061 s/frame
[gaussian] 10000/38842, 0.0061 s/frame
[gaussian] 11000/38842, 0.0061 s/frame
[gaussian] 12000/38842, 0.0061 s/frame
[gaussian] 13000/38842, 0.0061 s/frame
[gaussian] 14000/38842, 0.0061 s/frame
[gaussian] 15000/38842, 0.0061 s/frame
[gaussian] 16000/38842, 0.0061 s/frame
[gaussian] 17000/38842, 0.0061 s/frame
[gaussian] 18000/38842, 0.0061 s/frame
[gaussian] 19000/38842, 0.0061 s/frame
[gaussian] 20000/38842, 0.0061 s/frame
[gaussian] 21000/38842, 0.0061 s/frame
[gaussian] 22000/38842, 0.0061 s/frame
[gaussian] 23000/38842, 0.0061 s/frame
[gaussian] 24000/38842, 0.0061 s/frame
[gaussian] 25000/38842, 0.0061 s/frame
[gaussian] 26000/38842, 0.0061 s/frame
[gaussian] 27000/38842, 0.0061 s/frame
[gaussian] 28000/38842, 0.0061 s/frame
[gaussian] 29000/38842, 0.0061 s/frame
[gaussian] 30000/38842, 0.0061 s/frame
[gaussian] 31000/38842, 0.0061 s/frame
[gaussian] 32000/38842, 0.0061 s/frame
[gaussian] 33000/38842, 0.0061 s/frame
[gaussian] 34000/38842, 0.0061 s/frame
[gaussian] 35000/38842, 0.0061 s/frame
[gaussian] 36000/38842, 0.0061 s/frame
[gaussian] 37000/38842, 0.0061 s/frame
[gaussian] 38000/38842, 0.0061 s/frame
[all] RMSE=0.24416 CRPS=0.11444 spread/skill=0.616 cov90=0.789
[defined_blind] RMSE=0.36918 CRPS=0.16829 spread/skill=0.270 cov90=0.496
[density] spearman=+0.722 AUSE=0.485
[vx] spearman=-0.176 AUSE=1.114
[vy] spearman=-0.106 AUSE=1.054
[var] spearman=+0.796 AUSE=0.303
[runtime] 318.91s on Tesla V100-SXM2-16GB; failures=0
[out] methods/enkf/enkf_opt/experiments/outputs/selected_test/atc-20130922_g1.json
