[residual] 1000/35127, 0.0069 s/frame
[residual] 2000/35127, 0.0066 s/frame
[residual] 3000/35127, 0.0065 s/frame
[residual] 4000/35127, 0.0065 s/frame
[residual] 5000/35127, 0.0064 s/frame
[residual] 6000/35127, 0.0064 s/frame
[residual] 7000/35127, 0.0064 s/frame
[residual] 8000/35127, 0.0064 s/frame
[residual] 9000/35127, 0.0064 s/frame
[residual] 10000/35127, 0.0064 s/frame
[residual] 11000/35127, 0.0064 s/frame
[residual] 12000/35127, 0.0064 s/frame
[residual] 13000/35127, 0.0064 s/frame
[residual] 14000/35127, 0.0064 s/frame
[residual] 15000/35127, 0.0064 s/frame
[residual] 16000/35127, 0.0064 s/frame
[residual] 17000/35127, 0.0064 s/frame
[residual] 18000/35127, 0.0064 s/frame
[residual] 19000/35127, 0.0064 s/frame
[residual] 20000/35127, 0.0064 s/frame
[residual] 21000/35127, 0.0064 s/frame
[residual] 22000/35127, 0.0064 s/frame
[residual] 23000/35127, 0.0064 s/frame
[residual] 24000/35127, 0.0064 s/frame
[residual] 25000/35127, 0.0064 s/frame
[residual] 26000/35127, 0.0064 s/frame
[residual] 27000/35127, 0.0064 s/frame
[residual] 28000/35127, 0.0064 s/frame
[residual] 29000/35127, 0.0064 s/frame
[residual] 30000/35127, 0.0064 s/frame
[residual] 31000/35127, 0.0064 s/frame
[residual] 32000/35127, 0.0064 s/frame
[residual] 33000/35127, 0.0064 s/frame
[residual] 34000/35127, 0.0064 s/frame
[residual] 35000/35127, 0.0064 s/frame
[all] RMSE=0.21009 CRPS=0.09391 spread/skill=0.755 cov90=0.802
[defined_blind] RMSE=0.34673 CRPS=0.14036 spread/skill=0.502 cov90=0.758
[density] spearman=+0.819 AUSE=0.228
[vx] spearman=+0.410 AUSE=0.417
[vy] spearman=+0.071 AUSE=0.643
[var] spearman=+0.613 AUSE=0.495
[runtime] 305.67s on Tesla V100-SXM2-32GB; failures=0
[out] methods/enkf/enkf_opt/experiments/outputs/channel_sweep/atc-20130616_var075.json
