[residual] 1000/38885, 0.0068 s/frame
[residual] 2000/38885, 0.0065 s/frame
[residual] 3000/38885, 0.0064 s/frame
[residual] 4000/38885, 0.0064 s/frame
[residual] 5000/38885, 0.0063 s/frame
[residual] 6000/38885, 0.0063 s/frame
[residual] 7000/38885, 0.0063 s/frame
[residual] 8000/38885, 0.0063 s/frame
[residual] 9000/38885, 0.0063 s/frame
[residual] 10000/38885, 0.0063 s/frame
[residual] 11000/38885, 0.0063 s/frame
[residual] 12000/38885, 0.0063 s/frame
[residual] 13000/38885, 0.0063 s/frame
[residual] 14000/38885, 0.0063 s/frame
[residual] 15000/38885, 0.0063 s/frame
[residual] 16000/38885, 0.0063 s/frame
[residual] 17000/38885, 0.0063 s/frame
[residual] 18000/38885, 0.0063 s/frame
[residual] 19000/38885, 0.0063 s/frame
[residual] 20000/38885, 0.0063 s/frame
[residual] 21000/38885, 0.0063 s/frame
[residual] 22000/38885, 0.0063 s/frame
[residual] 23000/38885, 0.0063 s/frame
[residual] 24000/38885, 0.0063 s/frame
[residual] 25000/38885, 0.0063 s/frame
[residual] 26000/38885, 0.0063 s/frame
[residual] 27000/38885, 0.0063 s/frame
[residual] 28000/38885, 0.0063 s/frame
[residual] 29000/38885, 0.0063 s/frame
[residual] 30000/38885, 0.0063 s/frame
[residual] 31000/38885, 0.0063 s/frame
[residual] 32000/38885, 0.0063 s/frame
[residual] 33000/38885, 0.0063 s/frame
[residual] 34000/38885, 0.0063 s/frame
[residual] 35000/38885, 0.0062 s/frame
[residual] 36000/38885, 0.0062 s/frame
[residual] 37000/38885, 0.0062 s/frame
[residual] 38000/38885, 0.0062 s/frame
[all] RMSE=0.22740 CRPS=0.10234 spread/skill=0.506 cov90=0.671
[defined_blind] RMSE=0.37196 CRPS=0.17294 spread/skill=0.397 cov90=0.542
[density] spearman=+0.819 AUSE=0.255
[vx] spearman=+0.436 AUSE=0.414
[vy] spearman=+0.121 AUSE=0.647
[var] spearman=+0.620 AUSE=0.475
[runtime] 318.78s on Tesla V100-SXM2-16GB; failures=0
[out] methods/enkf/enkf_opt/experiments/outputs/fullseq7_gpu/atc-20130818_residual_s1.json
