[residual] 1000/38842, 0.0060 s/frame
[residual] 2000/38842, 0.0058 s/frame
[residual] 3000/38842, 0.0057 s/frame
[residual] 4000/38842, 0.0057 s/frame
[residual] 5000/38842, 0.0057 s/frame
[residual] 6000/38842, 0.0057 s/frame
[residual] 7000/38842, 0.0057 s/frame
[residual] 8000/38842, 0.0057 s/frame
[residual] 9000/38842, 0.0056 s/frame
[residual] 10000/38842, 0.0056 s/frame
[residual] 11000/38842, 0.0056 s/frame
[residual] 12000/38842, 0.0056 s/frame
[residual] 13000/38842, 0.0056 s/frame
[residual] 14000/38842, 0.0056 s/frame
[residual] 15000/38842, 0.0056 s/frame
[residual] 16000/38842, 0.0056 s/frame
[residual] 17000/38842, 0.0056 s/frame
[residual] 18000/38842, 0.0056 s/frame
[residual] 19000/38842, 0.0056 s/frame
[residual] 20000/38842, 0.0056 s/frame
[residual] 21000/38842, 0.0056 s/frame
[residual] 22000/38842, 0.0056 s/frame
[residual] 23000/38842, 0.0056 s/frame
[residual] 24000/38842, 0.0056 s/frame
[residual] 25000/38842, 0.0056 s/frame
[residual] 26000/38842, 0.0056 s/frame
[residual] 27000/38842, 0.0056 s/frame
[residual] 28000/38842, 0.0056 s/frame
[residual] 29000/38842, 0.0056 s/frame
[residual] 30000/38842, 0.0056 s/frame
[residual] 31000/38842, 0.0056 s/frame
[residual] 32000/38842, 0.0056 s/frame
[residual] 33000/38842, 0.0056 s/frame
[residual] 34000/38842, 0.0056 s/frame
[residual] 35000/38842, 0.0056 s/frame
[residual] 36000/38842, 0.0056 s/frame
[residual] 37000/38842, 0.0056 s/frame
[residual] 38000/38842, 0.0056 s/frame
[all] RMSE=0.21853 CRPS=0.09674 spread/skill=0.807 cov90=0.828
[defined_blind] RMSE=0.36858 CRPS=0.14249 spread/skill=0.630 cov90=0.888
[density] spearman=+0.811 AUSE=0.216
[vx] spearman=+0.424 AUSE=0.411
[vy] spearman=+0.080 AUSE=0.650
[var] spearman=+0.609 AUSE=0.474
[runtime] 361.96s on Tesla V100-SXM2-32GB; failures=0
[out] methods/enkf/enkf_opt/experiments/outputs/density_calibration_test/atc-20130922_sp_b2_dcal.json
