[residual] 1000/39758, 0.0042 s/frame
[residual] 2000/39758, 0.0040 s/frame
[residual] 3000/39758, 0.0039 s/frame
[residual] 4000/39758, 0.0038 s/frame
[residual] 5000/39758, 0.0038 s/frame
[residual] 6000/39758, 0.0038 s/frame
[residual] 7000/39758, 0.0038 s/frame
[residual] 8000/39758, 0.0038 s/frame
[residual] 9000/39758, 0.0038 s/frame
[residual] 10000/39758, 0.0038 s/frame
[residual] 11000/39758, 0.0038 s/frame
[residual] 12000/39758, 0.0038 s/frame
[residual] 13000/39758, 0.0038 s/frame
[residual] 14000/39758, 0.0038 s/frame
[residual] 15000/39758, 0.0037 s/frame
[residual] 16000/39758, 0.0037 s/frame
[residual] 17000/39758, 0.0037 s/frame
[residual] 18000/39758, 0.0037 s/frame
[residual] 19000/39758, 0.0037 s/frame
[residual] 20000/39758, 0.0037 s/frame
[residual] 21000/39758, 0.0037 s/frame
[residual] 22000/39758, 0.0037 s/frame
[residual] 23000/39758, 0.0037 s/frame
[residual] 24000/39758, 0.0037 s/frame
[residual] 25000/39758, 0.0037 s/frame
[residual] 26000/39758, 0.0037 s/frame
[residual] 27000/39758, 0.0037 s/frame
[residual] 28000/39758, 0.0037 s/frame
[residual] 29000/39758, 0.0037 s/frame
[residual] 30000/39758, 0.0037 s/frame
[residual] 31000/39758, 0.0037 s/frame
[residual] 32000/39758, 0.0037 s/frame
[residual] 33000/39758, 0.0037 s/frame
[residual] 34000/39758, 0.0037 s/frame
[residual] 35000/39758, 0.0037 s/frame
[residual] 36000/39758, 0.0037 s/frame
[residual] 37000/39758, 0.0037 s/frame
[residual] 38000/39758, 0.0037 s/frame
[residual] 39000/39758, 0.0037 s/frame
[all] RMSE=0.22572 CRPS=0.09987 spread/skill=0.509 cov90=0.679
[defined_blind] RMSE=0.37431 CRPS=0.16929 spread/skill=0.380 cov90=0.543
[density] spearman=+0.817 AUSE=0.239
[vx] spearman=+0.426 AUSE=0.404
[vy] spearman=+0.099 AUSE=0.636
[var] spearman=+0.625 AUSE=0.524
[runtime] 220.94s on Tesla V100-PCIE-32GB; failures=0
[out] methods/enkf/enkf_opt/experiments/outputs/selected_test/atc-20130901_r1.json
