[residual] 1000/42890, 0.0075 s/frame
[residual] 2000/42890, 0.0072 s/frame
[residual] 3000/42890, 0.0071 s/frame
[residual] 4000/42890, 0.0071 s/frame
[residual] 5000/42890, 0.0071 s/frame
[residual] 6000/42890, 0.0071 s/frame
[residual] 7000/42890, 0.0070 s/frame
[residual] 8000/42890, 0.0070 s/frame
[residual] 9000/42890, 0.0070 s/frame
[residual] 10000/42890, 0.0070 s/frame
[residual] 11000/42890, 0.0070 s/frame
[residual] 12000/42890, 0.0070 s/frame
[residual] 13000/42890, 0.0070 s/frame
[residual] 14000/42890, 0.0070 s/frame
[residual] 15000/42890, 0.0070 s/frame
[residual] 16000/42890, 0.0070 s/frame
[residual] 17000/42890, 0.0070 s/frame
[residual] 18000/42890, 0.0070 s/frame
[residual] 19000/42890, 0.0070 s/frame
[residual] 20000/42890, 0.0070 s/frame
[residual] 21000/42890, 0.0070 s/frame
[residual] 22000/42890, 0.0070 s/frame
[residual] 23000/42890, 0.0070 s/frame
[residual] 24000/42890, 0.0070 s/frame
[residual] 25000/42890, 0.0070 s/frame
[residual] 26000/42890, 0.0070 s/frame
[residual] 27000/42890, 0.0070 s/frame
[residual] 28000/42890, 0.0070 s/frame
[residual] 29000/42890, 0.0070 s/frame
[residual] 30000/42890, 0.0070 s/frame
[residual] 31000/42890, 0.0070 s/frame
[residual] 32000/42890, 0.0070 s/frame
[residual] 33000/42890, 0.0070 s/frame
[residual] 34000/42890, 0.0070 s/frame
[residual] 35000/42890, 0.0070 s/frame
[residual] 36000/42890, 0.0070 s/frame
[residual] 37000/42890, 0.0070 s/frame
[residual] 38000/42890, 0.0070 s/frame
[residual] 39000/42890, 0.0070 s/frame
[residual] 40000/42890, 0.0070 s/frame
[residual] 41000/42890, 0.0070 s/frame
[residual] 42000/42890, 0.0070 s/frame
[all] RMSE=0.22278 CRPS=0.09923 spread/skill=0.784 cov90=0.815
[defined_blind] RMSE=0.37073 CRPS=0.14853 spread/skill=0.613 cov90=0.842
[density] spearman=+0.818 AUSE=0.184
[vx] spearman=+0.428 AUSE=0.415
[vy] spearman=+0.093 AUSE=0.651
[var] spearman=+0.602 AUSE=0.482
[runtime] 401.3s on Tesla V100-SXM2-16GB; failures=0
[out] methods/enkf/enkf_opt/experiments/outputs/log_density_test/atc-20130825_log15.json
