[residual] 1000/35127, 0.0064 s/frame
[residual] 2000/35127, 0.0062 s/frame
[residual] 3000/35127, 0.0061 s/frame
[residual] 4000/35127, 0.0061 s/frame
[residual] 5000/35127, 0.0061 s/frame
[residual] 6000/35127, 0.0061 s/frame
[residual] 7000/35127, 0.0060 s/frame
[residual] 8000/35127, 0.0060 s/frame
[residual] 9000/35127, 0.0060 s/frame
[residual] 10000/35127, 0.0060 s/frame
[residual] 11000/35127, 0.0060 s/frame
[residual] 12000/35127, 0.0060 s/frame
[residual] 13000/35127, 0.0060 s/frame
[residual] 14000/35127, 0.0060 s/frame
[residual] 15000/35127, 0.0060 s/frame
[residual] 16000/35127, 0.0060 s/frame
[residual] 17000/35127, 0.0060 s/frame
[residual] 18000/35127, 0.0060 s/frame
[residual] 19000/35127, 0.0060 s/frame
[residual] 20000/35127, 0.0060 s/frame
[residual] 21000/35127, 0.0060 s/frame
[residual] 22000/35127, 0.0060 s/frame
[residual] 23000/35127, 0.0060 s/frame
[residual] 24000/35127, 0.0060 s/frame
[residual] 25000/35127, 0.0060 s/frame
[residual] 26000/35127, 0.0060 s/frame
[residual] 27000/35127, 0.0060 s/frame
[residual] 28000/35127, 0.0060 s/frame
[residual] 29000/35127, 0.0060 s/frame
[residual] 30000/35127, 0.0060 s/frame
[residual] 31000/35127, 0.0060 s/frame
[residual] 32000/35127, 0.0060 s/frame
[residual] 33000/35127, 0.0060 s/frame
[residual] 34000/35127, 0.0060 s/frame
[residual] 35000/35127, 0.0060 s/frame
[all] RMSE=0.21241 CRPS=0.09611 spread/skill=0.821 cov90=0.820
[defined_blind] RMSE=0.34958 CRPS=0.13755 spread/skill=0.610 cov90=0.844
[density] spearman=+0.808 AUSE=0.201
[vx] spearman=+0.407 AUSE=0.428
[vy] spearman=+0.081 AUSE=0.654
[var] spearman=+0.608 AUSE=0.489
[runtime] 293.77s on Tesla V100-SXM2-32GB; failures=0
[out] methods/enkf/enkf_opt/experiments/outputs/log_density_calibration_validation/atc-20130616_grid.json
