[residual] 1000/35127, 0.0068 s/frame
[residual] 2000/35127, 0.0066 s/frame
[residual] 3000/35127, 0.0065 s/frame
[residual] 4000/35127, 0.0065 s/frame
[residual] 5000/35127, 0.0065 s/frame
[residual] 6000/35127, 0.0065 s/frame
[residual] 7000/35127, 0.0065 s/frame
[residual] 8000/35127, 0.0064 s/frame
[residual] 9000/35127, 0.0064 s/frame
[residual] 10000/35127, 0.0064 s/frame
[residual] 11000/35127, 0.0064 s/frame
[residual] 12000/35127, 0.0064 s/frame
[residual] 13000/35127, 0.0064 s/frame
[residual] 14000/35127, 0.0064 s/frame
[residual] 15000/35127, 0.0064 s/frame
[residual] 16000/35127, 0.0064 s/frame
[residual] 17000/35127, 0.0064 s/frame
[residual] 18000/35127, 0.0064 s/frame
[residual] 19000/35127, 0.0064 s/frame
[residual] 20000/35127, 0.0064 s/frame
[residual] 21000/35127, 0.0064 s/frame
[residual] 22000/35127, 0.0064 s/frame
[residual] 23000/35127, 0.0064 s/frame
[residual] 24000/35127, 0.0064 s/frame
[residual] 25000/35127, 0.0064 s/frame
[residual] 26000/35127, 0.0064 s/frame
[residual] 27000/35127, 0.0064 s/frame
[residual] 28000/35127, 0.0064 s/frame
[residual] 29000/35127, 0.0064 s/frame
[residual] 30000/35127, 0.0064 s/frame
[residual] 31000/35127, 0.0064 s/frame
[residual] 32000/35127, 0.0064 s/frame
[residual] 33000/35127, 0.0064 s/frame
[residual] 34000/35127, 0.0064 s/frame
[residual] 35000/35127, 0.0064 s/frame
[all] RMSE=0.19926 CRPS=0.09338 spread/skill=1.030 cov90=0.882
[defined_blind] RMSE=0.34323 CRPS=0.13443 spread/skill=0.659 cov90=0.903
[density] spearman=+0.851 AUSE=0.176
[vx] spearman=+0.382 AUSE=0.398
[vy] spearman=+0.080 AUSE=0.604
[var] spearman=+0.566 AUSE=0.528
[runtime] 297.81s on Tesla V100-SXM2-16GB; failures=0
[out] methods/enkf/enkf_opt/experiments/outputs/cross_localization_validation/atc-20130616_physics.json
