[residual] 1000/35127, 0.0072 s/frame
[residual] 2000/35127, 0.0070 s/frame
[residual] 3000/35127, 0.0069 s/frame
[residual] 4000/35127, 0.0069 s/frame
[residual] 5000/35127, 0.0068 s/frame
[residual] 6000/35127, 0.0068 s/frame
[residual] 7000/35127, 0.0068 s/frame
[residual] 8000/35127, 0.0068 s/frame
[residual] 9000/35127, 0.0068 s/frame
[residual] 10000/35127, 0.0068 s/frame
[residual] 11000/35127, 0.0068 s/frame
[residual] 12000/35127, 0.0068 s/frame
[residual] 13000/35127, 0.0068 s/frame
[residual] 14000/35127, 0.0068 s/frame
[residual] 15000/35127, 0.0068 s/frame
[residual] 16000/35127, 0.0068 s/frame
[residual] 17000/35127, 0.0068 s/frame
[residual] 18000/35127, 0.0068 s/frame
[residual] 19000/35127, 0.0068 s/frame
[residual] 20000/35127, 0.0068 s/frame
[residual] 21000/35127, 0.0068 s/frame
[residual] 22000/35127, 0.0068 s/frame
[residual] 23000/35127, 0.0068 s/frame
[residual] 24000/35127, 0.0068 s/frame
[residual] 25000/35127, 0.0068 s/frame
[residual] 26000/35127, 0.0068 s/frame
[residual] 27000/35127, 0.0068 s/frame
[residual] 28000/35127, 0.0068 s/frame
[residual] 29000/35127, 0.0068 s/frame
[residual] 30000/35127, 0.0068 s/frame
[residual] 31000/35127, 0.0068 s/frame
[residual] 32000/35127, 0.0068 s/frame
[residual] 33000/35127, 0.0068 s/frame
[residual] 34000/35127, 0.0068 s/frame
[residual] 35000/35127, 0.0068 s/frame
[all] RMSE=0.20014 CRPS=0.09457 spread/skill=1.071 cov90=0.891
[defined_blind] RMSE=0.34383 CRPS=0.13453 spread/skill=0.670 cov90=0.913
[density] spearman=+0.857 AUSE=0.177
[vx] spearman=+0.388 AUSE=0.394
[vy] spearman=+0.088 AUSE=0.596
[var] spearman=+0.562 AUSE=0.532
[runtime] 310.29s on Tesla V100-SXM2-16GB; failures=0
[out] methods/enkf/enkf_opt/experiments/outputs/cross_localization_validation/atc-20130616_diag.json
