[residual] 1000/36979, 0.0071 s/frame
[residual] 2000/36979, 0.0069 s/frame
[residual] 3000/36979, 0.0068 s/frame
[residual] 4000/36979, 0.0068 s/frame
[residual] 5000/36979, 0.0068 s/frame
[residual] 6000/36979, 0.0068 s/frame
[residual] 7000/36979, 0.0068 s/frame
[residual] 8000/36979, 0.0068 s/frame
[residual] 9000/36979, 0.0068 s/frame
[residual] 10000/36979, 0.0067 s/frame
[residual] 11000/36979, 0.0067 s/frame
[residual] 12000/36979, 0.0067 s/frame
[residual] 13000/36979, 0.0067 s/frame
[residual] 14000/36979, 0.0067 s/frame
[residual] 15000/36979, 0.0067 s/frame
[residual] 16000/36979, 0.0067 s/frame
[residual] 17000/36979, 0.0067 s/frame
[residual] 18000/36979, 0.0067 s/frame
[residual] 19000/36979, 0.0067 s/frame
[residual] 20000/36979, 0.0067 s/frame
[residual] 21000/36979, 0.0067 s/frame
[residual] 22000/36979, 0.0067 s/frame
[residual] 23000/36979, 0.0067 s/frame
[residual] 24000/36979, 0.0067 s/frame
[residual] 25000/36979, 0.0067 s/frame
[residual] 26000/36979, 0.0067 s/frame
[residual] 27000/36979, 0.0067 s/frame
[residual] 28000/36979, 0.0067 s/frame
[residual] 29000/36979, 0.0067 s/frame
[residual] 30000/36979, 0.0067 s/frame
[residual] 31000/36979, 0.0067 s/frame
[residual] 32000/36979, 0.0067 s/frame
[residual] 33000/36979, 0.0067 s/frame
[residual] 34000/36979, 0.0067 s/frame
[residual] 35000/36979, 0.0067 s/frame
[residual] 36000/36979, 0.0067 s/frame
[all] RMSE=0.21389 CRPS=0.09721 spread/skill=0.843 cov90=0.827
[defined_blind] RMSE=0.34652 CRPS=0.14387 spread/skill=0.537 cov90=0.733
[density] spearman=+0.782 AUSE=0.222
[vx] spearman=+0.438 AUSE=0.395
[vy] spearman=+0.099 AUSE=0.650
[var] spearman=+0.413 AUSE=0.559
[runtime] 325.48s on Tesla V100-SXM2-16GB; failures=0
[out] methods/enkf/enkf_opt/experiments/outputs/validation_sweep/atc-20130728_r15_rt25.json
