[gaussian] 1000/40457, 0.0063 s/frame
[gaussian] 2000/40457, 0.0062 s/frame
[gaussian] 3000/40457, 0.0061 s/frame
[gaussian] 4000/40457, 0.0061 s/frame
[gaussian] 5000/40457, 0.0061 s/frame
[gaussian] 6000/40457, 0.0061 s/frame
[gaussian] 7000/40457, 0.0061 s/frame
[gaussian] 8000/40457, 0.0061 s/frame
[gaussian] 9000/40457, 0.0061 s/frame
[gaussian] 10000/40457, 0.0061 s/frame
[gaussian] 11000/40457, 0.0060 s/frame
[gaussian] 12000/40457, 0.0060 s/frame
[gaussian] 13000/40457, 0.0060 s/frame
[gaussian] 14000/40457, 0.0060 s/frame
[gaussian] 15000/40457, 0.0060 s/frame
[gaussian] 16000/40457, 0.0060 s/frame
[gaussian] 17000/40457, 0.0060 s/frame
[gaussian] 18000/40457, 0.0060 s/frame
[gaussian] 19000/40457, 0.0060 s/frame
[gaussian] 20000/40457, 0.0060 s/frame
[gaussian] 21000/40457, 0.0060 s/frame
[gaussian] 22000/40457, 0.0060 s/frame
[gaussian] 23000/40457, 0.0060 s/frame
[gaussian] 24000/40457, 0.0060 s/frame
[gaussian] 25000/40457, 0.0060 s/frame
[gaussian] 26000/40457, 0.0060 s/frame
[gaussian] 27000/40457, 0.0060 s/frame
[gaussian] 28000/40457, 0.0060 s/frame
[gaussian] 29000/40457, 0.0060 s/frame
[gaussian] 30000/40457, 0.0060 s/frame
[gaussian] 31000/40457, 0.0060 s/frame
[gaussian] 32000/40457, 0.0060 s/frame
[gaussian] 33000/40457, 0.0060 s/frame
[gaussian] 34000/40457, 0.0060 s/frame
[gaussian] 35000/40457, 0.0060 s/frame
[gaussian] 36000/40457, 0.0060 s/frame
[gaussian] 37000/40457, 0.0060 s/frame
[gaussian] 38000/40457, 0.0060 s/frame
[gaussian] 39000/40457, 0.0060 s/frame
[gaussian] 40000/40457, 0.0060 s/frame
[all] RMSE=0.24949 CRPS=0.11806 spread/skill=0.603 cov90=0.778
[defined_blind] RMSE=0.37416 CRPS=0.17573 spread/skill=0.289 cov90=0.497
[density] spearman=+0.716 AUSE=0.475
[vx] spearman=-0.168 AUSE=1.109
[vy] spearman=-0.112 AUSE=1.070
[var] spearman=+0.790 AUSE=0.308
[runtime] 329.11s on Tesla V100-SXM2-16GB; failures=0
[out] methods/enkf/enkf_opt/experiments/outputs/validation_sweep/atc-20130714_g1.json
