[residual] 1000/37964, 0.0048 s/frame
[residual] 2000/37964, 0.0046 s/frame
[residual] 3000/37964, 0.0045 s/frame
[residual] 4000/37964, 0.0045 s/frame
[residual] 5000/37964, 0.0044 s/frame
[residual] 6000/37964, 0.0044 s/frame
[residual] 7000/37964, 0.0044 s/frame
[residual] 8000/37964, 0.0044 s/frame
[residual] 9000/37964, 0.0044 s/frame
[residual] 10000/37964, 0.0044 s/frame
[residual] 11000/37964, 0.0044 s/frame
[residual] 12000/37964, 0.0044 s/frame
[residual] 13000/37964, 0.0043 s/frame
[residual] 14000/37964, 0.0043 s/frame
[residual] 15000/37964, 0.0043 s/frame
[residual] 16000/37964, 0.0043 s/frame
[residual] 17000/37964, 0.0043 s/frame
[residual] 18000/37964, 0.0043 s/frame
[residual] 19000/37964, 0.0043 s/frame
[residual] 20000/37964, 0.0043 s/frame
[residual] 21000/37964, 0.0043 s/frame
[residual] 22000/37964, 0.0043 s/frame
[residual] 23000/37964, 0.0043 s/frame
[residual] 24000/37964, 0.0043 s/frame
[residual] 25000/37964, 0.0043 s/frame
[residual] 26000/37964, 0.0043 s/frame
[residual] 27000/37964, 0.0043 s/frame
[residual] 28000/37964, 0.0043 s/frame
[residual] 29000/37964, 0.0043 s/frame
[residual] 30000/37964, 0.0043 s/frame
[residual] 31000/37964, 0.0043 s/frame
[residual] 32000/37964, 0.0043 s/frame
[residual] 33000/37964, 0.0043 s/frame
[residual] 34000/37964, 0.0043 s/frame
[residual] 35000/37964, 0.0043 s/frame
[residual] 36000/37964, 0.0043 s/frame
[residual] 37000/37964, 0.0043 s/frame
[all] RMSE=0.23739 CRPS=0.10365 spread/skill=0.760 cov90=0.817
[defined_blind] RMSE=0.39334 CRPS=0.16536 spread/skill=0.504 cov90=0.708
[density] spearman=+0.797 AUSE=0.214
[vx] spearman=+0.493 AUSE=0.361
[vy] spearman=+0.138 AUSE=0.611
[var] spearman=+0.418 AUSE=0.553
[runtime] 233.5s on Tesla V100-PCIE-32GB; failures=0
[out] methods/enkf/enkf_opt/experiments/outputs/selected_test/atc-20130929_r15_rt25.json
