[residual] 1000/5000, 0.0073 s/frame
[residual] 2000/5000, 0.0071 s/frame
[residual] 3000/5000, 0.0071 s/frame
[residual] 4000/5000, 0.0070 s/frame
[all] RMSE=0.20239 CRPS=0.09235 spread/skill=1.006 cov90=0.883
[defined_blind] RMSE=0.36084 CRPS=0.13250 spread/skill=0.582 cov90=0.903
[density] spearman=+0.848 AUSE=0.186
[vx] spearman=+0.379 AUSE=0.383
[vy] spearman=+0.048 AUSE=0.598
[var] spearman=+0.565 AUSE=0.555
[runtime] 44.26s on Tesla V100-SXM2-16GB; failures=0
[out] methods/enkf/enkf_opt/experiments/outputs/spread_mlp_smoke/atc-20130616_physics.json
[residual] 1000/5000, 0.0074 s/frame
[residual] 2000/5000, 0.0071 s/frame
[residual] 3000/5000, 0.0071 s/frame
[residual] 4000/5000, 0.0070 s/frame
[all] RMSE=0.17240 CRPS=0.08247 spread/skill=1.166 cov90=0.896
[defined_blind] RMSE=0.29911 CRPS=0.08977 spread/skill=0.485 cov90=0.927
[density] spearman=+0.858 AUSE=0.175
[vx] spearman=+0.305 AUSE=0.428
[vy] spearman=-0.051 AUSE=0.652
[var] spearman=+0.580 AUSE=0.543
[runtime] 43.8s on Tesla V100-SXM2-16GB; failures=0
[out] methods/enkf/enkf_opt/experiments/outputs/spread_mlp_smoke/atc-20130623_physics.json
[residual] 1000/5000, 0.0077 s/frame
[residual] 2000/5000, 0.0073 s/frame
[residual] 3000/5000, 0.0073 s/frame
[residual] 4000/5000, 0.0072 s/frame
[all] RMSE=0.16153 CRPS=0.08046 spread/skill=1.247 cov90=0.899
[defined_blind] RMSE=0.27661 CRPS=0.08092 spread/skill=0.490 cov90=0.934
[density] spearman=+0.864 AUSE=0.166
[vx] spearman=+0.278 AUSE=0.444
[vy] spearman=-0.090 AUSE=0.711
[var] spearman=+0.604 AUSE=0.493
[runtime] 44.77s on Tesla V100-SXM2-16GB; failures=0
[out] methods/enkf/enkf_opt/experiments/outputs/spread_mlp_smoke/atc-20130630_physics.json
epoch=01 train=0.207823 val_crps=0.185484
epoch=02 train=0.206438 val_crps=0.184741
epoch=03 train=0.205713 val_crps=0.184279
epoch=04 train=0.205489 val_crps=0.184076
epoch=05 train=0.205434 val_crps=0.184100
epoch=06 train=0.205377 val_crps=0.184134
epoch=07 train=0.205396 val_crps=0.184050
epoch=08 train=0.205331 val_crps=0.183997
epoch=09 train=0.205307 val_crps=0.183957
epoch=10 train=0.205255 val_crps=0.183960
epoch=11 train=0.205248 val_crps=0.183972
epoch=12 train=0.205246 val_crps=0.183995
epoch=13 train=0.205279 val_crps=0.184081
epoch=14 train=0.205230 val_crps=0.183909
epoch=15 train=0.205233 val_crps=0.183954
epoch=16 train=0.205241 val_crps=0.183954
epoch=17 train=0.205235 val_crps=0.183928
epoch=18 train=0.205207 val_crps=0.183880
epoch=19 train=0.205179 val_crps=0.183924
epoch=20 train=0.205157 val_crps=0.183870
epoch=21 train=0.205157 val_crps=0.183900
epoch=22 train=0.205181 val_crps=0.183795
epoch=23 train=0.205177 val_crps=0.183817
epoch=24 train=0.205153 val_crps=0.183849
epoch=25 train=0.205131 val_crps=0.183812
epoch=26 train=0.205165 val_crps=0.183883
epoch=27 train=0.205159 val_crps=0.183819
epoch=28 train=0.205103 val_crps=0.183820
epoch=29 train=0.205102 val_crps=0.183911
epoch=30 train=0.205108 val_crps=0.183839
{
  "raw": {
    "n": 314293,
    "crps": 0.19126954674720764,
    "spread_skill": 0.605586051940918,
    "coverage": {
      "10": 0.030232935509222285,
      "20": 0.06621528319116239,
      "30": 0.12278351729119007,
      "40": 0.2505751003044929,
      "50": 0.45755075677791107,
      "60": 0.5948875730608063,
      "70": 0.6955675118440436,
      "80": 0.7973165167534753,
      "90": 0.9004909431644994
    },
    "reliability_mae": 0.06504019427024396
  },
  "calibrated": {
    "n": 314293,
    "crps": 0.18379488587379456,
    "spread_skill": 0.724053144454956,
    "coverage": {
      "10": 0.030080211776908807,
      "20": 0.06496803937726899,
      "30": 0.11003744913186103,
      "40": 0.17511048607509552,
      "50": 0.3030547928207119,
      "60": 0.6321458002564486,
      "70": 0.8337952165654342,
      "80": 0.9276980397272608,
      "90": 0.9691307156061382
    },
    "reliability_mae": 0.13105764366371508
  },
  "scale": {
    "mean": 1.0894744396209717,
    "p05": 0.6174429655075073,
    "p50": 1.0536974668502808,
    "p95": 1.6620293855667114
  }
}
