epoch=01 train=0.208773 val_crps=0.185730 val_rel=0.009177
epoch=02 train=0.207445 val_crps=0.185108 val_rel=0.010655
epoch=03 train=0.206985 val_crps=0.184746 val_rel=0.012175
epoch=04 train=0.206751 val_crps=0.184459 val_rel=0.012003
epoch=05 train=0.206695 val_crps=0.184451 val_rel=0.012183
epoch=06 train=0.206630 val_crps=0.184470 val_rel=0.012661
epoch=07 train=0.206645 val_crps=0.184399 val_rel=0.012390
epoch=08 train=0.206577 val_crps=0.184309 val_rel=0.012739
epoch=09 train=0.206548 val_crps=0.184250 val_rel=0.012650
epoch=10 train=0.206495 val_crps=0.184291 val_rel=0.012551
epoch=11 train=0.206482 val_crps=0.184287 val_rel=0.012170
epoch=12 train=0.206482 val_crps=0.184353 val_rel=0.012531
epoch=13 train=0.206516 val_crps=0.184420 val_rel=0.012808
epoch=14 train=0.206466 val_crps=0.184271 val_rel=0.012566
epoch=15 train=0.206470 val_crps=0.184292 val_rel=0.012166
epoch=16 train=0.206478 val_crps=0.184279 val_rel=0.012638
epoch=17 train=0.206475 val_crps=0.184277 val_rel=0.012380
epoch=18 train=0.206451 val_crps=0.184247 val_rel=0.012238
epoch=19 train=0.206424 val_crps=0.184255 val_rel=0.012416
epoch=20 train=0.206409 val_crps=0.184223 val_rel=0.012388
epoch=21 train=0.206409 val_crps=0.184262 val_rel=0.012373
epoch=22 train=0.206439 val_crps=0.184191 val_rel=0.012258
epoch=23 train=0.206437 val_crps=0.184215 val_rel=0.012124
epoch=24 train=0.206418 val_crps=0.184209 val_rel=0.012531
epoch=25 train=0.206400 val_crps=0.184195 val_rel=0.012389
epoch=26 train=0.206439 val_crps=0.184242 val_rel=0.012554
epoch=27 train=0.206440 val_crps=0.184195 val_rel=0.012213
epoch=28 train=0.206391 val_crps=0.184236 val_rel=0.012498
epoch=29 train=0.206397 val_crps=0.184297 val_rel=0.012310
epoch=30 train=0.206407 val_crps=0.184239 val_rel=0.012530
{
  "raw": {
    "n": 314293,
    "crps": 0.19126954674720764,
    "spread_skill": 0.605586051940918,
    "coverage": {
      "10": 0.030232935509222285,
      "20": 0.06621528319116239,
      "30": 0.12278351729119007,
      "40": 0.2505751003044929,
      "50": 0.45755075677791107,
      "60": 0.5948875730608063,
      "70": 0.6955675118440436,
      "80": 0.7973165167534753,
      "90": 0.9004909431644994
    },
    "reliability_mae": 0.06504019427024396
  },
  "calibrated": {
    "n": 314293,
    "crps": 0.18419483304023743,
    "spread_skill": 0.7366246581077576,
    "coverage": {
      "10": 0.03254606370488684,
      "20": 0.07117880449135043,
      "30": 0.12659206536575743,
      "40": 0.2241952572917628,
      "50": 0.4531567677294754,
      "60": 0.640771509387737,
      "70": 0.808493984912168,
      "80": 0.9040099524965558,
      "90": 0.9642753736163389
    },
    "reliability_mae": 0.10109798464772962
  },
  "scale": {
    "mean": 1.122010350227356,
    "p05": 0.7211092710494995,
    "p50": 1.064750075340271,
    "p95": 1.6363052129745483
  }
}
epoch=01 train=0.212129 val_crps=0.186293 val_rel=0.007580
epoch=02 train=0.210095 val_crps=0.186330 val_rel=0.006937
epoch=03 train=0.209837 val_crps=0.186178 val_rel=0.006906
epoch=04 train=0.209674 val_crps=0.186116 val_rel=0.006598
epoch=05 train=0.209610 val_crps=0.186061 val_rel=0.006934
epoch=06 train=0.209546 val_crps=0.186018 val_rel=0.007090
epoch=07 train=0.209570 val_crps=0.185963 val_rel=0.007155
epoch=08 train=0.209508 val_crps=0.185813 val_rel=0.007057
epoch=09 train=0.209485 val_crps=0.185798 val_rel=0.006991
epoch=10 train=0.209413 val_crps=0.185781 val_rel=0.006935
epoch=11 train=0.209375 val_crps=0.185821 val_rel=0.007056
epoch=12 train=0.209351 val_crps=0.185732 val_rel=0.006751
epoch=13 train=0.209359 val_crps=0.185799 val_rel=0.007130
epoch=14 train=0.209274 val_crps=0.185673 val_rel=0.006797
epoch=15 train=0.209271 val_crps=0.185730 val_rel=0.006485
epoch=16 train=0.209270 val_crps=0.185663 val_rel=0.006891
epoch=17 train=0.209262 val_crps=0.185562 val_rel=0.006780
epoch=18 train=0.209222 val_crps=0.185776 val_rel=0.006884
epoch=19 train=0.209200 val_crps=0.185603 val_rel=0.007122
epoch=20 train=0.209191 val_crps=0.185584 val_rel=0.006628
epoch=21 train=0.209171 val_crps=0.185605 val_rel=0.006520
epoch=22 train=0.209201 val_crps=0.185560 val_rel=0.006534
epoch=23 train=0.209194 val_crps=0.185691 val_rel=0.006405
epoch=24 train=0.209174 val_crps=0.185652 val_rel=0.006548
epoch=25 train=0.209159 val_crps=0.185659 val_rel=0.006745
epoch=26 train=0.209187 val_crps=0.185613 val_rel=0.006568
epoch=27 train=0.209204 val_crps=0.185709 val_rel=0.006281
epoch=28 train=0.209137 val_crps=0.185643 val_rel=0.006531
epoch=29 train=0.209147 val_crps=0.185798 val_rel=0.006550
epoch=30 train=0.209159 val_crps=0.185663 val_rel=0.006773
{
  "raw": {
    "n": 314293,
    "crps": 0.19126954674720764,
    "spread_skill": 0.605586051940918,
    "coverage": {
      "10": 0.030232935509222285,
      "20": 0.06621528319116239,
      "30": 0.12278351729119007,
      "40": 0.2505751003044929,
      "50": 0.45755075677791107,
      "60": 0.5948875730608063,
      "70": 0.6955675118440436,
      "80": 0.7973165167534753,
      "90": 0.9004909431644994
    },
    "reliability_mae": 0.06504019427024396
  },
  "calibrated": {
    "n": 314293,
    "crps": 0.1855604201555252,
    "spread_skill": 0.7608814239501953,
    "coverage": {
      "10": 0.036787329021009056,
      "20": 0.08958837772397095,
      "30": 0.18935515585775056,
      "40": 0.35200274902718165,
      "50": 0.5023529000009546,
      "60": 0.6431069097943639,
      "70": 0.7724702745527263,
      "80": 0.8712920745928162,
      "90": 0.9425631496724394
    },
    "reliability_mae": 0.06267241077593201
  },
  "scale": {
    "mean": 1.2048555612564087,
    "p05": 0.6822841167449951,
    "p50": 1.186132788658142,
    "p95": 1.707587718963623
  }
}
epoch=01 train=0.223124 val_crps=0.189561 val_rel=0.004501
epoch=02 train=0.215733 val_crps=0.188554 val_rel=0.004627
epoch=03 train=0.215168 val_crps=0.188347 val_rel=0.004602
epoch=04 train=0.215023 val_crps=0.188419 val_rel=0.004567
epoch=05 train=0.214986 val_crps=0.188443 val_rel=0.004552
epoch=06 train=0.214885 val_crps=0.188285 val_rel=0.004584
epoch=07 train=0.214840 val_crps=0.188508 val_rel=0.004473
epoch=08 train=0.214723 val_crps=0.188364 val_rel=0.004451
epoch=09 train=0.214676 val_crps=0.188363 val_rel=0.004428
epoch=10 train=0.214582 val_crps=0.188259 val_rel=0.004422
epoch=11 train=0.214513 val_crps=0.188295 val_rel=0.004492
epoch=12 train=0.214470 val_crps=0.188206 val_rel=0.004244
epoch=13 train=0.214451 val_crps=0.188145 val_rel=0.004444
epoch=14 train=0.214311 val_crps=0.188147 val_rel=0.004147
epoch=15 train=0.214284 val_crps=0.188316 val_rel=0.004187
epoch=16 train=0.214266 val_crps=0.187956 val_rel=0.004408
epoch=17 train=0.214214 val_crps=0.187834 val_rel=0.004423
epoch=18 train=0.214137 val_crps=0.187932 val_rel=0.004164
epoch=19 train=0.214088 val_crps=0.187831 val_rel=0.004142
epoch=20 train=0.214083 val_crps=0.187820 val_rel=0.004037
epoch=21 train=0.214025 val_crps=0.187824 val_rel=0.004049
epoch=22 train=0.214036 val_crps=0.187908 val_rel=0.003910
epoch=23 train=0.213999 val_crps=0.188023 val_rel=0.004078
epoch=24 train=0.213972 val_crps=0.187930 val_rel=0.004061
epoch=25 train=0.213954 val_crps=0.187843 val_rel=0.004130
epoch=26 train=0.213974 val_crps=0.187790 val_rel=0.003894
epoch=27 train=0.213996 val_crps=0.187825 val_rel=0.003972
epoch=28 train=0.213886 val_crps=0.187643 val_rel=0.004119
epoch=29 train=0.213909 val_crps=0.187729 val_rel=0.004102
epoch=30 train=0.213888 val_crps=0.187560 val_rel=0.004278
{
  "raw": {
    "n": 314293,
    "crps": 0.19126954674720764,
    "spread_skill": 0.605586051940918,
    "coverage": {
      "10": 0.030232935509222285,
      "20": 0.06621528319116239,
      "30": 0.12278351729119007,
      "40": 0.2505751003044929,
      "50": 0.45755075677791107,
      "60": 0.5948875730608063,
      "70": 0.6955675118440436,
      "80": 0.7973165167534753,
      "90": 0.9004909431644994
    },
    "reliability_mae": 0.06504019427024396
  },
  "calibrated": {
    "n": 314293,
    "crps": 0.18778976798057556,
    "spread_skill": 0.7789202332496643,
    "coverage": {
      "10": 0.04395579920647294,
      "20": 0.12918836881508655,
      "30": 0.26890831167095675,
      "40": 0.39098229995577377,
      "50": 0.49895161521255643,
      "60": 0.6179615836178343,
      "70": 0.7441400222085761,
      "80": 0.8596659804704527,
      "90": 0.9406604665073673
    },
    "reliability_mae": 0.03671573977148711
  },
  "scale": {
    "mean": 1.3429574966430664,
    "p05": 0.5068094730377197,
    "p50": 1.3274322748184204,
    "p95": 2.5080783367156982
  }
}
