Submitted batch job 19957885
[chain] submitted successor (afterany:19955711)
NVIDIA H200
[obs] obs_every_k = 1  (每帧观测,对齐 EnKF 项目)
[data] 6298 windows of (4, 200, 36, 12)  device=cuda
[model] params=2,743,542 (GENN prior 9,420 = 0.34%; the rest is the solver's ConvLSTM)  loss=nll  n_iter=15  amp=True
[seed] init=0  data=0
[var read-out] 692,000 params on the last hidden state   sigma^2 = softplus(out_var(h)) + 1e-06   beta=0.0
[schedule] ep0→5it@lr0.001  ep25→10it@lr0.0007  ep50→15it@lr0.0005  ep75→20it@lr0.0003
[resume] loaded runs/varnet_vsb0_s0/varnet_last.pt: continuing from epoch 104 (step 20488)
[best] previous best blind MSE = 0.0419
[schedule] epoch 104: n_iter -> 20, lr -> 0.0003
[epoch 104] loss=-2.3867  盲区MSE=0.0421  density=0.0178 vx=0.1205 vy=0.0213 var=0.0088
[epoch 105] loss=-2.3836  盲区MSE=0.0420  density=0.0177 vx=0.1204 vy=0.0213 var=0.0088
[epoch 106] loss=-2.3678  盲区MSE=0.0420  density=0.0177 vx=0.1204 vy=0.0213 var=0.0088
[epoch 107] loss=-2.4523  盲区MSE=0.0421  density=0.0177 vx=0.1205 vy=0.0213 var=0.0088
[epoch 108] loss=-2.4648  盲区MSE=0.0421  density=0.0177 vx=0.1205 vy=0.0213 var=0.0088
[epoch 109] loss=-2.4144  盲区MSE=0.0421  density=0.0177 vx=0.1205 vy=0.0213 var=0.0088
[epoch 110] loss=-2.5037  盲区MSE=0.0421  density=0.0178 vx=0.1207 vy=0.0213 var=0.0088
[epoch 111] loss=-2.3732  盲区MSE=0.0421  density=0.0177 vx=0.1205 vy=0.0213 var=0.0088
[epoch 112] loss=-2.3829  盲区MSE=0.0421  density=0.0178 vx=0.1205 vy=0.0213 var=0.0088
[epoch 113] loss=-2.4436  盲区MSE=0.0421  density=0.0178 vx=0.1205 vy=0.0213 var=0.0088
[epoch 114] loss=-2.4890  盲区MSE=0.0421  density=0.0177 vx=0.1206 vy=0.0213 var=0.0088
[epoch 115] loss=-2.4030  盲区MSE=0.0421  density=0.0177 vx=0.1205 vy=0.0213 var=0.0088
[epoch 116] loss=-2.4136  盲区MSE=0.0420  density=0.0177 vx=0.1203 vy=0.0213 var=0.0088
[epoch 117] loss=-2.4863  盲区MSE=0.0421  density=0.0177 vx=0.1205 vy=0.0213 var=0.0088
[epoch 118] loss=-2.4069  盲区MSE=0.0421  density=0.0177 vx=0.1206 vy=0.0213 var=0.0088
[epoch 119] loss=-2.4465  盲区MSE=0.0421  density=0.0177 vx=0.1205 vy=0.0213 var=0.0088
[epoch 120] loss=-2.4174  盲区MSE=0.0421  density=0.0177 vx=0.1206 vy=0.0213 var=0.0088
[epoch 121] loss=-2.3956  盲区MSE=0.0421  density=0.0178 vx=0.1207 vy=0.0213 var=0.0088
[epoch 122] loss=-2.4779  盲区MSE=0.0421  density=0.0178 vx=0.1206 vy=0.0213 var=0.0088
[epoch 123] loss=-2.5003  盲区MSE=0.0421  density=0.0177 vx=0.1207 vy=0.0213 var=0.0088
[epoch 124] loss=-2.4667  盲区MSE=0.0421  density=0.0178 vx=0.1206 vy=0.0213 var=0.0088
[epoch 125] loss=-2.4418  盲区MSE=0.0421  density=0.0177 vx=0.1205 vy=0.0213 var=0.0088
[2026-08-27T01:51:32.007] error: *** JOB 19955711 ON gpu50 CANCELLED AT 2026-08-27T01:51:32 DUE TO TIME LIMIT ***
