Submitted batch job 19947297
[chain] submitted successor (afterany:19947264)
NVIDIA H200
[obs] obs_every_k = 1  (每帧观测,对齐 EnKF 项目)
[data] 6298 windows of (4, 200, 36, 12)  device=cuda
[model] params=2,743,542 (GENN prior 9,420 = 0.34%; the rest is the solver's ConvLSTM)  loss=nll  n_iter=15  amp=True
[seed] init=3  data=0
[var read-out] 692,000 params on the last hidden state   sigma^2 = softplus(out_var(h)) + 1e-06   beta=0.0
[schedule] ep0→5it@lr0.001  ep25→10it@lr0.0007  ep50→15it@lr0.0005  ep75→20it@lr0.0003
[schedule] epoch 0: n_iter -> 5, lr -> 0.001
[epoch   0] loss=-1.7437  盲区MSE=0.0782  density=0.0229 vx=0.2435 vy=0.0375 var=0.0090
           ↑ new best (0.0782) -> varnet_best.pt
[epoch   1] loss=-1.7714  盲区MSE=0.0746  density=0.0229 vx=0.2295 vy=0.0371 var=0.0089
           ↑ new best (0.0746) -> varnet_best.pt
[epoch   2] loss=-1.7235  盲区MSE=0.0727  density=0.0226 vx=0.2236 vy=0.0358 var=0.0089
           ↑ new best (0.0727) -> varnet_best.pt
[epoch   3] loss=-1.7930  盲区MSE=0.0701  density=0.0225 vx=0.2140 vy=0.0351 var=0.0089
           ↑ new best (0.0701) -> varnet_best.pt
[epoch   4] loss=-1.8131  盲区MSE=0.0655  density=0.0225 vx=0.1971 vy=0.0336 var=0.0089
           ↑ new best (0.0655) -> varnet_best.pt
[epoch   5] loss=-1.8449  盲区MSE=0.0613  density=0.0223 vx=0.1827 vy=0.0312 var=0.0089
           ↑ new best (0.0613) -> varnet_best.pt
[epoch   6] loss=-1.8214  盲区MSE=0.0591  density=0.0220 vx=0.1755 vy=0.0301 var=0.0088
           ↑ new best (0.0591) -> varnet_best.pt
[epoch   7] loss=-1.8901  盲区MSE=0.0569  density=0.0216 vx=0.1677 vy=0.0293 var=0.0089
           ↑ new best (0.0569) -> varnet_best.pt
[epoch   8] loss=-1.9345  盲区MSE=0.0538  density=0.0208 vx=0.1576 vy=0.0280 var=0.0088
           ↑ new best (0.0538) -> varnet_best.pt
[epoch   9] loss=-1.9443  盲区MSE=0.0523  density=0.0205 vx=0.1526 vy=0.0271 var=0.0089
           ↑ new best (0.0523) -> varnet_best.pt
[epoch  10] loss=-1.9577  盲区MSE=0.0513  density=0.0202 vx=0.1495 vy=0.0266 var=0.0089
           ↑ new best (0.0513) -> varnet_best.pt
[epoch  11] loss=-2.0039  盲区MSE=0.0489  density=0.0192 vx=0.1421 vy=0.0256 var=0.0089
           ↑ new best (0.0489) -> varnet_best.pt
[epoch  12] loss=-2.0123  盲区MSE=0.0479  density=0.0189 vx=0.1386 vy=0.0251 var=0.0089
           ↑ new best (0.0479) -> varnet_best.pt
[epoch  13] loss=-1.9930  盲区MSE=0.0472  density=0.0185 vx=0.1368 vy=0.0247 var=0.0088
           ↑ new best (0.0472) -> varnet_best.pt
[epoch  14] loss=-2.0576  盲区MSE=0.0465  density=0.0183 vx=0.1346 vy=0.0242 var=0.0088
           ↑ new best (0.0465) -> varnet_best.pt
[epoch  15] loss=-2.0475  盲区MSE=0.0458  density=0.0182 vx=0.1324 vy=0.0237 var=0.0088
           ↑ new best (0.0458) -> varnet_best.pt
[epoch  16] loss=-1.9711  盲区MSE=0.0449  density=0.0178 vx=0.1296 vy=0.0233 var=0.0088
           ↑ new best (0.0449) -> varnet_best.pt
[epoch  17] loss=-2.0346  盲区MSE=0.0445  density=0.0175 vx=0.1287 vy=0.0231 var=0.0088
           ↑ new best (0.0445) -> varnet_best.pt
[epoch  18] loss=-2.0741  盲区MSE=0.0437  density=0.0172 vx=0.1258 vy=0.0229 var=0.0088
           ↑ new best (0.0437) -> varnet_best.pt
[epoch  19] loss=-2.0542  盲区MSE=0.0432  density=0.0170 vx=0.1243 vy=0.0228 var=0.0087
           ↑ new best (0.0432) -> varnet_best.pt
[epoch  20] loss=-2.0681  盲区MSE=0.0431  density=0.0169 vx=0.1238 vy=0.0228 var=0.0088
           ↑ new best (0.0431) -> varnet_best.pt
[epoch  21] loss=-2.0208  盲区MSE=0.0428  density=0.0169 vx=0.1228 vy=0.0227 var=0.0088
           ↑ new best (0.0428) -> varnet_best.pt
[epoch  22] loss=-2.1050  盲区MSE=0.0426  density=0.0168 vx=0.1223 vy=0.0226 var=0.0088
           ↑ new best (0.0426) -> varnet_best.pt
[epoch  23] loss=-2.0931  盲区MSE=0.0426  density=0.0168 vx=0.1220 vy=0.0227 var=0.0088
           ↑ new best (0.0426) -> varnet_best.pt
[epoch  24] loss=-2.1194  盲区MSE=0.0423  density=0.0167 vx=0.1212 vy=0.0225 var=0.0088
           ↑ new best (0.0423) -> varnet_best.pt
[schedule] epoch 25: n_iter -> 10, lr -> 0.0007
[epoch  25] loss=-2.0766  盲区MSE=0.0429  density=0.0168 vx=0.1232 vy=0.0227 var=0.0088
[epoch  26] loss=-2.0596  盲区MSE=0.0427  density=0.0169 vx=0.1225 vy=0.0225 var=0.0088
[epoch  27] loss=-2.1609  盲区MSE=0.0423  density=0.0168 vx=0.1212 vy=0.0224 var=0.0088
[epoch  28] loss=-2.1601  盲区MSE=0.0420  density=0.0168 vx=0.1204 vy=0.0222 var=0.0088
           ↑ new best (0.0420) -> varnet_best.pt
[epoch  29] loss=-2.1242  盲区MSE=0.0420  density=0.0169 vx=0.1201 vy=0.0222 var=0.0088
           ↑ new best (0.0420) -> varnet_best.pt
[epoch  30] loss=-2.0821  盲区MSE=0.0420  density=0.0169 vx=0.1199 vy=0.0222 var=0.0088
           ↑ new best (0.0420) -> varnet_best.pt
[epoch  31] loss=-2.2580  盲区MSE=0.0418  density=0.0169 vx=0.1194 vy=0.0221 var=0.0088
           ↑ new best (0.0418) -> varnet_best.pt
[epoch  32] loss=-2.1942  盲区MSE=0.0417  density=0.0169 vx=0.1191 vy=0.0220 var=0.0088
           ↑ new best (0.0417) -> varnet_best.pt
[epoch  33] loss=-2.0778  盲区MSE=0.0416  density=0.0169 vx=0.1188 vy=0.0220 var=0.0088
           ↑ new best (0.0416) -> varnet_best.pt
[epoch  34] loss=-2.1544  盲区MSE=0.0415  density=0.0169 vx=0.1184 vy=0.0220 var=0.0088
           ↑ new best (0.0415) -> varnet_best.pt
[epoch  35] loss=-2.2205  盲区MSE=0.0415  density=0.0170 vx=0.1183 vy=0.0220 var=0.0088
[epoch  36] loss=-2.1800  盲区MSE=0.0415  density=0.0170 vx=0.1184 vy=0.0220 var=0.0088
[epoch  37] loss=-2.2150  盲区MSE=0.0416  density=0.0170 vx=0.1185 vy=0.0220 var=0.0088
[epoch  38] loss=-2.1783  盲区MSE=0.0415  density=0.0170 vx=0.1182 vy=0.0219 var=0.0088
           ↑ new best (0.0415) -> varnet_best.pt
[epoch  39] loss=-2.2230  盲区MSE=0.0414  density=0.0171 vx=0.1177 vy=0.0218 var=0.0088
           ↑ new best (0.0414) -> varnet_best.pt
[epoch  40] loss=-2.2951  盲区MSE=0.0415  density=0.0171 vx=0.1180 vy=0.0219 var=0.0088
[epoch  41] loss=-2.2457  盲区MSE=0.0415  density=0.0172 vx=0.1181 vy=0.0219 var=0.0088
[epoch  42] loss=-2.2834  盲区MSE=0.0414  density=0.0173 vx=0.1177 vy=0.0219 var=0.0088
[epoch  43] loss=-2.2174  盲区MSE=0.0414  density=0.0172 vx=0.1176 vy=0.0218 var=0.0088
[epoch  44] loss=-2.2830  盲区MSE=0.0413  density=0.0172 vx=0.1175 vy=0.0218 var=0.0088
           ↑ new best (0.0413) -> varnet_best.pt
[epoch  45] loss=-2.2800  盲区MSE=0.0413  density=0.0172 vx=0.1174 vy=0.0218 var=0.0088
           ↑ new best (0.0413) -> varnet_best.pt
[epoch  46] loss=-2.2013  盲区MSE=0.0413  density=0.0172 vx=0.1174 vy=0.0218 var=0.0088
[epoch  47] loss=-2.2595  盲区MSE=0.0412  density=0.0173 vx=0.1170 vy=0.0217 var=0.0088
           ↑ new best (0.0412) -> varnet_best.pt
[epoch  48] loss=-2.2338  盲区MSE=0.0413  density=0.0173 vx=0.1174 vy=0.0218 var=0.0088
[epoch  49] loss=-2.2396  盲区MSE=0.0413  density=0.0173 vx=0.1173 vy=0.0218 var=0.0088
[schedule] epoch 50: n_iter -> 15, lr -> 0.0005
[epoch  50] loss=-2.3014  盲区MSE=0.0414  density=0.0174 vx=0.1176 vy=0.0218 var=0.0088
[epoch  51] loss=-2.2938  盲区MSE=0.0414  density=0.0175 vx=0.1176 vy=0.0218 var=0.0088
[epoch  52] loss=-2.2791  盲区MSE=0.0414  density=0.0174 vx=0.1175 vy=0.0217 var=0.0088
[epoch  53] loss=-2.3048  盲区MSE=0.0413  density=0.0174 vx=0.1173 vy=0.0217 var=0.0088
[2026-08-26T14:02:22.008] error: *** JOB 19947264 ON gpu52 CANCELLED AT 2026-08-26T14:02:22 DUE TO TIME LIMIT ***
