day                blindMSE    fullMSE   frames
------------------------------------------------
atc-20130811         0.0340     0.0337      400
atc-20130818         0.0426     0.0431      400
atc-20130825         0.0318     0.0320      400
atc-20130901         0.0366     0.0370      400
atc-20130915         0.0401     0.0408      400
atc-20130922         0.0409     0.0411      400
atc-20130929         0.0486     0.0498      400
------------------------------------------------
MEAN                 0.0392     0.0396
STD                  0.0052     0.0056

[out] /scratch/work/zhangx29/Thesis_Project/check_outputs/eval/enkf_metrics.json
[model] runs/varnet_full100/varnet_last.pt  epoch=99  dT=200  n_iter=20  device=cuda
[data] 7 test days (held out)

day                blindMSE    fullMSE   baseline   gain   wins
--------------------------------------------------------------
/scratch/work/zhangx29/Thesis_Project/checks/eval_test_days.py:101: UserWarning: Converting a tensor with requires_grad=True to a scalar may lead to unexpected behavior.
Consider using tensor.detach() first. (Triggered internally at /home/conda/feedstock_root/build_artifacts/libtorch_1769685314817/work/torch/csrc/autograd/generated/python_variable_methods.cpp:836.)
  se_base += float(((x0b - xb)[unobs] ** 2).sum())
atc-20130811         0.0212     0.0204     0.0364  1.72x      2
atc-20130818         0.0286     0.0273     0.0528  1.85x      2
atc-20130825         0.0192     0.0187     0.0346  1.80x      2
atc-20130901         0.0238     0.0230     0.0433  1.82x      2
atc-20130915         0.0264     0.0255     0.0584  2.22x      2
atc-20130922         0.0270     0.0260     0.0545  2.02x      2
atc-20130929         0.0345     0.0329     0.0719  2.09x      2
--------------------------------------------------------------
MEAN                 0.0258     0.0248     0.0503  1.95x
STD                  0.0047     0.0044     0.0122

[out] check_outputs/eval/test_metrics_matched_clip.json
channel   baseline      EnKF  4DVarNet
density     0.0061    0.0063    0.0128
vx          0.1728    0.0779    0.0700
vy          0.0165    0.0110    0.0161
var         0.0027    0.0617    0.0029
ALL         0.0495    0.0392    0.0255
[figure] /scratch/work/zhangx29/Thesis_Project/check_outputs/eval/compare_channels.png
[figure] /scratch/work/zhangx29/Thesis_Project/check_outputs/eval/comparison.png
  4DVarNet blind 0.0258 | EnKF blind 0.0392  (4DVarNet better)
[figure] /scratch/work/zhangx29/Thesis_Project/check_outputs/eval/channels_grid_atc-20130811.png  (frame 184)
