Submitted batch job 19906230
[chain] submitted successor (afterany:19904635)
NVIDIA H200
[obs] obs_every_k = 1  (每帧观测,对齐 EnKF 项目)
[data] 6298 windows of (4, 200, 36, 12)  device=cuda
[model] params=2,051,542 (GENN prior 9,420 = 0.46%; the rest is the solver's ConvLSTM)  loss=nll  n_iter=15  amp=True
[seed] init=0  data=0
[var-head] 548 params   sigma^2 = softplus(head) + 1e-12   beta=1.0
[schedule] ep0→5it@lr0.001  ep25→10it@lr0.0007  ep50→15it@lr0.0005  ep75→20it@lr0.0003
[resume] loaded runs/varnet_nf5_s0/varnet_last.pt: continuing from epoch 82 (step 16154)
[best] previous best blind MSE = 0.0301
[schedule] epoch 82: n_iter -> 20, lr -> 0.0003
[epoch  82] loss=-0.0150  盲区MSE=0.0301  density=0.0225 vx=0.0659 vy=0.0228 var=0.0092
           ↑ new best (0.0301) -> varnet_best.pt
[epoch  83] loss=-0.0151  盲区MSE=0.0301  density=0.0225 vx=0.0658 vy=0.0228 var=0.0092
           ↑ new best (0.0301) -> varnet_best.pt
[epoch  84] loss=-0.0152  盲区MSE=0.0301  density=0.0225 vx=0.0658 vy=0.0229 var=0.0092
[epoch  85] loss=-0.0144  盲区MSE=0.0300  density=0.0225 vx=0.0657 vy=0.0228 var=0.0092
           ↑ new best (0.0300) -> varnet_best.pt
[epoch  86] loss=-0.0153  盲区MSE=0.0300  density=0.0225 vx=0.0657 vy=0.0228 var=0.0092
           ↑ new best (0.0300) -> varnet_best.pt
[epoch  87] loss=-0.0154  盲区MSE=0.0300  density=0.0225 vx=0.0657 vy=0.0228 var=0.0092
[epoch  88] loss=-0.0145  盲区MSE=0.0300  density=0.0225 vx=0.0656 vy=0.0228 var=0.0092
           ↑ new best (0.0300) -> varnet_best.pt
[epoch  89] loss=-0.0150  盲区MSE=0.0300  density=0.0225 vx=0.0655 vy=0.0228 var=0.0092
           ↑ new best (0.0300) -> varnet_best.pt
[epoch  90] loss=-0.0147  盲区MSE=0.0300  density=0.0225 vx=0.0655 vy=0.0228 var=0.0092
           ↑ new best (0.0300) -> varnet_best.pt
[epoch  91] loss=-0.0155  盲区MSE=0.0300  density=0.0225 vx=0.0655 vy=0.0228 var=0.0092
[epoch  92] loss=-0.0146  盲区MSE=0.0300  density=0.0225 vx=0.0655 vy=0.0228 var=0.0092
[epoch  93] loss=-0.0147  盲区MSE=0.0300  density=0.0225 vx=0.0654 vy=0.0228 var=0.0092
           ↑ new best (0.0300) -> varnet_best.pt
[epoch  94] loss=-0.0145  盲区MSE=0.0300  density=0.0225 vx=0.0657 vy=0.0228 var=0.0092
[epoch  95] loss=-0.0158  盲区MSE=0.0300  density=0.0225 vx=0.0654 vy=0.0228 var=0.0091
[epoch  96] loss=-0.0136  盲区MSE=0.0299  density=0.0225 vx=0.0652 vy=0.0228 var=0.0092
           ↑ new best (0.0299) -> varnet_best.pt
[epoch  97] loss=-0.0146  盲区MSE=0.0300  density=0.0225 vx=0.0655 vy=0.0228 var=0.0091
[epoch  98] loss=-0.0147  盲区MSE=0.0299  density=0.0225 vx=0.0651 vy=0.0228 var=0.0092
           ↑ new best (0.0299) -> varnet_best.pt
[epoch  99] loss=-0.0138  盲区MSE=0.0299  density=0.0225 vx=0.0652 vy=0.0228 var=0.0092
[epoch 100] loss=-0.0132  盲区MSE=0.0299  density=0.0225 vx=0.0651 vy=0.0228 var=0.0092
[epoch 101] loss=-0.0148  盲区MSE=0.0300  density=0.0225 vx=0.0653 vy=0.0228 var=0.0092
[epoch 102] loss=-0.0155  盲区MSE=0.0299  density=0.0225 vx=0.0650 vy=0.0228 var=0.0092
           ↑ new best (0.0299) -> varnet_best.pt
[epoch 103] loss=-0.0143  盲区MSE=0.0299  density=0.0225 vx=0.0650 vy=0.0228 var=0.0092
           ↑ new best (0.0299) -> varnet_best.pt
[2026-08-24T08:09:13.005] error: *** JOB 19904635 ON gpu50 CANCELLED AT 2026-08-24T08:09:13 DUE TO TIME LIMIT ***
