Submitted batch job 20043274
[chain] submitted successor (afterany:20041619)
NVIDIA H200
[obs] obs_every_k = 1  (每帧观测,对齐 EnKF 项目)
[data] 6298 windows of (4, 200, 36, 12)  device=cuda
[model] params=2,051,542 (GENN prior 9,420 = 0.46%; the rest is the solver's ConvLSTM)  loss=supervised  n_iter=15  amp=True
[seed] init=1  data=0
[schedule] ep0→5it@lr0.001  ep25→10it@lr0.0007  ep50→15it@lr0.0005  ep75→20it@lr0.0003
[resume] loaded runs/varnet_mse5_s1/varnet_last.pt: continuing from epoch 104 (step 20488)
[best] previous best blind MSE = 0.0278
[schedule] epoch 104: n_iter -> 20, lr -> 0.0003
[epoch 104] loss=0.0279  盲区MSE=0.0279  density=0.0165 vx=0.0647 vy=0.0217 var=0.0087
[epoch 105] loss=0.0286  盲区MSE=0.0283  density=0.0166 vx=0.0660 vy=0.0218 var=0.0087
[epoch 106] loss=0.0264  盲区MSE=0.0278  density=0.0165 vx=0.0645 vy=0.0217 var=0.0087
[epoch 107] loss=0.0270  盲区MSE=0.0279  density=0.0165 vx=0.0647 vy=0.0218 var=0.0087
[epoch 108] loss=0.0283  盲区MSE=0.0279  density=0.0165 vx=0.0647 vy=0.0217 var=0.0087
[epoch 109] loss=0.0272  盲区MSE=0.0278  density=0.0165 vx=0.0643 vy=0.0217 var=0.0087
           ↑ new best (0.0278) -> varnet_best.pt
[epoch 110] loss=0.0271  盲区MSE=0.0279  density=0.0165 vx=0.0645 vy=0.0217 var=0.0087
[epoch 111] loss=0.0275  盲区MSE=0.0279  density=0.0165 vx=0.0646 vy=0.0218 var=0.0087
[epoch 112] loss=0.0283  盲区MSE=0.0280  density=0.0166 vx=0.0651 vy=0.0218 var=0.0087
[epoch 113] loss=0.0269  盲区MSE=0.0279  density=0.0165 vx=0.0648 vy=0.0218 var=0.0087
[epoch 114] loss=0.0269  盲区MSE=0.0279  density=0.0165 vx=0.0648 vy=0.0218 var=0.0087
[epoch 115] loss=0.0267  盲区MSE=0.0279  density=0.0165 vx=0.0646 vy=0.0218 var=0.0087
[epoch 116] loss=0.0259  盲区MSE=0.0278  density=0.0165 vx=0.0644 vy=0.0217 var=0.0087
[epoch 117] loss=0.0255  盲区MSE=0.0278  density=0.0165 vx=0.0642 vy=0.0217 var=0.0087
           ↑ new best (0.0278) -> varnet_best.pt
[epoch 118] loss=0.0258  盲区MSE=0.0277  density=0.0165 vx=0.0641 vy=0.0217 var=0.0087
           ↑ new best (0.0277) -> varnet_best.pt
[epoch 119] loss=0.0248  盲区MSE=0.0277  density=0.0165 vx=0.0641 vy=0.0217 var=0.0087
[epoch 120] loss=0.0273  盲区MSE=0.0283  density=0.0165 vx=0.0660 vy=0.0218 var=0.0087
[epoch 121] loss=0.0258  盲区MSE=0.0284  density=0.0166 vx=0.0665 vy=0.0219 var=0.0087
[epoch 122] loss=0.0276  盲区MSE=0.0279  density=0.0165 vx=0.0648 vy=0.0218 var=0.0087
[epoch 123] loss=0.0271  盲区MSE=0.0279  density=0.0165 vx=0.0645 vy=0.0217 var=0.0087
[epoch 124] loss=0.0276  盲区MSE=0.0278  density=0.0165 vx=0.0643 vy=0.0217 var=0.0087
[epoch 125] loss=0.0264  盲区MSE=0.0278  density=0.0165 vx=0.0642 vy=0.0217 var=0.0087
[2026-09-03T02:32:26.009] error: *** JOB 20041619 ON gpu63 CANCELLED AT 2026-09-03T02:32:26 DUE TO TIME LIMIT ***
