Submitted batch job 20039659
[chain] submitted successor (afterany:20035951)
NVIDIA H200
[obs] obs_every_k = 1  (每帧观测,对齐 EnKF 项目)
[data] 6298 windows of (4, 200, 36, 12)  device=cuda
[model] params=2,051,542 (GENN prior 9,420 = 0.46%; the rest is the solver's ConvLSTM)  loss=supervised  n_iter=15  amp=True
[seed] init=2  data=0
[schedule] ep0→5it@lr0.001  ep25→10it@lr0.0007  ep50→15it@lr0.0005  ep75→20it@lr0.0003
[resume] loaded runs/varnet_mse5_s2/varnet_last.pt: continuing from epoch 55 (step 10835)
[best] previous best blind MSE = 0.0279
[epoch  55] loss=0.0283  盲区MSE=0.0279  density=0.0164 vx=0.0645 vy=0.0219 var=0.0087
           ↑ new best (0.0279) -> varnet_best.pt
[epoch  56] loss=0.0282  盲区MSE=0.0280  density=0.0163 vx=0.0649 vy=0.0219 var=0.0087
[epoch  57] loss=0.0301  盲区MSE=0.0278  density=0.0163 vx=0.0644 vy=0.0219 var=0.0087
           ↑ new best (0.0278) -> varnet_best.pt
[epoch  58] loss=0.0260  盲区MSE=0.0279  density=0.0163 vx=0.0647 vy=0.0219 var=0.0087
[epoch  59] loss=0.0279  盲区MSE=0.0279  density=0.0163 vx=0.0646 vy=0.0220 var=0.0087
[epoch  60] loss=0.0286  盲区MSE=0.0279  density=0.0163 vx=0.0647 vy=0.0219 var=0.0087
[epoch  61] loss=0.0288  盲区MSE=0.0280  density=0.0164 vx=0.0650 vy=0.0220 var=0.0087
[epoch  62] loss=0.0261  盲区MSE=0.0278  density=0.0163 vx=0.0645 vy=0.0219 var=0.0087
[epoch  63] loss=0.0270  盲区MSE=0.0279  density=0.0163 vx=0.0648 vy=0.0219 var=0.0087
[epoch  64] loss=0.0292  盲区MSE=0.0277  density=0.0163 vx=0.0640 vy=0.0219 var=0.0087
           ↑ new best (0.0277) -> varnet_best.pt
[epoch  65] loss=0.0270  盲区MSE=0.0277  density=0.0163 vx=0.0640 vy=0.0219 var=0.0087
           ↑ new best (0.0277) -> varnet_best.pt
[epoch  66] loss=0.0286  盲区MSE=0.0279  density=0.0163 vx=0.0647 vy=0.0220 var=0.0087
[epoch  67] loss=0.0292  盲区MSE=0.0277  density=0.0163 vx=0.0640 vy=0.0219 var=0.0087
[epoch  68] loss=0.0273  盲区MSE=0.0277  density=0.0163 vx=0.0640 vy=0.0219 var=0.0087
[epoch  69] loss=0.0272  盲区MSE=0.0277  density=0.0163 vx=0.0638 vy=0.0219 var=0.0087
           ↑ new best (0.0277) -> varnet_best.pt
[epoch  70] loss=0.0269  盲区MSE=0.0278  density=0.0163 vx=0.0641 vy=0.0219 var=0.0087
[epoch  71] loss=0.0291  盲区MSE=0.0277  density=0.0163 vx=0.0640 vy=0.0220 var=0.0087
[epoch  72] loss=0.0296  盲区MSE=0.0277  density=0.0163 vx=0.0640 vy=0.0219 var=0.0087
[epoch  73] loss=0.0265  盲区MSE=0.0280  density=0.0163 vx=0.0650 vy=0.0220 var=0.0087
[epoch  74] loss=0.0306  盲区MSE=0.0278  density=0.0163 vx=0.0642 vy=0.0220 var=0.0087
[schedule] epoch 75: n_iter -> 20, lr -> 0.0003
[epoch  75] loss=0.0279  盲区MSE=0.0275  density=0.0163 vx=0.0633 vy=0.0219 var=0.0087
           ↑ new best (0.0275) -> varnet_best.pt
[epoch  76] loss=0.0264  盲区MSE=0.0274  density=0.0163 vx=0.0629 vy=0.0219 var=0.0087
           ↑ new best (0.0274) -> varnet_best.pt
[epoch  77] loss=0.0274  盲区MSE=0.0274  density=0.0163 vx=0.0628 vy=0.0219 var=0.0087
           ↑ new best (0.0274) -> varnet_best.pt
[epoch  78] loss=0.0268  盲区MSE=0.0274  density=0.0163 vx=0.0628 vy=0.0219 var=0.0087
           ↑ new best (0.0274) -> varnet_best.pt
[epoch  79] loss=0.0268  盲区MSE=0.0274  density=0.0162 vx=0.0628 vy=0.0219 var=0.0087
           ↑ new best (0.0274) -> varnet_best.pt
[epoch  80] loss=0.0264  盲区MSE=0.0275  density=0.0163 vx=0.0632 vy=0.0219 var=0.0087
[epoch  81] loss=0.0263  盲区MSE=0.0274  density=0.0163 vx=0.0628 vy=0.0219 var=0.0087
[2026-09-02T19:33:47.007] error: *** JOB 20035951 ON gpu58 CANCELLED AT 2026-09-02T19:33:47 DUE TO TIME LIMIT ***
