Submitted batch job 19960436
[chain] submitted successor (afterany:19958005)
NVIDIA H200
[obs] obs_every_k = 1  (每帧观测,对齐 EnKF 项目)
[data] 6298 windows of (4, 200, 36, 12)  device=cuda
[model] params=2,743,542 (GENN prior 9,420 = 0.34%; the rest is the solver's ConvLSTM)  loss=nll  n_iter=15  amp=True
[seed] init=4  data=0
[var read-out] 692,000 params on the last hidden state   sigma^2 = softplus(out_var(h)) + 1e-06   beta=0.0
[schedule] ep0→5it@lr0.001  ep25→10it@lr0.0007  ep50→15it@lr0.0005  ep75→20it@lr0.0003
[resume] loaded runs/varnet_vsb0_s4/varnet_last.pt: continuing from epoch 128 (step 25216)
[best] previous best blind MSE = 0.0423
[schedule] epoch 128: n_iter -> 20, lr -> 0.0003
[epoch 128] loss=-2.5326  盲区MSE=0.0426  density=0.0177 vx=0.1218 vy=0.0221 var=0.0087
[epoch 129] loss=-2.5679  盲区MSE=0.0426  density=0.0178 vx=0.1218 vy=0.0222 var=0.0087
[epoch 130] loss=-2.4786  盲区MSE=0.0426  density=0.0177 vx=0.1217 vy=0.0221 var=0.0087
[epoch 131] loss=-2.4971  盲区MSE=0.0426  density=0.0178 vx=0.1218 vy=0.0221 var=0.0087
[epoch 132] loss=-2.4723  盲区MSE=0.0427  density=0.0177 vx=0.1222 vy=0.0221 var=0.0087
[epoch 133] loss=-2.4182  盲区MSE=0.0426  density=0.0178 vx=0.1216 vy=0.0222 var=0.0087
[epoch 134] loss=-2.4902  盲区MSE=0.0426  density=0.0177 vx=0.1218 vy=0.0222 var=0.0087
[epoch 135] loss=-2.5544  盲区MSE=0.0427  density=0.0178 vx=0.1220 vy=0.0222 var=0.0087
[epoch 136] loss=-2.5154  盲区MSE=0.0426  density=0.0177 vx=0.1217 vy=0.0221 var=0.0087
[epoch 137] loss=-2.5058  盲区MSE=0.0426  density=0.0178 vx=0.1217 vy=0.0221 var=0.0087
[epoch 138] loss=-2.5927  盲区MSE=0.0426  density=0.0178 vx=0.1217 vy=0.0221 var=0.0087
[epoch 139] loss=-2.5633  盲区MSE=0.0426  density=0.0178 vx=0.1218 vy=0.0221 var=0.0087
[epoch 140] loss=-2.5081  盲区MSE=0.0426  density=0.0178 vx=0.1219 vy=0.0221 var=0.0087
[epoch 141] loss=-2.5619  盲区MSE=0.0426  density=0.0177 vx=0.1217 vy=0.0221 var=0.0087
[epoch 142] loss=-2.5839  盲区MSE=0.0426  density=0.0178 vx=0.1218 vy=0.0221 var=0.0087
[epoch 143] loss=-2.5372  盲区MSE=0.0426  density=0.0177 vx=0.1218 vy=0.0221 var=0.0087
[epoch 144] loss=-2.5019  盲区MSE=0.0426  density=0.0177 vx=0.1217 vy=0.0221 var=0.0087
[epoch 145] loss=-2.5536  盲区MSE=0.0426  density=0.0178 vx=0.1217 vy=0.0221 var=0.0087
[epoch 146] loss=-2.4796  盲区MSE=0.0426  density=0.0178 vx=0.1219 vy=0.0221 var=0.0087
[epoch 147] loss=-2.5338  盲区MSE=0.0426  density=0.0178 vx=0.1217 vy=0.0222 var=0.0087
[epoch 148] loss=-2.5419  盲区MSE=0.0426  density=0.0178 vx=0.1218 vy=0.0221 var=0.0087
[epoch 149] loss=-2.5513  盲区MSE=0.0426  density=0.0178 vx=0.1218 vy=0.0222 var=0.0087
[done] checkpoints + metrics in runs/varnet_vsb0_s4
