Submitted batch job 19945559
[chain] submitted successor (afterany:19944241)
NVIDIA H200
[obs] obs_every_k = 1  (每帧观测,对齐 EnKF 项目)
[data] 6298 windows of (4, 200, 36, 12)  device=cuda
[model] params=2,103,542 (GENN prior 9,420 = 0.45%; the rest is the solver's ConvLSTM)  loss=nll  n_iter=15  amp=True
[seed] init=0  data=0
[var read-out] 52,000 params on the last hidden state   sigma^2 = softplus(out_var(h)) + 1e-06   beta=1.0
[schedule] ep0→5it@lr0.001  ep25→10it@lr0.0007  ep50→15it@lr0.0005  ep75→20it@lr0.0003
[resume] loaded runs/varnet_vrb1_s0/varnet_last.pt: continuing from epoch 124 (step 24428)
[best] previous best blind MSE = 0.0305
[schedule] epoch 124: n_iter -> 20, lr -> 0.0003
[epoch 124] loss=-0.0166  盲区MSE=0.0305  density=0.0166 vx=0.0744 vy=0.0224 var=0.0087
[epoch 125] loss=-0.0168  盲区MSE=0.0306  density=0.0166 vx=0.0746 vy=0.0224 var=0.0087
[epoch 126] loss=-0.0174  盲区MSE=0.0305  density=0.0166 vx=0.0743 vy=0.0224 var=0.0087
           ↑ new best (0.0305) -> varnet_best.pt
[epoch 127] loss=-0.0165  盲区MSE=0.0306  density=0.0166 vx=0.0746 vy=0.0224 var=0.0087
[epoch 128] loss=-0.0173  盲区MSE=0.0305  density=0.0166 vx=0.0743 vy=0.0224 var=0.0087
           ↑ new best (0.0305) -> varnet_best.pt
[epoch 129] loss=-0.0167  盲区MSE=0.0304  density=0.0166 vx=0.0742 vy=0.0224 var=0.0087
           ↑ new best (0.0304) -> varnet_best.pt
[epoch 130] loss=-0.0177  盲区MSE=0.0305  density=0.0166 vx=0.0742 vy=0.0224 var=0.0087
[epoch 131] loss=-0.0166  盲区MSE=0.0305  density=0.0166 vx=0.0742 vy=0.0224 var=0.0087
[epoch 132] loss=-0.0185  盲区MSE=0.0305  density=0.0166 vx=0.0744 vy=0.0224 var=0.0087
[epoch 133] loss=-0.0183  盲区MSE=0.0304  density=0.0166 vx=0.0741 vy=0.0223 var=0.0087
           ↑ new best (0.0304) -> varnet_best.pt
[epoch 134] loss=-0.0162  盲区MSE=0.0304  density=0.0166 vx=0.0741 vy=0.0223 var=0.0087
           ↑ new best (0.0304) -> varnet_best.pt
[epoch 135] loss=-0.0173  盲区MSE=0.0304  density=0.0166 vx=0.0742 vy=0.0223 var=0.0087
[epoch 136] loss=-0.0179  盲区MSE=0.0305  density=0.0166 vx=0.0742 vy=0.0223 var=0.0087
[epoch 137] loss=-0.0151  盲区MSE=0.0305  density=0.0166 vx=0.0742 vy=0.0223 var=0.0087
[epoch 138] loss=-0.0178  盲区MSE=0.0305  density=0.0166 vx=0.0742 vy=0.0223 var=0.0087
[epoch 139] loss=-0.0173  盲区MSE=0.0304  density=0.0166 vx=0.0741 vy=0.0223 var=0.0087
           ↑ new best (0.0304) -> varnet_best.pt
[epoch 140] loss=-0.0172  盲区MSE=0.0304  density=0.0166 vx=0.0741 vy=0.0223 var=0.0087
[epoch 141] loss=-0.0179  盲区MSE=0.0304  density=0.0166 vx=0.0741 vy=0.0223 var=0.0087
           ↑ new best (0.0304) -> varnet_best.pt
[epoch 142] loss=-0.0166  盲区MSE=0.0304  density=0.0166 vx=0.0740 vy=0.0223 var=0.0087
           ↑ new best (0.0304) -> varnet_best.pt
[epoch 143] loss=-0.0168  盲区MSE=0.0304  density=0.0166 vx=0.0741 vy=0.0223 var=0.0087
[epoch 144] loss=-0.0171  盲区MSE=0.0304  density=0.0166 vx=0.0740 vy=0.0223 var=0.0087
[epoch 145] loss=-0.0183  盲区MSE=0.0304  density=0.0166 vx=0.0739 vy=0.0223 var=0.0087
           ↑ new best (0.0304) -> varnet_best.pt
[2026-08-26T10:42:17.005] error: *** JOB 19944241 ON gpu50 CANCELLED AT 2026-08-26T10:42:17 DUE TO TIME LIMIT ***
