Submitted batch job 19751521
[chain] submitted successor (afterany:19751512)
NVIDIA H200
[obs] obs_every_k = 1  (每帧观测,对齐 EnKF 项目)
[data] 6298 windows of (4, 200, 36, 12)  device=cuda
[model] params=2,051,542 (GENN prior 9,420 = 0.46%; the rest is the solver's ConvLSTM)  loss=nll  n_iter=15  amp=True
[seed] init=1  data=0
[var-head] 548 params   sigma^2 = obs_var + softplus(head),  obs_var = [0.003239, 0.099055, 0.007424, 4.2e-05]   beta=1.0
[schedule] ep0→5it@lr0.001  ep25→10it@lr0.0007  ep50→15it@lr0.0005  ep75→20it@lr0.0003
[schedule] epoch 0: n_iter -> 5, lr -> 0.001
[epoch   0] loss=-0.0346  盲区MSE=0.0580  density=0.0239 vx=0.1614 vy=0.0369 var=0.0096
           ↑ new best (0.0580) -> varnet_best.pt
[epoch   1] loss=-0.0277  盲区MSE=0.0469  density=0.0239 vx=0.1190 vy=0.0356 var=0.0093
           ↑ new best (0.0469) -> varnet_best.pt
[epoch   2] loss=-0.0295  盲区MSE=0.0433  density=0.0246 vx=0.1049 vy=0.0343 var=0.0092
           ↑ new best (0.0433) -> varnet_best.pt
[epoch   3] loss=-0.0286  盲区MSE=0.0407  density=0.0240 vx=0.0993 vy=0.0304 var=0.0092
           ↑ new best (0.0407) -> varnet_best.pt
[epoch   4] loss=-0.0294  盲区MSE=0.0441  density=0.0249 vx=0.1098 vy=0.0324 var=0.0093
[epoch   5] loss=-0.0289  盲区MSE=0.0406  density=0.0250 vx=0.0990 vy=0.0294 var=0.0092
           ↑ new best (0.0406) -> varnet_best.pt
[epoch   6] loss=-0.0281  盲区MSE=0.0389  density=0.0242 vx=0.0951 vy=0.0271 var=0.0091
           ↑ new best (0.0389) -> varnet_best.pt
[epoch   7] loss=-0.0281  盲区MSE=0.0381  density=0.0240 vx=0.0930 vy=0.0262 var=0.0091
           ↑ new best (0.0381) -> varnet_best.pt
[epoch   8] loss=-0.0287  盲区MSE=0.0375  density=0.0239 vx=0.0914 vy=0.0255 var=0.0091
           ↑ new best (0.0375) -> varnet_best.pt
[epoch   9] loss=-0.0283  盲区MSE=0.0373  density=0.0242 vx=0.0904 vy=0.0253 var=0.0092
           ↑ new best (0.0373) -> varnet_best.pt
[epoch  10] loss=-0.0279  盲区MSE=0.0369  density=0.0238 vx=0.0898 vy=0.0251 var=0.0092
           ↑ new best (0.0369) -> varnet_best.pt
[epoch  11] loss=-0.0283  盲区MSE=0.0364  density=0.0233 vx=0.0884 vy=0.0248 var=0.0092
           ↑ new best (0.0364) -> varnet_best.pt
[epoch  12] loss=-0.0281  盲区MSE=0.0362  density=0.0235 vx=0.0874 vy=0.0247 var=0.0092
           ↑ new best (0.0362) -> varnet_best.pt
[epoch  13] loss=-0.0280  盲区MSE=0.0357  density=0.0231 vx=0.0861 vy=0.0243 var=0.0092
           ↑ new best (0.0357) -> varnet_best.pt
[epoch  14] loss=-0.0276  盲区MSE=0.0355  density=0.0233 vx=0.0856 vy=0.0240 var=0.0092
           ↑ new best (0.0355) -> varnet_best.pt
[epoch  15] loss=-0.0281  盲区MSE=0.0350  density=0.0225 vx=0.0847 vy=0.0238 var=0.0091
           ↑ new best (0.0350) -> varnet_best.pt
[epoch  16] loss=-0.0282  盲区MSE=0.0351  density=0.0228 vx=0.0842 vy=0.0242 var=0.0092
[epoch  17] loss=-0.0286  盲区MSE=0.0347  density=0.0225 vx=0.0836 vy=0.0236 var=0.0092
           ↑ new best (0.0347) -> varnet_best.pt
[epoch  18] loss=-0.0289  盲区MSE=0.0345  density=0.0225 vx=0.0827 vy=0.0235 var=0.0091
           ↑ new best (0.0345) -> varnet_best.pt
[epoch  19] loss=-0.0291  盲区MSE=0.0342  density=0.0224 vx=0.0820 vy=0.0233 var=0.0091
           ↑ new best (0.0342) -> varnet_best.pt
[epoch  20] loss=-0.0285  盲区MSE=0.0340  density=0.0221 vx=0.0815 vy=0.0231 var=0.0091
           ↑ new best (0.0340) -> varnet_best.pt
[epoch  21] loss=-0.0302  盲区MSE=0.0340  density=0.0221 vx=0.0817 vy=0.0230 var=0.0091
[epoch  22] loss=-0.0299  盲区MSE=0.0338  density=0.0223 vx=0.0808 vy=0.0231 var=0.0092
           ↑ new best (0.0338) -> varnet_best.pt
[epoch  23] loss=-0.0290  盲区MSE=0.0336  density=0.0221 vx=0.0800 vy=0.0229 var=0.0093
           ↑ new best (0.0336) -> varnet_best.pt
[epoch  24] loss=-0.0296  盲区MSE=0.0334  density=0.0217 vx=0.0796 vy=0.0231 var=0.0091
           ↑ new best (0.0334) -> varnet_best.pt
[schedule] epoch 25: n_iter -> 10, lr -> 0.0007
[epoch  25] loss=-0.0301  盲区MSE=0.0334  density=0.0216 vx=0.0796 vy=0.0232 var=0.0091
           ↑ new best (0.0334) -> varnet_best.pt
[epoch  26] loss=-0.0305  盲区MSE=0.0329  density=0.0213 vx=0.0782 vy=0.0228 var=0.0091
           ↑ new best (0.0329) -> varnet_best.pt
[epoch  27] loss=-0.0302  盲区MSE=0.0325  density=0.0211 vx=0.0771 vy=0.0227 var=0.0091
           ↑ new best (0.0325) -> varnet_best.pt
[epoch  28] loss=-0.0299  盲区MSE=0.0322  density=0.0210 vx=0.0758 vy=0.0226 var=0.0092
           ↑ new best (0.0322) -> varnet_best.pt
[epoch  29] loss=-0.0307  盲区MSE=0.0321  density=0.0210 vx=0.0756 vy=0.0227 var=0.0092
           ↑ new best (0.0321) -> varnet_best.pt
[epoch  30] loss=-0.0297  盲区MSE=0.0318  density=0.0207 vx=0.0750 vy=0.0226 var=0.0091
           ↑ new best (0.0318) -> varnet_best.pt
[epoch  31] loss=-0.0307  盲区MSE=0.0318  density=0.0206 vx=0.0748 vy=0.0227 var=0.0091
           ↑ new best (0.0318) -> varnet_best.pt
[epoch  32] loss=-0.0305  盲区MSE=0.0315  density=0.0203 vx=0.0740 vy=0.0225 var=0.0091
           ↑ new best (0.0315) -> varnet_best.pt
[epoch  33] loss=-0.0312  盲区MSE=0.0314  density=0.0203 vx=0.0737 vy=0.0225 var=0.0092
           ↑ new best (0.0314) -> varnet_best.pt
[epoch  34] loss=-0.0303  盲区MSE=0.0315  density=0.0200 vx=0.0741 vy=0.0225 var=0.0092
[epoch  35] loss=-0.0285  盲区MSE=0.0312  density=0.0200 vx=0.0732 vy=0.0224 var=0.0091
           ↑ new best (0.0312) -> varnet_best.pt
[epoch  36] loss=-0.0311  盲区MSE=0.0310  density=0.0197 vx=0.0728 vy=0.0223 var=0.0091
           ↑ new best (0.0310) -> varnet_best.pt
[epoch  37] loss=-0.0305  盲区MSE=0.0308  density=0.0196 vx=0.0723 vy=0.0223 var=0.0091
           ↑ new best (0.0308) -> varnet_best.pt
[epoch  38] loss=-0.0303  盲区MSE=0.0310  density=0.0195 vx=0.0732 vy=0.0223 var=0.0091
[epoch  39] loss=-0.0308  盲区MSE=0.0306  density=0.0193 vx=0.0718 vy=0.0223 var=0.0090
           ↑ new best (0.0306) -> varnet_best.pt
[epoch  40] loss=-0.0308  盲区MSE=0.0305  density=0.0192 vx=0.0717 vy=0.0223 var=0.0090
           ↑ new best (0.0305) -> varnet_best.pt
[epoch  41] loss=-0.0309  盲区MSE=0.0306  density=0.0192 vx=0.0718 vy=0.0222 var=0.0090
[epoch  42] loss=-0.0306  盲区MSE=0.0305  density=0.0193 vx=0.0716 vy=0.0222 var=0.0090
           ↑ new best (0.0305) -> varnet_best.pt
[epoch  43] loss=-0.0309  盲区MSE=0.0307  density=0.0192 vx=0.0722 vy=0.0223 var=0.0090
[epoch  44] loss=-0.0310  盲区MSE=0.0302  density=0.0190 vx=0.0705 vy=0.0222 var=0.0089
           ↑ new best (0.0302) -> varnet_best.pt
[epoch  45] loss=-0.0304  盲区MSE=0.0301  density=0.0190 vx=0.0703 vy=0.0222 var=0.0090
           ↑ new best (0.0301) -> varnet_best.pt
[epoch  46] loss=-0.0310  盲区MSE=0.0301  density=0.0191 vx=0.0700 vy=0.0222 var=0.0090
           ↑ new best (0.0301) -> varnet_best.pt
[epoch  47] loss=-0.0309  盲区MSE=0.0303  density=0.0190 vx=0.0709 vy=0.0222 var=0.0089
[epoch  48] loss=-0.0304  盲区MSE=0.0302  density=0.0190 vx=0.0707 vy=0.0222 var=0.0090
[epoch  49] loss=-0.0300  盲区MSE=0.0301  density=0.0190 vx=0.0703 vy=0.0222 var=0.0089
[schedule] epoch 50: n_iter -> 15, lr -> 0.0005
[epoch  50] loss=-0.0306  盲区MSE=0.0298  density=0.0189 vx=0.0692 vy=0.0221 var=0.0089
           ↑ new best (0.0298) -> varnet_best.pt
[epoch  51] loss=-0.0307  盲区MSE=0.0297  density=0.0189 vx=0.0690 vy=0.0221 var=0.0089
           ↑ new best (0.0297) -> varnet_best.pt
[epoch  52] loss=-0.0304  盲区MSE=0.0297  density=0.0189 vx=0.0688 vy=0.0221 var=0.0089
           ↑ new best (0.0297) -> varnet_best.pt
[2026-08-15T14:50:44.005] error: *** JOB 19751512 ON gpu54 CANCELLED AT 2026-08-15T14:50:44 DUE TO TIME LIMIT ***
