Submitted batch job 20041968
[chain] submitted successor (afterany:20039858)
NVIDIA H200
[obs] obs_every_k = 1  (每帧观测,对齐 EnKF 项目)
[data] 6298 windows of (4, 200, 36, 12)  device=cuda
[model] params=2,051,542 (GENN prior 9,420 = 0.46%; the rest is the solver's ConvLSTM)  loss=supervised  n_iter=15  amp=True
[seed] init=4  data=0
[schedule] ep0→5it@lr0.001  ep25→10it@lr0.0007  ep50→15it@lr0.0005  ep75→20it@lr0.0003
[resume] loaded runs/varnet_mse5_s4/varnet_last.pt: continuing from epoch 82 (step 16154)
[best] previous best blind MSE = 0.0276
[schedule] epoch 82: n_iter -> 20, lr -> 0.0003
[epoch  82] loss=0.0274  盲区MSE=0.0276  density=0.0167 vx=0.0632 vy=0.0219 var=0.0087
[epoch  83] loss=0.0283  盲区MSE=0.0281  density=0.0167 vx=0.0651 vy=0.0220 var=0.0087
[epoch  84] loss=0.0267  盲区MSE=0.0277  density=0.0167 vx=0.0636 vy=0.0219 var=0.0087
[epoch  85] loss=0.0276  盲区MSE=0.0281  density=0.0167 vx=0.0649 vy=0.0219 var=0.0087
[epoch  86] loss=0.0260  盲区MSE=0.0278  density=0.0166 vx=0.0639 vy=0.0219 var=0.0087
[epoch  87] loss=0.0264  盲区MSE=0.0276  density=0.0166 vx=0.0632 vy=0.0219 var=0.0087
[epoch  88] loss=0.0245  盲区MSE=0.0277  density=0.0166 vx=0.0634 vy=0.0219 var=0.0087
[epoch  89] loss=0.0284  盲区MSE=0.0275  density=0.0166 vx=0.0630 vy=0.0219 var=0.0087
           ↑ new best (0.0275) -> varnet_best.pt
[epoch  90] loss=0.0261  盲区MSE=0.0276  density=0.0166 vx=0.0632 vy=0.0219 var=0.0087
[epoch  91] loss=0.0268  盲区MSE=0.0276  density=0.0166 vx=0.0632 vy=0.0219 var=0.0087
[epoch  92] loss=0.0261  盲区MSE=0.0278  density=0.0166 vx=0.0638 vy=0.0219 var=0.0087
[epoch  93] loss=0.0262  盲区MSE=0.0277  density=0.0166 vx=0.0636 vy=0.0219 var=0.0087
[epoch  94] loss=0.0276  盲区MSE=0.0276  density=0.0166 vx=0.0633 vy=0.0219 var=0.0087
[epoch  95] loss=0.0265  盲区MSE=0.0278  density=0.0166 vx=0.0641 vy=0.0219 var=0.0087
[epoch  96] loss=0.0268  盲区MSE=0.0279  density=0.0167 vx=0.0644 vy=0.0219 var=0.0087
[epoch  97] loss=0.0292  盲区MSE=0.0285  density=0.0168 vx=0.0664 vy=0.0221 var=0.0087
[epoch  98] loss=0.0285  盲区MSE=0.0278  density=0.0166 vx=0.0639 vy=0.0219 var=0.0087
[epoch  99] loss=0.0276  盲区MSE=0.0277  density=0.0166 vx=0.0635 vy=0.0219 var=0.0087
[epoch 100] loss=0.0280  盲区MSE=0.0276  density=0.0166 vx=0.0633 vy=0.0219 var=0.0087
[epoch 101] loss=0.0268  盲区MSE=0.0279  density=0.0166 vx=0.0643 vy=0.0220 var=0.0087
[epoch 102] loss=0.0259  盲区MSE=0.0279  density=0.0166 vx=0.0644 vy=0.0220 var=0.0087
[epoch 103] loss=0.0281  盲区MSE=0.0278  density=0.0166 vx=0.0641 vy=0.0219 var=0.0087
[2026-09-03T00:38:52.004] error: *** JOB 20039858 ON gpu55 CANCELLED AT 2026-09-03T00:38:52 DUE TO TIME LIMIT ***
