Submitted batch job 19951159
[chain] submitted successor (afterany:19950739)
NVIDIA H200
[obs] obs_every_k = 1  (每帧观测,对齐 EnKF 项目)
[data] 6298 windows of (4, 200, 36, 12)  device=cuda
[model] params=2,743,542 (GENN prior 9,420 = 0.34%; the rest is the solver's ConvLSTM)  loss=nll  n_iter=15  amp=True
[seed] init=1  data=0
[var read-out] 692,000 params on the last hidden state   sigma^2 = softplus(out_var(h)) + 1e-06   beta=0.0
[schedule] ep0→5it@lr0.001  ep25→10it@lr0.0007  ep50→15it@lr0.0005  ep75→20it@lr0.0003
[resume] loaded runs/varnet_vsb0_s1/varnet_last.pt: continuing from epoch 55 (step 10835)
[best] previous best blind MSE = 0.0413
[epoch  55] loss=-2.3167  盲区MSE=0.0415  density=0.0176 vx=0.1178 vy=0.0218 var=0.0087
[epoch  56] loss=-2.3621  盲区MSE=0.0413  density=0.0176 vx=0.1173 vy=0.0218 var=0.0087
[epoch  57] loss=-2.3948  盲区MSE=0.0413  density=0.0174 vx=0.1173 vy=0.0217 var=0.0087
[epoch  58] loss=-2.3677  盲区MSE=0.0412  density=0.0175 vx=0.1170 vy=0.0217 var=0.0087
           ↑ new best (0.0412) -> varnet_best.pt
[epoch  59] loss=-2.3102  盲区MSE=0.0413  density=0.0175 vx=0.1173 vy=0.0217 var=0.0087
[epoch  60] loss=-2.3460  盲区MSE=0.0413  density=0.0175 vx=0.1172 vy=0.0217 var=0.0087
[epoch  61] loss=-2.2683  盲区MSE=0.0413  density=0.0175 vx=0.1171 vy=0.0217 var=0.0087
[epoch  62] loss=-2.3383  盲区MSE=0.0412  density=0.0175 vx=0.1169 vy=0.0217 var=0.0087
           ↑ new best (0.0412) -> varnet_best.pt
[epoch  63] loss=-2.3137  盲区MSE=0.0412  density=0.0175 vx=0.1170 vy=0.0217 var=0.0087
[epoch  64] loss=-2.3150  盲区MSE=0.0413  density=0.0176 vx=0.1172 vy=0.0217 var=0.0087
[epoch  65] loss=-2.3404  盲区MSE=0.0413  density=0.0176 vx=0.1172 vy=0.0217 var=0.0087
[epoch  66] loss=-2.3348  盲区MSE=0.0412  density=0.0175 vx=0.1169 vy=0.0217 var=0.0087
[epoch  67] loss=-2.3843  盲区MSE=0.0414  density=0.0175 vx=0.1178 vy=0.0217 var=0.0087
[epoch  68] loss=-2.2948  盲区MSE=0.0412  density=0.0175 vx=0.1170 vy=0.0217 var=0.0087
[epoch  69] loss=-2.3426  盲区MSE=0.0413  density=0.0176 vx=0.1171 vy=0.0217 var=0.0087
[epoch  70] loss=-2.3033  盲区MSE=0.0413  density=0.0176 vx=0.1170 vy=0.0217 var=0.0087
[epoch  71] loss=-2.3851  盲区MSE=0.0413  density=0.0175 vx=0.1172 vy=0.0217 var=0.0087
[epoch  72] loss=-2.3735  盲区MSE=0.0413  density=0.0175 vx=0.1171 vy=0.0217 var=0.0087
[epoch  73] loss=-2.2921  盲区MSE=0.0413  density=0.0175 vx=0.1171 vy=0.0217 var=0.0087
[epoch  74] loss=-2.3699  盲区MSE=0.0413  density=0.0176 vx=0.1171 vy=0.0217 var=0.0087
[schedule] epoch 75: n_iter -> 20, lr -> 0.0003
[epoch  75] loss=-2.3669  盲区MSE=0.0411  density=0.0175 vx=0.1165 vy=0.0216 var=0.0087
           ↑ new best (0.0411) -> varnet_best.pt
[epoch  76] loss=-2.3878  盲区MSE=0.0412  density=0.0174 vx=0.1171 vy=0.0217 var=0.0087
[epoch  77] loss=-2.4732  盲区MSE=0.0411  density=0.0175 vx=0.1167 vy=0.0217 var=0.0087
[epoch  78] loss=-2.4462  盲区MSE=0.0411  density=0.0174 vx=0.1167 vy=0.0216 var=0.0087
[epoch  79] loss=-2.3255  盲区MSE=0.0411  density=0.0175 vx=0.1166 vy=0.0216 var=0.0087
[epoch  80] loss=-2.3832  盲区MSE=0.0411  density=0.0175 vx=0.1167 vy=0.0216 var=0.0087
[epoch  81] loss=-2.3953  盲区MSE=0.0412  density=0.0175 vx=0.1168 vy=0.0216 var=0.0087
[2026-08-26T19:46:38.003] error: *** JOB 19950739 ON gpu60 CANCELLED AT 2026-08-26T19:46:38 DUE TO TIME LIMIT ***
