Submitted batch job 19909788
[chain] submitted successor (afterany:19907715)
NVIDIA H200
[obs] obs_every_k = 1  (每帧观测,对齐 EnKF 项目)
[data] 6298 windows of (4, 200, 36, 12)  device=cuda
[model] params=2,051,542 (GENN prior 9,420 = 0.46%; the rest is the solver's ConvLSTM)  loss=nll  n_iter=15  amp=True
[seed] init=0  data=0
[var-head] 548 params   sigma^2 = softplus(head) + 1e-12   beta=1.0
[schedule] ep0→5it@lr0.001  ep25→10it@lr0.0007  ep50→15it@lr0.0005  ep75→20it@lr0.0003
[resume] loaded runs/varnet_nf5_s0/varnet_last.pt: continuing from epoch 126 (step 24822)
[best] previous best blind MSE = 0.0297
[schedule] epoch 126: n_iter -> 20, lr -> 0.0003
[epoch 126] loss=-0.0148  盲区MSE=0.0297  density=0.0226 vx=0.0643 vy=0.0228 var=0.0091
[epoch 127] loss=-0.0146  盲区MSE=0.0297  density=0.0226 vx=0.0643 vy=0.0227 var=0.0091
[epoch 128] loss=-0.0147  盲区MSE=0.0297  density=0.0226 vx=0.0642 vy=0.0228 var=0.0091
           ↑ new best (0.0297) -> varnet_best.pt
[epoch 129] loss=-0.0136  盲区MSE=0.0297  density=0.0226 vx=0.0645 vy=0.0228 var=0.0091
[epoch 130] loss=-0.0153  盲区MSE=0.0297  density=0.0226 vx=0.0642 vy=0.0228 var=0.0091
           ↑ new best (0.0297) -> varnet_best.pt
[epoch 131] loss=-0.0149  盲区MSE=0.0297  density=0.0226 vx=0.0644 vy=0.0228 var=0.0091
[epoch 132] loss=-0.0143  盲区MSE=0.0297  density=0.0226 vx=0.0643 vy=0.0227 var=0.0091
[epoch 133] loss=-0.0146  盲区MSE=0.0296  density=0.0226 vx=0.0641 vy=0.0228 var=0.0091
           ↑ new best (0.0296) -> varnet_best.pt
[epoch 134] loss=-0.0142  盲区MSE=0.0296  density=0.0226 vx=0.0640 vy=0.0227 var=0.0091
           ↑ new best (0.0296) -> varnet_best.pt
[epoch 135] loss=-0.0149  盲区MSE=0.0296  density=0.0226 vx=0.0640 vy=0.0227 var=0.0091
[epoch 136] loss=-0.0141  盲区MSE=0.0296  density=0.0226 vx=0.0641 vy=0.0227 var=0.0091
[epoch 137] loss=-0.0142  盲区MSE=0.0296  density=0.0226 vx=0.0640 vy=0.0227 var=0.0091
           ↑ new best (0.0296) -> varnet_best.pt
[epoch 138] loss=-0.0143  盲区MSE=0.0296  density=0.0226 vx=0.0640 vy=0.0227 var=0.0091
[epoch 139] loss=-0.0152  盲区MSE=0.0297  density=0.0226 vx=0.0642 vy=0.0228 var=0.0091
[epoch 140] loss=-0.0132  盲区MSE=0.0296  density=0.0226 vx=0.0641 vy=0.0227 var=0.0091
[epoch 141] loss=-0.0147  盲区MSE=0.0296  density=0.0226 vx=0.0641 vy=0.0227 var=0.0091
[epoch 142] loss=-0.0143  盲区MSE=0.0296  density=0.0226 vx=0.0639 vy=0.0227 var=0.0091
           ↑ new best (0.0296) -> varnet_best.pt
[epoch 143] loss=-0.0138  盲区MSE=0.0296  density=0.0226 vx=0.0639 vy=0.0227 var=0.0091
[epoch 144] loss=-0.0128  盲区MSE=0.0296  density=0.0226 vx=0.0639 vy=0.0227 var=0.0091
           ↑ new best (0.0296) -> varnet_best.pt
[epoch 145] loss=-0.0144  盲区MSE=0.0296  density=0.0226 vx=0.0640 vy=0.0227 var=0.0091
[epoch 146] loss=-0.0148  盲区MSE=0.0296  density=0.0226 vx=0.0640 vy=0.0227 var=0.0091
[epoch 147] loss=-0.0142  盲区MSE=0.0296  density=0.0226 vx=0.0639 vy=0.0227 var=0.0091
[2026-08-24T14:20:23.005] error: *** JOB 19907715 ON gpu50 CANCELLED AT 2026-08-24T14:20:23 DUE TO TIME LIMIT ***
