Submitted batch job 19801675
[chain] submitted successor (afterany:19801119)
NVIDIA H200
[obs] obs_every_k = 1  (每帧观测,对齐 EnKF 项目)
[data] 6298 windows of (4, 200, 36, 12)  device=cuda
[model] params=2,096,342 (GENN prior 54,220 = 2.59%; the rest is the solver's ConvLSTM)  loss=supervised  n_iter=15  amp=True
[seed] init=0  data=0
[schedule] ep0→5it@lr0.001  ep25→10it@lr0.0007  ep50→15it@lr0.0005  ep75→20it@lr0.0003
[resume] loaded runs/varnet_a4_k1/varnet_last.pt: continuing from epoch 85 (step 16745)
[best] previous best blind MSE = 0.0274
[schedule] epoch 85: n_iter -> 20, lr -> 0.0003
[epoch  85] loss=0.0272  盲区MSE=0.0291  density=0.0166 vx=0.0689 vy=0.0223 var=0.0087
[epoch  86] loss=0.0276  盲区MSE=0.0286  density=0.0164 vx=0.0673 vy=0.0222 var=0.0087
[epoch  87] loss=0.0294  盲区MSE=0.0285  density=0.0162 vx=0.0671 vy=0.0221 var=0.0087
[epoch  88] loss=0.0273  盲区MSE=0.0286  density=0.0163 vx=0.0670 vy=0.0223 var=0.0087
[epoch  89] loss=0.0285  盲区MSE=0.0289  density=0.0164 vx=0.0685 vy=0.0222 var=0.0087
[epoch  90] loss=0.0272  盲区MSE=0.0309  density=0.0167 vx=0.0753 vy=0.0228 var=0.0088
[epoch  91] loss=0.0268  盲区MSE=0.0290  density=0.0164 vx=0.0684 vy=0.0225 var=0.0087
[epoch  92] loss=0.0245  盲区MSE=0.0288  density=0.0165 vx=0.0675 vy=0.0224 var=0.0087
[epoch  93] loss=0.0267  盲区MSE=0.0287  density=0.0163 vx=0.0674 vy=0.0224 var=0.0087
[epoch  94] loss=0.0274  盲区MSE=0.0286  density=0.0163 vx=0.0669 vy=0.0223 var=0.0087
[epoch  95] loss=0.0289  盲区MSE=0.0287  density=0.0164 vx=0.0673 vy=0.0224 var=0.0087
[epoch  96] loss=0.0281  盲区MSE=0.0286  density=0.0163 vx=0.0671 vy=0.0223 var=0.0087
[epoch  97] loss=0.0258  盲区MSE=0.0288  density=0.0164 vx=0.0676 vy=0.0224 var=0.0087
[epoch  98] loss=0.0274  盲区MSE=0.0297  density=0.0169 vx=0.0701 vy=0.0230 var=0.0087
[epoch  99] loss=0.0293  盲区MSE=0.0290  density=0.0165 vx=0.0682 vy=0.0226 var=0.0087
[done] checkpoints + metrics in runs/varnet_a4_k1
