Submitted batch job 19750662
[chain] submitted successor (afterany:19750108)
NVIDIA H200
[obs] obs_every_k = 1  (每帧观测,对齐 EnKF 项目)
[data] 6298 windows of (4, 200, 36, 12)  device=cuda
[model] params=2,051,542 (GENN prior 9,420 = 0.46%; the rest is the solver's ConvLSTM)  loss=nll  n_iter=15  amp=True
[seed] init=0  data=0
[var-head] 548 params   sigma^2 = obs_var + softplus(head),  obs_var = [0.003239, 0.099055, 0.007424, 4.2e-05]   beta=1.0
[schedule] ep0→5it@lr0.001  ep25→10it@lr0.0007  ep50→15it@lr0.0005  ep75→20it@lr0.0003
[resume] loaded runs/varnet_ml5_s0/varnet_last.pt: continuing from epoch 104 (step 20488)
[best] previous best blind MSE = 0.0288
[schedule] epoch 104: n_iter -> 20, lr -> 0.0003
[epoch 104] loss=-0.0310  盲区MSE=0.0289  density=0.0225 vx=0.0613 vy=0.0226 var=0.0090
[epoch 105] loss=-0.0311  盲区MSE=0.0288  density=0.0225 vx=0.0613 vy=0.0226 var=0.0090
           ↑ new best (0.0288) -> varnet_best.pt
[epoch 106] loss=-0.0309  盲区MSE=0.0289  density=0.0225 vx=0.0615 vy=0.0226 var=0.0090
[epoch 107] loss=-0.0303  盲区MSE=0.0288  density=0.0225 vx=0.0612 vy=0.0226 var=0.0090
           ↑ new best (0.0288) -> varnet_best.pt
[epoch 108] loss=-0.0313  盲区MSE=0.0289  density=0.0225 vx=0.0615 vy=0.0226 var=0.0090
[epoch 109] loss=-0.0309  盲区MSE=0.0288  density=0.0225 vx=0.0612 vy=0.0226 var=0.0090
[epoch 110] loss=-0.0305  盲区MSE=0.0288  density=0.0225 vx=0.0610 vy=0.0226 var=0.0090
           ↑ new best (0.0288) -> varnet_best.pt
[epoch 111] loss=-0.0309  盲区MSE=0.0288  density=0.0225 vx=0.0612 vy=0.0226 var=0.0090
[epoch 112] loss=-0.0311  盲区MSE=0.0288  density=0.0225 vx=0.0610 vy=0.0226 var=0.0090
           ↑ new best (0.0288) -> varnet_best.pt
[epoch 113] loss=-0.0309  盲区MSE=0.0288  density=0.0225 vx=0.0610 vy=0.0226 var=0.0090
[epoch 114] loss=-0.0308  盲区MSE=0.0288  density=0.0225 vx=0.0611 vy=0.0226 var=0.0090
[epoch 115] loss=-0.0309  盲区MSE=0.0288  density=0.0225 vx=0.0610 vy=0.0226 var=0.0090
           ↑ new best (0.0288) -> varnet_best.pt
[epoch 116] loss=-0.0301  盲区MSE=0.0288  density=0.0225 vx=0.0609 vy=0.0226 var=0.0090
           ↑ new best (0.0288) -> varnet_best.pt
[epoch 117] loss=-0.0310  盲区MSE=0.0288  density=0.0225 vx=0.0609 vy=0.0226 var=0.0090
[epoch 118] loss=-0.0298  盲区MSE=0.0287  density=0.0225 vx=0.0609 vy=0.0226 var=0.0090
           ↑ new best (0.0287) -> varnet_best.pt
[epoch 119] loss=-0.0310  盲区MSE=0.0287  density=0.0225 vx=0.0608 vy=0.0226 var=0.0090
           ↑ new best (0.0287) -> varnet_best.pt
[epoch 120] loss=-0.0305  盲区MSE=0.0287  density=0.0225 vx=0.0608 vy=0.0226 var=0.0090
[epoch 121] loss=-0.0308  盲区MSE=0.0287  density=0.0225 vx=0.0608 vy=0.0226 var=0.0090
           ↑ new best (0.0287) -> varnet_best.pt
[epoch 122] loss=-0.0299  盲区MSE=0.0287  density=0.0225 vx=0.0609 vy=0.0226 var=0.0090
[epoch 123] loss=-0.0311  盲区MSE=0.0288  density=0.0225 vx=0.0609 vy=0.0226 var=0.0090
[epoch 124] loss=-0.0307  盲区MSE=0.0287  density=0.0225 vx=0.0608 vy=0.0226 var=0.0090
[epoch 125] loss=-0.0310  盲区MSE=0.0287  density=0.0225 vx=0.0607 vy=0.0226 var=0.0090
           ↑ new best (0.0287) -> varnet_best.pt
[2026-08-15T12:10:31.006] error: *** JOB 19750108 ON gpu52 CANCELLED AT 2026-08-15T12:10:31 DUE TO TIME LIMIT ***
