Submitted batch job 19752984
[chain] submitted successor (afterany:19751519)
NVIDIA H200
[obs] obs_every_k = 1  (每帧观测,对齐 EnKF 项目)
[data] 6298 windows of (4, 200, 36, 12)  device=cuda
[model] params=2,051,542 (GENN prior 9,420 = 0.46%; the rest is the solver's ConvLSTM)  loss=nll  n_iter=15  amp=True
[seed] init=2  data=0
[var-head] 548 params   sigma^2 = obs_var + softplus(head),  obs_var = [0.003239, 0.099055, 0.007424, 4.2e-05]   beta=1.0
[schedule] ep0→5it@lr0.001  ep25→10it@lr0.0007  ep50→15it@lr0.0005  ep75→20it@lr0.0003
[resume] loaded runs/varnet_ml5_s2/varnet_last.pt: continuing from epoch 54 (step 10638)
[best] previous best blind MSE = 0.0294
[epoch  54] loss=-0.0307  盲区MSE=0.0293  density=0.0201 vx=0.0655 vy=0.0226 var=0.0089
           ↑ new best (0.0293) -> varnet_best.pt
[epoch  55] loss=-0.0304  盲区MSE=0.0292  density=0.0201 vx=0.0654 vy=0.0226 var=0.0089
           ↑ new best (0.0292) -> varnet_best.pt
[epoch  56] loss=-0.0309  盲区MSE=0.0293  density=0.0201 vx=0.0659 vy=0.0225 var=0.0089
[epoch  57] loss=-0.0315  盲区MSE=0.0292  density=0.0200 vx=0.0652 vy=0.0225 var=0.0089
           ↑ new best (0.0292) -> varnet_best.pt
[epoch  58] loss=-0.0311  盲区MSE=0.0292  density=0.0201 vx=0.0653 vy=0.0226 var=0.0089
[epoch  59] loss=-0.0308  盲区MSE=0.0292  density=0.0200 vx=0.0652 vy=0.0225 var=0.0089
           ↑ new best (0.0292) -> varnet_best.pt
[epoch  60] loss=-0.0307  盲区MSE=0.0291  density=0.0200 vx=0.0652 vy=0.0225 var=0.0089
           ↑ new best (0.0291) -> varnet_best.pt
[epoch  61] loss=-0.0309  盲区MSE=0.0291  density=0.0200 vx=0.0649 vy=0.0225 var=0.0089
           ↑ new best (0.0291) -> varnet_best.pt
[epoch  62] loss=-0.0311  盲区MSE=0.0291  density=0.0199 vx=0.0651 vy=0.0225 var=0.0089
[epoch  63] loss=-0.0306  盲区MSE=0.0290  density=0.0199 vx=0.0647 vy=0.0225 var=0.0089
           ↑ new best (0.0290) -> varnet_best.pt
[epoch  64] loss=-0.0313  盲区MSE=0.0290  density=0.0199 vx=0.0646 vy=0.0225 var=0.0089
           ↑ new best (0.0290) -> varnet_best.pt
[epoch  65] loss=-0.0300  盲区MSE=0.0294  density=0.0200 vx=0.0662 vy=0.0226 var=0.0089
[epoch  66] loss=-0.0312  盲区MSE=0.0290  density=0.0199 vx=0.0646 vy=0.0225 var=0.0089
[epoch  67] loss=-0.0307  盲区MSE=0.0289  density=0.0199 vx=0.0644 vy=0.0225 var=0.0089
           ↑ new best (0.0289) -> varnet_best.pt
[epoch  68] loss=-0.0298  盲区MSE=0.0290  density=0.0199 vx=0.0647 vy=0.0225 var=0.0089
[epoch  69] loss=-0.0310  盲区MSE=0.0289  density=0.0199 vx=0.0644 vy=0.0225 var=0.0089
           ↑ new best (0.0289) -> varnet_best.pt
[epoch  70] loss=-0.0311  盲区MSE=0.0289  density=0.0198 vx=0.0643 vy=0.0225 var=0.0088
           ↑ new best (0.0289) -> varnet_best.pt
[epoch  71] loss=-0.0311  盲区MSE=0.0288  density=0.0199 vx=0.0642 vy=0.0225 var=0.0088
           ↑ new best (0.0288) -> varnet_best.pt
[epoch  72] loss=-0.0309  盲区MSE=0.0289  density=0.0198 vx=0.0645 vy=0.0225 var=0.0088
[epoch  73] loss=-0.0305  盲区MSE=0.0289  density=0.0198 vx=0.0644 vy=0.0225 var=0.0088
[epoch  74] loss=-0.0316  盲区MSE=0.0288  density=0.0198 vx=0.0640 vy=0.0225 var=0.0088
           ↑ new best (0.0288) -> varnet_best.pt
[schedule] epoch 75: n_iter -> 20, lr -> 0.0003
[epoch  75] loss=-0.0313  盲区MSE=0.0287  density=0.0198 vx=0.0636 vy=0.0224 var=0.0088
           ↑ new best (0.0287) -> varnet_best.pt
[epoch  76] loss=-0.0311  盲区MSE=0.0286  density=0.0197 vx=0.0633 vy=0.0224 var=0.0088
           ↑ new best (0.0286) -> varnet_best.pt
[epoch  77] loss=-0.0312  盲区MSE=0.0286  density=0.0197 vx=0.0633 vy=0.0224 var=0.0088
           ↑ new best (0.0286) -> varnet_best.pt
[epoch  78] loss=-0.0311  盲区MSE=0.0285  density=0.0197 vx=0.0632 vy=0.0224 var=0.0088
           ↑ new best (0.0285) -> varnet_best.pt
[epoch  79] loss=-0.0312  盲区MSE=0.0286  density=0.0197 vx=0.0634 vy=0.0224 var=0.0088
[epoch  80] loss=-0.0310  盲区MSE=0.0285  density=0.0197 vx=0.0633 vy=0.0224 var=0.0088
[2026-08-15T17:56:26.007] error: *** JOB 19751519 ON gpu54 CANCELLED AT 2026-08-15T17:56:26 DUE TO TIME LIMIT ***
