Submitted batch job 19955833
[chain] submitted successor (afterany:19951169)
NVIDIA H200
[obs] obs_every_k = 1  (每帧观测,对齐 EnKF 项目)
[data] 6298 windows of (4, 200, 36, 12)  device=cuda
[model] params=2,743,542 (GENN prior 9,420 = 0.34%; the rest is the solver's ConvLSTM)  loss=nll  n_iter=15  amp=True
[seed] init=2  data=0
[var read-out] 692,000 params on the last hidden state   sigma^2 = softplus(out_var(h)) + 1e-06   beta=0.0
[schedule] ep0→5it@lr0.001  ep25→10it@lr0.0007  ep50→15it@lr0.0005  ep75→20it@lr0.0003
[resume] loaded runs/varnet_vsb0_s2/varnet_last.pt: continuing from epoch 82 (step 16154)
[best] previous best blind MSE = 0.0413
[schedule] epoch 82: n_iter -> 20, lr -> 0.0003
[epoch  82] loss=-2.3772  盲区MSE=0.0414  density=0.0173 vx=0.1182 vy=0.0213 var=0.0088
[epoch  83] loss=-2.4237  盲区MSE=0.0413  density=0.0172 vx=0.1180 vy=0.0213 var=0.0088
[epoch  84] loss=-2.3345  盲区MSE=0.0413  density=0.0173 vx=0.1181 vy=0.0212 var=0.0088
[epoch  85] loss=-2.3828  盲区MSE=0.0413  density=0.0173 vx=0.1179 vy=0.0213 var=0.0088
[epoch  86] loss=-2.3733  盲区MSE=0.0414  density=0.0173 vx=0.1184 vy=0.0213 var=0.0088
[epoch  87] loss=-2.3762  盲区MSE=0.0413  density=0.0173 vx=0.1180 vy=0.0213 var=0.0088
[epoch  88] loss=-2.3953  盲区MSE=0.0414  density=0.0173 vx=0.1183 vy=0.0212 var=0.0088
[epoch  89] loss=-2.4807  盲区MSE=0.0413  density=0.0173 vx=0.1180 vy=0.0212 var=0.0088
[epoch  90] loss=-2.3833  盲区MSE=0.0414  density=0.0173 vx=0.1181 vy=0.0212 var=0.0088
[epoch  91] loss=-2.3904  盲区MSE=0.0413  density=0.0173 vx=0.1180 vy=0.0212 var=0.0088
[epoch  92] loss=-2.3799  盲区MSE=0.0414  density=0.0174 vx=0.1181 vy=0.0212 var=0.0088
[epoch  93] loss=-2.4059  盲区MSE=0.0414  density=0.0173 vx=0.1181 vy=0.0212 var=0.0088
[epoch  94] loss=-2.3766  盲区MSE=0.0414  density=0.0173 vx=0.1182 vy=0.0212 var=0.0088
[epoch  95] loss=-2.3394  盲区MSE=0.0414  density=0.0174 vx=0.1183 vy=0.0212 var=0.0088
[epoch  96] loss=-2.4006  盲区MSE=0.0413  density=0.0173 vx=0.1181 vy=0.0212 var=0.0088
[epoch  97] loss=-2.4018  盲区MSE=0.0414  density=0.0173 vx=0.1181 vy=0.0212 var=0.0088
[epoch  98] loss=-2.3516  盲区MSE=0.0414  density=0.0173 vx=0.1183 vy=0.0212 var=0.0088
[epoch  99] loss=-2.3869  盲区MSE=0.0414  density=0.0174 vx=0.1183 vy=0.0213 var=0.0088
[epoch 100] loss=-2.3995  盲区MSE=0.0414  density=0.0174 vx=0.1183 vy=0.0212 var=0.0088
[epoch 101] loss=-2.3964  盲区MSE=0.0414  density=0.0174 vx=0.1184 vy=0.0212 var=0.0088
[epoch 102] loss=-2.4970  盲区MSE=0.0414  density=0.0174 vx=0.1184 vy=0.0212 var=0.0088
[epoch 103] loss=-2.4139  盲区MSE=0.0414  density=0.0174 vx=0.1183 vy=0.0212 var=0.0088
[2026-08-26T22:53:17.006] error: *** JOB 19951169 ON gpu52 CANCELLED AT 2026-08-26T22:53:17 DUE TO TIME LIMIT ***
