Submitted batch job 20044768
[chain] submitted successor (afterany:20043274)
NVIDIA H200
[obs] obs_every_k = 1  (每帧观测,对齐 EnKF 项目)
[data] 6298 windows of (4, 200, 36, 12)  device=cuda
[model] params=2,051,542 (GENN prior 9,420 = 0.46%; the rest is the solver's ConvLSTM)  loss=supervised  n_iter=15  amp=True
[seed] init=1  data=0
[schedule] ep0→5it@lr0.001  ep25→10it@lr0.0007  ep50→15it@lr0.0005  ep75→20it@lr0.0003
[resume] loaded runs/varnet_mse5_s1/varnet_last.pt: continuing from epoch 126 (step 24822)
[best] previous best blind MSE = 0.0277
[schedule] epoch 126: n_iter -> 20, lr -> 0.0003
[epoch 126] loss=0.0279  盲区MSE=0.0278  density=0.0165 vx=0.0642 vy=0.0217 var=0.0087
[epoch 127] loss=0.0282  盲区MSE=0.0278  density=0.0164 vx=0.0642 vy=0.0217 var=0.0087
[epoch 128] loss=0.0263  盲区MSE=0.0278  density=0.0164 vx=0.0642 vy=0.0217 var=0.0087
[epoch 129] loss=0.0269  盲区MSE=0.0278  density=0.0165 vx=0.0641 vy=0.0217 var=0.0087
[epoch 130] loss=0.0283  盲区MSE=0.0279  density=0.0165 vx=0.0645 vy=0.0218 var=0.0087
[epoch 131] loss=0.0272  盲区MSE=0.0279  density=0.0165 vx=0.0645 vy=0.0218 var=0.0087
[epoch 132] loss=0.0271  盲区MSE=0.0278  density=0.0165 vx=0.0642 vy=0.0217 var=0.0087
[epoch 133] loss=0.0275  盲区MSE=0.0278  density=0.0164 vx=0.0642 vy=0.0217 var=0.0087
[epoch 134] loss=0.0282  盲区MSE=0.0278  density=0.0165 vx=0.0644 vy=0.0218 var=0.0087
[epoch 135] loss=0.0268  盲区MSE=0.0277  density=0.0165 vx=0.0640 vy=0.0217 var=0.0087
           ↑ new best (0.0277) -> varnet_best.pt
[epoch 136] loss=0.0268  盲区MSE=0.0277  density=0.0164 vx=0.0638 vy=0.0217 var=0.0087
           ↑ new best (0.0277) -> varnet_best.pt
[epoch 137] loss=0.0267  盲区MSE=0.0280  density=0.0165 vx=0.0651 vy=0.0219 var=0.0087
[epoch 138] loss=0.0260  盲区MSE=0.0279  density=0.0165 vx=0.0647 vy=0.0218 var=0.0087
[epoch 139] loss=0.0255  盲区MSE=0.0277  density=0.0164 vx=0.0641 vy=0.0217 var=0.0087
[epoch 140] loss=0.0258  盲区MSE=0.0279  density=0.0165 vx=0.0645 vy=0.0218 var=0.0087
[epoch 141] loss=0.0249  盲区MSE=0.0279  density=0.0164 vx=0.0646 vy=0.0217 var=0.0087
[epoch 142] loss=0.0272  盲区MSE=0.0278  density=0.0165 vx=0.0642 vy=0.0217 var=0.0087
[epoch 143] loss=0.0257  盲区MSE=0.0278  density=0.0164 vx=0.0642 vy=0.0217 var=0.0087
[epoch 144] loss=0.0275  盲区MSE=0.0277  density=0.0164 vx=0.0639 vy=0.0217 var=0.0087
[epoch 145] loss=0.0271  盲区MSE=0.0279  density=0.0164 vx=0.0646 vy=0.0217 var=0.0087
[epoch 146] loss=0.0276  盲区MSE=0.0277  density=0.0164 vx=0.0640 vy=0.0217 var=0.0087
[epoch 147] loss=0.0263  盲区MSE=0.0278  density=0.0165 vx=0.0641 vy=0.0217 var=0.0087
[2026-09-03T05:38:05.005] error: *** JOB 20043274 ON gpu56 CANCELLED AT 2026-09-03T05:38:05 DUE TO TIME LIMIT ***
