Submitted batch job 19960411
[chain] submitted successor (afterany:19957946)
NVIDIA H200
[obs] obs_every_k = 1  (每帧观测,对齐 EnKF 项目)
[data] 6298 windows of (4, 200, 36, 12)  device=cuda
[model] params=2,743,542 (GENN prior 9,420 = 0.34%; the rest is the solver's ConvLSTM)  loss=nll  n_iter=15  amp=True
[seed] init=2  data=0
[var read-out] 692,000 params on the last hidden state   sigma^2 = softplus(out_var(h)) + 1e-06   beta=0.0
[schedule] ep0→5it@lr0.001  ep25→10it@lr0.0007  ep50→15it@lr0.0005  ep75→20it@lr0.0003
[resume] loaded runs/varnet_vsb0_s2/varnet_last.pt: continuing from epoch 126 (step 24822)
[best] previous best blind MSE = 0.0413
[schedule] epoch 126: n_iter -> 20, lr -> 0.0003
[epoch 126] loss=-2.3934  盲区MSE=0.0416  density=0.0175 vx=0.1189 vy=0.0212 var=0.0088
[epoch 127] loss=-2.4793  盲区MSE=0.0415  density=0.0174 vx=0.1187 vy=0.0212 var=0.0088
[epoch 128] loss=-2.3821  盲区MSE=0.0416  density=0.0175 vx=0.1189 vy=0.0212 var=0.0088
[epoch 129] loss=-2.4267  盲区MSE=0.0416  density=0.0175 vx=0.1190 vy=0.0213 var=0.0088
[epoch 130] loss=-2.4212  盲区MSE=0.0416  density=0.0174 vx=0.1190 vy=0.0212 var=0.0088
[epoch 131] loss=-2.4208  盲区MSE=0.0416  density=0.0174 vx=0.1191 vy=0.0212 var=0.0088
[epoch 132] loss=-2.4582  盲区MSE=0.0415  density=0.0175 vx=0.1188 vy=0.0212 var=0.0088
[epoch 133] loss=-2.5035  盲区MSE=0.0416  density=0.0174 vx=0.1190 vy=0.0212 var=0.0088
[epoch 134] loss=-2.3716  盲区MSE=0.0416  density=0.0175 vx=0.1191 vy=0.0212 var=0.0088
[epoch 135] loss=-2.4566  盲区MSE=0.0416  density=0.0175 vx=0.1190 vy=0.0212 var=0.0088
[epoch 136] loss=-2.4522  盲区MSE=0.0416  density=0.0175 vx=0.1188 vy=0.0212 var=0.0088
[epoch 137] loss=-2.4508  盲区MSE=0.0416  density=0.0175 vx=0.1189 vy=0.0212 var=0.0088
[epoch 138] loss=-2.3906  盲区MSE=0.0416  density=0.0174 vx=0.1188 vy=0.0212 var=0.0088
[epoch 139] loss=-2.4160  盲区MSE=0.0416  density=0.0174 vx=0.1189 vy=0.0212 var=0.0088
[epoch 140] loss=-2.4329  盲区MSE=0.0416  density=0.0174 vx=0.1191 vy=0.0212 var=0.0088
[epoch 141] loss=-2.4212  盲区MSE=0.0416  density=0.0174 vx=0.1190 vy=0.0212 var=0.0088
[epoch 142] loss=-2.3632  盲区MSE=0.0416  density=0.0174 vx=0.1189 vy=0.0212 var=0.0087
[epoch 143] loss=-2.4120  盲区MSE=0.0418  density=0.0174 vx=0.1197 vy=0.0212 var=0.0088
[epoch 144] loss=-2.4446  盲区MSE=0.0416  density=0.0174 vx=0.1190 vy=0.0212 var=0.0088
[epoch 145] loss=-2.4150  盲区MSE=0.0416  density=0.0174 vx=0.1192 vy=0.0212 var=0.0088
[epoch 146] loss=-2.5101  盲区MSE=0.0417  density=0.0174 vx=0.1195 vy=0.0213 var=0.0088
[epoch 147] loss=-2.4490  盲区MSE=0.0417  density=0.0174 vx=0.1193 vy=0.0212 var=0.0088
[2026-08-27T05:04:14.004] error: *** JOB 19957946 ON gpu52 CANCELLED AT 2026-08-27T05:04:14 DUE TO TIME LIMIT ***
