Submitted batch job 19618940
[chain] submitted successor (afterany:19617643)
NVIDIA H200
[obs] obs_every_k = 4  (每 4 帧观测)
[data] 6298 windows of (4, 200, 36, 12)  device=cuda
[model] params=2,096,342 (GENN prior 54,220 = 2.59%; the rest is the solver's ConvLSTM)  loss=supervised  n_iter=15  bilinear=False  amp=True
[schedule] ep0→5it@lr0.001  ep25→10it@lr0.0007  ep50→15it@lr0.0005  ep75→20it@lr0.0003
[resume] loaded runs/varnet_a4_k4/varnet_last.pt: continuing from epoch 48 (step 9456)
[best] previous best blind MSE = 0.0352
[schedule] epoch 48: n_iter -> 10, lr -> 0.0007
[epoch  48] loss=0.0347  盲区MSE=0.0352  density=0.0246 vx=0.0723 vy=0.0314 var=0.0126
[epoch  49] loss=0.0359  盲区MSE=0.0352  density=0.0246 vx=0.0722 vy=0.0314 var=0.0126
           ↑ new best (0.0352) -> varnet_best.pt
[schedule] epoch 50: n_iter -> 15, lr -> 0.0005
[epoch  50] loss=0.0397  盲区MSE=0.0350  density=0.0246 vx=0.0715 vy=0.0313 var=0.0126
           ↑ new best (0.0350) -> varnet_best.pt
[epoch  51] loss=0.0357  盲区MSE=0.0350  density=0.0246 vx=0.0714 vy=0.0313 var=0.0126
           ↑ new best (0.0350) -> varnet_best.pt
[epoch  52] loss=0.0360  盲区MSE=0.0350  density=0.0246 vx=0.0713 vy=0.0313 var=0.0126
           ↑ new best (0.0350) -> varnet_best.pt
[epoch  53] loss=0.0337  盲区MSE=0.0350  density=0.0246 vx=0.0713 vy=0.0313 var=0.0126
           ↑ new best (0.0350) -> varnet_best.pt
[epoch  54] loss=0.0328  盲区MSE=0.0349  density=0.0246 vx=0.0712 vy=0.0313 var=0.0126
           ↑ new best (0.0349) -> varnet_best.pt
[epoch  55] loss=0.0301  盲区MSE=0.0349  density=0.0246 vx=0.0712 vy=0.0313 var=0.0126
           ↑ new best (0.0349) -> varnet_best.pt
[epoch  56] loss=0.0337  盲区MSE=0.0349  density=0.0246 vx=0.0711 vy=0.0313 var=0.0126
           ↑ new best (0.0349) -> varnet_best.pt
[epoch  57] loss=0.0357  盲区MSE=0.0349  density=0.0246 vx=0.0710 vy=0.0313 var=0.0126
           ↑ new best (0.0349) -> varnet_best.pt
[epoch  58] loss=0.0386  盲区MSE=0.0349  density=0.0246 vx=0.0710 vy=0.0313 var=0.0126
[epoch  59] loss=0.0360  盲区MSE=0.0349  density=0.0246 vx=0.0709 vy=0.0313 var=0.0126
           ↑ new best (0.0349) -> varnet_best.pt
[epoch  60] loss=0.0323  盲区MSE=0.0348  density=0.0246 vx=0.0709 vy=0.0313 var=0.0126
           ↑ new best (0.0348) -> varnet_best.pt
[epoch  61] loss=0.0348  盲区MSE=0.0348  density=0.0246 vx=0.0709 vy=0.0313 var=0.0126
           ↑ new best (0.0348) -> varnet_best.pt
[epoch  62] loss=0.0395  盲区MSE=0.0349  density=0.0246 vx=0.0709 vy=0.0313 var=0.0126
[epoch  63] loss=0.0322  盲区MSE=0.0348  density=0.0246 vx=0.0708 vy=0.0313 var=0.0126
           ↑ new best (0.0348) -> varnet_best.pt
[epoch  64] loss=0.0357  盲区MSE=0.0348  density=0.0246 vx=0.0708 vy=0.0313 var=0.0126
           ↑ new best (0.0348) -> varnet_best.pt
[epoch  65] loss=0.0387  盲区MSE=0.0348  density=0.0246 vx=0.0707 vy=0.0313 var=0.0126
           ↑ new best (0.0348) -> varnet_best.pt
[epoch  66] loss=0.0353  盲区MSE=0.0348  density=0.0246 vx=0.0708 vy=0.0313 var=0.0126
[epoch  67] loss=0.0371  盲区MSE=0.0348  density=0.0246 vx=0.0707 vy=0.0313 var=0.0126
[epoch  68] loss=0.0367  盲区MSE=0.0349  density=0.0246 vx=0.0709 vy=0.0313 var=0.0126
[epoch  69] loss=0.0383  盲区MSE=0.0348  density=0.0246 vx=0.0708 vy=0.0313 var=0.0126
[epoch  70] loss=0.0368  盲区MSE=0.0348  density=0.0246 vx=0.0707 vy=0.0313 var=0.0126
           ↑ new best (0.0348) -> varnet_best.pt
[epoch  71] loss=0.0345  盲区MSE=0.0348  density=0.0246 vx=0.0705 vy=0.0313 var=0.0126
           ↑ new best (0.0348) -> varnet_best.pt
[epoch  72] loss=0.0374  盲区MSE=0.0348  density=0.0246 vx=0.0706 vy=0.0313 var=0.0126
[2026-08-08T17:04:34.273] error: *** JOB 19617643 ON gpu56 CANCELLED AT 2026-08-08T17:04:34 DUE TO TIME LIMIT ***
