Submitted batch job 19626306
[chain] submitted successor (afterany:19625849)
NVIDIA H200
[obs] obs_every_k = 4  (每 4 帧观测)
[data] 6298 windows of (4, 200, 36, 12)  device=cuda
[model] params=2,051,542 (GENN prior 9,420 = 0.46%; the rest is the solver's ConvLSTM)  loss=supervised  n_iter=15  bilinear=False  amp=True
[schedule] ep0→5it@lr0.001  ep25→10it@lr0.0007  ep50→15it@lr0.0005  ep75→20it@lr0.0003
[resume] loaded runs/varnet_b0_k4/varnet_last.pt: continuing from epoch 105 (step 20685)
[best] previous best blind MSE = 0.0355
[schedule] epoch 105: n_iter -> 20, lr -> 0.0003
[epoch 105] loss=0.0335  盲区MSE=0.0355  density=0.0249 vx=0.0733 vy=0.0313 var=0.0126
[epoch 106] loss=0.0313  盲区MSE=0.0356  density=0.0249 vx=0.0734 vy=0.0313 var=0.0126
[epoch 107] loss=0.0381  盲区MSE=0.0361  density=0.0250 vx=0.0755 vy=0.0314 var=0.0126
[epoch 108] loss=0.0379  盲区MSE=0.0357  density=0.0249 vx=0.0741 vy=0.0314 var=0.0126
[epoch 109] loss=0.0331  盲区MSE=0.0356  density=0.0249 vx=0.0737 vy=0.0313 var=0.0126
[epoch 110] loss=0.0385  盲区MSE=0.0356  density=0.0249 vx=0.0735 vy=0.0313 var=0.0126
[epoch 111] loss=0.0320  盲区MSE=0.0355  density=0.0248 vx=0.0734 vy=0.0313 var=0.0126
[epoch 112] loss=0.0356  盲区MSE=0.0355  density=0.0248 vx=0.0733 vy=0.0313 var=0.0126
[epoch 113] loss=0.0339  盲区MSE=0.0355  density=0.0248 vx=0.0732 vy=0.0313 var=0.0126
           ↑ new best (0.0355) -> varnet_best.pt
[epoch 114] loss=0.0385  盲区MSE=0.0355  density=0.0248 vx=0.0731 vy=0.0313 var=0.0126
           ↑ new best (0.0355) -> varnet_best.pt
[epoch 115] loss=0.0349  盲区MSE=0.0355  density=0.0248 vx=0.0732 vy=0.0313 var=0.0126
[epoch 116] loss=0.0360  盲区MSE=0.0356  density=0.0248 vx=0.0735 vy=0.0314 var=0.0126
[epoch 117] loss=0.0354  盲区MSE=0.0355  density=0.0248 vx=0.0733 vy=0.0313 var=0.0126
[epoch 118] loss=0.0365  盲区MSE=0.0355  density=0.0248 vx=0.0732 vy=0.0313 var=0.0126
[epoch 119] loss=0.0388  盲区MSE=0.0355  density=0.0248 vx=0.0732 vy=0.0313 var=0.0126
[epoch 120] loss=0.0351  盲区MSE=0.0355  density=0.0248 vx=0.0732 vy=0.0313 var=0.0126
[epoch 121] loss=0.0340  盲区MSE=0.0355  density=0.0248 vx=0.0731 vy=0.0313 var=0.0126
[epoch 122] loss=0.0362  盲区MSE=0.0355  density=0.0248 vx=0.0731 vy=0.0313 var=0.0126
[epoch 123] loss=0.0403  盲区MSE=0.0355  density=0.0248 vx=0.0733 vy=0.0313 var=0.0126
[epoch 124] loss=0.0347  盲区MSE=0.0355  density=0.0248 vx=0.0731 vy=0.0313 var=0.0126
           ↑ new best (0.0355) -> varnet_best.pt
[epoch 125] loss=0.0409  盲区MSE=0.0354  density=0.0248 vx=0.0730 vy=0.0313 var=0.0126
           ↑ new best (0.0354) -> varnet_best.pt
[epoch 126] loss=0.0341  盲区MSE=0.0355  density=0.0248 vx=0.0731 vy=0.0313 var=0.0126
[epoch 127] loss=0.0359  盲区MSE=0.0355  density=0.0248 vx=0.0730 vy=0.0313 var=0.0126
[2026-08-09T11:21:27.005] error: *** JOB 19625849 ON gpu52 CANCELLED AT 2026-08-09T11:21:27 DUE TO TIME LIMIT ***
