Submitted batch job 19751519
[chain] submitted successor (afterany:19751513)
NVIDIA H200
[obs] obs_every_k = 1  (每帧观测,对齐 EnKF 项目)
[data] 6298 windows of (4, 200, 36, 12)  device=cuda
[model] params=2,051,542 (GENN prior 9,420 = 0.46%; the rest is the solver's ConvLSTM)  loss=nll  n_iter=15  amp=True
[seed] init=2  data=0
[var-head] 548 params   sigma^2 = obs_var + softplus(head),  obs_var = [0.003239, 0.099055, 0.007424, 4.2e-05]   beta=1.0
[schedule] ep0→5it@lr0.001  ep25→10it@lr0.0007  ep50→15it@lr0.0005  ep75→20it@lr0.0003
[schedule] epoch 0: n_iter -> 5, lr -> 0.001
[epoch   0] loss=-0.0327  盲区MSE=0.0695  density=0.0236 vx=0.2073 vy=0.0375 var=0.0096
           ↑ new best (0.0695) -> varnet_best.pt
[epoch   1] loss=-0.0279  盲区MSE=0.0527  density=0.0233 vx=0.1420 vy=0.0360 var=0.0093
           ↑ new best (0.0527) -> varnet_best.pt
[epoch   2] loss=-0.0293  盲区MSE=0.0466  density=0.0234 vx=0.1200 vy=0.0338 var=0.0093
           ↑ new best (0.0466) -> varnet_best.pt
[epoch   3] loss=-0.0296  盲区MSE=0.0438  density=0.0236 vx=0.1116 vy=0.0308 var=0.0092
           ↑ new best (0.0438) -> varnet_best.pt
[epoch   4] loss=-0.0290  盲区MSE=0.0423  density=0.0236 vx=0.1072 vy=0.0291 var=0.0092
           ↑ new best (0.0423) -> varnet_best.pt
[epoch   5] loss=-0.0283  盲区MSE=0.0417  density=0.0239 vx=0.1053 vy=0.0284 var=0.0093
           ↑ new best (0.0417) -> varnet_best.pt
[epoch   6] loss=-0.0288  盲区MSE=0.0410  density=0.0240 vx=0.1033 vy=0.0276 var=0.0092
           ↑ new best (0.0410) -> varnet_best.pt
[epoch   7] loss=-0.0286  盲区MSE=0.0405  density=0.0238 vx=0.1022 vy=0.0268 var=0.0092
           ↑ new best (0.0405) -> varnet_best.pt
[epoch   8] loss=-0.0288  盲区MSE=0.0399  density=0.0232 vx=0.1007 vy=0.0266 var=0.0091
           ↑ new best (0.0399) -> varnet_best.pt
[epoch   9] loss=-0.0281  盲区MSE=0.0395  density=0.0230 vx=0.0995 vy=0.0262 var=0.0091
           ↑ new best (0.0395) -> varnet_best.pt
[epoch  10] loss=-0.0294  盲区MSE=0.0387  density=0.0232 vx=0.0967 vy=0.0257 var=0.0092
           ↑ new best (0.0387) -> varnet_best.pt
[epoch  11] loss=-0.0288  盲区MSE=0.0380  density=0.0230 vx=0.0944 vy=0.0255 var=0.0091
           ↑ new best (0.0380) -> varnet_best.pt
[epoch  12] loss=-0.0296  盲区MSE=0.0374  density=0.0230 vx=0.0921 vy=0.0255 var=0.0092
           ↑ new best (0.0374) -> varnet_best.pt
[epoch  13] loss=-0.0292  盲区MSE=0.0366  density=0.0227 vx=0.0899 vy=0.0247 var=0.0091
           ↑ new best (0.0366) -> varnet_best.pt
[epoch  14] loss=-0.0283  盲区MSE=0.0360  density=0.0226 vx=0.0878 vy=0.0245 var=0.0092
           ↑ new best (0.0360) -> varnet_best.pt
[epoch  15] loss=-0.0299  盲区MSE=0.0349  density=0.0222 vx=0.0839 vy=0.0242 var=0.0091
           ↑ new best (0.0349) -> varnet_best.pt
[epoch  16] loss=-0.0306  盲区MSE=0.0343  density=0.0221 vx=0.0822 vy=0.0239 var=0.0091
           ↑ new best (0.0343) -> varnet_best.pt
[epoch  17] loss=-0.0310  盲区MSE=0.0340  density=0.0220 vx=0.0811 vy=0.0237 var=0.0091
           ↑ new best (0.0340) -> varnet_best.pt
[epoch  18] loss=-0.0303  盲区MSE=0.0336  density=0.0220 vx=0.0797 vy=0.0235 var=0.0091
           ↑ new best (0.0336) -> varnet_best.pt
[epoch  19] loss=-0.0297  盲区MSE=0.0333  density=0.0219 vx=0.0788 vy=0.0234 var=0.0090
           ↑ new best (0.0333) -> varnet_best.pt
[epoch  20] loss=-0.0309  盲区MSE=0.0330  density=0.0217 vx=0.0781 vy=0.0234 var=0.0090
           ↑ new best (0.0330) -> varnet_best.pt
[epoch  21] loss=-0.0310  盲区MSE=0.0328  density=0.0215 vx=0.0775 vy=0.0233 var=0.0090
           ↑ new best (0.0328) -> varnet_best.pt
[epoch  22] loss=-0.0313  盲区MSE=0.0326  density=0.0214 vx=0.0767 vy=0.0234 var=0.0090
           ↑ new best (0.0326) -> varnet_best.pt
[epoch  23] loss=-0.0309  盲区MSE=0.0325  density=0.0215 vx=0.0763 vy=0.0233 var=0.0090
           ↑ new best (0.0325) -> varnet_best.pt
[epoch  24] loss=-0.0308  盲区MSE=0.0323  density=0.0213 vx=0.0758 vy=0.0232 var=0.0090
           ↑ new best (0.0323) -> varnet_best.pt
[schedule] epoch 25: n_iter -> 10, lr -> 0.0007
[epoch  25] loss=-0.0312  盲区MSE=0.0318  density=0.0212 vx=0.0739 vy=0.0230 var=0.0090
           ↑ new best (0.0318) -> varnet_best.pt
[epoch  26] loss=-0.0315  盲区MSE=0.0315  density=0.0210 vx=0.0732 vy=0.0230 var=0.0090
           ↑ new best (0.0315) -> varnet_best.pt
[epoch  27] loss=-0.0311  盲区MSE=0.0314  density=0.0209 vx=0.0726 vy=0.0230 var=0.0090
           ↑ new best (0.0314) -> varnet_best.pt
[epoch  28] loss=-0.0315  盲区MSE=0.0313  density=0.0209 vx=0.0724 vy=0.0229 var=0.0090
           ↑ new best (0.0313) -> varnet_best.pt
[epoch  29] loss=-0.0306  盲区MSE=0.0311  density=0.0208 vx=0.0715 vy=0.0229 var=0.0089
           ↑ new best (0.0311) -> varnet_best.pt
[epoch  30] loss=-0.0315  盲区MSE=0.0311  density=0.0207 vx=0.0717 vy=0.0229 var=0.0089
[epoch  31] loss=-0.0314  盲区MSE=0.0310  density=0.0207 vx=0.0714 vy=0.0229 var=0.0089
           ↑ new best (0.0310) -> varnet_best.pt
[epoch  32] loss=-0.0308  盲区MSE=0.0308  density=0.0207 vx=0.0707 vy=0.0229 var=0.0089
           ↑ new best (0.0308) -> varnet_best.pt
[epoch  33] loss=-0.0312  盲区MSE=0.0307  density=0.0206 vx=0.0703 vy=0.0229 var=0.0089
           ↑ new best (0.0307) -> varnet_best.pt
[epoch  34] loss=-0.0309  盲区MSE=0.0306  density=0.0206 vx=0.0701 vy=0.0229 var=0.0089
           ↑ new best (0.0306) -> varnet_best.pt
[epoch  35] loss=-0.0308  盲区MSE=0.0306  density=0.0206 vx=0.0699 vy=0.0229 var=0.0089
           ↑ new best (0.0306) -> varnet_best.pt
[epoch  36] loss=-0.0305  盲区MSE=0.0305  density=0.0206 vx=0.0697 vy=0.0229 var=0.0089
           ↑ new best (0.0305) -> varnet_best.pt
[epoch  37] loss=-0.0310  盲区MSE=0.0304  density=0.0206 vx=0.0691 vy=0.0228 var=0.0089
           ↑ new best (0.0304) -> varnet_best.pt
[epoch  38] loss=-0.0307  盲区MSE=0.0304  density=0.0206 vx=0.0693 vy=0.0229 var=0.0089
[epoch  39] loss=-0.0307  盲区MSE=0.0302  density=0.0205 vx=0.0688 vy=0.0228 var=0.0089
           ↑ new best (0.0302) -> varnet_best.pt
[epoch  40] loss=-0.0305  盲区MSE=0.0302  density=0.0205 vx=0.0686 vy=0.0228 var=0.0089
           ↑ new best (0.0302) -> varnet_best.pt
[epoch  41] loss=-0.0313  盲区MSE=0.0301  density=0.0205 vx=0.0682 vy=0.0228 var=0.0089
           ↑ new best (0.0301) -> varnet_best.pt
[epoch  42] loss=-0.0307  盲区MSE=0.0301  density=0.0204 vx=0.0682 vy=0.0228 var=0.0089
           ↑ new best (0.0301) -> varnet_best.pt
[epoch  43] loss=-0.0315  盲区MSE=0.0300  density=0.0205 vx=0.0680 vy=0.0227 var=0.0089
           ↑ new best (0.0300) -> varnet_best.pt
[epoch  44] loss=-0.0294  盲区MSE=0.0299  density=0.0204 vx=0.0678 vy=0.0227 var=0.0089
           ↑ new best (0.0299) -> varnet_best.pt
[epoch  45] loss=-0.0308  盲区MSE=0.0299  density=0.0203 vx=0.0676 vy=0.0227 var=0.0089
           ↑ new best (0.0299) -> varnet_best.pt
[epoch  46] loss=-0.0304  盲区MSE=0.0298  density=0.0203 vx=0.0675 vy=0.0227 var=0.0089
           ↑ new best (0.0298) -> varnet_best.pt
[epoch  47] loss=-0.0304  盲区MSE=0.0297  density=0.0203 vx=0.0671 vy=0.0227 var=0.0089
           ↑ new best (0.0297) -> varnet_best.pt
[epoch  48] loss=-0.0310  盲区MSE=0.0298  density=0.0203 vx=0.0675 vy=0.0227 var=0.0089
[epoch  49] loss=-0.0310  盲区MSE=0.0297  density=0.0203 vx=0.0672 vy=0.0227 var=0.0089
           ↑ new best (0.0297) -> varnet_best.pt
[schedule] epoch 50: n_iter -> 15, lr -> 0.0005
[epoch  50] loss=-0.0314  盲区MSE=0.0295  density=0.0202 vx=0.0665 vy=0.0226 var=0.0089
           ↑ new best (0.0295) -> varnet_best.pt
[epoch  51] loss=-0.0307  盲区MSE=0.0294  density=0.0202 vx=0.0660 vy=0.0226 var=0.0089
           ↑ new best (0.0294) -> varnet_best.pt
[epoch  52] loss=-0.0305  盲区MSE=0.0294  density=0.0202 vx=0.0659 vy=0.0226 var=0.0089
           ↑ new best (0.0294) -> varnet_best.pt
[epoch  53] loss=-0.0307  盲区MSE=0.0294  density=0.0201 vx=0.0660 vy=0.0226 var=0.0089
[2026-08-15T14:50:44.006] error: *** JOB 19751513 ON gpu60 CANCELLED AT 2026-08-15T14:50:44 DUE TO TIME LIMIT ***
