Submitted batch job 19759424
[chain] submitted successor (afterany:19758363)
NVIDIA H200
[obs] obs_every_k = 1  (每帧观测,对齐 EnKF 项目)
[data] 6298 windows of (4, 200, 36, 12)  device=cuda
[model] params=2,051,542 (GENN prior 9,420 = 0.46%; the rest is the solver's ConvLSTM)  loss=nll  n_iter=15  amp=True
[seed] init=2  data=0
[var-head] 548 params   sigma^2 = obs_var + softplus(head),  obs_var = [0.003239, 0.099055, 0.007424, 4.2e-05]   beta=1.0
[schedule] ep0→5it@lr0.001  ep25→10it@lr0.0007  ep50→15it@lr0.0005  ep75→20it@lr0.0003
[resume] loaded runs/varnet_ml5_s2/varnet_last.pt: continuing from epoch 125 (step 24625)
[best] previous best blind MSE = 0.0281
[schedule] epoch 125: n_iter -> 20, lr -> 0.0003
[epoch 125] loss=-0.0305  盲区MSE=0.0282  density=0.0193 vx=0.0622 vy=0.0224 var=0.0088
[epoch 126] loss=-0.0302  盲区MSE=0.0281  density=0.0193 vx=0.0620 vy=0.0224 var=0.0088
[epoch 127] loss=-0.0311  盲区MSE=0.0281  density=0.0193 vx=0.0619 vy=0.0224 var=0.0088
           ↑ new best (0.0281) -> varnet_best.pt
[epoch 128] loss=-0.0313  盲区MSE=0.0281  density=0.0193 vx=0.0618 vy=0.0224 var=0.0088
           ↑ new best (0.0281) -> varnet_best.pt
[epoch 129] loss=-0.0310  盲区MSE=0.0281  density=0.0193 vx=0.0618 vy=0.0224 var=0.0088
[epoch 130] loss=-0.0308  盲区MSE=0.0281  density=0.0193 vx=0.0618 vy=0.0223 var=0.0088
[epoch 131] loss=-0.0304  盲区MSE=0.0280  density=0.0193 vx=0.0618 vy=0.0223 var=0.0088
           ↑ new best (0.0280) -> varnet_best.pt
[epoch 132] loss=-0.0308  盲区MSE=0.0280  density=0.0193 vx=0.0617 vy=0.0224 var=0.0088
           ↑ new best (0.0280) -> varnet_best.pt
[epoch 133] loss=-0.0310  盲区MSE=0.0281  density=0.0193 vx=0.0619 vy=0.0224 var=0.0088
[epoch 134] loss=-0.0307  盲区MSE=0.0281  density=0.0192 vx=0.0619 vy=0.0224 var=0.0088
[epoch 135] loss=-0.0310  盲区MSE=0.0280  density=0.0192 vx=0.0617 vy=0.0223 var=0.0088
           ↑ new best (0.0280) -> varnet_best.pt
[epoch 136] loss=-0.0298  盲区MSE=0.0280  density=0.0192 vx=0.0617 vy=0.0223 var=0.0088
           ↑ new best (0.0280) -> varnet_best.pt
[epoch 137] loss=-0.0311  盲区MSE=0.0281  density=0.0192 vx=0.0618 vy=0.0223 var=0.0088
[epoch 138] loss=-0.0309  盲区MSE=0.0280  density=0.0192 vx=0.0616 vy=0.0223 var=0.0088
           ↑ new best (0.0280) -> varnet_best.pt
[epoch 139] loss=-0.0295  盲区MSE=0.0281  density=0.0192 vx=0.0619 vy=0.0223 var=0.0088
[epoch 140] loss=-0.0311  盲区MSE=0.0281  density=0.0192 vx=0.0618 vy=0.0224 var=0.0088
[epoch 141] loss=-0.0310  盲区MSE=0.0280  density=0.0192 vx=0.0617 vy=0.0223 var=0.0088
[epoch 142] loss=-0.0311  盲区MSE=0.0280  density=0.0192 vx=0.0616 vy=0.0223 var=0.0088
           ↑ new best (0.0280) -> varnet_best.pt
[epoch 143] loss=-0.0308  盲区MSE=0.0280  density=0.0192 vx=0.0618 vy=0.0224 var=0.0088
[epoch 144] loss=-0.0303  盲区MSE=0.0280  density=0.0192 vx=0.0618 vy=0.0224 var=0.0088
[epoch 145] loss=-0.0313  盲区MSE=0.0280  density=0.0192 vx=0.0616 vy=0.0224 var=0.0088
[epoch 146] loss=-0.0311  盲区MSE=0.0280  density=0.0192 vx=0.0618 vy=0.0223 var=0.0088
[2026-08-16T03:12:33.011] error: *** JOB 19758363 ON gpu52 CANCELLED AT 2026-08-16T03:12:33 DUE TO TIME LIMIT ***
