Submitted batch job 19756575
[chain] submitted successor (afterany:19752982)
NVIDIA H200
[obs] obs_every_k = 1  (每帧观测,对齐 EnKF 项目)
[data] 6298 windows of (4, 200, 36, 12)  device=cuda
[model] params=2,051,542 (GENN prior 9,420 = 0.46%; the rest is the solver's ConvLSTM)  loss=nll  n_iter=15  amp=True
[seed] init=4  data=0
[var-head] 548 params   sigma^2 = obs_var + softplus(head),  obs_var = [0.003239, 0.099055, 0.007424, 4.2e-05]   beta=1.0
[schedule] ep0→5it@lr0.001  ep25→10it@lr0.0007  ep50→15it@lr0.0005  ep75→20it@lr0.0003
[resume] loaded runs/varnet_ml5_s4/varnet_last.pt: continuing from epoch 81 (step 15957)
[best] previous best blind MSE = 0.0293
[schedule] epoch 81: n_iter -> 20, lr -> 0.0003
[epoch  81] loss=-0.0314  盲区MSE=0.0294  density=0.0216 vx=0.0647 vy=0.0222 var=0.0091
[epoch  82] loss=-0.0307  盲区MSE=0.0293  density=0.0216 vx=0.0643 vy=0.0221 var=0.0091
           ↑ new best (0.0293) -> varnet_best.pt
[epoch  83] loss=-0.0311  盲区MSE=0.0293  density=0.0216 vx=0.0645 vy=0.0222 var=0.0091
[epoch  84] loss=-0.0312  盲区MSE=0.0293  density=0.0216 vx=0.0643 vy=0.0221 var=0.0091
           ↑ new best (0.0293) -> varnet_best.pt
[epoch  85] loss=-0.0314  盲区MSE=0.0293  density=0.0216 vx=0.0643 vy=0.0221 var=0.0091
           ↑ new best (0.0293) -> varnet_best.pt
[epoch  86] loss=-0.0312  盲区MSE=0.0293  density=0.0216 vx=0.0643 vy=0.0222 var=0.0091
[epoch  87] loss=-0.0313  盲区MSE=0.0293  density=0.0216 vx=0.0643 vy=0.0221 var=0.0091
[epoch  88] loss=-0.0310  盲区MSE=0.0293  density=0.0216 vx=0.0644 vy=0.0221 var=0.0091
[epoch  89] loss=-0.0311  盲区MSE=0.0292  density=0.0216 vx=0.0641 vy=0.0221 var=0.0091
           ↑ new best (0.0292) -> varnet_best.pt
[epoch  90] loss=-0.0313  盲区MSE=0.0293  density=0.0216 vx=0.0642 vy=0.0221 var=0.0091
[epoch  91] loss=-0.0307  盲区MSE=0.0292  density=0.0216 vx=0.0641 vy=0.0221 var=0.0091
           ↑ new best (0.0292) -> varnet_best.pt
[epoch  92] loss=-0.0313  盲区MSE=0.0292  density=0.0216 vx=0.0640 vy=0.0221 var=0.0091
           ↑ new best (0.0292) -> varnet_best.pt
[epoch  93] loss=-0.0313  盲区MSE=0.0292  density=0.0216 vx=0.0640 vy=0.0221 var=0.0091
           ↑ new best (0.0292) -> varnet_best.pt
[epoch  94] loss=-0.0313  盲区MSE=0.0291  density=0.0216 vx=0.0637 vy=0.0221 var=0.0091
           ↑ new best (0.0291) -> varnet_best.pt
[epoch  95] loss=-0.0314  盲区MSE=0.0291  density=0.0216 vx=0.0638 vy=0.0221 var=0.0091
[epoch  96] loss=-0.0310  盲区MSE=0.0291  density=0.0216 vx=0.0637 vy=0.0221 var=0.0091
           ↑ new best (0.0291) -> varnet_best.pt
[epoch  97] loss=-0.0316  盲区MSE=0.0292  density=0.0216 vx=0.0639 vy=0.0221 var=0.0091
[epoch  98] loss=-0.0315  盲区MSE=0.0291  density=0.0216 vx=0.0638 vy=0.0221 var=0.0091
[epoch  99] loss=-0.0307  盲区MSE=0.0291  density=0.0216 vx=0.0637 vy=0.0221 var=0.0091
[epoch 100] loss=-0.0314  盲区MSE=0.0292  density=0.0216 vx=0.0640 vy=0.0221 var=0.0091
[epoch 101] loss=-0.0311  盲区MSE=0.0291  density=0.0216 vx=0.0637 vy=0.0221 var=0.0091
[epoch 102] loss=-0.0306  盲区MSE=0.0291  density=0.0216 vx=0.0637 vy=0.0221 var=0.0091
[2026-08-15T21:01:39.023] error: *** JOB 19752982 ON gpu52 CANCELLED AT 2026-08-15T21:01:39 DUE TO TIME LIMIT ***
