Submitted batch job 20041619
[chain] submitted successor (afterany:20039658)
NVIDIA H200
[obs] obs_every_k = 1  (每帧观测,对齐 EnKF 项目)
[data] 6298 windows of (4, 200, 36, 12)  device=cuda
[model] params=2,051,542 (GENN prior 9,420 = 0.46%; the rest is the solver's ConvLSTM)  loss=supervised  n_iter=15  amp=True
[seed] init=1  data=0
[schedule] ep0→5it@lr0.001  ep25→10it@lr0.0007  ep50→15it@lr0.0005  ep75→20it@lr0.0003
[resume] loaded runs/varnet_mse5_s1/varnet_last.pt: continuing from epoch 81 (step 15957)
[best] previous best blind MSE = 0.0279
[schedule] epoch 81: n_iter -> 20, lr -> 0.0003
[epoch  81] loss=0.0279  盲区MSE=0.0278  density=0.0165 vx=0.0644 vy=0.0217 var=0.0087
           ↑ new best (0.0278) -> varnet_best.pt
[epoch  82] loss=0.0283  盲区MSE=0.0279  density=0.0165 vx=0.0645 vy=0.0217 var=0.0087
[epoch  83] loss=0.0263  盲区MSE=0.0278  density=0.0165 vx=0.0644 vy=0.0217 var=0.0087
           ↑ new best (0.0278) -> varnet_best.pt
[epoch  84] loss=0.0269  盲区MSE=0.0278  density=0.0165 vx=0.0644 vy=0.0217 var=0.0087
           ↑ new best (0.0278) -> varnet_best.pt
[epoch  85] loss=0.0283  盲区MSE=0.0279  density=0.0166 vx=0.0646 vy=0.0218 var=0.0087
[epoch  86] loss=0.0272  盲区MSE=0.0280  density=0.0165 vx=0.0648 vy=0.0218 var=0.0087
[epoch  87] loss=0.0271  盲区MSE=0.0279  density=0.0165 vx=0.0645 vy=0.0217 var=0.0087
[epoch  88] loss=0.0275  盲区MSE=0.0279  density=0.0165 vx=0.0645 vy=0.0217 var=0.0087
[epoch  89] loss=0.0282  盲区MSE=0.0280  density=0.0166 vx=0.0650 vy=0.0218 var=0.0087
[epoch  90] loss=0.0269  盲区MSE=0.0279  density=0.0165 vx=0.0647 vy=0.0217 var=0.0087
[epoch  91] loss=0.0269  盲区MSE=0.0279  density=0.0165 vx=0.0646 vy=0.0218 var=0.0087
[epoch  92] loss=0.0267  盲区MSE=0.0282  density=0.0166 vx=0.0655 vy=0.0218 var=0.0087
[epoch  93] loss=0.0260  盲区MSE=0.0280  density=0.0165 vx=0.0649 vy=0.0218 var=0.0087
[epoch  94] loss=0.0256  盲区MSE=0.0280  density=0.0165 vx=0.0651 vy=0.0217 var=0.0087
[epoch  95] loss=0.0259  盲区MSE=0.0280  density=0.0165 vx=0.0648 vy=0.0217 var=0.0087
[epoch  96] loss=0.0249  盲区MSE=0.0279  density=0.0165 vx=0.0646 vy=0.0217 var=0.0087
[epoch  97] loss=0.0272  盲区MSE=0.0279  density=0.0165 vx=0.0648 vy=0.0218 var=0.0087
[epoch  98] loss=0.0258  盲区MSE=0.0281  density=0.0165 vx=0.0654 vy=0.0218 var=0.0087
[epoch  99] loss=0.0277  盲区MSE=0.0280  density=0.0165 vx=0.0652 vy=0.0218 var=0.0087
[epoch 100] loss=0.0272  盲区MSE=0.0282  density=0.0166 vx=0.0658 vy=0.0218 var=0.0087
[epoch 101] loss=0.0276  盲区MSE=0.0280  density=0.0165 vx=0.0649 vy=0.0217 var=0.0087
[epoch 102] loss=0.0264  盲区MSE=0.0279  density=0.0165 vx=0.0646 vy=0.0217 var=0.0087
[epoch 103] loss=0.0267  盲区MSE=0.0281  density=0.0165 vx=0.0653 vy=0.0218 var=0.0087
[2026-09-02T23:26:52.005] error: *** JOB 20039658 ON gpu63 CANCELLED AT 2026-09-02T23:26:52 DUE TO TIME LIMIT ***
