Submitted batch job 19955887
[chain] submitted successor (afterany:19951418)
NVIDIA H200
[obs] obs_every_k = 1  (每帧观测,对齐 EnKF 项目)
[data] 6298 windows of (4, 200, 36, 12)  device=cuda
[model] params=2,743,542 (GENN prior 9,420 = 0.34%; the rest is the solver's ConvLSTM)  loss=nll  n_iter=15  amp=True
[seed] init=4  data=0
[var read-out] 692,000 params on the last hidden state   sigma^2 = softplus(out_var(h)) + 1e-06   beta=0.0
[schedule] ep0→5it@lr0.001  ep25→10it@lr0.0007  ep50→15it@lr0.0005  ep75→20it@lr0.0003
[resume] loaded runs/varnet_vsb0_s4/varnet_last.pt: continuing from epoch 82 (step 16154)
[best] previous best blind MSE = 0.0423
[schedule] epoch 82: n_iter -> 20, lr -> 0.0003
[epoch  82] loss=-2.4973  盲区MSE=0.0426  density=0.0178 vx=0.1215 vy=0.0221 var=0.0087
[epoch  83] loss=-2.5088  盲区MSE=0.0425  density=0.0178 vx=0.1215 vy=0.0221 var=0.0087
[epoch  84] loss=-2.4444  盲区MSE=0.0425  density=0.0178 vx=0.1214 vy=0.0221 var=0.0087
[epoch  85] loss=-2.4424  盲区MSE=0.0425  density=0.0178 vx=0.1214 vy=0.0221 var=0.0087
[epoch  86] loss=-2.4548  盲区MSE=0.0425  density=0.0178 vx=0.1215 vy=0.0221 var=0.0087
[epoch  87] loss=-2.3249  盲区MSE=0.0426  density=0.0178 vx=0.1216 vy=0.0221 var=0.0087
[epoch  88] loss=-2.4432  盲区MSE=0.0425  density=0.0178 vx=0.1214 vy=0.0221 var=0.0087
[epoch  89] loss=-2.5065  盲区MSE=0.0426  density=0.0178 vx=0.1216 vy=0.0221 var=0.0087
[epoch  90] loss=-2.4367  盲区MSE=0.0424  density=0.0179 vx=0.1209 vy=0.0221 var=0.0087
[epoch  91] loss=-2.4495  盲区MSE=0.0426  density=0.0177 vx=0.1217 vy=0.0221 var=0.0087
[epoch  92] loss=-2.5136  盲区MSE=0.0426  density=0.0178 vx=0.1216 vy=0.0221 var=0.0087
[epoch  93] loss=-2.5127  盲区MSE=0.0426  density=0.0177 vx=0.1217 vy=0.0221 var=0.0087
[epoch  94] loss=-2.4716  盲区MSE=0.0425  density=0.0178 vx=0.1213 vy=0.0221 var=0.0087
[epoch  95] loss=-2.5406  盲区MSE=0.0425  density=0.0177 vx=0.1216 vy=0.0221 var=0.0087
[epoch  96] loss=-2.5281  盲区MSE=0.0425  density=0.0178 vx=0.1216 vy=0.0221 var=0.0087
[epoch  97] loss=-2.4974  盲区MSE=0.0425  density=0.0178 vx=0.1216 vy=0.0221 var=0.0087
[epoch  98] loss=-2.4567  盲区MSE=0.0426  density=0.0178 vx=0.1216 vy=0.0221 var=0.0087
[epoch  99] loss=-2.5166  盲区MSE=0.0425  density=0.0178 vx=0.1214 vy=0.0221 var=0.0087
[epoch 100] loss=-2.4451  盲区MSE=0.0425  density=0.0178 vx=0.1214 vy=0.0221 var=0.0087
[epoch 101] loss=-2.5102  盲区MSE=0.0425  density=0.0177 vx=0.1216 vy=0.0221 var=0.0087
[epoch 102] loss=-2.5169  盲区MSE=0.0425  density=0.0177 vx=0.1216 vy=0.0221 var=0.0087
[epoch 103] loss=-2.4489  盲区MSE=0.0426  density=0.0178 vx=0.1217 vy=0.0221 var=0.0087
[epoch 104] loss=-2.4181  盲区MSE=0.0427  density=0.0178 vx=0.1220 vy=0.0221 var=0.0087
[2026-08-26T22:58:47.007] error: *** JOB 19951418 ON gpu50 CANCELLED AT 2026-08-26T22:58:47 DUE TO TIME LIMIT ***
