Submitted batch job 20039658
[chain] submitted successor (afterany:20035952)
NVIDIA H200
[obs] obs_every_k = 1  (每帧观测,对齐 EnKF 项目)
[data] 6298 windows of (4, 200, 36, 12)  device=cuda
[model] params=2,051,542 (GENN prior 9,420 = 0.46%; the rest is the solver's ConvLSTM)  loss=supervised  n_iter=15  amp=True
[seed] init=1  data=0
[schedule] ep0→5it@lr0.001  ep25→10it@lr0.0007  ep50→15it@lr0.0005  ep75→20it@lr0.0003
[resume] loaded runs/varnet_mse5_s1/varnet_last.pt: continuing from epoch 54 (step 10638)
[best] previous best blind MSE = 0.0285
[epoch  54] loss=0.0282  盲区MSE=0.0284  density=0.0168 vx=0.0663 vy=0.0218 var=0.0087
           ↑ new best (0.0284) -> varnet_best.pt
[epoch  55] loss=0.0286  盲区MSE=0.0285  density=0.0168 vx=0.0667 vy=0.0218 var=0.0087
[epoch  56] loss=0.0266  盲区MSE=0.0284  density=0.0168 vx=0.0663 vy=0.0218 var=0.0087
           ↑ new best (0.0284) -> varnet_best.pt
[epoch  57] loss=0.0272  盲区MSE=0.0284  density=0.0167 vx=0.0663 vy=0.0218 var=0.0087
[epoch  58] loss=0.0285  盲区MSE=0.0285  density=0.0168 vx=0.0665 vy=0.0218 var=0.0087
[epoch  59] loss=0.0274  盲区MSE=0.0284  density=0.0167 vx=0.0662 vy=0.0218 var=0.0087
           ↑ new best (0.0284) -> varnet_best.pt
[epoch  60] loss=0.0274  盲区MSE=0.0284  density=0.0167 vx=0.0663 vy=0.0218 var=0.0087
[epoch  61] loss=0.0277  盲区MSE=0.0283  density=0.0167 vx=0.0661 vy=0.0218 var=0.0087
           ↑ new best (0.0283) -> varnet_best.pt
[epoch  62] loss=0.0285  盲区MSE=0.0284  density=0.0167 vx=0.0665 vy=0.0219 var=0.0087
[epoch  63] loss=0.0272  盲区MSE=0.0286  density=0.0167 vx=0.0671 vy=0.0219 var=0.0087
[epoch  64] loss=0.0272  盲区MSE=0.0285  density=0.0167 vx=0.0666 vy=0.0218 var=0.0087
[epoch  65] loss=0.0269  盲区MSE=0.0284  density=0.0166 vx=0.0663 vy=0.0218 var=0.0087
[epoch  66] loss=0.0262  盲区MSE=0.0284  density=0.0167 vx=0.0662 vy=0.0219 var=0.0087
[epoch  67] loss=0.0258  盲区MSE=0.0284  density=0.0166 vx=0.0664 vy=0.0219 var=0.0087
[epoch  68] loss=0.0261  盲区MSE=0.0285  density=0.0167 vx=0.0668 vy=0.0218 var=0.0087
[epoch  69] loss=0.0251  盲区MSE=0.0284  density=0.0166 vx=0.0663 vy=0.0218 var=0.0087
[epoch  70] loss=0.0275  盲区MSE=0.0283  density=0.0166 vx=0.0661 vy=0.0219 var=0.0087
[epoch  71] loss=0.0259  盲区MSE=0.0282  density=0.0166 vx=0.0658 vy=0.0218 var=0.0087
           ↑ new best (0.0282) -> varnet_best.pt
[epoch  72] loss=0.0278  盲区MSE=0.0283  density=0.0166 vx=0.0661 vy=0.0218 var=0.0087
[epoch  73] loss=0.0275  盲区MSE=0.0287  density=0.0167 vx=0.0675 vy=0.0218 var=0.0087
[epoch  74] loss=0.0279  盲区MSE=0.0283  density=0.0166 vx=0.0660 vy=0.0218 var=0.0087
[schedule] epoch 75: n_iter -> 20, lr -> 0.0003
[epoch  75] loss=0.0265  盲区MSE=0.0280  density=0.0166 vx=0.0651 vy=0.0218 var=0.0087
           ↑ new best (0.0280) -> varnet_best.pt
[epoch  76] loss=0.0267  盲区MSE=0.0280  density=0.0165 vx=0.0648 vy=0.0217 var=0.0087
           ↑ new best (0.0280) -> varnet_best.pt
[epoch  77] loss=0.0263  盲区MSE=0.0280  density=0.0166 vx=0.0648 vy=0.0218 var=0.0087
[epoch  78] loss=0.0261  盲区MSE=0.0279  density=0.0166 vx=0.0647 vy=0.0218 var=0.0087
           ↑ new best (0.0279) -> varnet_best.pt
[epoch  79] loss=0.0256  盲区MSE=0.0279  density=0.0165 vx=0.0646 vy=0.0218 var=0.0087
           ↑ new best (0.0279) -> varnet_best.pt
[epoch  80] loss=0.0260  盲区MSE=0.0279  density=0.0165 vx=0.0645 vy=0.0217 var=0.0087
           ↑ new best (0.0279) -> varnet_best.pt
[2026-09-02T19:33:47.006] error: *** JOB 20035952 ON gpu63 CANCELLED AT 2026-09-02T19:33:47 DUE TO TIME LIMIT ***
