Submitted batch job 19614048
[chain] submitted successor (afterany:19611430)
NVIDIA H200
[obs] obs_every_k = 4  (每 4 帧观测)
[data] 6298 windows of (4, 200, 36, 12)  device=cuda
[model] params=2,074,198 (GENN prior 32,076 = 1.55%; the rest is the solver's ConvLSTM)  loss=supervised  n_iter=15  bilinear=False  amp=True
[schedule] ep0→5it@lr0.001  ep25→10it@lr0.0007  ep50→15it@lr0.0005  ep75→20it@lr0.0003
[resume] loaded runs/varnet_a2_k4/varnet_last.pt: continuing from epoch 44 (step 8668)
[best] previous best blind MSE = 0.0356
[schedule] epoch 44: n_iter -> 10, lr -> 0.0007
[epoch  44] loss=0.0338  盲区MSE=0.0356  density=0.0248 vx=0.0735 vy=0.0314 var=0.0127
           ↑ new best (0.0356) -> varnet_best.pt
[epoch  45] loss=0.0390  盲区MSE=0.0356  density=0.0248 vx=0.0735 vy=0.0314 var=0.0127
           ↑ new best (0.0356) -> varnet_best.pt
[epoch  46] loss=0.0381  盲区MSE=0.0356  density=0.0248 vx=0.0734 vy=0.0314 var=0.0127
           ↑ new best (0.0356) -> varnet_best.pt
[epoch  47] loss=0.0360  盲区MSE=0.0355  density=0.0248 vx=0.0731 vy=0.0314 var=0.0127
           ↑ new best (0.0355) -> varnet_best.pt
[epoch  48] loss=0.0328  盲区MSE=0.0355  density=0.0248 vx=0.0731 vy=0.0314 var=0.0127
           ↑ new best (0.0355) -> varnet_best.pt
[epoch  49] loss=0.0404  盲区MSE=0.0354  density=0.0248 vx=0.0729 vy=0.0314 var=0.0127
           ↑ new best (0.0354) -> varnet_best.pt
[schedule] epoch 50: n_iter -> 15, lr -> 0.0005
[epoch  50] loss=0.0344  盲区MSE=0.0353  density=0.0247 vx=0.0724 vy=0.0314 var=0.0127
           ↑ new best (0.0353) -> varnet_best.pt
[epoch  51] loss=0.0337  盲区MSE=0.0352  density=0.0247 vx=0.0721 vy=0.0313 var=0.0127
           ↑ new best (0.0352) -> varnet_best.pt
[epoch  52] loss=0.0370  盲区MSE=0.0352  density=0.0247 vx=0.0721 vy=0.0314 var=0.0127
           ↑ new best (0.0352) -> varnet_best.pt
[epoch  53] loss=0.0382  盲区MSE=0.0352  density=0.0247 vx=0.0720 vy=0.0313 var=0.0127
           ↑ new best (0.0352) -> varnet_best.pt
[epoch  54] loss=0.0354  盲区MSE=0.0352  density=0.0248 vx=0.0721 vy=0.0313 var=0.0127
[epoch  55] loss=0.0372  盲区MSE=0.0351  density=0.0247 vx=0.0718 vy=0.0313 var=0.0127
           ↑ new best (0.0351) -> varnet_best.pt
[epoch  56] loss=0.0357  盲区MSE=0.0351  density=0.0247 vx=0.0718 vy=0.0313 var=0.0127
           ↑ new best (0.0351) -> varnet_best.pt
[epoch  57] loss=0.0346  盲区MSE=0.0351  density=0.0247 vx=0.0717 vy=0.0313 var=0.0127
           ↑ new best (0.0351) -> varnet_best.pt
[epoch  58] loss=0.0354  盲区MSE=0.0351  density=0.0247 vx=0.0716 vy=0.0313 var=0.0127
           ↑ new best (0.0351) -> varnet_best.pt
[epoch  59] loss=0.0346  盲区MSE=0.0351  density=0.0247 vx=0.0717 vy=0.0313 var=0.0127
[epoch  60] loss=0.0344  盲区MSE=0.0350  density=0.0247 vx=0.0715 vy=0.0313 var=0.0127
           ↑ new best (0.0350) -> varnet_best.pt
[epoch  61] loss=0.0368  盲区MSE=0.0351  density=0.0247 vx=0.0716 vy=0.0313 var=0.0127
[epoch  62] loss=0.0347  盲区MSE=0.0350  density=0.0247 vx=0.0715 vy=0.0314 var=0.0127
           ↑ new best (0.0350) -> varnet_best.pt
[epoch  63] loss=0.0357  盲区MSE=0.0350  density=0.0247 vx=0.0713 vy=0.0313 var=0.0127
           ↑ new best (0.0350) -> varnet_best.pt
[epoch  64] loss=0.0376  盲区MSE=0.0350  density=0.0247 vx=0.0713 vy=0.0313 var=0.0127
[epoch  65] loss=0.0358  盲区MSE=0.0350  density=0.0247 vx=0.0713 vy=0.0313 var=0.0127
           ↑ new best (0.0350) -> varnet_best.pt
[epoch  66] loss=0.0404  盲区MSE=0.0351  density=0.0247 vx=0.0716 vy=0.0313 var=0.0127
[2026-08-08T00:35:57.007] error: *** JOB 19611430 ON gpu61 CANCELLED AT 2026-08-08T00:35:57 DUE TO TIME LIMIT ***
