[data] obs_atc-20130811.npz  12 frames, 3 with observations, m in [856, 1060]  ensemble=100

[unit] rewritten helpers vs reference implementations
  _localization_matrix  n=40  bit-identical: True
  _localization_matrix  n=60  bit-identical: True
  _localization_matrix  n=0   bit-identical: True
  _obs_indices                     identical: True
  _obs_indices (non-selection C)   identical: True
  _backproject_obs_bias  m=120      identical: True
  _backproject_obs_bias  m=127      identical: True
  GeneratePartialObs (9 configs)   identical: True

[strict] enkf_opt (gain_mode=pinv) vs enkf_lab — must be bit-identical
  opt vs lab                         est     bit-identical: True
  opt vs lab                         spread  bit-identical: True
  opt vs lab                         ens     bit-identical: True
  opt vs lab                         bias    bit-identical: True
  opt(obs_idx given) vs lab          est     bit-identical: True
  opt(obs_idx given) vs lab          spread  bit-identical: True
  opt(obs_idx given) vs lab          ens     bit-identical: True
  opt(obs_idx given) vs lab          bias    bit-identical: True

[fast] enkf_opt gain_mode=ensemble vs enkf_lab — same gain, different rounding
  opt(ensemble) vs lab               est     max|d|=2.331e-15  rel=3.789e-15  identical=False
  opt(ensemble) vs lab               spread  max|d|=3.053e-16  rel=1.068e-15  identical=False
  opt(ensemble) vs lab               ens     max|d|=7.175e-15  rel=8.954e-15  identical=False
  opt(ensemble) vs lab               bias    max|d|=6.939e-17  rel=6.780e-16  identical=False

[speed] same frames, same node, one process
  lab         22.53s   1877.1 ms/frame   x 1.00 vs lab
  opt          2.41s    200.8 ms/frame   x 9.35 vs lab
  opt_idx      2.16s    179.7 ms/frame   x10.45 vs lab
  opt_fast     1.06s     88.2 ms/frame   x21.27 vs lab

[verdict] PASS — strict path bit-identical: True, unit checks: True
