[load] atc-20130811 -> 2000 frames in 2.2s
[arms] ['D_shipped']   scale=0.01 ensemble=100 radius=7
      [scale=0.01] frame 200/2000  0.17 s/frame  eta 5 min
      [scale=0.01] frame 400/2000  0.16 s/frame  eta 4 min
      [scale=0.01] frame 600/2000  0.17 s/frame  eta 4 min
      [scale=0.01] frame 800/2000  0.17 s/frame  eta 3 min
      [scale=0.01] frame 1000/2000  0.16 s/frame  eta 3 min
      [scale=0.01] frame 1200/2000  0.17 s/frame  eta 2 min
      [scale=0.01] frame 1400/2000  0.17 s/frame  eta 2 min
      [scale=0.01] frame 1600/2000  0.17 s/frame  eta 1 min
      [scale=0.01] frame 1800/2000  0.17 s/frame  eta 1 min
/scratch/work/zhangx29/Thesis_Project/compare/score_uncertainty.py:110: RuntimeWarning: divide by zero encountered in divide
  z = (x - mu) / sigma
/scratch/work/zhangx29/Thesis_Project/compare/score_uncertainty.py:110: RuntimeWarning: invalid value encountered in divide
  z = (x - mu) / sigma
/scratch/work/zhangx29/Thesis_Project/compare/score_uncertainty.py:111: RuntimeWarning: invalid value encountered in multiply
  return sigma * (z * (2 * norm.cdf(z) - 1) + 2 * norm.pdf(z) - 1.0 / _SQRT_PI)
/scratch/work/zhangx29/Thesis_Project/compare/score_uncertainty.py:118: RuntimeWarning: divide by zero encountered in log
  return 0.5 * np.log(2 * np.pi * sigma ** 2) + (x - mu) ** 2 / (2 * sigma ** 2)
/scratch/work/zhangx29/Thesis_Project/compare/score_uncertainty.py:118: RuntimeWarning: divide by zero encountered in divide
  return 0.5 * np.log(2 * np.pi * sigma ** 2) + (x - mu) ** 2 / (2 * sigma ** 2)
/scratch/work/zhangx29/Thesis_Project/compare/score_uncertainty.py:118: RuntimeWarning: invalid value encountered in divide
  return 0.5 * np.log(2 * np.pi * sigma ** 2) + (x - mu) ** 2 / (2 * sigma ** 2)
/scratch/work/zhangx29/Thesis_Project/compare/score_uncertainty.py:118: RuntimeWarning: invalid value encountered in add
  return 0.5 * np.log(2 * np.pi * sigma ** 2) + (x - mu) ** 2 / (2 * sigma ** 2)
/scratch/work/zhangx29/Thesis_Project/compare/score_uncertainty.py:156: RuntimeWarning: divide by zero encountered in divide
  r = np.abs(x - mu) / sigma
/scratch/work/zhangx29/Thesis_Project/compare/score_uncertainty.py:156: RuntimeWarning: invalid value encountered in divide
  r = np.abs(x - mu) / sigma
  D_shipped          rmse 0.1899  sigma 0.00256  spread/skill 0.0135   (335.8s)
      density 0.0766  vx 0.3017  vy 0.1089  var 0.1883

[out] methods/enkf/check_outputs/eval/correction_paths_D_shipped.json
