########## E9
  [k=1] est_atc-20130616.npz
  [k=1] second pass, constant sigma = all 0.1803, blind 0.1895, defined 0.2813, defined_blind 0.3345, walkable 0.2156, walkable_blind 0.2497

[k=1] 1 days
split                     RMSE     CRPS         NLL    sigma   sp/sk   90%cov
all                     0.1803   0.0580   3.688e+19   0.0608   0.337   74.32%
blind                   0.1895   0.0593   3.086e+17   0.0700   0.369   73.14%
observed                0.1692   0.0566   7.841e+19   0.0504   0.298   75.65%
defined                 0.2813   0.1117   1.279e+20   0.0811   0.288   72.21%
defined_blind           0.3345   0.1364   1.096e+18   0.1155   0.345   76.30%
defined_observed        0.2390   0.0951   2.130e+20   0.0580   0.243   69.46%
walkable                0.2156   0.0782   5.486e+19   0.0824   0.382   80.71%
walkable_blind          0.2497   0.0947   5.328e+17   0.1129   0.452   82.76%
channel_density         0.1108   0.0358   1.722e+18   0.0357   0.323   78.54%
channel_vx              0.3039   0.1193   1.558e+19   0.1096   0.361   59.39%
channel_vy              0.1290   0.0488   1.653e+18   0.0609   0.472   73.07%
channel_var             0.0935   0.0281   1.286e+20   0.0369   0.395   86.26%
all_constant_sigma_baseline  0.1803   0.0801  -2.943e-01   0.1803   1.000   93.57%
blind_constant_sigma_baseline  0.1895   0.0848  -2.445e-01   0.1895   1.000   93.51%
defined_constant_sigma_baseline  0.2813   0.1340   1.505e-01   0.2813   1.000   92.52%
defined_blind_constant_sigma_baseline  0.3345   0.1636   3.238e-01   0.3345   1.000   92.00%
walkable_constant_sigma_baseline  0.2156   0.0999  -1.155e-01   0.2156   1.000   92.87%
walkable_blind_constant_sigma_baseline  0.2497   0.1193   3.158e-02   0.2497   1.000   92.51%
[out] /scratch/work/zhangx29/Thesis_Project/methods/enkf/check_outputs/eval/uncertainty_enkf_valid_E9_0616.json

########## E10
  [k=1] est_atc-20130616.npz
  [k=1] second pass, constant sigma = all 0.1844, blind 0.1918, defined 0.2864, defined_blind 0.3373, walkable 0.2205, walkable_blind 0.2528

[k=1] 1 days
split                     RMSE     CRPS         NLL    sigma   sp/sk   90%cov
all                     0.1844   0.0599   3.776e+19   0.0567   0.308   71.98%
blind                   0.1918   0.0602   3.050e+18   0.0668   0.348   71.57%
observed                0.1755   0.0596   7.717e+19   0.0452   0.258   72.45%
defined                 0.2864   0.1153   1.290e+20   0.0755   0.264   68.76%
defined_blind           0.3373   0.1384   1.273e+19   0.1104   0.327   74.13%
defined_observed        0.2463   0.0997   2.070e+20   0.0520   0.211   65.15%
walkable                0.2205   0.0809   5.608e+19   0.0771   0.350   77.78%
walkable_blind          0.2528   0.0964   5.337e+18   0.1085   0.429   80.75%
channel_density         0.1137   0.0370   4.062e+18   0.0319   0.281   75.88%
channel_vx              0.3112   0.1240   1.178e+19   0.1030   0.331   56.57%
channel_vy              0.1312   0.0502   1.628e+02   0.0578   0.441   71.11%
channel_var             0.0949   0.0284   1.352e+20   0.0341   0.359   84.37%
all_constant_sigma_baseline  0.1844   0.0821  -2.718e-01   0.1844   1.000   93.52%
blind_constant_sigma_baseline  0.1918   0.0860  -2.321e-01   0.1918   1.000   93.45%
defined_constant_sigma_baseline  0.2864   0.1366   1.685e-01   0.2864   1.000   92.50%
defined_blind_constant_sigma_baseline  0.3373   0.1650   3.322e-01   0.3373   1.000   92.00%
walkable_constant_sigma_baseline  0.2205   0.1024  -9.287e-02   0.2205   1.000   92.82%
walkable_blind_constant_sigma_baseline  0.2528   0.1209   4.378e-02   0.2528   1.000   92.45%
[out] /scratch/work/zhangx29/Thesis_Project/methods/enkf/check_outputs/eval/uncertainty_enkf_valid_E10_0616.json

########## E11
  [k=1] est_atc-20130616.npz
  [k=1] second pass, constant sigma = all 0.1940, blind 0.1979, defined 0.2987, defined_blind 0.3450, walkable 0.2320, walkable_blind 0.2607

[k=1] 1 days
split                     RMSE     CRPS         NLL    sigma   sp/sk   90%cov
all                     0.1940   0.0652   4.154e+19   0.0512   0.264   67.27%
blind                   0.1979   0.0632   3.466e+18   0.0618   0.312   68.67%
observed                0.1894   0.0675   8.477e+19   0.0391   0.207   65.67%
defined                 0.2987   0.1244   1.408e+20   0.0676   0.226   62.10%
defined_blind           0.3450   0.1442   1.161e+19   0.1019   0.295   69.63%
defined_observed        0.2631   0.1112   2.276e+20   0.0446   0.170   57.04%
walkable                0.2320   0.0884   6.135e+19   0.0699   0.301   71.66%
walkable_blind          0.2607   0.1013   5.607e+18   0.1009   0.387   76.63%
channel_density         0.1211   0.0408   7.931e+18   0.0278   0.230   70.88%
channel_vx              0.3276   0.1353   1.819e+19   0.0931   0.284   51.57%
channel_vy              0.1371   0.0543   2.158e+18   0.0531   0.388   66.89%
channel_var             0.0987   0.0305   1.379e+20   0.0307   0.311   79.73%
all_constant_sigma_baseline  0.1940   0.0870  -2.210e-01   0.1940   1.000   93.37%
blind_constant_sigma_baseline  0.1979   0.0890  -2.009e-01   0.1979   1.000   93.31%
defined_constant_sigma_baseline  0.2987   0.1431   2.108e-01   0.2987   1.000   92.40%
defined_blind_constant_sigma_baseline  0.3450   0.1690   3.548e-01   0.3450   1.000   91.95%
walkable_constant_sigma_baseline  0.2320   0.1085  -4.204e-02   0.2320   1.000   92.66%
walkable_blind_constant_sigma_baseline  0.2607   0.1250   7.438e-02   0.2607   1.000   92.31%
[out] /scratch/work/zhangx29/Thesis_Project/methods/enkf/check_outputs/eval/uncertainty_enkf_valid_E11_0616.json

########## E12
  [k=1] est_atc-20130616.npz
  [k=1] second pass, constant sigma = all 0.1912, blind 0.1774, defined 0.3064, defined_blind 0.3280, walkable 0.2287, walkable_blind 0.2333

[k=1] 1 days
split                     RMSE     CRPS         NLL    sigma   sp/sk   90%cov
all                     0.1912   0.0670   6.961e+15   0.1175   0.615   85.96%
blind                   0.1774   0.0568   8.925e+15   0.1020   0.575   83.79%
observed                0.2057   0.0786   4.730e+15   0.1351   0.657   88.42%
defined                 0.3064   0.1215   1.554e+16   0.1444   0.471   85.71%
defined_blind           0.3280   0.1283   2.105e+16   0.1524   0.465   86.52%
defined_observed        0.2910   0.1170   1.184e+16   0.1391   0.478   85.16%
walkable                0.2287   0.0903   6.513e+15   0.1575   0.689   92.13%
walkable_blind          0.2333   0.0889   8.085e+15   0.1582   0.678   92.63%
channel_density         0.1052   0.0369   2.779e+16   0.0571   0.543   87.33%
channel_vx              0.3153   0.1261   3.624e+02   0.2082   0.660   75.92%
channel_vy              0.1414   0.0588   1.910e+01   0.1227   0.868   85.19%
channel_var             0.1254   0.0465   4.790e+13   0.0821   0.654   95.40%
all_constant_sigma_baseline  0.1912   0.0869  -2.356e-01   0.1912   1.000   93.67%
blind_constant_sigma_baseline  0.1774   0.0783  -3.102e-01   0.1774   1.000   94.18%
defined_constant_sigma_baseline  0.3064   0.1486   2.362e-01   0.3064   1.000   92.03%
defined_blind_constant_sigma_baseline  0.3280   0.1601   3.042e-01   0.3280   1.000   91.66%
walkable_constant_sigma_baseline  0.2287   0.1082  -5.626e-02   0.2287   1.000   93.00%
walkable_blind_constant_sigma_baseline  0.2333   0.1096  -3.656e-02   0.2333   1.000   93.13%
[out] /scratch/work/zhangx29/Thesis_Project/methods/enkf/check_outputs/eval/uncertainty_enkf_valid_E12_0616.json

########## E13
  [k=1] est_atc-20130616.npz
  [k=1] second pass, constant sigma = all nan, blind nan, defined nan, defined_blind nan, walkable nan, walkable_blind nan

[k=1] 1 days
split                     RMSE     CRPS         NLL    sigma   sp/sk   90%cov
all                        nan      nan         nan      nan     nan   11.21%
blind                      nan      nan         nan      nan     nan   11.24%
observed                   nan      nan         nan      nan     nan   11.17%
defined                    nan      nan         nan      nan     nan   10.16%
defined_blind              nan      nan         nan      nan     nan   10.89%
defined_observed           nan      nan         nan      nan     nan    9.67%
walkable                   nan      nan         nan      nan     nan   11.99%
walkable_blind             nan      nan         nan      nan     nan   12.48%
channel_density            nan      nan         nan      nan     nan   11.54%
channel_vx                 nan      nan         nan      nan     nan    9.53%
channel_vy                 nan      nan         nan      nan     nan   11.18%
channel_var                nan      nan         nan      nan     nan   12.58%
all_constant_sigma_baseline     nan      nan         nan      nan     nan    0.00%
blind_constant_sigma_baseline     nan      nan         nan      nan     nan    0.00%
defined_constant_sigma_baseline     nan      nan         nan      nan     nan    0.00%
defined_blind_constant_sigma_baseline     nan      nan         nan      nan     nan    0.00%
walkable_constant_sigma_baseline     nan      nan         nan      nan     nan    0.00%
walkable_blind_constant_sigma_baseline     nan      nan         nan      nan     nan    0.00%
[out] /scratch/work/zhangx29/Thesis_Project/methods/enkf/check_outputs/eval/uncertainty_enkf_valid_E13_0616.json

########## E14
  [k=1] est_atc-20130616.npz
  [k=1] second pass, constant sigma = all 0.1923, blind 0.1960, defined 0.2942, defined_blind 0.3408, walkable 0.2297, walkable_blind 0.2576

[k=1] 1 days
split                     RMSE     CRPS         NLL    sigma   sp/sk   90%cov
all                     0.1923   0.0661   3.524e+19   0.0768   0.399   76.80%
blind                   0.1960   0.0649   3.498e+18   0.0906   0.462   78.19%
observed                0.1881   0.0674   7.128e+19   0.0612   0.325   75.21%
defined                 0.2942   0.1198   1.187e+20   0.0959   0.326   72.77%
defined_blind           0.3408   0.1407   6.396e+18   0.1388   0.407   80.07%
defined_observed        0.2582   0.1058   1.941e+20   0.0671   0.260   67.87%
walkable                0.2297   0.0888   5.228e+19   0.1018   0.443   81.32%
walkable_blind          0.2576   0.1026   6.179e+18   0.1417   0.550   86.35%
channel_density         0.1192   0.0414   1.490e+18   0.0399   0.335   77.92%
channel_vx              0.3219   0.1318   1.125e+19   0.1363   0.424   64.65%
channel_vy              0.1365   0.0556   4.206e+01   0.0847   0.621   78.07%
channel_var             0.1073   0.0355   1.282e+20   0.0463   0.431   86.55%
all_constant_sigma_baseline  0.1923   0.0876  -2.296e-01   0.1923   1.000   93.19%
blind_constant_sigma_baseline  0.1960   0.0897  -2.106e-01   0.1960   1.000   93.17%
defined_constant_sigma_baseline  0.2942   0.1419   1.954e-01   0.2942   1.000   92.38%
defined_blind_constant_sigma_baseline  0.3408   0.1685   3.426e-01   0.3408   1.000   92.00%
walkable_constant_sigma_baseline  0.2297   0.1089  -5.196e-02   0.2297   1.000   92.59%
walkable_blind_constant_sigma_baseline  0.2576   0.1253   6.259e-02   0.2576   1.000   92.46%
[out] /scratch/work/zhangx29/Thesis_Project/methods/enkf/check_outputs/eval/uncertainty_enkf_valid_E14_0616.json

