[census] atc-20130811  400 frames, 300 scored assimilations (61s)

=== P_yy 的三项(对角线均值),regularization = 0.001 ===
channel       ensemble           R         reg   ens_frac       谁最大
density      4.873e-07   3.239e-03   1.000e-03   1.15e-04         R
vx           1.404e-05   9.905e-02   1.000e-03   1.40e-04         R
vy           2.814e-06   7.424e-03   1.000e-03   3.34e-04         R
var          1.775e-05   4.155e-05   1.000e-03   1.68e-02       reg

=== 自增益 K[cell, 该 cell 的观测] —— 一个格子自己的新息有多少进入状态 ===
channel               均值         绝对值最大
density        1.076e-04     5.273e-04
vx             1.345e-04     3.121e-04
vy             3.202e-04     8.901e-04
var            1.622e-02     2.312e-02

=== 每步 analysis 实际移动了多少 ===
  ||K @ innovation||            均值 8.6497e-02
  ||innovation||                均值 6.2277e+00   -> 增益整体把新息缩小了 72 倍
  ||state||                     均值 5.5385e+00
  相对状态量级 incr/state       均值 1.568e-02
  ||bias_estimate||(对照)       均值 4.8828e+00   -> 偏差修正比 analysis 增量大 56.5 倍

[out] methods/enkf/check_outputs/eval/gain_census_FIXED.json
