[load] atc-20130811 -> 2000 frames in 1.7s
[sweep] day=atc-20130811 frames=2000 warmup=500 ensemble=100 radius=7  scales=[1.0]
        injected per step = scale x PROC_STD = scale x (0.02829307, 0.31263075, 0.12325809, 0.41680932)
      [scale=1] frame 200/2000  0.16 s/frame  eta 5 min
      [scale=1] frame 400/2000  0.15 s/frame  eta 4 min
      [scale=1] frame 600/2000  0.16 s/frame  eta 4 min
      [scale=1] frame 800/2000  0.16 s/frame  eta 3 min
      [scale=1] frame 1000/2000  0.15 s/frame  eta 3 min
      [scale=1] frame 1200/2000  0.16 s/frame  eta 2 min
      [scale=1] frame 1400/2000  0.17 s/frame  eta 2 min
      [scale=1] frame 1600/2000  0.17 s/frame  eta 1 min
      [scale=1] frame 1800/2000  0.17 s/frame  eta 1 min
Traceback (most recent call last):
  File "<frozen runpy>", line 198, in _run_module_as_main
  File "<frozen runpy>", line 88, in _run_code
  File "/scratch/work/zhangx29/Thesis_Project/methods/enkf/checks/diag_proc_scale_sweep.py", line 230, in <module>
    main()
  File "/scratch/work/zhangx29/Thesis_Project/methods/enkf/checks/diag_proc_scale_sweep.py", line 210, in main
    s = score_arm(Est, Spread, X_true, Omega, a.warmup)
        ^^^^^^^^^^^^^^^^^^^^^^^^^^^^^^^^^^^^^^^^^^^^^^^
  File "/scratch/work/zhangx29/Thesis_Project/methods/enkf/checks/diag_proc_scale_sweep.py", line 162, in score_arm
    a, sp = ause_spearman(s.astype(np.float64), e.astype(np.float64))
            ^^^^^^^^^^^^^^^^^^^^^^^^^^^^^^^^^^^^^^^^^^^^^^^^^^^^^^^^^
  File "/scratch/work/zhangx29/Thesis_Project/methods/enkf/checks/diag_proc_scale_sweep.py", line 137, in ause_spearman
    a = np.trapz(curves["sigma"] - curves["oracle"], FRACS)
        ^^^^^^^^
  File "/appl/scibuilder-mamba/aalto-rhel9/prod/software/scicomp-pytorch-env/2026.1/354b404/lib/python3.12/site-packages/numpy/__init__.py", line 792, in __getattr__
    raise AttributeError(f"module {__name__!r} has no attribute {attr!r}")
AttributeError: module 'numpy' has no attribute 'trapz'. Did you mean: 'trace'?
