[load] atc-20130811 -> 2000 frames in 1.8s
[sweep] day=atc-20130811 frames=2000 warmup=500 ensemble=100 radius=7  scales=[0.1]
        injected per step = scale x PROC_STD = scale x (0.02829307, 0.31263075, 0.12325809, 0.41680932)
      [scale=0.1] frame 200/2000  0.19 s/frame  eta 6 min
      [scale=0.1] frame 400/2000  0.17 s/frame  eta 5 min
      [scale=0.1] frame 600/2000  0.17 s/frame  eta 4 min
      [scale=0.1] frame 800/2000  0.17 s/frame  eta 3 min
      [scale=0.1] frame 1000/2000  0.17 s/frame  eta 3 min
      [scale=0.1] frame 1200/2000  0.17 s/frame  eta 2 min
      [scale=0.1] frame 1400/2000  0.18 s/frame  eta 2 min
      [scale=0.1] frame 1600/2000  0.18 s/frame  eta 1 min
      [scale=0.1] frame 1800/2000  0.18 s/frame  eta 1 min
/scratch/work/zhangx29/Thesis_Project/compare/score_uncertainty.py:110: RuntimeWarning: divide by zero encountered in divide
  z = (x - mu) / sigma
/scratch/work/zhangx29/Thesis_Project/compare/score_uncertainty.py:110: RuntimeWarning: invalid value encountered in divide
  z = (x - mu) / sigma
/scratch/work/zhangx29/Thesis_Project/compare/score_uncertainty.py:111: RuntimeWarning: invalid value encountered in multiply
  return sigma * (z * (2 * norm.cdf(z) - 1) + 2 * norm.pdf(z) - 1.0 / _SQRT_PI)
/scratch/work/zhangx29/Thesis_Project/compare/score_uncertainty.py:118: RuntimeWarning: divide by zero encountered in log
  return 0.5 * np.log(2 * np.pi * sigma ** 2) + (x - mu) ** 2 / (2 * sigma ** 2)
/scratch/work/zhangx29/Thesis_Project/compare/score_uncertainty.py:118: RuntimeWarning: divide by zero encountered in divide
  return 0.5 * np.log(2 * np.pi * sigma ** 2) + (x - mu) ** 2 / (2 * sigma ** 2)
/scratch/work/zhangx29/Thesis_Project/compare/score_uncertainty.py:118: RuntimeWarning: invalid value encountered in divide
  return 0.5 * np.log(2 * np.pi * sigma ** 2) + (x - mu) ** 2 / (2 * sigma ** 2)
/scratch/work/zhangx29/Thesis_Project/compare/score_uncertainty.py:118: RuntimeWarning: invalid value encountered in add
  return 0.5 * np.log(2 * np.pi * sigma ** 2) + (x - mu) ** 2 / (2 * sigma ** 2)
/scratch/work/zhangx29/Thesis_Project/compare/score_uncertainty.py:156: RuntimeWarning: divide by zero encountered in divide
  r = np.abs(x - mu) / sigma
/scratch/work/zhangx29/Thesis_Project/compare/score_uncertainty.py:156: RuntimeWarning: invalid value encountered in divide
  r = np.abs(x - mu) / sigma
  scale=0.1    rmse 0.1897  sigma 0.02478  spread/skill 0.1306  cov@90 0.122  crps nan   (355.4s, 3 svd-skips)
      density  ause  0.629  spearman +0.600  sigma_cv 0.320  rmse 0.0757
      vx       ause  1.029  spearman -0.062  sigma_cv 0.107  rmse 0.3015
      vy       ause   1.11  spearman -0.123  sigma_cv 0.124  rmse 0.1084
      var      ause  1.032  spearman -0.000  sigma_cv 0.071  rmse 0.1886

[out] methods/enkf/check_outputs/eval/proc_scale_0.1.json
