[members] 5 x runs/varnet_ml5_s{}  dT=200  obs_every_k=1  dev=cuda   FLOOR ZEROED (diagnostic)
  atc-20130811_corridor_1.0s.h5  2 windows
  atc-20130818_corridor_1.0s.h5  2 windows
  atc-20130825_corridor_1.0s.h5  2 windows
  atc-20130901_corridor_1.0s.h5  2 windows
  atc-20130915_corridor_1.0s.h5  2 windows
  atc-20130922_corridor_1.0s.h5  2 windows
  atc-20130929_corridor_1.0s.h5  2 windows

split                             RMSE     CRPS      NLL   sigma  sp/sk  90%cov
all                             0.1451   0.0625   -1.013  0.1582   1.09   96.0%
all_aleatoric_only              0.1451   0.0618   36.410  0.1171   0.81   80.7%
all_epistemic_only              0.1451   0.0587   -0.336  0.0914   0.63   84.2%
all_constant_sigma_baseline     0.1451   0.0683   -0.511  0.1451   1.00   93.0%
blind                           0.1304   0.0586   -0.967  0.1850   1.42   99.0%
observed                        0.1620   0.0674   -1.070  0.1240   0.77   92.1%
channel_density                 0.0770   0.0412   -1.156  0.1010   1.31   93.3%
channel_vx                      0.2580   0.1340   -0.035  0.3161   1.22   93.9%
channel_vy                      0.0992   0.0562   -0.852  0.1525   1.54   97.3%
channel_var                     0.0435   0.0185   -2.007  0.0634   1.46   99.4%

[out] /scratch/work/zhangx29/Thesis_Project/4dvarnet_enkf/check_outputs/eval/uncertainty_ml5_nofloor.json

EnKF k=1 for reference (measured, check_outputs/enkf_k1_full):  spread/skill 0.011   90% coverage 2.24%
[members] 5 x runs/varnet_ml5_s{}  dT=200  obs_every_k=1  dev=cuda
  atc-20130811_corridor_1.0s.h5  2 windows
  atc-20130818_corridor_1.0s.h5  2 windows
  atc-20130825_corridor_1.0s.h5  2 windows
  atc-20130901_corridor_1.0s.h5  2 windows
  atc-20130915_corridor_1.0s.h5  2 windows
  atc-20130922_corridor_1.0s.h5  2 windows
  atc-20130929_corridor_1.0s.h5  2 windows

split                             RMSE     CRPS      NLL   sigma  sp/sk  90%cov
all                             0.1450   0.0684   -0.896  0.2069   1.43   99.1%
all_aleatoric_only              0.1450   0.0651   -0.966  0.1797   1.24   95.4%
all_epistemic_only              0.1450   0.0587   -0.331  0.0912   0.63   84.0%
all_constant_sigma_baseline     0.1450   0.0683   -0.512  0.1450   1.00   93.0%
blind                           0.1303   0.0672   -0.784  0.2311   1.77   99.5%
observed                        0.1619   0.0699   -1.038  0.1761   1.09   98.7%
channel_density                 0.0769   0.0426   -1.101  0.1192   1.55   98.3%
channel_vx                      0.2579   0.1530    0.234  0.4657   1.81   99.4%
channel_vy                      0.0991   0.0594   -0.721  0.1791   1.81   99.3%
channel_var                     0.0436   0.0186   -1.996  0.0638   1.46   99.5%

[out] /scratch/work/zhangx29/Thesis_Project/4dvarnet_enkf/check_outputs/eval/uncertainty_ml5_floor400.json

EnKF k=1 for reference (measured, check_outputs/enkf_k1_full):  spread/skill 0.011   90% coverage 2.24%
