[device] cuda
[data] atc-20130811_corridor_1.0s.h5  40 of 199 windows
[var-head] dropping the retired obs_var floor from this checkpoint ([0.003239, 0.099055, 0.007424, 4.2e-05])
[var-head] dropping the retired obs_var floor from this checkpoint ([0.003239, 0.099055, 0.007424, 4.2e-05])
[var-head] dropping the retired obs_var floor from this checkpoint ([0.003239, 0.099055, 0.007424, 4.2e-05])
[var-head] dropping the retired obs_var floor from this checkpoint ([0.003239, 0.099055, 0.007424, 4.2e-05])
[var-head] dropping the retired obs_var floor from this checkpoint ([0.003239, 0.099055, 0.007424, 4.2e-05])
[var-head] dropping the retired obs_var floor from this checkpoint ([0.003239, 0.099055, 0.007424, 4.2e-05])
[var-head] dropping the retired obs_var floor from this checkpoint ([0.003239, 0.099055, 0.007424, 4.2e-05])
[var-head] dropping the retired obs_var floor from this checkpoint ([0.003239, 0.099055, 0.007424, 4.2e-05])
[var-head] dropping the retired obs_var floor from this checkpoint ([0.003239, 0.099055, 0.007424, 4.2e-05])
[var-head] dropping the retired obs_var floor from this checkpoint ([0.003239, 0.099055, 0.007424, 4.2e-05])
[var-head] dropping the retired obs_var floor from this checkpoint ([0.003239, 0.099055, 0.007424, 4.2e-05])
[var-head] dropping the retired obs_var floor from this checkpoint ([0.003239, 0.099055, 0.007424, 4.2e-05])
[var-head] dropping the retired obs_var floor from this checkpoint ([0.003239, 0.099055, 0.007424, 4.2e-05])
[var-head] dropping the retired obs_var floor from this checkpoint ([0.003239, 0.099055, 0.007424, 4.2e-05])
[var-head] dropping the retired obs_var floor from this checkpoint ([0.003239, 0.099055, 0.007424, 4.2e-05])
[var-head] dropping the retired obs_var floor from this checkpoint ([0.003239, 0.099055, 0.007424, 4.2e-05])
[var-head] dropping the retired obs_var floor from this checkpoint ([0.003239, 0.099055, 0.007424, 4.2e-05])
[var-head] dropping the retired obs_var floor from this checkpoint ([0.003239, 0.099055, 0.007424, 4.2e-05])
[var-head] dropping the retired obs_var floor from this checkpoint ([0.003239, 0.099055, 0.007424, 4.2e-05])
[var-head] dropping the retired obs_var floor from this checkpoint ([0.003239, 0.099055, 0.007424, 4.2e-05])
[var-head] dropping the retired obs_var floor from this checkpoint ([0.003239, 0.099055, 0.007424, 4.2e-05])
[var-head] dropping the retired obs_var floor from this checkpoint ([0.003239, 0.099055, 0.007424, 4.2e-05])
[var-head] dropping the retired obs_var floor from this checkpoint ([0.003239, 0.099055, 0.007424, 4.2e-05])
[var-head] dropping the retired obs_var floor from this checkpoint ([0.003239, 0.099055, 0.007424, 4.2e-05])
[var-head] dropping the retired obs_var floor from this checkpoint ([0.003239, 0.099055, 0.007424, 4.2e-05])
[var-head] dropping the retired obs_var floor from this checkpoint ([0.003239, 0.099055, 0.007424, 4.2e-05])
[var-head] dropping the retired obs_var floor from this checkpoint ([0.003239, 0.099055, 0.007424, 4.2e-05])
[var-head] dropping the retired obs_var floor from this checkpoint ([0.003239, 0.099055, 0.007424, 4.2e-05])
[var-head] dropping the retired obs_var floor from this checkpoint ([0.003239, 0.099055, 0.007424, 4.2e-05])
[var-head] dropping the retired obs_var floor from this checkpoint ([0.003239, 0.099055, 0.007424, 4.2e-05])
[var-head] dropping the retired obs_var floor from this checkpoint ([0.003239, 0.099055, 0.007424, 4.2e-05])
[var-head] dropping the retired obs_var floor from this checkpoint ([0.003239, 0.099055, 0.007424, 4.2e-05])
[var-head] dropping the retired obs_var floor from this checkpoint ([0.003239, 0.099055, 0.007424, 4.2e-05])
[var-head] dropping the retired obs_var floor from this checkpoint ([0.003239, 0.099055, 0.007424, 4.2e-05])
[var-head] dropping the retired obs_var floor from this checkpoint ([0.003239, 0.099055, 0.007424, 4.2e-05])
[var-head] dropping the retired obs_var floor from this checkpoint ([0.003239, 0.099055, 0.007424, 4.2e-05])
[var-head] dropping the retired obs_var floor from this checkpoint ([0.003239, 0.099055, 0.007424, 4.2e-05])
[var-head] dropping the retired obs_var floor from this checkpoint ([0.003239, 0.099055, 0.007424, 4.2e-05])
[var-head] dropping the retired obs_var floor from this checkpoint ([0.003239, 0.099055, 0.007424, 4.2e-05])
[var-head] dropping the retired obs_var floor from this checkpoint ([0.003239, 0.099055, 0.007424, 4.2e-05])
[var-head] dropping the retired obs_var floor from this checkpoint ([0.003239, 0.099055, 0.007424, 4.2e-05])
[var-head] dropping the retired obs_var floor from this checkpoint ([0.003239, 0.099055, 0.007424, 4.2e-05])
[var-head] dropping the retired obs_var floor from this checkpoint ([0.003239, 0.099055, 0.007424, 4.2e-05])
[var-head] dropping the retired obs_var floor from this checkpoint ([0.003239, 0.099055, 0.007424, 4.2e-05])
[var-head] dropping the retired obs_var floor from this checkpoint ([0.003239, 0.099055, 0.007424, 4.2e-05])
[var-head] dropping the retired obs_var floor from this checkpoint ([0.003239, 0.099055, 0.007424, 4.2e-05])
[var-head] dropping the retired obs_var floor from this checkpoint ([0.003239, 0.099055, 0.007424, 4.2e-05])
[var-head] dropping the retired obs_var floor from this checkpoint ([0.003239, 0.099055, 0.007424, 4.2e-05])
[var-head] dropping the retired obs_var floor from this checkpoint ([0.003239, 0.099055, 0.007424, 4.2e-05])
[var-head] dropping the retired obs_var floor from this checkpoint ([0.003239, 0.099055, 0.007424, 4.2e-05])
[var-head] dropping the retired obs_var floor from this checkpoint ([0.003239, 0.099055, 0.007424, 4.2e-05])
[var-head] dropping the retired obs_var floor from this checkpoint ([0.003239, 0.099055, 0.007424, 4.2e-05])
[var-head] dropping the retired obs_var floor from this checkpoint ([0.003239, 0.099055, 0.007424, 4.2e-05])
[var-head] dropping the retired obs_var floor from this checkpoint ([0.003239, 0.099055, 0.007424, 4.2e-05])
[var-head] dropping the retired obs_var floor from this checkpoint ([0.003239, 0.099055, 0.007424, 4.2e-05])
[var-head] dropping the retired obs_var floor from this checkpoint ([0.003239, 0.099055, 0.007424, 4.2e-05])
[var-head] dropping the retired obs_var floor from this checkpoint ([0.003239, 0.099055, 0.007424, 4.2e-05])
[var-head] dropping the retired obs_var floor from this checkpoint ([0.003239, 0.099055, 0.007424, 4.2e-05])
[var-head] dropping the retired obs_var floor from this checkpoint ([0.003239, 0.099055, 0.007424, 4.2e-05])
[var-head] dropping the retired obs_var floor from this checkpoint ([0.003239, 0.099055, 0.007424, 4.2e-05])
[var-head] dropping the retired obs_var floor from this checkpoint ([0.003239, 0.099055, 0.007424, 4.2e-05])
[var-head] dropping the retired obs_var floor from this checkpoint ([0.003239, 0.099055, 0.007424, 4.2e-05])
[var-head] dropping the retired obs_var floor from this checkpoint ([0.003239, 0.099055, 0.007424, 4.2e-05])
[var-head] dropping the retired obs_var floor from this checkpoint ([0.003239, 0.099055, 0.007424, 4.2e-05])
[var-head] dropping the retired obs_var floor from this checkpoint ([0.003239, 0.099055, 0.007424, 4.2e-05])
[var-head] dropping the retired obs_var floor from this checkpoint ([0.003239, 0.099055, 0.007424, 4.2e-05])
[var-head] dropping the retired obs_var floor from this checkpoint ([0.003239, 0.099055, 0.007424, 4.2e-05])
[var-head] dropping the retired obs_var floor from this checkpoint ([0.003239, 0.099055, 0.007424, 4.2e-05])
[var-head] dropping the retired obs_var floor from this checkpoint ([0.003239, 0.099055, 0.007424, 4.2e-05])
[var-head] dropping the retired obs_var floor from this checkpoint ([0.003239, 0.099055, 0.007424, 4.2e-05])
[var-head] dropping the retired obs_var floor from this checkpoint ([0.003239, 0.099055, 0.007424, 4.2e-05])
[var-head] dropping the retired obs_var floor from this checkpoint ([0.003239, 0.099055, 0.007424, 4.2e-05])
[var-head] dropping the retired obs_var floor from this checkpoint ([0.003239, 0.099055, 0.007424, 4.2e-05])
[var-head] dropping the retired obs_var floor from this checkpoint ([0.003239, 0.099055, 0.007424, 4.2e-05])
[var-head] dropping the retired obs_var floor from this checkpoint ([0.003239, 0.099055, 0.007424, 4.2e-05])
[var-head] dropping the retired obs_var floor from this checkpoint ([0.003239, 0.099055, 0.007424, 4.2e-05])
[var-head] dropping the retired obs_var floor from this checkpoint ([0.003239, 0.099055, 0.007424, 4.2e-05])
[var-head] dropping the retired obs_var floor from this checkpoint ([0.003239, 0.099055, 0.007424, 4.2e-05])
[var-head] dropping the retired obs_var floor from this checkpoint ([0.003239, 0.099055, 0.007424, 4.2e-05])
[var-head] dropping the retired obs_var floor from this checkpoint ([0.003239, 0.099055, 0.007424, 4.2e-05])
[var-head] dropping the retired obs_var floor from this checkpoint ([0.003239, 0.099055, 0.007424, 4.2e-05])
[var-head] dropping the retired obs_var floor from this checkpoint ([0.003239, 0.099055, 0.007424, 4.2e-05])
[var-head] dropping the retired obs_var floor from this checkpoint ([0.003239, 0.099055, 0.007424, 4.2e-05])
[var-head] dropping the retired obs_var floor from this checkpoint ([0.003239, 0.099055, 0.007424, 4.2e-05])
[var-head] dropping the retired obs_var floor from this checkpoint ([0.003239, 0.099055, 0.007424, 4.2e-05])
[var-head] dropping the retired obs_var floor from this checkpoint ([0.003239, 0.099055, 0.007424, 4.2e-05])
[var-head] dropping the retired obs_var floor from this checkpoint ([0.003239, 0.099055, 0.007424, 4.2e-05])
[var-head] dropping the retired obs_var floor from this checkpoint ([0.003239, 0.099055, 0.007424, 4.2e-05])
[var-head] dropping the retired obs_var floor from this checkpoint ([0.003239, 0.099055, 0.007424, 4.2e-05])
[var-head] dropping the retired obs_var floor from this checkpoint ([0.003239, 0.099055, 0.007424, 4.2e-05])
[var-head] dropping the retired obs_var floor from this checkpoint ([0.003239, 0.099055, 0.007424, 4.2e-05])
[var-head] dropping the retired obs_var floor from this checkpoint ([0.003239, 0.099055, 0.007424, 4.2e-05])
[var-head] dropping the retired obs_var floor from this checkpoint ([0.003239, 0.099055, 0.007424, 4.2e-05])
[var-head] dropping the retired obs_var floor from this checkpoint ([0.003239, 0.099055, 0.007424, 4.2e-05])
[var-head] dropping the retired obs_var floor from this checkpoint ([0.003239, 0.099055, 0.007424, 4.2e-05])
[var-head] dropping the retired obs_var floor from this checkpoint ([0.003239, 0.099055, 0.007424, 4.2e-05])
[var-head] dropping the retired obs_var floor from this checkpoint ([0.003239, 0.099055, 0.007424, 4.2e-05])
[var-head] dropping the retired obs_var floor from this checkpoint ([0.003239, 0.099055, 0.007424, 4.2e-05])
[var-head] dropping the retired obs_var floor from this checkpoint ([0.003239, 0.099055, 0.007424, 4.2e-05])
[var-head] dropping the retired obs_var floor from this checkpoint ([0.003239, 0.099055, 0.007424, 4.2e-05])
[var-head] dropping the retired obs_var floor from this checkpoint ([0.003239, 0.099055, 0.007424, 4.2e-05])
[var-head] dropping the retired obs_var floor from this checkpoint ([0.003239, 0.099055, 0.007424, 4.2e-05])
[var-head] dropping the retired obs_var floor from this checkpoint ([0.003239, 0.099055, 0.007424, 4.2e-05])
[var-head] dropping the retired obs_var floor from this checkpoint ([0.003239, 0.099055, 0.007424, 4.2e-05])
[var-head] dropping the retired obs_var floor from this checkpoint ([0.003239, 0.099055, 0.007424, 4.2e-05])
[var-head] dropping the retired obs_var floor from this checkpoint ([0.003239, 0.099055, 0.007424, 4.2e-05])
[var-head] dropping the retired obs_var floor from this checkpoint ([0.003239, 0.099055, 0.007424, 4.2e-05])
[var-head] dropping the retired obs_var floor from this checkpoint ([0.003239, 0.099055, 0.007424, 4.2e-05])
[var-head] dropping the retired obs_var floor from this checkpoint ([0.003239, 0.099055, 0.007424, 4.2e-05])
[var-head] dropping the retired obs_var floor from this checkpoint ([0.003239, 0.099055, 0.007424, 4.2e-05])
[var-head] dropping the retired obs_var floor from this checkpoint ([0.003239, 0.099055, 0.007424, 4.2e-05])
[var-head] dropping the retired obs_var floor from this checkpoint ([0.003239, 0.099055, 0.007424, 4.2e-05])
[var-head] dropping the retired obs_var floor from this checkpoint ([0.003239, 0.099055, 0.007424, 4.2e-05])
[var-head] dropping the retired obs_var floor from this checkpoint ([0.003239, 0.099055, 0.007424, 4.2e-05])
[var-head] dropping the retired obs_var floor from this checkpoint ([0.003239, 0.099055, 0.007424, 4.2e-05])
[var-head] dropping the retired obs_var floor from this checkpoint ([0.003239, 0.099055, 0.007424, 4.2e-05])
[var-head] dropping the retired obs_var floor from this checkpoint ([0.003239, 0.099055, 0.007424, 4.2e-05])
[var-head] dropping the retired obs_var floor from this checkpoint ([0.003239, 0.099055, 0.007424, 4.2e-05])
[var-head] dropping the retired obs_var floor from this checkpoint ([0.003239, 0.099055, 0.007424, 4.2e-05])
[var-head] dropping the retired obs_var floor from this checkpoint ([0.003239, 0.099055, 0.007424, 4.2e-05])
[var-head] dropping the retired obs_var floor from this checkpoint ([0.003239, 0.099055, 0.007424, 4.2e-05])
[var-head] dropping the retired obs_var floor from this checkpoint ([0.003239, 0.099055, 0.007424, 4.2e-05])
[var-head] dropping the retired obs_var floor from this checkpoint ([0.003239, 0.099055, 0.007424, 4.2e-05])
[var-head] dropping the retired obs_var floor from this checkpoint ([0.003239, 0.099055, 0.007424, 4.2e-05])
[var-head] dropping the retired obs_var floor from this checkpoint ([0.003239, 0.099055, 0.007424, 4.2e-05])
[var-head] dropping the retired obs_var floor from this checkpoint ([0.003239, 0.099055, 0.007424, 4.2e-05])
[var-head] dropping the retired obs_var floor from this checkpoint ([0.003239, 0.099055, 0.007424, 4.2e-05])
[var-head] dropping the retired obs_var floor from this checkpoint ([0.003239, 0.099055, 0.007424, 4.2e-05])
[var-head] dropping the retired obs_var floor from this checkpoint ([0.003239, 0.099055, 0.007424, 4.2e-05])
[var-head] dropping the retired obs_var floor from this checkpoint ([0.003239, 0.099055, 0.007424, 4.2e-05])
[var-head] dropping the retired obs_var floor from this checkpoint ([0.003239, 0.099055, 0.007424, 4.2e-05])
[var-head] dropping the retired obs_var floor from this checkpoint ([0.003239, 0.099055, 0.007424, 4.2e-05])
[var-head] dropping the retired obs_var floor from this checkpoint ([0.003239, 0.099055, 0.007424, 4.2e-05])
[var-head] dropping the retired obs_var floor from this checkpoint ([0.003239, 0.099055, 0.007424, 4.2e-05])
[var-head] dropping the retired obs_var floor from this checkpoint ([0.003239, 0.099055, 0.007424, 4.2e-05])
[var-head] dropping the retired obs_var floor from this checkpoint ([0.003239, 0.099055, 0.007424, 4.2e-05])
[var-head] dropping the retired obs_var floor from this checkpoint ([0.003239, 0.099055, 0.007424, 4.2e-05])
[var-head] dropping the retired obs_var floor from this checkpoint ([0.003239, 0.099055, 0.007424, 4.2e-05])
[var-head] dropping the retired obs_var floor from this checkpoint ([0.003239, 0.099055, 0.007424, 4.2e-05])
[var-head] dropping the retired obs_var floor from this checkpoint ([0.003239, 0.099055, 0.007424, 4.2e-05])
[var-head] dropping the retired obs_var floor from this checkpoint ([0.003239, 0.099055, 0.007424, 4.2e-05])
[var-head] dropping the retired obs_var floor from this checkpoint ([0.003239, 0.099055, 0.007424, 4.2e-05])
[var-head] dropping the retired obs_var floor from this checkpoint ([0.003239, 0.099055, 0.007424, 4.2e-05])
[var-head] dropping the retired obs_var floor from this checkpoint ([0.003239, 0.099055, 0.007424, 4.2e-05])
[var-head] dropping the retired obs_var floor from this checkpoint ([0.003239, 0.099055, 0.007424, 4.2e-05])
[var-head] dropping the retired obs_var floor from this checkpoint ([0.003239, 0.099055, 0.007424, 4.2e-05])
[var-head] dropping the retired obs_var floor from this checkpoint ([0.003239, 0.099055, 0.007424, 4.2e-05])
[var-head] dropping the retired obs_var floor from this checkpoint ([0.003239, 0.099055, 0.007424, 4.2e-05])
[var-head] dropping the retired obs_var floor from this checkpoint ([0.003239, 0.099055, 0.007424, 4.2e-05])
[var-head] dropping the retired obs_var floor from this checkpoint ([0.003239, 0.099055, 0.007424, 4.2e-05])
[var-head] dropping the retired obs_var floor from this checkpoint ([0.003239, 0.099055, 0.007424, 4.2e-05])
[var-head] dropping the retired obs_var floor from this checkpoint ([0.003239, 0.099055, 0.007424, 4.2e-05])
[var-head] dropping the retired obs_var floor from this checkpoint ([0.003239, 0.099055, 0.007424, 4.2e-05])
[var-head] dropping the retired obs_var floor from this checkpoint ([0.003239, 0.099055, 0.007424, 4.2e-05])
[var-head] dropping the retired obs_var floor from this checkpoint ([0.003239, 0.099055, 0.007424, 4.2e-05])
[var-head] dropping the retired obs_var floor from this checkpoint ([0.003239, 0.099055, 0.007424, 4.2e-05])
[var-head] dropping the retired obs_var floor from this checkpoint ([0.003239, 0.099055, 0.007424, 4.2e-05])
[var-head] dropping the retired obs_var floor from this checkpoint ([0.003239, 0.099055, 0.007424, 4.2e-05])
[var-head] dropping the retired obs_var floor from this checkpoint ([0.003239, 0.099055, 0.007424, 4.2e-05])
[var-head] dropping the retired obs_var floor from this checkpoint ([0.003239, 0.099055, 0.007424, 4.2e-05])
[var-head] dropping the retired obs_var floor from this checkpoint ([0.003239, 0.099055, 0.007424, 4.2e-05])
[var-head] dropping the retired obs_var floor from this checkpoint ([0.003239, 0.099055, 0.007424, 4.2e-05])
[var-head] dropping the retired obs_var floor from this checkpoint ([0.003239, 0.099055, 0.007424, 4.2e-05])
[var-head] dropping the retired obs_var floor from this checkpoint ([0.003239, 0.099055, 0.007424, 4.2e-05])
[var-head] dropping the retired obs_var floor from this checkpoint ([0.003239, 0.099055, 0.007424, 4.2e-05])
[var-head] dropping the retired obs_var floor from this checkpoint ([0.003239, 0.099055, 0.007424, 4.2e-05])
[var-head] dropping the retired obs_var floor from this checkpoint ([0.003239, 0.099055, 0.007424, 4.2e-05])
[var-head] dropping the retired obs_var floor from this checkpoint ([0.003239, 0.099055, 0.007424, 4.2e-05])
[var-head] dropping the retired obs_var floor from this checkpoint ([0.003239, 0.099055, 0.007424, 4.2e-05])
[var-head] dropping the retired obs_var floor from this checkpoint ([0.003239, 0.099055, 0.007424, 4.2e-05])
[var-head] dropping the retired obs_var floor from this checkpoint ([0.003239, 0.099055, 0.007424, 4.2e-05])
[var-head] dropping the retired obs_var floor from this checkpoint ([0.003239, 0.099055, 0.007424, 4.2e-05])
[var-head] dropping the retired obs_var floor from this checkpoint ([0.003239, 0.099055, 0.007424, 4.2e-05])
[var-head] dropping the retired obs_var floor from this checkpoint ([0.003239, 0.099055, 0.007424, 4.2e-05])
[var-head] dropping the retired obs_var floor from this checkpoint ([0.003239, 0.099055, 0.007424, 4.2e-05])
[var-head] dropping the retired obs_var floor from this checkpoint ([0.003239, 0.099055, 0.007424, 4.2e-05])
[var-head] dropping the retired obs_var floor from this checkpoint ([0.003239, 0.099055, 0.007424, 4.2e-05])
[var-head] dropping the retired obs_var floor from this checkpoint ([0.003239, 0.099055, 0.007424, 4.2e-05])
[var-head] dropping the retired obs_var floor from this checkpoint ([0.003239, 0.099055, 0.007424, 4.2e-05])
[var-head] dropping the retired obs_var floor from this checkpoint ([0.003239, 0.099055, 0.007424, 4.2e-05])
[var-head] dropping the retired obs_var floor from this checkpoint ([0.003239, 0.099055, 0.007424, 4.2e-05])
[var-head] dropping the retired obs_var floor from this checkpoint ([0.003239, 0.099055, 0.007424, 4.2e-05])
[var-head] dropping the retired obs_var floor from this checkpoint ([0.003239, 0.099055, 0.007424, 4.2e-05])
[var-head] dropping the retired obs_var floor from this checkpoint ([0.003239, 0.099055, 0.007424, 4.2e-05])
[var-head] dropping the retired obs_var floor from this checkpoint ([0.003239, 0.099055, 0.007424, 4.2e-05])
[var-head] dropping the retired obs_var floor from this checkpoint ([0.003239, 0.099055, 0.007424, 4.2e-05])
[var-head] dropping the retired obs_var floor from this checkpoint ([0.003239, 0.099055, 0.007424, 4.2e-05])
[var-head] dropping the retired obs_var floor from this checkpoint ([0.003239, 0.099055, 0.007424, 4.2e-05])
[var-head] dropping the retired obs_var floor from this checkpoint ([0.003239, 0.099055, 0.007424, 4.2e-05])
[var-head] dropping the retired obs_var floor from this checkpoint ([0.003239, 0.099055, 0.007424, 4.2e-05])
[var-head] dropping the retired obs_var floor from this checkpoint ([0.003239, 0.099055, 0.007424, 4.2e-05])
[var-head] dropping the retired obs_var floor from this checkpoint ([0.003239, 0.099055, 0.007424, 4.2e-05])
[var-head] dropping the retired obs_var floor from this checkpoint ([0.003239, 0.099055, 0.007424, 4.2e-05])
[var-head] dropping the retired obs_var floor from this checkpoint ([0.003239, 0.099055, 0.007424, 4.2e-05])
[var-head] dropping the retired obs_var floor from this checkpoint ([0.003239, 0.099055, 0.007424, 4.2e-05])
[var-head] dropping the retired obs_var floor from this checkpoint ([0.003239, 0.099055, 0.007424, 4.2e-05])
[var-head] dropping the retired obs_var floor from this checkpoint ([0.003239, 0.099055, 0.007424, 4.2e-05])
[var-head] dropping the retired obs_var floor from this checkpoint ([0.003239, 0.099055, 0.007424, 4.2e-05])
[var-head] dropping the retired obs_var floor from this checkpoint ([0.003239, 0.099055, 0.007424, 4.2e-05])
[var-head] dropping the retired obs_var floor from this checkpoint ([0.003239, 0.099055, 0.007424, 4.2e-05])
[sigma] head (40, 4, 200, 36, 12)  combined (40, 4, 200, 36, 12)
[dist] frames with no observation: 0 of 8000
/scratch/work/zhangx29/Thesis_Project/4dvarnet_enkf/checks/diag_sigma_is_it_flow.py:145: UserWarning: Converting a tensor with requires_grad=True to a scalar may lead to unexpected behavior.
Consider using tensor.detach() first. (Triggered internally at /pytorch/torch/csrc/autograd/generated/python_variable_methods.cpp:835.)
  return float(J), float(g.norm()), float(torch.sqrt((g ** 2).mean()))

  head_alone:  R^2 of a (channel, distance-to-observation) lookup
     density   R2 +0.2937   sigma 0.0835 +- 0.0871
     vx        R2 +0.1300   sigma 0.2048 +- 0.1908
     vy        R2 +0.4026   sigma 0.1210 +- 0.0888
     var       R2 +0.2264   sigma 0.0564 +- 0.0861

  combined:  R^2 of a (channel, distance-to-observation) lookup
     density   R2 +0.1673   sigma 0.1085 +- 0.0855
     vx        R2 +0.0494   sigma 0.3015 +- 0.2051
     vy        R2 +0.2458   sigma 0.1503 +- 0.0859
     var       R2 +0.1733   sigma 0.0674 +- 0.0834

  stationarity over 8 windows:
     J        0.5294 -> 0.5469
     ||grad J|| 6.9947e-03 -> 7.3863e-03   ratio 1.061
     the inverse-Hessian identity needs this ratio near 0

[json] /scratch/work/zhangx29/Thesis_Project/4dvarnet_enkf/check_outputs/eval/sigma_audit.json
