[mode] no learnt sigma^2 in these runs -> uncertainty is the member spread alone (their Table 2 'Ensemble-M (MSE)')
[members] 5 x runs/varnet_ml5_s{}  dT=200  obs_every_k=1  dev=cuda
  atc-20130811_corridor_1.0s.h5  199 windows
  atc-20130818_corridor_1.0s.h5  194 windows
  atc-20130825_corridor_1.0s.h5  214 windows
  atc-20130901_corridor_1.0s.h5  198 windows
  atc-20130915_corridor_1.0s.h5  196 windows
  atc-20130922_corridor_1.0s.h5  194 windows
  atc-20130929_corridor_1.0s.h5  189 windows

split                             RMSE     CRPS      NLL   sigma  sp/sk  90%cov
all                             0.1832   0.0730    1.307  0.0891   0.49   78.9%
all_aleatoric_only              0.1832      nan      nan  0.0000   0.00    0.0%
all_epistemic_only              0.1832   0.0730    1.307  0.0891   0.49   78.9%
all_constant_sigma_baseline     0.1832   0.0861   -0.278  0.1832   1.00   92.6%
blind                           0.1975   0.0712    2.407  0.0859   0.43   80.8%
observed                        0.1655   0.0750    0.061  0.0926   0.56   76.7%
blind_constant_sigma_baseline   0.1975   0.0885   -0.203  0.1975   1.00   93.7%
channel_density                 0.1227   0.0537    1.063  0.0570   0.46   73.0%
channel_vx                      0.3079   0.1551    1.393  0.1973   0.64   76.7%
channel_vy                      0.1326   0.0640    0.733  0.0758   0.57   76.2%
channel_var                     0.0825   0.0191    2.041  0.0262   0.32   89.7%

[out] /scratch/work/zhangx29/Thesis_Project/methods/varnet/check_outputs/eval/uncertainty_ml5.json

EnKF k=1 for reference (measured, check_outputs/enkf_k1_full):  spread/skill 0.011   90% coverage 2.24%
