[gaussian] 1000/37964, 0.0044 s/frame
[gaussian] 2000/37964, 0.0042 s/frame
[gaussian] 3000/37964, 0.0041 s/frame
[gaussian] 4000/37964, 0.0041 s/frame
[gaussian] 5000/37964, 0.0041 s/frame
[gaussian] 6000/37964, 0.0041 s/frame
[gaussian] 7000/37964, 0.0041 s/frame
[gaussian] 8000/37964, 0.0040 s/frame
[gaussian] 9000/37964, 0.0040 s/frame
[gaussian] 10000/37964, 0.0040 s/frame
[gaussian] 11000/37964, 0.0040 s/frame
[gaussian] 12000/37964, 0.0040 s/frame
[gaussian] 13000/37964, 0.0040 s/frame
[gaussian] 14000/37964, 0.0040 s/frame
[gaussian] 15000/37964, 0.0040 s/frame
[gaussian] 16000/37964, 0.0040 s/frame
[gaussian] 17000/37964, 0.0040 s/frame
[gaussian] 18000/37964, 0.0040 s/frame
[gaussian] 19000/37964, 0.0040 s/frame
[gaussian] 20000/37964, 0.0040 s/frame
[gaussian] 21000/37964, 0.0040 s/frame
[gaussian] 22000/37964, 0.0040 s/frame
[gaussian] 23000/37964, 0.0040 s/frame
[gaussian] 24000/37964, 0.0040 s/frame
[gaussian] 25000/37964, 0.0040 s/frame
[gaussian] 26000/37964, 0.0040 s/frame
[gaussian] 27000/37964, 0.0040 s/frame
[gaussian] 28000/37964, 0.0040 s/frame
[gaussian] 29000/37964, 0.0040 s/frame
[gaussian] 30000/37964, 0.0040 s/frame
[gaussian] 31000/37964, 0.0040 s/frame
[gaussian] 32000/37964, 0.0040 s/frame
[gaussian] 33000/37964, 0.0040 s/frame
[gaussian] 34000/37964, 0.0040 s/frame
[gaussian] 35000/37964, 0.0040 s/frame
[gaussian] 36000/37964, 0.0040 s/frame
[gaussian] 37000/37964, 0.0040 s/frame
[all] RMSE=0.25229 CRPS=0.14722 spread/skill=0.010 cov90=0.060
[defined_blind] RMSE=0.39604 CRPS=0.22623 spread/skill=0.004 cov90=0.026
[density] spearman=+0.574 AUSE=0.653
[vx] spearman=+0.093 AUSE=0.972
[vy] spearman=+0.183 AUSE=1.016
[var] spearman=+0.261 AUSE=0.713
[runtime] 236.35s on Tesla V100-SXM2-32GB; failures=0
[out] methods/enkf/check_outputs/original_vs_final/runs/atc-20130929.json
