[gaussian] 1000/38885, 0.0046 s/frame
[gaussian] 2000/38885, 0.0043 s/frame
[gaussian] 3000/38885, 0.0042 s/frame
[gaussian] 4000/38885, 0.0042 s/frame
[gaussian] 5000/38885, 0.0042 s/frame
[gaussian] 6000/38885, 0.0042 s/frame
[gaussian] 7000/38885, 0.0042 s/frame
[gaussian] 8000/38885, 0.0042 s/frame
[gaussian] 9000/38885, 0.0042 s/frame
[gaussian] 10000/38885, 0.0042 s/frame
[gaussian] 11000/38885, 0.0041 s/frame
[gaussian] 12000/38885, 0.0041 s/frame
[gaussian] 13000/38885, 0.0041 s/frame
[gaussian] 14000/38885, 0.0041 s/frame
[gaussian] 15000/38885, 0.0041 s/frame
[gaussian] 16000/38885, 0.0041 s/frame
[gaussian] 17000/38885, 0.0041 s/frame
[gaussian] 18000/38885, 0.0041 s/frame
[gaussian] 19000/38885, 0.0041 s/frame
[gaussian] 20000/38885, 0.0041 s/frame
[gaussian] 21000/38885, 0.0041 s/frame
[gaussian] 22000/38885, 0.0041 s/frame
[gaussian] 23000/38885, 0.0041 s/frame
[gaussian] 24000/38885, 0.0041 s/frame
[gaussian] 25000/38885, 0.0041 s/frame
[gaussian] 26000/38885, 0.0041 s/frame
[gaussian] 27000/38885, 0.0041 s/frame
[gaussian] 28000/38885, 0.0041 s/frame
[gaussian] 29000/38885, 0.0041 s/frame
[gaussian] 30000/38885, 0.0041 s/frame
[gaussian] 31000/38885, 0.0041 s/frame
[gaussian] 32000/38885, 0.0041 s/frame
[gaussian] 33000/38885, 0.0041 s/frame
[gaussian] 34000/38885, 0.0041 s/frame
[gaussian] 35000/38885, 0.0041 s/frame
[gaussian] 36000/38885, 0.0041 s/frame
[gaussian] 37000/38885, 0.0041 s/frame
[gaussian] 38000/38885, 0.0041 s/frame
[all] RMSE=0.24374 CRPS=0.14628 spread/skill=0.010 cov90=0.062
[defined_blind] RMSE=0.37304 CRPS=0.22158 spread/skill=0.005 cov90=0.027
[density] spearman=+0.615 AUSE=0.586
[vx] spearman=+0.087 AUSE=0.976
[vy] spearman=+0.171 AUSE=1.027
[var] spearman=+0.276 AUSE=0.694
[runtime] 253.16s on Tesla V100-SXM2-32GB; failures=0
[out] methods/enkf/check_outputs/original_vs_final/runs/atc-20130818.json
