[gaussian] 1000/39383, 0.0037 s/frame
[gaussian] 2000/39383, 0.0035 s/frame
[gaussian] 3000/39383, 0.0034 s/frame
[gaussian] 4000/39383, 0.0034 s/frame
[gaussian] 5000/39383, 0.0033 s/frame
[gaussian] 6000/39383, 0.0033 s/frame
[gaussian] 7000/39383, 0.0033 s/frame
[gaussian] 8000/39383, 0.0033 s/frame
[gaussian] 9000/39383, 0.0033 s/frame
[gaussian] 10000/39383, 0.0033 s/frame
[gaussian] 11000/39383, 0.0033 s/frame
[gaussian] 12000/39383, 0.0033 s/frame
[gaussian] 13000/39383, 0.0033 s/frame
[gaussian] 14000/39383, 0.0033 s/frame
[gaussian] 15000/39383, 0.0033 s/frame
[gaussian] 16000/39383, 0.0033 s/frame
[gaussian] 17000/39383, 0.0033 s/frame
[gaussian] 18000/39383, 0.0033 s/frame
[gaussian] 19000/39383, 0.0033 s/frame
[gaussian] 20000/39383, 0.0033 s/frame
[gaussian] 21000/39383, 0.0033 s/frame
[gaussian] 22000/39383, 0.0033 s/frame
[gaussian] 23000/39383, 0.0033 s/frame
[gaussian] 24000/39383, 0.0033 s/frame
[gaussian] 25000/39383, 0.0033 s/frame
[gaussian] 26000/39383, 0.0033 s/frame
[gaussian] 27000/39383, 0.0033 s/frame
[gaussian] 28000/39383, 0.0033 s/frame
[gaussian] 29000/39383, 0.0033 s/frame
[gaussian] 30000/39383, 0.0033 s/frame
[gaussian] 31000/39383, 0.0033 s/frame
[gaussian] 32000/39383, 0.0033 s/frame
[gaussian] 33000/39383, 0.0033 s/frame
[gaussian] 34000/39383, 0.0033 s/frame
[gaussian] 35000/39383, 0.0033 s/frame
[gaussian] 36000/39383, 0.0033 s/frame
[gaussian] 37000/39383, 0.0033 s/frame
[gaussian] 38000/39383, 0.0033 s/frame
[gaussian] 39000/39383, 0.0033 s/frame
[all] RMSE=0.23278 CRPS=0.13795 spread/skill=0.011 cov90=0.057
[defined_blind] RMSE=0.36711 CRPS=0.20228 spread/skill=0.004 cov90=0.028
[density] spearman=+0.580 AUSE=0.641
[vx] spearman=+0.060 AUSE=0.982
[vy] spearman=+0.143 AUSE=1.055
[var] spearman=+0.247 AUSE=0.718
[runtime] 207.74s on Tesla V100-PCIE-32GB; failures=0
[out] methods/enkf/check_outputs/original_vs_final/runs/atc-20130915.json
