[gaussian] 1000/39821, 0.0056 s/frame
[gaussian] 2000/39821, 0.0054 s/frame
[gaussian] 3000/39821, 0.0053 s/frame
[gaussian] 4000/39821, 0.0053 s/frame
[gaussian] 5000/39821, 0.0053 s/frame
[gaussian] 6000/39821, 0.0053 s/frame
[gaussian] 7000/39821, 0.0052 s/frame
[gaussian] 8000/39821, 0.0052 s/frame
[gaussian] 9000/39821, 0.0052 s/frame
[gaussian] 10000/39821, 0.0052 s/frame
[gaussian] 11000/39821, 0.0052 s/frame
[gaussian] 12000/39821, 0.0052 s/frame
[gaussian] 13000/39821, 0.0052 s/frame
[gaussian] 14000/39821, 0.0052 s/frame
[gaussian] 15000/39821, 0.0052 s/frame
[gaussian] 16000/39821, 0.0052 s/frame
[gaussian] 17000/39821, 0.0052 s/frame
[gaussian] 18000/39821, 0.0052 s/frame
[gaussian] 19000/39821, 0.0052 s/frame
[gaussian] 20000/39821, 0.0052 s/frame
[gaussian] 21000/39821, 0.0052 s/frame
[gaussian] 22000/39821, 0.0052 s/frame
[gaussian] 23000/39821, 0.0052 s/frame
[gaussian] 24000/39821, 0.0052 s/frame
[gaussian] 25000/39821, 0.0052 s/frame
[gaussian] 26000/39821, 0.0052 s/frame
[gaussian] 27000/39821, 0.0052 s/frame
[gaussian] 28000/39821, 0.0052 s/frame
[gaussian] 29000/39821, 0.0052 s/frame
[gaussian] 30000/39821, 0.0052 s/frame
[gaussian] 31000/39821, 0.0052 s/frame
[gaussian] 32000/39821, 0.0052 s/frame
[gaussian] 33000/39821, 0.0052 s/frame
[gaussian] 34000/39821, 0.0052 s/frame
[gaussian] 35000/39821, 0.0052 s/frame
[gaussian] 36000/39821, 0.0052 s/frame
[gaussian] 37000/39821, 0.0052 s/frame
[gaussian] 38000/39821, 0.0052 s/frame
[gaussian] 39000/39821, 0.0052 s/frame
[all] RMSE=0.21455 CRPS=0.13000 spread/skill=0.012 cov90=0.063
[defined_blind] RMSE=0.33045 CRPS=0.18663 spread/skill=0.005 cov90=0.024
[density] spearman=+0.550 AUSE=0.668
[vx] spearman=+0.070 AUSE=0.981
[vy] spearman=+0.207 AUSE=0.988
[var] spearman=+0.295 AUSE=0.635
[runtime] 300.35s on Tesla V100-SXM2-32GB; failures=0
[out] methods/enkf/check_outputs/original_vs_final/runs/atc-20130811.json
