[gaussian] 1000/38842, 0.0050 s/frame
[gaussian] 2000/38842, 0.0047 s/frame
[gaussian] 3000/38842, 0.0046 s/frame
[gaussian] 4000/38842, 0.0046 s/frame
[gaussian] 5000/38842, 0.0046 s/frame
[gaussian] 6000/38842, 0.0046 s/frame
[gaussian] 7000/38842, 0.0046 s/frame
[gaussian] 8000/38842, 0.0046 s/frame
[gaussian] 9000/38842, 0.0046 s/frame
[gaussian] 10000/38842, 0.0045 s/frame
[gaussian] 11000/38842, 0.0045 s/frame
[gaussian] 12000/38842, 0.0045 s/frame
[gaussian] 13000/38842, 0.0045 s/frame
[gaussian] 14000/38842, 0.0045 s/frame
[gaussian] 15000/38842, 0.0045 s/frame
[gaussian] 16000/38842, 0.0045 s/frame
[gaussian] 17000/38842, 0.0045 s/frame
[gaussian] 18000/38842, 0.0045 s/frame
[gaussian] 19000/38842, 0.0045 s/frame
[gaussian] 20000/38842, 0.0045 s/frame
[gaussian] 21000/38842, 0.0045 s/frame
[gaussian] 22000/38842, 0.0045 s/frame
[gaussian] 23000/38842, 0.0045 s/frame
[gaussian] 24000/38842, 0.0045 s/frame
[gaussian] 25000/38842, 0.0045 s/frame
[gaussian] 26000/38842, 0.0045 s/frame
[gaussian] 27000/38842, 0.0045 s/frame
[gaussian] 28000/38842, 0.0045 s/frame
[gaussian] 29000/38842, 0.0045 s/frame
[gaussian] 30000/38842, 0.0045 s/frame
[gaussian] 31000/38842, 0.0045 s/frame
[gaussian] 32000/38842, 0.0045 s/frame
[gaussian] 33000/38842, 0.0045 s/frame
[gaussian] 34000/38842, 0.0045 s/frame
[gaussian] 35000/38842, 0.0045 s/frame
[gaussian] 36000/38842, 0.0045 s/frame
[gaussian] 37000/38842, 0.0045 s/frame
[gaussian] 38000/38842, 0.0045 s/frame
[all] RMSE=0.23235 CRPS=0.13829 spread/skill=0.011 cov90=0.054
[defined_blind] RMSE=0.36740 CRPS=0.20209 spread/skill=0.004 cov90=0.027
[density] spearman=+0.579 AUSE=0.657
[vx] spearman=+0.059 AUSE=0.990
[vy] spearman=+0.159 AUSE=1.035
[var] spearman=+0.234 AUSE=0.727
[runtime] 272.95s on Tesla V100-SXM2-32GB; failures=0
[out] methods/enkf/check_outputs/original_vs_final/runs/atc-20130922.json
