[device] cuda   windows 24   bins 32
[data] atc-20130811_corridor_1.0s.h5  24 windows
[var-head] dropping the retired obs_var floor from this checkpoint ([0.003239, 0.099055, 0.007424, 4.2e-05])
[var-head] dropping the retired obs_var floor from this checkpoint ([0.003239, 0.099055, 0.007424, 4.2e-05])
[var-head] dropping the retired obs_var floor from this checkpoint ([0.003239, 0.099055, 0.007424, 4.2e-05])
[var-head] dropping the retired obs_var floor from this checkpoint ([0.003239, 0.099055, 0.007424, 4.2e-05])
[var-head] dropping the retired obs_var floor from this checkpoint ([0.003239, 0.099055, 0.007424, 4.2e-05])
[var-head] dropping the retired obs_var floor from this checkpoint ([0.003239, 0.099055, 0.007424, 4.2e-05])
[var-head] dropping the retired obs_var floor from this checkpoint ([0.003239, 0.099055, 0.007424, 4.2e-05])
[var-head] dropping the retired obs_var floor from this checkpoint ([0.003239, 0.099055, 0.007424, 4.2e-05])
[var-head] dropping the retired obs_var floor from this checkpoint ([0.003239, 0.099055, 0.007424, 4.2e-05])
[var-head] dropping the retired obs_var floor from this checkpoint ([0.003239, 0.099055, 0.007424, 4.2e-05])
[var-head] dropping the retired obs_var floor from this checkpoint ([0.003239, 0.099055, 0.007424, 4.2e-05])
[var-head] dropping the retired obs_var floor from this checkpoint ([0.003239, 0.099055, 0.007424, 4.2e-05])
[var-head] dropping the retired obs_var floor from this checkpoint ([0.003239, 0.099055, 0.007424, 4.2e-05])
[var-head] dropping the retired obs_var floor from this checkpoint ([0.003239, 0.099055, 0.007424, 4.2e-05])
[var-head] dropping the retired obs_var floor from this checkpoint ([0.003239, 0.099055, 0.007424, 4.2e-05])
[var-head] dropping the retired obs_var floor from this checkpoint ([0.003239, 0.099055, 0.007424, 4.2e-05])
[var-head] dropping the retired obs_var floor from this checkpoint ([0.003239, 0.099055, 0.007424, 4.2e-05])
[var-head] dropping the retired obs_var floor from this checkpoint ([0.003239, 0.099055, 0.007424, 4.2e-05])
[var-head] dropping the retired obs_var floor from this checkpoint ([0.003239, 0.099055, 0.007424, 4.2e-05])
[var-head] dropping the retired obs_var floor from this checkpoint ([0.003239, 0.099055, 0.007424, 4.2e-05])
[var-head] dropping the retired obs_var floor from this checkpoint ([0.003239, 0.099055, 0.007424, 4.2e-05])
[var-head] dropping the retired obs_var floor from this checkpoint ([0.003239, 0.099055, 0.007424, 4.2e-05])
[var-head] dropping the retired obs_var floor from this checkpoint ([0.003239, 0.099055, 0.007424, 4.2e-05])
[var-head] dropping the retired obs_var floor from this checkpoint ([0.003239, 0.099055, 0.007424, 4.2e-05])
[var-head] dropping the retired obs_var floor from this checkpoint ([0.003239, 0.099055, 0.007424, 4.2e-05])
[var-head] dropping the retired obs_var floor from this checkpoint ([0.003239, 0.099055, 0.007424, 4.2e-05])
[var-head] dropping the retired obs_var floor from this checkpoint ([0.003239, 0.099055, 0.007424, 4.2e-05])
[var-head] dropping the retired obs_var floor from this checkpoint ([0.003239, 0.099055, 0.007424, 4.2e-05])
[var-head] dropping the retired obs_var floor from this checkpoint ([0.003239, 0.099055, 0.007424, 4.2e-05])
[var-head] dropping the retired obs_var floor from this checkpoint ([0.003239, 0.099055, 0.007424, 4.2e-05])
[var-head] dropping the retired obs_var floor from this checkpoint ([0.003239, 0.099055, 0.007424, 4.2e-05])
[var-head] dropping the retired obs_var floor from this checkpoint ([0.003239, 0.099055, 0.007424, 4.2e-05])
[var-head] dropping the retired obs_var floor from this checkpoint ([0.003239, 0.099055, 0.007424, 4.2e-05])
[var-head] dropping the retired obs_var floor from this checkpoint ([0.003239, 0.099055, 0.007424, 4.2e-05])
[var-head] dropping the retired obs_var floor from this checkpoint ([0.003239, 0.099055, 0.007424, 4.2e-05])
[var-head] dropping the retired obs_var floor from this checkpoint ([0.003239, 0.099055, 0.007424, 4.2e-05])
[var-head] dropping the retired obs_var floor from this checkpoint ([0.003239, 0.099055, 0.007424, 4.2e-05])
[var-head] dropping the retired obs_var floor from this checkpoint ([0.003239, 0.099055, 0.007424, 4.2e-05])
[var-head] dropping the retired obs_var floor from this checkpoint ([0.003239, 0.099055, 0.007424, 4.2e-05])
[var-head] dropping the retired obs_var floor from this checkpoint ([0.003239, 0.099055, 0.007424, 4.2e-05])
[var-head] dropping the retired obs_var floor from this checkpoint ([0.003239, 0.099055, 0.007424, 4.2e-05])
[var-head] dropping the retired obs_var floor from this checkpoint ([0.003239, 0.099055, 0.007424, 4.2e-05])
[var-head] dropping the retired obs_var floor from this checkpoint ([0.003239, 0.099055, 0.007424, 4.2e-05])
[var-head] dropping the retired obs_var floor from this checkpoint ([0.003239, 0.099055, 0.007424, 4.2e-05])
[var-head] dropping the retired obs_var floor from this checkpoint ([0.003239, 0.099055, 0.007424, 4.2e-05])
[var-head] dropping the retired obs_var floor from this checkpoint ([0.003239, 0.099055, 0.007424, 4.2e-05])
[var-head] dropping the retired obs_var floor from this checkpoint ([0.003239, 0.099055, 0.007424, 4.2e-05])
[var-head] dropping the retired obs_var floor from this checkpoint ([0.003239, 0.099055, 0.007424, 4.2e-05])
[var-head] dropping the retired obs_var floor from this checkpoint ([0.003239, 0.099055, 0.007424, 4.2e-05])
[var-head] dropping the retired obs_var floor from this checkpoint ([0.003239, 0.099055, 0.007424, 4.2e-05])
[var-head] dropping the retired obs_var floor from this checkpoint ([0.003239, 0.099055, 0.007424, 4.2e-05])
[var-head] dropping the retired obs_var floor from this checkpoint ([0.003239, 0.099055, 0.007424, 4.2e-05])
[var-head] dropping the retired obs_var floor from this checkpoint ([0.003239, 0.099055, 0.007424, 4.2e-05])
[var-head] dropping the retired obs_var floor from this checkpoint ([0.003239, 0.099055, 0.007424, 4.2e-05])
[var-head] dropping the retired obs_var floor from this checkpoint ([0.003239, 0.099055, 0.007424, 4.2e-05])
[var-head] dropping the retired obs_var floor from this checkpoint ([0.003239, 0.099055, 0.007424, 4.2e-05])
[var-head] dropping the retired obs_var floor from this checkpoint ([0.003239, 0.099055, 0.007424, 4.2e-05])
[var-head] dropping the retired obs_var floor from this checkpoint ([0.003239, 0.099055, 0.007424, 4.2e-05])
[var-head] dropping the retired obs_var floor from this checkpoint ([0.003239, 0.099055, 0.007424, 4.2e-05])
[var-head] dropping the retired obs_var floor from this checkpoint ([0.003239, 0.099055, 0.007424, 4.2e-05])
[var-head] dropping the retired obs_var floor from this checkpoint ([0.003239, 0.099055, 0.007424, 4.2e-05])
[var-head] dropping the retired obs_var floor from this checkpoint ([0.003239, 0.099055, 0.007424, 4.2e-05])
[var-head] dropping the retired obs_var floor from this checkpoint ([0.003239, 0.099055, 0.007424, 4.2e-05])
[var-head] dropping the retired obs_var floor from this checkpoint ([0.003239, 0.099055, 0.007424, 4.2e-05])
[var-head] dropping the retired obs_var floor from this checkpoint ([0.003239, 0.099055, 0.007424, 4.2e-05])
[var-head] dropping the retired obs_var floor from this checkpoint ([0.003239, 0.099055, 0.007424, 4.2e-05])
[var-head] dropping the retired obs_var floor from this checkpoint ([0.003239, 0.099055, 0.007424, 4.2e-05])
[var-head] dropping the retired obs_var floor from this checkpoint ([0.003239, 0.099055, 0.007424, 4.2e-05])
[var-head] dropping the retired obs_var floor from this checkpoint ([0.003239, 0.099055, 0.007424, 4.2e-05])
[var-head] dropping the retired obs_var floor from this checkpoint ([0.003239, 0.099055, 0.007424, 4.2e-05])
[var-head] dropping the retired obs_var floor from this checkpoint ([0.003239, 0.099055, 0.007424, 4.2e-05])
[var-head] dropping the retired obs_var floor from this checkpoint ([0.003239, 0.099055, 0.007424, 4.2e-05])
[var-head] dropping the retired obs_var floor from this checkpoint ([0.003239, 0.099055, 0.007424, 4.2e-05])
[var-head] dropping the retired obs_var floor from this checkpoint ([0.003239, 0.099055, 0.007424, 4.2e-05])
[var-head] dropping the retired obs_var floor from this checkpoint ([0.003239, 0.099055, 0.007424, 4.2e-05])
[var-head] dropping the retired obs_var floor from this checkpoint ([0.003239, 0.099055, 0.007424, 4.2e-05])
[var-head] dropping the retired obs_var floor from this checkpoint ([0.003239, 0.099055, 0.007424, 4.2e-05])
[var-head] dropping the retired obs_var floor from this checkpoint ([0.003239, 0.099055, 0.007424, 4.2e-05])
[var-head] dropping the retired obs_var floor from this checkpoint ([0.003239, 0.099055, 0.007424, 4.2e-05])
[var-head] dropping the retired obs_var floor from this checkpoint ([0.003239, 0.099055, 0.007424, 4.2e-05])
[var-head] dropping the retired obs_var floor from this checkpoint ([0.003239, 0.099055, 0.007424, 4.2e-05])
[var-head] dropping the retired obs_var floor from this checkpoint ([0.003239, 0.099055, 0.007424, 4.2e-05])
[var-head] dropping the retired obs_var floor from this checkpoint ([0.003239, 0.099055, 0.007424, 4.2e-05])
[var-head] dropping the retired obs_var floor from this checkpoint ([0.003239, 0.099055, 0.007424, 4.2e-05])
[var-head] dropping the retired obs_var floor from this checkpoint ([0.003239, 0.099055, 0.007424, 4.2e-05])
[var-head] dropping the retired obs_var floor from this checkpoint ([0.003239, 0.099055, 0.007424, 4.2e-05])
[var-head] dropping the retired obs_var floor from this checkpoint ([0.003239, 0.099055, 0.007424, 4.2e-05])
[var-head] dropping the retired obs_var floor from this checkpoint ([0.003239, 0.099055, 0.007424, 4.2e-05])
[var-head] dropping the retired obs_var floor from this checkpoint ([0.003239, 0.099055, 0.007424, 4.2e-05])
[var-head] dropping the retired obs_var floor from this checkpoint ([0.003239, 0.099055, 0.007424, 4.2e-05])
[var-head] dropping the retired obs_var floor from this checkpoint ([0.003239, 0.099055, 0.007424, 4.2e-05])
[var-head] dropping the retired obs_var floor from this checkpoint ([0.003239, 0.099055, 0.007424, 4.2e-05])
[var-head] dropping the retired obs_var floor from this checkpoint ([0.003239, 0.099055, 0.007424, 4.2e-05])
[var-head] dropping the retired obs_var floor from this checkpoint ([0.003239, 0.099055, 0.007424, 4.2e-05])
[var-head] dropping the retired obs_var floor from this checkpoint ([0.003239, 0.099055, 0.007424, 4.2e-05])
[var-head] dropping the retired obs_var floor from this checkpoint ([0.003239, 0.099055, 0.007424, 4.2e-05])
[var-head] dropping the retired obs_var floor from this checkpoint ([0.003239, 0.099055, 0.007424, 4.2e-05])
[var-head] dropping the retired obs_var floor from this checkpoint ([0.003239, 0.099055, 0.007424, 4.2e-05])
[var-head] dropping the retired obs_var floor from this checkpoint ([0.003239, 0.099055, 0.007424, 4.2e-05])
[var-head] dropping the retired obs_var floor from this checkpoint ([0.003239, 0.099055, 0.007424, 4.2e-05])
[var-head] dropping the retired obs_var floor from this checkpoint ([0.003239, 0.099055, 0.007424, 4.2e-05])
[var-head] dropping the retired obs_var floor from this checkpoint ([0.003239, 0.099055, 0.007424, 4.2e-05])
[var-head] dropping the retired obs_var floor from this checkpoint ([0.003239, 0.099055, 0.007424, 4.2e-05])
[var-head] dropping the retired obs_var floor from this checkpoint ([0.003239, 0.099055, 0.007424, 4.2e-05])
[var-head] dropping the retired obs_var floor from this checkpoint ([0.003239, 0.099055, 0.007424, 4.2e-05])
[var-head] dropping the retired obs_var floor from this checkpoint ([0.003239, 0.099055, 0.007424, 4.2e-05])
[var-head] dropping the retired obs_var floor from this checkpoint ([0.003239, 0.099055, 0.007424, 4.2e-05])
[var-head] dropping the retired obs_var floor from this checkpoint ([0.003239, 0.099055, 0.007424, 4.2e-05])
[var-head] dropping the retired obs_var floor from this checkpoint ([0.003239, 0.099055, 0.007424, 4.2e-05])
[var-head] dropping the retired obs_var floor from this checkpoint ([0.003239, 0.099055, 0.007424, 4.2e-05])
[var-head] dropping the retired obs_var floor from this checkpoint ([0.003239, 0.099055, 0.007424, 4.2e-05])
[var-head] dropping the retired obs_var floor from this checkpoint ([0.003239, 0.099055, 0.007424, 4.2e-05])
[var-head] dropping the retired obs_var floor from this checkpoint ([0.003239, 0.099055, 0.007424, 4.2e-05])
[var-head] dropping the retired obs_var floor from this checkpoint ([0.003239, 0.099055, 0.007424, 4.2e-05])
[var-head] dropping the retired obs_var floor from this checkpoint ([0.003239, 0.099055, 0.007424, 4.2e-05])
[var-head] dropping the retired obs_var floor from this checkpoint ([0.003239, 0.099055, 0.007424, 4.2e-05])
[var-head] dropping the retired obs_var floor from this checkpoint ([0.003239, 0.099055, 0.007424, 4.2e-05])
[var-head] dropping the retired obs_var floor from this checkpoint ([0.003239, 0.099055, 0.007424, 4.2e-05])
[var-head] dropping the retired obs_var floor from this checkpoint ([0.003239, 0.099055, 0.007424, 4.2e-05])
[var-head] dropping the retired obs_var floor from this checkpoint ([0.003239, 0.099055, 0.007424, 4.2e-05])
[shapes] xhat (24, 4, 200, 36, 12)  sigma (24, 4, 200, 36, 12)

  head_alone:  R^2 of a 1-D lookup, per output channel
           sigma of  distance_to  |xhat_densi    |xhat_vx|    |xhat_vy|   |xhat_var|  resid_densi     resid_vx     resid_vy    resid_var
            density        0.292        0.081        0.010        0.007        0.030        0.182        0.002        0.001        0.026   <- distance_to_obs 0.292
                 vx        0.126        0.010        0.099        0.011        0.015        0.131        0.112        0.005        0.034   <- resid_density 0.131
                 vy        0.400        0.009        0.005        0.034        0.015        0.102        0.007        0.035        0.006   <- distance_to_obs 0.400
                var        0.216        0.018        0.005        0.003        0.043        0.132        0.001        0.001        0.015   <- distance_to_obs 0.216

  combined:  R^2 of a 1-D lookup, per output channel
           sigma of  distance_to  |xhat_densi    |xhat_vx|    |xhat_vy|   |xhat_var|  resid_densi     resid_vx     resid_vy    resid_var
            density        0.164        0.111        0.025        0.017        0.047        0.228        0.002        0.007        0.045   <- resid_density 0.228
                 vx        0.047        0.031        0.159        0.032        0.033        0.214        0.133        0.021        0.068   <- resid_density 0.214
                 vy        0.243        0.020        0.012        0.073        0.027        0.152        0.002        0.067        0.017   <- distance_to_obs 0.243
                var        0.166        0.026        0.010        0.006        0.061        0.155        0.001        0.003        0.024   <- distance_to_obs 0.166

[json] /scratch/work/zhangx29/Thesis_Project/4dvarnet_enkf/check_outputs/eval/sigma_drivers.json
