[early_stop] epoch 80: valid blind walkable RMSE 0.22186
[early_stop] epoch 90: valid blind walkable RMSE 0.22221
[early_stop] best epoch 80 (RMSE 0.22186), newest 90: continue
Submitted batch job 20808204
[chain] submitted successor (afterany:20804955)
NVIDIA H200
[obs] obs_every_k = 1  (observed every frame, matching the EnKF project)
[obs] trajectory_mode = per_day  (base data seed 0)
[data] 6298 windows of (4, 200, 36, 12)  device=cuda
[model] params=2,096,342 (GENN prior 54,220 = 2.59%; the rest is the solver's ConvLSTM)  loss=supervised  n_iter=15  amp=True
[seed] init=3  data=0
[schedule] ep0→5it@lr0.001  ep25→10it@lr0.0007  ep50→15it@lr0.0005  ep75→20it@lr0.0003
[resume] loaded runs/varnet_mse5_h96_pd_s3/varnet_last.pt: continuing from epoch 93 (step 18321)
[best] previous best blind MSE = 0.0273
[schedule] epoch 93: n_iter -> 20, lr -> 0.0003
[epoch  93] loss=0.0265  blind_MSE=0.0277  density=0.0167 vx=0.0635 vy=0.0216 var=0.0089
[epoch  94] loss=0.0273  blind_MSE=0.0276  density=0.0167 vx=0.0630 vy=0.0216 var=0.0089
[epoch  95] loss=0.0266  blind_MSE=0.0275  density=0.0167 vx=0.0628 vy=0.0216 var=0.0089
[epoch  96] loss=0.0269  blind_MSE=0.0275  density=0.0167 vx=0.0627 vy=0.0215 var=0.0089
[epoch  97] loss=0.0242  blind_MSE=0.0274  density=0.0167 vx=0.0625 vy=0.0216 var=0.0089
[epoch  98] loss=0.0257  blind_MSE=0.0278  density=0.0167 vx=0.0639 vy=0.0216 var=0.0089
[epoch  99] loss=0.0245  blind_MSE=0.0274  density=0.0167 vx=0.0625 vy=0.0215 var=0.0089
[epoch 100] loss=0.0266  blind_MSE=0.0274  density=0.0166 vx=0.0624 vy=0.0215 var=0.0089
[epoch 101] loss=0.0268  blind_MSE=0.0275  density=0.0166 vx=0.0630 vy=0.0215 var=0.0089
[epoch 102] loss=0.0278  blind_MSE=0.0273  density=0.0166 vx=0.0624 vy=0.0215 var=0.0089
[epoch 103] loss=0.0252  blind_MSE=0.0276  density=0.0166 vx=0.0635 vy=0.0216 var=0.0089
[epoch 104] loss=0.0251  blind_MSE=0.0273  density=0.0166 vx=0.0623 vy=0.0216 var=0.0089
[epoch 105] loss=0.0256  blind_MSE=0.0273  density=0.0166 vx=0.0623 vy=0.0215 var=0.0089
[epoch 106] loss=0.0254  blind_MSE=0.0275  density=0.0167 vx=0.0629 vy=0.0216 var=0.0089
[epoch 107] loss=0.0277  blind_MSE=0.0274  density=0.0167 vx=0.0626 vy=0.0216 var=0.0089
[epoch 108] loss=0.0268  blind_MSE=0.0273  density=0.0166 vx=0.0621 vy=0.0215 var=0.0089
           ↑ new best (0.0273) -> varnet_best.pt
[epoch 109] loss=0.0288  blind_MSE=0.0274  density=0.0167 vx=0.0626 vy=0.0215 var=0.0089
[epoch 110] loss=0.0262  blind_MSE=0.0273  density=0.0166 vx=0.0624 vy=0.0215 var=0.0089
[2026-10-07T05:01:20.007] error: *** JOB 20804955 ON gpu50 CANCELLED AT 2026-10-07T05:01:20 DUE TO TIME LIMIT ***
