Submitted batch job 20192128
[chain] submitted successor (afterany:20185557)
NVIDIA H200
[obs] obs_every_k = 1  (observed every frame, matching the EnKF project)
[data] 6298 windows of (4, 200, 36, 12)  device=cuda
[model] params=2,096,342 (GENN prior 54,220 = 2.59%; the rest is the solver's ConvLSTM)  loss=supervised  n_iter=15  amp=True
[seed] init=2  data=0
[schedule] ep0→5it@lr0.001  ep25→10it@lr0.0007  ep50→15it@lr0.0005  ep75→20it@lr0.0003
[resume] loaded runs/varnet_mse5_h96_s2/varnet_last.pt: continuing from epoch 74 (step 14578)
[best] previous best blind MSE = 0.0267
[epoch  74] loss=0.0243  blind_MSE=0.0266  density=0.0159 vx=0.0609 vy=0.0211 var=0.0087
           ↑ new best (0.0266) -> varnet_best.pt
[schedule] epoch 75: n_iter -> 20, lr -> 0.0003
[epoch  75] loss=0.0283  blind_MSE=0.0265  density=0.0158 vx=0.0605 vy=0.0211 var=0.0087
           ↑ new best (0.0265) -> varnet_best.pt
[epoch  76] loss=0.0262  blind_MSE=0.0264  density=0.0158 vx=0.0601 vy=0.0211 var=0.0087
           ↑ new best (0.0264) -> varnet_best.pt
[epoch  77] loss=0.0266  blind_MSE=0.0264  density=0.0158 vx=0.0601 vy=0.0211 var=0.0087
           ↑ new best (0.0264) -> varnet_best.pt
[epoch  78] loss=0.0265  blind_MSE=0.0264  density=0.0158 vx=0.0600 vy=0.0211 var=0.0087
           ↑ new best (0.0264) -> varnet_best.pt
[epoch  79] loss=0.0268  blind_MSE=0.0265  density=0.0158 vx=0.0602 vy=0.0211 var=0.0087
[epoch  80] loss=0.0270  blind_MSE=0.0264  density=0.0158 vx=0.0602 vy=0.0211 var=0.0087
[epoch  81] loss=0.0269  blind_MSE=0.0265  density=0.0158 vx=0.0603 vy=0.0211 var=0.0087
[epoch  82] loss=0.0263  blind_MSE=0.0264  density=0.0158 vx=0.0600 vy=0.0211 var=0.0087
           ↑ new best (0.0264) -> varnet_best.pt
[epoch  83] loss=0.0276  blind_MSE=0.0263  density=0.0158 vx=0.0598 vy=0.0211 var=0.0087
           ↑ new best (0.0263) -> varnet_best.pt
[epoch  84] loss=0.0263  blind_MSE=0.0265  density=0.0158 vx=0.0603 vy=0.0211 var=0.0087
[epoch  85] loss=0.0263  blind_MSE=0.0264  density=0.0158 vx=0.0599 vy=0.0211 var=0.0087
[epoch  86] loss=0.0274  blind_MSE=0.0273  density=0.0159 vx=0.0633 vy=0.0211 var=0.0087
[epoch  87] loss=0.0243  blind_MSE=0.0264  density=0.0158 vx=0.0598 vy=0.0211 var=0.0087
[epoch  88] loss=0.0254  blind_MSE=0.0263  density=0.0158 vx=0.0598 vy=0.0211 var=0.0087
           ↑ new best (0.0263) -> varnet_best.pt
[epoch  89] loss=0.0266  blind_MSE=0.0263  density=0.0158 vx=0.0596 vy=0.0211 var=0.0087
           ↑ new best (0.0263) -> varnet_best.pt
[epoch  90] loss=0.0247  blind_MSE=0.0263  density=0.0158 vx=0.0596 vy=0.0211 var=0.0087
           ↑ new best (0.0263) -> varnet_best.pt
[epoch  91] loss=0.0258  blind_MSE=0.0263  density=0.0158 vx=0.0595 vy=0.0211 var=0.0087
           ↑ new best (0.0263) -> varnet_best.pt
[2026-09-10T07:41:28.007] error: *** JOB 20185557 ON gpu55 CANCELLED AT 2026-09-10T07:41:28 DUE TO TIME LIMIT ***
