Submitted batch job 20179631
[chain] submitted successor (afterany:20167251)
NVIDIA H200
[obs] obs_every_k = 1  (observed every frame, matching the EnKF project)
[data] 6298 windows of (4, 200, 36, 12)  device=cuda
[model] params=3,990,742 (GENN prior 54,220 = 1.36%; the rest is the solver's ConvLSTM)  loss=nll  n_iter=15  amp=True
[seed] init=0  data=0
[var] AUGMENTED STATE: log sigma^2 iterated with x over 15 steps; prior term of J is a Gaussian log-likelihood of the prior residual   eps=1e-06
[schedule] ep0→5it@lr0.001  ep25→10it@lr0.0007  ep50→15it@lr0.0005  ep75→20it@lr0.0003
[resume] loaded runs/varnet_aug0_h96_s0/varnet_last.pt: continuing from epoch 48 (step 9456)
[best] previous best blind MSE = 0.0468
[schedule] epoch 48: n_iter -> 10, lr -> 0.0007
[epoch  48] loss=-2.3205  blind_MSE=0.0489  density=0.0180 vx=0.1432 vy=0.0257 var=0.0087
[epoch  49] loss=-2.2728  blind_MSE=0.0491  density=0.0180 vx=0.1438 vy=0.0258 var=0.0087
[schedule] epoch 50: n_iter -> 15, lr -> 0.0005
[epoch  50] loss=-2.2679  blind_MSE=0.0497  density=0.0181 vx=0.1461 vy=0.0261 var=0.0087
[epoch  51] loss=-2.2956  blind_MSE=0.0497  density=0.0181 vx=0.1460 vy=0.0260 var=0.0087
[epoch  52] loss=-2.3992  blind_MSE=0.0493  density=0.0180 vx=0.1446 vy=0.0257 var=0.0087
[epoch  53] loss=-2.3480  blind_MSE=0.0496  density=0.0182 vx=0.1455 vy=0.0260 var=0.0087
[epoch  54] loss=-1.7609  blind_MSE=0.0561  density=0.0201 vx=0.1661 vy=0.0292 var=0.0088
[epoch  55] loss=-2.3181  blind_MSE=0.0494  density=0.0181 vx=0.1450 vy=0.0258 var=0.0087
[epoch  56] loss=-2.3587  blind_MSE=0.0494  density=0.0181 vx=0.1449 vy=0.0259 var=0.0087
[epoch  57] loss=-2.3844  blind_MSE=0.0493  density=0.0181 vx=0.1447 vy=0.0258 var=0.0087
[epoch  58] loss=-2.3211  blind_MSE=0.0493  density=0.0181 vx=0.1445 vy=0.0258 var=0.0087
[epoch  59] loss=-2.3330  blind_MSE=0.0494  density=0.0181 vx=0.1449 vy=0.0259 var=0.0087
[epoch  60] loss=-2.3441  blind_MSE=0.0493  density=0.0181 vx=0.1448 vy=0.0258 var=0.0087
[epoch  61] loss=-2.4388  blind_MSE=0.0493  density=0.0180 vx=0.1446 vy=0.0258 var=0.0087
[epoch  62] loss=-2.2848  blind_MSE=0.0492  density=0.0180 vx=0.1442 vy=0.0258 var=0.0087
[epoch  63] loss=-2.3663  blind_MSE=0.0492  density=0.0180 vx=0.1445 vy=0.0258 var=0.0087
[epoch  64] loss=-2.2929  blind_MSE=0.0503  density=0.0182 vx=0.1481 vy=0.0261 var=0.0087
[epoch  65] loss=-2.3054  blind_MSE=0.0497  density=0.0181 vx=0.1462 vy=0.0259 var=0.0087
[epoch  66] loss=-2.2673  blind_MSE=0.0498  density=0.0181 vx=0.1465 vy=0.0259 var=0.0087
[epoch  67] loss=-2.3011  blind_MSE=0.0497  density=0.0181 vx=0.1460 vy=0.0261 var=0.0087
[epoch  68] loss=-2.2991  blind_MSE=0.0495  density=0.0181 vx=0.1453 vy=0.0259 var=0.0087
[epoch  69] loss=-2.3584  blind_MSE=0.0501  density=0.0182 vx=0.1477 vy=0.0260 var=0.0087
[epoch  70] loss=-2.3291  blind_MSE=0.0497  density=0.0181 vx=0.1459 vy=0.0261 var=0.0087
[epoch  71] loss=-2.3427  blind_MSE=0.0497  density=0.0181 vx=0.1461 vy=0.0260 var=0.0087
[2026-09-10T00:09:20.004] error: *** JOB 20167251 ON gpu60 CANCELLED AT 2026-09-10T00:09:20 DUE TO TIME LIMIT ***
