Submitted batch job 20043905
[chain] submitted successor (afterany:20041968)
NVIDIA H200
[obs] obs_every_k = 1  (每帧观测,对齐 EnKF 项目)
[data] 6298 windows of (4, 200, 36, 12)  device=cuda
[model] params=2,051,542 (GENN prior 9,420 = 0.46%; the rest is the solver's ConvLSTM)  loss=supervised  n_iter=15  amp=True
[seed] init=4  data=0
[schedule] ep0→5it@lr0.001  ep25→10it@lr0.0007  ep50→15it@lr0.0005  ep75→20it@lr0.0003
[resume] loaded runs/varnet_mse5_s4/varnet_last.pt: continuing from epoch 104 (step 20488)
[best] previous best blind MSE = 0.0275
[schedule] epoch 104: n_iter -> 20, lr -> 0.0003
[epoch 104] loss=0.0274  盲区MSE=0.0277  density=0.0166 vx=0.0634 vy=0.0219 var=0.0087
[epoch 105] loss=0.0282  盲区MSE=0.0277  density=0.0166 vx=0.0636 vy=0.0219 var=0.0087
[epoch 106] loss=0.0266  盲区MSE=0.0276  density=0.0166 vx=0.0631 vy=0.0219 var=0.0087
[epoch 107] loss=0.0273  盲区MSE=0.0275  density=0.0166 vx=0.0630 vy=0.0219 var=0.0087
[epoch 108] loss=0.0259  盲区MSE=0.0276  density=0.0166 vx=0.0632 vy=0.0219 var=0.0087
[epoch 109] loss=0.0265  盲区MSE=0.0276  density=0.0166 vx=0.0633 vy=0.0219 var=0.0087
[epoch 110] loss=0.0245  盲区MSE=0.0276  density=0.0166 vx=0.0630 vy=0.0219 var=0.0087
[epoch 111] loss=0.0284  盲区MSE=0.0275  density=0.0165 vx=0.0630 vy=0.0219 var=0.0087
           ↑ new best (0.0275) -> varnet_best.pt
[epoch 112] loss=0.0260  盲区MSE=0.0276  density=0.0165 vx=0.0632 vy=0.0219 var=0.0087
[epoch 113] loss=0.0268  盲区MSE=0.0275  density=0.0165 vx=0.0630 vy=0.0219 var=0.0087
[epoch 114] loss=0.0260  盲区MSE=0.0275  density=0.0165 vx=0.0628 vy=0.0219 var=0.0087
           ↑ new best (0.0275) -> varnet_best.pt
[epoch 115] loss=0.0262  盲区MSE=0.0275  density=0.0165 vx=0.0629 vy=0.0219 var=0.0087
[epoch 116] loss=0.0276  盲区MSE=0.0277  density=0.0165 vx=0.0638 vy=0.0219 var=0.0087
[epoch 117] loss=0.0265  盲区MSE=0.0281  density=0.0165 vx=0.0650 vy=0.0220 var=0.0087
[epoch 118] loss=0.0269  盲区MSE=0.0278  density=0.0166 vx=0.0640 vy=0.0219 var=0.0087
[epoch 119] loss=0.0288  盲区MSE=0.0276  density=0.0165 vx=0.0634 vy=0.0219 var=0.0087
[epoch 120] loss=0.0283  盲区MSE=0.0276  density=0.0165 vx=0.0633 vy=0.0219 var=0.0087
[epoch 121] loss=0.0275  盲区MSE=0.0276  density=0.0165 vx=0.0631 vy=0.0219 var=0.0087
[epoch 122] loss=0.0279  盲区MSE=0.0275  density=0.0165 vx=0.0629 vy=0.0219 var=0.0087
[epoch 123] loss=0.0267  盲区MSE=0.0274  density=0.0165 vx=0.0627 vy=0.0219 var=0.0087
           ↑ new best (0.0274) -> varnet_best.pt
[epoch 124] loss=0.0257  盲区MSE=0.0277  density=0.0165 vx=0.0636 vy=0.0219 var=0.0087
[epoch 125] loss=0.0280  盲区MSE=0.0275  density=0.0165 vx=0.0631 vy=0.0219 var=0.0087
[2026-09-03T04:00:30.004] error: *** JOB 20041968 ON gpu56 CANCELLED AT 2026-09-03T04:00:30 DUE TO TIME LIMIT ***
