Submitted batch job 20197040
[chain] submitted successor (afterany:20188153)
NVIDIA H200
[obs] obs_every_k = 1  (observed every frame, matching the EnKF project)
[data] 6298 windows of (4, 200, 36, 12)  device=cuda
[model] params=2,096,342 (GENN prior 54,220 = 2.59%; the rest is the solver's ConvLSTM)  loss=supervised  n_iter=15  amp=True
[seed] init=4  data=0
[schedule] ep0→5it@lr0.001  ep25→10it@lr0.0007  ep50→15it@lr0.0005  ep75→20it@lr0.0003
[resume] loaded runs/varnet_mse5_h96_s4/varnet_last.pt: continuing from epoch 72 (step 14184)
[best] previous best blind MSE = 0.0266
[epoch  72] loss=0.0276  blind_MSE=0.0268  density=0.0160 vx=0.0608 vy=0.0216 var=0.0087
[epoch  73] loss=0.0270  blind_MSE=0.0266  density=0.0159 vx=0.0602 vy=0.0216 var=0.0087
[epoch  74] loss=0.0275  blind_MSE=0.0266  density=0.0159 vx=0.0601 vy=0.0216 var=0.0087
           ↑ new best (0.0266) -> varnet_best.pt
[schedule] epoch 75: n_iter -> 20, lr -> 0.0003
[epoch  75] loss=0.0257  blind_MSE=0.0264  density=0.0158 vx=0.0595 vy=0.0215 var=0.0087
           ↑ new best (0.0264) -> varnet_best.pt
[epoch  76] loss=0.0257  blind_MSE=0.0263  density=0.0158 vx=0.0593 vy=0.0215 var=0.0087
           ↑ new best (0.0263) -> varnet_best.pt
[epoch  77] loss=0.0267  blind_MSE=0.0263  density=0.0158 vx=0.0592 vy=0.0215 var=0.0087
           ↑ new best (0.0263) -> varnet_best.pt
[epoch  78] loss=0.0246  blind_MSE=0.0263  density=0.0158 vx=0.0592 vy=0.0215 var=0.0087
[epoch  79] loss=0.0266  blind_MSE=0.0264  density=0.0158 vx=0.0594 vy=0.0215 var=0.0087
[epoch  80] loss=0.0266  blind_MSE=0.0264  density=0.0158 vx=0.0595 vy=0.0215 var=0.0087
[epoch  81] loss=0.0253  blind_MSE=0.0263  density=0.0158 vx=0.0591 vy=0.0215 var=0.0087
           ↑ new best (0.0263) -> varnet_best.pt
[epoch  82] loss=0.0298  blind_MSE=0.0264  density=0.0158 vx=0.0594 vy=0.0215 var=0.0087
[epoch  83] loss=0.0248  blind_MSE=0.0262  density=0.0158 vx=0.0588 vy=0.0216 var=0.0087
           ↑ new best (0.0262) -> varnet_best.pt
[epoch  84] loss=0.0261  blind_MSE=0.0264  density=0.0159 vx=0.0594 vy=0.0216 var=0.0087
[epoch  85] loss=0.0278  blind_MSE=0.0265  density=0.0159 vx=0.0597 vy=0.0216 var=0.0087
[epoch  86] loss=0.0253  blind_MSE=0.0264  density=0.0158 vx=0.0593 vy=0.0216 var=0.0087
[epoch  87] loss=0.0275  blind_MSE=0.0263  density=0.0158 vx=0.0592 vy=0.0216 var=0.0087
[epoch  88] loss=0.0262  blind_MSE=0.0263  density=0.0158 vx=0.0593 vy=0.0216 var=0.0087
[epoch  89] loss=0.0281  blind_MSE=0.0263  density=0.0158 vx=0.0592 vy=0.0216 var=0.0087
[epoch  90] loss=0.0265  blind_MSE=0.0264  density=0.0159 vx=0.0593 vy=0.0216 var=0.0087
[2026-09-10T11:34:37.006] error: *** JOB 20188153 ON gpu57 CANCELLED AT 2026-09-10T11:34:37 DUE TO TIME LIMIT ***
