Submitted batch job 20230326
[chain] submitted successor (afterany:20225718)
NVIDIA H200
[obs] obs_every_k = 1  (observed every frame, matching the EnKF project)
[data] 6298 windows of (4, 200, 36, 12)  device=cuda
[model] params=2,788,342 (GENN prior 54,220 = 1.94%; the rest is the solver's ConvLSTM)  loss=nll  n_iter=15  amp=True
[seed] init=3  data=0
[var read-out] 692,000 params on the last hidden state   sigma^2 = softplus(out_var(h)) + 1e-06   beta=0.0
[schedule] ep0→5it@lr0.001  ep25→10it@lr0.0007  ep50→15it@lr0.0005  ep75→20it@lr0.0003
[resume] loaded runs/varnet_vsb0_h96_s3/varnet_last.pt: continuing from epoch 128 (step 25216)
[best] previous best blind MSE = 0.0402
[schedule] epoch 128: n_iter -> 20, lr -> 0.0003
[epoch 128] loss=-2.5613  blind_MSE=0.0406  density=0.0176 vx=0.1141 vy=0.0219 var=0.0088
[epoch 129] loss=-2.4946  blind_MSE=0.0406  density=0.0177 vx=0.1140 vy=0.0219 var=0.0088
[epoch 130] loss=-2.4832  blind_MSE=0.0407  density=0.0177 vx=0.1143 vy=0.0219 var=0.0088
[epoch 131] loss=-2.4972  blind_MSE=0.0407  density=0.0178 vx=0.1142 vy=0.0219 var=0.0088
[epoch 132] loss=-2.4794  blind_MSE=0.0406  density=0.0176 vx=0.1139 vy=0.0219 var=0.0088
[epoch 133] loss=-2.4652  blind_MSE=0.0406  density=0.0177 vx=0.1142 vy=0.0218 var=0.0088
[epoch 134] loss=-2.4890  blind_MSE=0.0407  density=0.0177 vx=0.1143 vy=0.0218 var=0.0088
[epoch 135] loss=-2.4983  blind_MSE=0.0407  density=0.0178 vx=0.1143 vy=0.0219 var=0.0088
[epoch 136] loss=-2.4959  blind_MSE=0.0407  density=0.0178 vx=0.1143 vy=0.0219 var=0.0088
[epoch 137] loss=-2.5376  blind_MSE=0.0407  density=0.0178 vx=0.1144 vy=0.0219 var=0.0088
[epoch 138] loss=-2.4716  blind_MSE=0.0407  density=0.0178 vx=0.1142 vy=0.0219 var=0.0088
[epoch 139] loss=-2.5476  blind_MSE=0.0407  density=0.0177 vx=0.1143 vy=0.0219 var=0.0088
[epoch 140] loss=-2.4847  blind_MSE=0.0407  density=0.0177 vx=0.1145 vy=0.0219 var=0.0088
[epoch 141] loss=-2.4994  blind_MSE=0.0407  density=0.0178 vx=0.1145 vy=0.0219 var=0.0088
[epoch 142] loss=-2.5006  blind_MSE=0.0407  density=0.0176 vx=0.1146 vy=0.0219 var=0.0088
[epoch 143] loss=-2.4368  blind_MSE=0.0407  density=0.0177 vx=0.1145 vy=0.0218 var=0.0088
[epoch 144] loss=-2.5145  blind_MSE=0.0406  density=0.0176 vx=0.1141 vy=0.0218 var=0.0088
[epoch 145] loss=-2.5724  blind_MSE=0.0407  density=0.0177 vx=0.1144 vy=0.0219 var=0.0088
[2026-09-13T01:38:47.006] error: *** JOB 20225718 ON gpu59 CANCELLED AT 2026-09-13T01:38:47 DUE TO TIME LIMIT ***
