Submitted batch job 20794855
[chain] submitted successor (afterany:20794842)
NVIDIA H200
[obs] obs_every_k = 1  (observed every frame, matching the EnKF project)
[obs] trajectory_mode = per_day  (base data seed 0)
[data] 6298 windows of (4, 200, 36, 12)  device=cuda
[model] params=2,096,342 (GENN prior 54,220 = 2.59%; the rest is the solver's ConvLSTM)  loss=supervised  n_iter=15  amp=True
[seed] init=3  data=0
[schedule] ep0→5it@lr0.001  ep25→10it@lr0.0007  ep50→15it@lr0.0005  ep75→20it@lr0.0003
[schedule] epoch 0: n_iter -> 5, lr -> 0.001
[epoch   0] loss=0.0362  blind_MSE=0.0421  density=0.0223 vx=0.1058 vy=0.0315 var=0.0090
           ↑ new best (0.0421) -> varnet_best.pt
[epoch   1] loss=0.0328  blind_MSE=0.0358  density=0.0220 vx=0.0881 vy=0.0239 var=0.0090
           ↑ new best (0.0358) -> varnet_best.pt
[epoch   2] loss=0.0489  blind_MSE=0.0622  density=0.0230 vx=0.1780 vy=0.0381 var=0.0095
[epoch   3] loss=0.0401  blind_MSE=0.0472  density=0.0234 vx=0.1215 vy=0.0339 var=0.0098
[epoch   4] loss=0.0293  blind_MSE=0.0369  density=0.0224 vx=0.0916 vy=0.0245 var=0.0091
[epoch   5] loss=0.0306  blind_MSE=0.0356  density=0.0222 vx=0.0875 vy=0.0235 var=0.0090
           ↑ new best (0.0356) -> varnet_best.pt
[2026-10-06T15:51:44.173] error: *** JOB 20794842 ON gpu52 CANCELLED AT 2026-10-06T15:51:44 DUE to SIGNAL Terminated ***
