[select] varnet_aughead_obs_h96_s0: 8 candidates (epochs 80..149, all at 20 iterations) | 7 valid days | walkable 290/432 | cuda
  atc-20130616: best epoch 90 (0.073476)
  atc-20130623: best epoch 90 (0.073354)
  atc-20130630: best epoch 90 (0.068361)
  atc-20130707: best epoch 90 (0.082307)
  atc-20130714: best epoch 90 (0.089103)
  atc-20130721: best epoch 90 (0.088295)
  atc-20130728: best epoch 90 (0.074421)

  epoch   walkable blind MSE      RMSE
     80             0.079823    0.2825
     90             0.078471    0.2801  <-- selected
    100             0.108081    0.3288
    110             0.107083    0.3272
    120             0.095110    0.3084
    130             0.081698    0.2858
    140             0.084487    0.2907
    149             0.086876    0.2947

[select] epoch 90  MSE 0.078471  RMSE 0.2801
[select] spread across the 8 candidates: 0.029610 (37.7% of the winner) -- if this is small, the choice of epoch barely matters and any of them would do.
[select] wrote /scratch/work/zhangx29/Thesis_Project/methods/varnet/runs/varnet_aughead_obs_h96_s0/select_valid.json
