Submitted batch job 19951120
[chain] submitted successor (afterany:19950738)
NVIDIA H200
[obs] obs_every_k = 1  (每帧观测,对齐 EnKF 项目)
[data] 6298 windows of (4, 200, 36, 12)  device=cuda
[model] params=2,743,542 (GENN prior 9,420 = 0.34%; the rest is the solver's ConvLSTM)  loss=nll  n_iter=15  amp=True
[seed] init=0  data=0
[var read-out] 692,000 params on the last hidden state   sigma^2 = softplus(out_var(h)) + 1e-06   beta=0.0
[schedule] ep0→5it@lr0.001  ep25→10it@lr0.0007  ep50→15it@lr0.0005  ep75→20it@lr0.0003
[resume] loaded runs/varnet_vsb0_s0/varnet_last.pt: continuing from epoch 54 (step 10638)
[best] previous best blind MSE = 0.0420
[epoch  54] loss=-2.3002  盲区MSE=0.0421  density=0.0175 vx=0.1206 vy=0.0215 var=0.0088
[epoch  55] loss=-2.2968  盲区MSE=0.0419  density=0.0175 vx=0.1201 vy=0.0214 var=0.0088
           ↑ new best (0.0419) -> varnet_best.pt
[epoch  56] loss=-2.2737  盲区MSE=0.0420  density=0.0175 vx=0.1202 vy=0.0214 var=0.0088
[epoch  57] loss=-2.3663  盲区MSE=0.0421  density=0.0176 vx=0.1206 vy=0.0214 var=0.0088
[epoch  58] loss=-2.3787  盲区MSE=0.0420  density=0.0175 vx=0.1203 vy=0.0214 var=0.0088
[epoch  59] loss=-2.3219  盲区MSE=0.0420  density=0.0174 vx=0.1203 vy=0.0214 var=0.0088
[epoch  60] loss=-2.3850  盲区MSE=0.0420  density=0.0175 vx=0.1203 vy=0.0214 var=0.0088
[epoch  61] loss=-2.3014  盲区MSE=0.0419  density=0.0174 vx=0.1202 vy=0.0214 var=0.0088
[epoch  62] loss=-2.2608  盲区MSE=0.0420  density=0.0175 vx=0.1205 vy=0.0214 var=0.0088
[epoch  63] loss=-2.3201  盲区MSE=0.0420  density=0.0175 vx=0.1202 vy=0.0214 var=0.0088
[epoch  64] loss=-2.3999  盲区MSE=0.0420  density=0.0174 vx=0.1202 vy=0.0214 var=0.0088
[epoch  65] loss=-2.3172  盲区MSE=0.0419  density=0.0175 vx=0.1201 vy=0.0213 var=0.0088
           ↑ new best (0.0419) -> varnet_best.pt
[epoch  66] loss=-2.3635  盲区MSE=0.0420  density=0.0175 vx=0.1204 vy=0.0214 var=0.0088
[epoch  67] loss=-2.3962  盲区MSE=0.0420  density=0.0175 vx=0.1202 vy=0.0213 var=0.0088
[epoch  68] loss=-2.3194  盲区MSE=0.0420  density=0.0175 vx=0.1204 vy=0.0214 var=0.0088
[epoch  69] loss=-2.3526  盲区MSE=0.0420  density=0.0174 vx=0.1204 vy=0.0214 var=0.0088
[epoch  70] loss=-2.3796  盲区MSE=0.0420  density=0.0175 vx=0.1203 vy=0.0213 var=0.0088
[epoch  71] loss=-2.3062  盲区MSE=0.0420  density=0.0175 vx=0.1204 vy=0.0213 var=0.0088
[epoch  72] loss=-2.3939  盲区MSE=0.0419  density=0.0175 vx=0.1202 vy=0.0213 var=0.0088
[epoch  73] loss=-2.3823  盲区MSE=0.0420  density=0.0175 vx=0.1203 vy=0.0213 var=0.0088
[epoch  74] loss=-2.3877  盲区MSE=0.0421  density=0.0177 vx=0.1206 vy=0.0213 var=0.0088
[schedule] epoch 75: n_iter -> 20, lr -> 0.0003
[epoch  75] loss=-2.3575  盲区MSE=0.0420  density=0.0176 vx=0.1202 vy=0.0213 var=0.0088
[epoch  76] loss=-2.3967  盲区MSE=0.0419  density=0.0175 vx=0.1200 vy=0.0213 var=0.0088
           ↑ new best (0.0419) -> varnet_best.pt
[epoch  77] loss=-2.4185  盲区MSE=0.0419  density=0.0176 vx=0.1201 vy=0.0213 var=0.0088
[epoch  78] loss=-2.3108  盲区MSE=0.0420  density=0.0176 vx=0.1204 vy=0.0213 var=0.0088
[epoch  79] loss=-2.3459  盲区MSE=0.0419  density=0.0176 vx=0.1201 vy=0.0213 var=0.0088
[epoch  80] loss=-2.4274  盲区MSE=0.0419  density=0.0176 vx=0.1200 vy=0.0213 var=0.0088
[epoch  81] loss=-2.2503  盲区MSE=0.0419  density=0.0175 vx=0.1199 vy=0.0213 var=0.0088
           ↑ new best (0.0419) -> varnet_best.pt
[2026-08-26T19:40:08.005] error: *** JOB 19950738 ON gpu52 CANCELLED AT 2026-08-26T19:40:08 DUE TO TIME LIMIT ***
