Submitted batch job 20190382
[chain] submitted successor (afterany:20178980)
NVIDIA H200
[obs] obs_every_k = 1  (observed every frame, matching the EnKF project)
[data] 6298 windows of (4, 200, 36, 12)  device=cuda
[model] params=2,096,342 (GENN prior 54,220 = 2.59%; the rest is the solver's ConvLSTM)  loss=supervised  n_iter=15  amp=True
[seed] init=0  data=0
[schedule] ep0→5it@lr0.001  ep25→10it@lr0.0007  ep50→15it@lr0.0005  ep75→20it@lr0.0003
[resume] loaded runs/varnet_mse5_h96_s0/varnet_last.pt: continuing from epoch 73 (step 14381)
[best] previous best blind MSE = 0.0274
[epoch  73] loss=0.0266  blind_MSE=0.0281  density=0.0161 vx=0.0657 vy=0.0219 var=0.0087
[epoch  74] loss=0.0273  blind_MSE=0.0281  density=0.0161 vx=0.0656 vy=0.0219 var=0.0087
[schedule] epoch 75: n_iter -> 20, lr -> 0.0003
[epoch  75] loss=0.0291  blind_MSE=0.0280  density=0.0160 vx=0.0656 vy=0.0219 var=0.0086
[epoch  76] loss=0.0269  blind_MSE=0.0279  density=0.0160 vx=0.0650 vy=0.0218 var=0.0086
[epoch  77] loss=0.0279  blind_MSE=0.0279  density=0.0160 vx=0.0650 vy=0.0218 var=0.0086
[epoch  78] loss=0.0260  blind_MSE=0.0279  density=0.0160 vx=0.0649 vy=0.0219 var=0.0087
[epoch  79] loss=0.0261  blind_MSE=0.0279  density=0.0160 vx=0.0650 vy=0.0219 var=0.0087
[epoch  80] loss=0.0246  blind_MSE=0.0289  density=0.0165 vx=0.0682 vy=0.0223 var=0.0087
[epoch  81] loss=0.0267  blind_MSE=0.0288  density=0.0164 vx=0.0677 vy=0.0223 var=0.0087
[epoch  82] loss=0.0272  blind_MSE=0.0284  density=0.0162 vx=0.0667 vy=0.0221 var=0.0087
[epoch  83] loss=0.0290  blind_MSE=0.0287  density=0.0164 vx=0.0675 vy=0.0223 var=0.0087
[epoch  84] loss=0.0283  blind_MSE=0.0290  density=0.0165 vx=0.0682 vy=0.0225 var=0.0087
[epoch  85] loss=0.0264  blind_MSE=0.0298  density=0.0169 vx=0.0706 vy=0.0228 var=0.0087
[epoch  86] loss=0.0385  blind_MSE=0.0403  density=0.0213 vx=0.1030 vy=0.0268 var=0.0102
[epoch  87] loss=0.0347  blind_MSE=0.0358  density=0.0190 vx=0.0901 vy=0.0248 var=0.0093
[epoch  88] loss=0.0295  blind_MSE=0.0336  density=0.0180 vx=0.0831 vy=0.0242 var=0.0089
[epoch  89] loss=0.0303  blind_MSE=0.0326  density=0.0178 vx=0.0801 vy=0.0237 var=0.0088
[epoch  90] loss=0.0307  blind_MSE=0.0320  density=0.0177 vx=0.0781 vy=0.0236 var=0.0088
[epoch  91] loss=0.0286  blind_MSE=0.0314  density=0.0175 vx=0.0758 vy=0.0234 var=0.0088
[2026-09-10T06:41:26.004] error: *** JOB 20178980 ON gpu55 CANCELLED AT 2026-09-10T06:41:26 DUE TO TIME LIMIT ***
