[early_stop] no checkpoint at or after epoch 80 yet: keep training
Submitted batch job 20719324
NVIDIA H200
[obs] obs_every_k = 1  (observed every frame, matching the EnKF project)
[obs] trajectory_mode = fixed  (base data seed 0)
[data] 6298 windows of (4, 200, 36, 12)  device=cuda
[model] params=2,074,198 (GENN prior 32,076 = 1.55%; the rest is the solver's ConvLSTM)  loss=supervised  n_iter=15  amp=True
[seed] init=0  data=0
[schedule] ep0→5it@lr0.001  ep25→10it@lr0.0007  ep50→15it@lr0.0005  ep75→20it@lr0.0003
[resume] loaded runs/varnet_reselect_h64k5_s0/varnet_last.pt: continuing from epoch 67 (step 13199)
[best] previous best blind MSE = 0.0269
[epoch  67] loss=0.0256  blind_MSE=0.0268  density=0.0159 vx=0.0610 vy=0.0218 var=0.0087
           ↑ new best (0.0268) -> varnet_best.pt
[epoch  68] loss=0.0286  blind_MSE=0.0269  density=0.0159 vx=0.0611 vy=0.0218 var=0.0087
[epoch  69] loss=0.0279  blind_MSE=0.0268  density=0.0159 vx=0.0609 vy=0.0218 var=0.0087
           ↑ new best (0.0268) -> varnet_best.pt
[epoch  70] loss=0.0270  blind_MSE=0.0269  density=0.0159 vx=0.0611 vy=0.0218 var=0.0087
[epoch  71] loss=0.0252  blind_MSE=0.0269  density=0.0159 vx=0.0613 vy=0.0218 var=0.0087
[epoch  72] loss=0.0284  blind_MSE=0.0268  density=0.0159 vx=0.0610 vy=0.0218 var=0.0087
[epoch  73] loss=0.0263  blind_MSE=0.0268  density=0.0159 vx=0.0609 vy=0.0218 var=0.0087
           ↑ new best (0.0268) -> varnet_best.pt
[epoch  74] loss=0.0259  blind_MSE=0.0274  density=0.0161 vx=0.0632 vy=0.0218 var=0.0087
[schedule] epoch 75: n_iter -> 20, lr -> 0.0003
[epoch  75] loss=0.0270  blind_MSE=0.0268  density=0.0159 vx=0.0607 vy=0.0218 var=0.0087
           ↑ new best (0.0268) -> varnet_best.pt
[epoch  76] loss=0.0275  blind_MSE=0.0266  density=0.0159 vx=0.0602 vy=0.0217 var=0.0087
           ↑ new best (0.0266) -> varnet_best.pt
[epoch  77] loss=0.0267  blind_MSE=0.0265  density=0.0159 vx=0.0599 vy=0.0217 var=0.0087
           ↑ new best (0.0265) -> varnet_best.pt
[epoch  78] loss=0.0272  blind_MSE=0.0265  density=0.0159 vx=0.0596 vy=0.0217 var=0.0087
           ↑ new best (0.0265) -> varnet_best.pt
[epoch  79] loss=0.0266  blind_MSE=0.0265  density=0.0159 vx=0.0596 vy=0.0217 var=0.0087
           ↑ new best (0.0265) -> varnet_best.pt
[epoch  80] loss=0.0261  blind_MSE=0.0265  density=0.0159 vx=0.0595 vy=0.0217 var=0.0087
           ↑ new best (0.0265) -> varnet_best.pt
[epoch  81] loss=0.0266  blind_MSE=0.0265  density=0.0159 vx=0.0598 vy=0.0218 var=0.0087
[epoch  82] loss=0.0259  blind_MSE=0.0265  density=0.0159 vx=0.0597 vy=0.0217 var=0.0087
[epoch  83] loss=0.0264  blind_MSE=0.0264  density=0.0159 vx=0.0595 vy=0.0217 var=0.0087
           ↑ new best (0.0264) -> varnet_best.pt
[epoch  84] loss=0.0272  blind_MSE=0.0264  density=0.0159 vx=0.0593 vy=0.0217 var=0.0087
           ↑ new best (0.0264) -> varnet_best.pt
[2026-10-04T00:36:58.021] error: *** JOB 20712398 ON gpu57 CANCELLED AT 2026-10-04T00:36:58 DUE TO TIME LIMIT ***
