Submitted batch job 20204266
[chain] submitted successor (afterany:20204212)
NVIDIA H200
[obs] obs_every_k = 1  (observed every frame, matching the EnKF project)
[data] 6298 windows of (4, 200, 36, 12)  device=cuda
[model] params=2,096,342 (GENN prior 54,220 = 2.59%; the rest is the solver's ConvLSTM)  loss=supervised  n_iter=15  amp=True
[seed] init=0  data=0
[schedule] ep0→5it@lr0.001  ep25→10it@lr0.0007  ep50→15it@lr0.0005  ep75→20it@lr0.0003
[resume] loaded runs/varnet_mse5_h96_s0/varnet_last.pt: continuing from epoch 110 (step 21670)
[best] previous best blind MSE = 0.0274
[schedule] epoch 110: n_iter -> 20, lr -> 0.0003
[epoch 110] loss=0.0273  blind_MSE=0.0294  density=0.0167 vx=0.0694 vy=0.0227 var=0.0087
[epoch 111] loss=0.0279  blind_MSE=0.0293  density=0.0167 vx=0.0691 vy=0.0227 var=0.0087
[epoch 112] loss=0.0300  blind_MSE=0.0294  density=0.0167 vx=0.0693 vy=0.0227 var=0.0087
[epoch 113] loss=0.0275  blind_MSE=0.0292  density=0.0167 vx=0.0691 vy=0.0226 var=0.0087
[epoch 114] loss=0.0289  blind_MSE=0.0299  density=0.0167 vx=0.0715 vy=0.0228 var=0.0088
[epoch 115] loss=0.0298  blind_MSE=0.0336  density=0.0185 vx=0.0821 vy=0.0244 var=0.0094
[epoch 116] loss=0.0289  blind_MSE=0.0323  density=0.0179 vx=0.0781 vy=0.0242 var=0.0090
[epoch 117] loss=0.0257  blind_MSE=0.0311  density=0.0176 vx=0.0747 vy=0.0233 var=0.0088
[epoch 118] loss=0.0277  blind_MSE=0.0307  density=0.0173 vx=0.0735 vy=0.0232 var=0.0088
[epoch 119] loss=0.0285  blind_MSE=0.0304  density=0.0172 vx=0.0725 vy=0.0231 var=0.0088
[epoch 120] loss=0.0299  blind_MSE=0.0301  density=0.0170 vx=0.0717 vy=0.0230 var=0.0088
[epoch 121] loss=0.0290  blind_MSE=0.0300  density=0.0170 vx=0.0714 vy=0.0230 var=0.0088
[epoch 122] loss=0.0263  blind_MSE=0.0299  density=0.0169 vx=0.0709 vy=0.0229 var=0.0088
[epoch 123] loss=0.0274  blind_MSE=0.0297  density=0.0168 vx=0.0703 vy=0.0228 var=0.0087
[epoch 124] loss=0.0297  blind_MSE=0.0296  density=0.0167 vx=0.0700 vy=0.0227 var=0.0087
[epoch 125] loss=0.0268  blind_MSE=0.0294  density=0.0167 vx=0.0697 vy=0.0226 var=0.0087
[epoch 126] loss=0.0283  blind_MSE=0.0294  density=0.0168 vx=0.0696 vy=0.0227 var=0.0087
[epoch 127] loss=0.0291  blind_MSE=0.0295  density=0.0167 vx=0.0698 vy=0.0227 var=0.0087
[2026-09-10T21:58:21.006] error: *** JOB 20204212 ON gpu50 CANCELLED AT 2026-09-10T21:58:21 DUE TO TIME LIMIT ***
