Submitted batch job 19938754
[chain] submitted successor (afterany:19938747)
NVIDIA H200
[obs] obs_every_k = 1  (每帧观测,对齐 EnKF 项目)
[data] 6298 windows of (4, 200, 36, 12)  device=cuda
[model] params=2,103,542 (GENN prior 9,420 = 0.45%; the rest is the solver's ConvLSTM)  loss=nll  n_iter=15  amp=True
[seed] init=0  data=0
[var read-out] 52,000 params on the last hidden state   sigma^2 = softplus(out_var(h)) + 1e-06   beta=1.0
[schedule] ep0→5it@lr0.001  ep25→10it@lr0.0007  ep50→15it@lr0.0005  ep75→20it@lr0.0003
[schedule] epoch 0: n_iter -> 5, lr -> 0.001
[epoch   0] loss=-0.0240  盲区MSE=0.0744  density=0.0239 vx=0.2256 vy=0.0383 var=0.0099
           ↑ new best (0.0744) -> varnet_best.pt
[epoch   1] loss=-0.0231  盲区MSE=0.0541  density=0.0233 vx=0.1464 vy=0.0372 var=0.0094
           ↑ new best (0.0541) -> varnet_best.pt
[epoch   2] loss=-0.0222  盲区MSE=0.0470  density=0.0227 vx=0.1201 vy=0.0363 var=0.0090
           ↑ new best (0.0470) -> varnet_best.pt
[epoch   3] loss=-0.0210  盲区MSE=0.0442  density=0.0220 vx=0.1110 vy=0.0348 var=0.0088
           ↑ new best (0.0442) -> varnet_best.pt
[epoch   4] loss=-0.0247  盲区MSE=0.0424  density=0.0216 vx=0.1070 vy=0.0323 var=0.0087
           ↑ new best (0.0424) -> varnet_best.pt
[epoch   5] loss=-0.0189  盲区MSE=0.0409  density=0.0213 vx=0.1030 vy=0.0307 var=0.0086
           ↑ new best (0.0409) -> varnet_best.pt
[epoch   6] loss=-0.0231  盲区MSE=0.0398  density=0.0210 vx=0.1001 vy=0.0293 var=0.0086
           ↑ new best (0.0398) -> varnet_best.pt
[epoch   7] loss=-0.0223  盲区MSE=0.0390  density=0.0207 vx=0.0985 vy=0.0286 var=0.0084
           ↑ new best (0.0390) -> varnet_best.pt
[epoch   8] loss=-0.0229  盲区MSE=0.0383  density=0.0203 vx=0.0970 vy=0.0277 var=0.0083
           ↑ new best (0.0383) -> varnet_best.pt
[epoch   9] loss=-0.0236  盲区MSE=0.0378  density=0.0200 vx=0.0957 vy=0.0270 var=0.0083
           ↑ new best (0.0378) -> varnet_best.pt
[epoch  10] loss=-0.0180  盲区MSE=0.0373  density=0.0197 vx=0.0948 vy=0.0267 var=0.0082
           ↑ new best (0.0373) -> varnet_best.pt
[epoch  11] loss=-0.0220  盲区MSE=0.0369  density=0.0194 vx=0.0940 vy=0.0262 var=0.0081
           ↑ new best (0.0369) -> varnet_best.pt
[epoch  12] loss=-0.0207  盲区MSE=0.0364  density=0.0190 vx=0.0927 vy=0.0258 var=0.0081
           ↑ new best (0.0364) -> varnet_best.pt
[epoch  13] loss=-0.0181  盲区MSE=0.0359  density=0.0187 vx=0.0916 vy=0.0254 var=0.0079
           ↑ new best (0.0359) -> varnet_best.pt
[epoch  14] loss=-0.0191  盲区MSE=0.0356  density=0.0185 vx=0.0909 vy=0.0252 var=0.0079
           ↑ new best (0.0356) -> varnet_best.pt
[epoch  15] loss=-0.0195  盲区MSE=0.0351  density=0.0182 vx=0.0894 vy=0.0248 var=0.0078
           ↑ new best (0.0351) -> varnet_best.pt
[epoch  16] loss=-0.0211  盲区MSE=0.0349  density=0.0180 vx=0.0892 vy=0.0247 var=0.0078
           ↑ new best (0.0349) -> varnet_best.pt
[epoch  17] loss=-0.0209  盲区MSE=0.0350  density=0.0183 vx=0.0888 vy=0.0246 var=0.0082
[epoch  18] loss=-0.0182  盲区MSE=0.0345  density=0.0178 vx=0.0880 vy=0.0244 var=0.0080
           ↑ new best (0.0345) -> varnet_best.pt
[epoch  19] loss=-0.0184  盲区MSE=0.0343  density=0.0177 vx=0.0874 vy=0.0242 var=0.0080
           ↑ new best (0.0343) -> varnet_best.pt
[epoch  20] loss=-0.0195  盲区MSE=0.0343  density=0.0176 vx=0.0872 vy=0.0242 var=0.0082
           ↑ new best (0.0343) -> varnet_best.pt
[epoch  21] loss=-0.0203  盲区MSE=0.0340  density=0.0174 vx=0.0865 vy=0.0241 var=0.0080
           ↑ new best (0.0340) -> varnet_best.pt
[epoch  22] loss=-0.0195  盲区MSE=0.0340  density=0.0174 vx=0.0864 vy=0.0240 var=0.0081
           ↑ new best (0.0340) -> varnet_best.pt
[epoch  23] loss=-0.0184  盲区MSE=0.0339  density=0.0174 vx=0.0861 vy=0.0239 var=0.0082
           ↑ new best (0.0339) -> varnet_best.pt
[epoch  24] loss=-0.0172  盲区MSE=0.0336  density=0.0173 vx=0.0853 vy=0.0238 var=0.0082
           ↑ new best (0.0336) -> varnet_best.pt
[schedule] epoch 25: n_iter -> 10, lr -> 0.0007
[epoch  25] loss=-0.0216  盲区MSE=0.0341  density=0.0180 vx=0.0857 vy=0.0242 var=0.0084
[epoch  26] loss=-0.0198  盲区MSE=0.0335  density=0.0176 vx=0.0843 vy=0.0239 var=0.0083
           ↑ new best (0.0335) -> varnet_best.pt
[epoch  27] loss=-0.0197  盲区MSE=0.0332  density=0.0174 vx=0.0835 vy=0.0237 var=0.0083
           ↑ new best (0.0332) -> varnet_best.pt
[epoch  28] loss=-0.0197  盲区MSE=0.0330  density=0.0173 vx=0.0829 vy=0.0235 var=0.0083
           ↑ new best (0.0330) -> varnet_best.pt
[epoch  29] loss=-0.0180  盲区MSE=0.0328  density=0.0172 vx=0.0824 vy=0.0234 var=0.0084
           ↑ new best (0.0328) -> varnet_best.pt
[epoch  30] loss=-0.0184  盲区MSE=0.0327  density=0.0171 vx=0.0820 vy=0.0233 var=0.0083
           ↑ new best (0.0327) -> varnet_best.pt
[epoch  31] loss=-0.0186  盲区MSE=0.0326  density=0.0171 vx=0.0817 vy=0.0233 var=0.0083
           ↑ new best (0.0326) -> varnet_best.pt
[epoch  32] loss=-0.0198  盲区MSE=0.0325  density=0.0170 vx=0.0813 vy=0.0232 var=0.0083
           ↑ new best (0.0325) -> varnet_best.pt
[epoch  33] loss=-0.0191  盲区MSE=0.0324  density=0.0170 vx=0.0811 vy=0.0232 var=0.0083
           ↑ new best (0.0324) -> varnet_best.pt
[epoch  34] loss=-0.0175  盲区MSE=0.0323  density=0.0170 vx=0.0809 vy=0.0231 var=0.0084
           ↑ new best (0.0323) -> varnet_best.pt
[epoch  35] loss=-0.0191  盲区MSE=0.0323  density=0.0170 vx=0.0808 vy=0.0232 var=0.0084
[epoch  36] loss=-0.0181  盲区MSE=0.0322  density=0.0169 vx=0.0804 vy=0.0230 var=0.0084
           ↑ new best (0.0322) -> varnet_best.pt
[epoch  37] loss=-0.0170  盲区MSE=0.0322  density=0.0170 vx=0.0802 vy=0.0230 var=0.0084
           ↑ new best (0.0322) -> varnet_best.pt
[epoch  38] loss=-0.0180  盲区MSE=0.0321  density=0.0169 vx=0.0802 vy=0.0230 var=0.0084
           ↑ new best (0.0321) -> varnet_best.pt
[epoch  39] loss=-0.0180  盲区MSE=0.0321  density=0.0169 vx=0.0800 vy=0.0230 var=0.0084
           ↑ new best (0.0321) -> varnet_best.pt
[epoch  40] loss=-0.0179  盲区MSE=0.0320  density=0.0169 vx=0.0797 vy=0.0230 var=0.0084
           ↑ new best (0.0320) -> varnet_best.pt
[epoch  41] loss=-0.0189  盲区MSE=0.0320  density=0.0169 vx=0.0798 vy=0.0229 var=0.0084
           ↑ new best (0.0320) -> varnet_best.pt
[epoch  42] loss=-0.0182  盲区MSE=0.0319  density=0.0169 vx=0.0795 vy=0.0229 var=0.0084
           ↑ new best (0.0319) -> varnet_best.pt
[epoch  43] loss=-0.0179  盲区MSE=0.0319  density=0.0169 vx=0.0793 vy=0.0229 var=0.0084
           ↑ new best (0.0319) -> varnet_best.pt
[epoch  44] loss=-0.0171  盲区MSE=0.0319  density=0.0169 vx=0.0794 vy=0.0229 var=0.0085
[epoch  45] loss=-0.0195  盲区MSE=0.0318  density=0.0168 vx=0.0790 vy=0.0229 var=0.0085
           ↑ new best (0.0318) -> varnet_best.pt
[epoch  46] loss=-0.0171  盲区MSE=0.0318  density=0.0169 vx=0.0790 vy=0.0229 var=0.0085
           ↑ new best (0.0318) -> varnet_best.pt
[epoch  47] loss=-0.0176  盲区MSE=0.0318  density=0.0169 vx=0.0790 vy=0.0229 var=0.0085
[epoch  48] loss=-0.0188  盲区MSE=0.0317  density=0.0168 vx=0.0788 vy=0.0229 var=0.0085
           ↑ new best (0.0317) -> varnet_best.pt
[epoch  49] loss=-0.0177  盲区MSE=0.0317  density=0.0169 vx=0.0787 vy=0.0228 var=0.0085
           ↑ new best (0.0317) -> varnet_best.pt
[schedule] epoch 50: n_iter -> 15, lr -> 0.0005
[epoch  50] loss=-0.0185  盲区MSE=0.0323  density=0.0174 vx=0.0800 vy=0.0231 var=0.0087
[epoch  51] loss=-0.0180  盲区MSE=0.0319  density=0.0171 vx=0.0790 vy=0.0229 var=0.0086
[epoch  52] loss=-0.0187  盲区MSE=0.0317  density=0.0170 vx=0.0784 vy=0.0228 var=0.0086
           ↑ new best (0.0317) -> varnet_best.pt
[epoch  53] loss=-0.0187  盲区MSE=0.0316  density=0.0169 vx=0.0782 vy=0.0228 var=0.0086
           ↑ new best (0.0316) -> varnet_best.pt
[2026-08-25T22:06:15.006] error: *** JOB 19938747 ON gpu50 CANCELLED AT 2026-08-25T22:06:15 DUE TO TIME LIMIT ***
