Submitted batch job 20362976
[chain] submitted successor (afterany:20359869)
NVIDIA H200
[obs] obs_every_k = 1  (observed every frame, matching the EnKF project)
[obs] trajectory_mode = per_day  (base data seed 0)
[data] 6298 windows of (4, 200, 36, 12)  device=cuda
[model] params=4,630,742 (GENN prior 54,220 = 1.17%; the rest is the solver's ConvLSTM)  loss=nll  n_iter=15  amp=True
[seed] init=0  data=0
[var] AUGMENTED STATE: log sigma^2 iterated with x over 15 steps; prior term of J is a Gaussian log-likelihood of the prior residual; observation term too (shared sigma); sigma^2 update from its own head on [h, x]   eps=1e-06
[schedule] ep0→5it@lr0.001  ep25→10it@lr0.0007  ep50→15it@lr0.0005  ep75→20it@lr0.0003
[resume] loaded runs/varnet_aughead_obs_h96_s0/varnet_last.pt: continuing from epoch 90 (step 17730)
[best] previous best blind MSE = 0.0493
[schedule] epoch 90: n_iter -> 20, lr -> 0.0003
[epoch  90] loss=-2.0910  blind_MSE=0.0495  density=0.0187 vx=0.1466 vy=0.0235 var=0.0091
[epoch  91] loss=-1.6211  blind_MSE=0.0548  density=0.0193 vx=0.1654 vy=0.0251 var=0.0095
[epoch  92] loss=-2.1243  blind_MSE=0.0494  density=0.0185 vx=0.1467 vy=0.0233 var=0.0091
[epoch  93] loss=-2.1686  blind_MSE=0.0496  density=0.0187 vx=0.1474 vy=0.0232 var=0.0091
[epoch  94] loss=-2.1776  blind_MSE=0.0495  density=0.0187 vx=0.1469 vy=0.0232 var=0.0091
[epoch  95] loss=-1.8210  blind_MSE=0.0508  density=0.0193 vx=0.1504 vy=0.0242 var=0.0092
[epoch  96] loss=-2.0426  blind_MSE=0.0499  density=0.0190 vx=0.1477 vy=0.0236 var=0.0091
[epoch  97] loss=-2.1238  blind_MSE=0.0494  density=0.0186 vx=0.1460 vy=0.0237 var=0.0091
[epoch  98] loss=-2.1653  blind_MSE=0.0504  density=0.0190 vx=0.1499 vy=0.0237 var=0.0091
[epoch  99] loss=-0.1320  blind_MSE=0.0692  density=0.0252 vx=0.2075 vy=0.0340 var=0.0103
[epoch 100] loss=-1.1202  blind_MSE=0.0842  density=0.0269 vx=0.2584 vy=0.0405 var=0.0110
[epoch 101] loss=-0.4052  blind_MSE=0.0955  density=0.0287 vx=0.2948 vy=0.0470 var=0.0117
[epoch 102] loss=-0.7107  blind_MSE=0.0764  density=0.0309 vx=0.2069 vy=0.0507 var=0.0173
[epoch 103] loss=-1.0720  blind_MSE=0.0792  density=0.0284 vx=0.2295 vy=0.0451 var=0.0136
[epoch 104] loss=-1.2630  blind_MSE=0.0731  density=0.0266 vx=0.2163 vy=0.0362 var=0.0134
[epoch 105] loss=-1.2178  blind_MSE=0.0740  density=0.0269 vx=0.2203 vy=0.0370 var=0.0117
[epoch 106] loss=-1.4793  blind_MSE=0.0650  density=0.0236 vx=0.1963 vy=0.0301 var=0.0100
[2026-09-21T02:32:19.006] error: *** JOB 20359869 ON gpu55 CANCELLED AT 2026-09-21T02:32:19 DUE TO TIME LIMIT ***
