Submitted batch job 20196834
[chain] submitted successor (afterany:20187705)
NVIDIA H200
[obs] obs_every_k = 1  (observed every frame, matching the EnKF project)
[data] 6298 windows of (4, 200, 36, 12)  device=cuda
[model] params=2,788,342 (GENN prior 54,220 = 1.94%; the rest is the solver's ConvLSTM)  loss=nll  n_iter=15  amp=True
[seed] init=3  data=0
[var read-out] 692,000 params on the last hidden state   sigma^2 = softplus(out_var(h)) + 1e-06   beta=0.0
[schedule] ep0→5it@lr0.001  ep25→10it@lr0.0007  ep50→15it@lr0.0005  ep75→20it@lr0.0003
[resume] loaded runs/varnet_vsb0_h96_s3/varnet_last.pt: continuing from epoch 73 (step 14381)
[best] previous best blind MSE = 0.0403
[epoch  73] loss=-2.4788  blind_MSE=0.0404  density=0.0175 vx=0.1134 vy=0.0219 var=0.0088
[epoch  74] loss=-2.4241  blind_MSE=0.0404  density=0.0175 vx=0.1136 vy=0.0219 var=0.0088
[schedule] epoch 75: n_iter -> 20, lr -> 0.0003
[epoch  75] loss=-2.3878  blind_MSE=0.0402  density=0.0174 vx=0.1130 vy=0.0218 var=0.0088
           ↑ new best (0.0402) -> varnet_best.pt
[epoch  76] loss=-2.4163  blind_MSE=0.0403  density=0.0176 vx=0.1131 vy=0.0218 var=0.0088
[epoch  77] loss=-2.4275  blind_MSE=0.0403  density=0.0175 vx=0.1132 vy=0.0218 var=0.0088
[epoch  78] loss=-2.4824  blind_MSE=0.0403  density=0.0175 vx=0.1133 vy=0.0218 var=0.0088
[epoch  79] loss=-2.4328  blind_MSE=0.0403  density=0.0174 vx=0.1132 vy=0.0218 var=0.0088
[epoch  80] loss=-2.4390  blind_MSE=0.0404  density=0.0175 vx=0.1133 vy=0.0219 var=0.0088
[epoch  81] loss=-2.4162  blind_MSE=0.0404  density=0.0175 vx=0.1133 vy=0.0218 var=0.0088
[epoch  82] loss=-2.4846  blind_MSE=0.0404  density=0.0175 vx=0.1134 vy=0.0219 var=0.0088
[epoch  83] loss=-2.4215  blind_MSE=0.0404  density=0.0175 vx=0.1134 vy=0.0219 var=0.0088
[epoch  84] loss=-2.4788  blind_MSE=0.0405  density=0.0176 vx=0.1136 vy=0.0219 var=0.0088
[epoch  85] loss=-2.4479  blind_MSE=0.0404  density=0.0175 vx=0.1133 vy=0.0218 var=0.0088
[epoch  86] loss=-2.4677  blind_MSE=0.0404  density=0.0175 vx=0.1136 vy=0.0219 var=0.0088
[epoch  87] loss=-2.4759  blind_MSE=0.0405  density=0.0175 vx=0.1139 vy=0.0219 var=0.0088
[epoch  88] loss=-2.3951  blind_MSE=0.0404  density=0.0176 vx=0.1134 vy=0.0218 var=0.0088
[epoch  89] loss=-2.4614  blind_MSE=0.0404  density=0.0175 vx=0.1134 vy=0.0219 var=0.0088
[epoch  90] loss=-2.5453  blind_MSE=0.0404  density=0.0175 vx=0.1134 vy=0.0219 var=0.0088
[epoch  91] loss=-2.5176  blind_MSE=0.0405  density=0.0179 vx=0.1134 vy=0.0219 var=0.0088
[2026-09-10T10:48:37.003] error: *** JOB 20187705 ON gpu54 CANCELLED AT 2026-09-10T10:48:37 DUE TO TIME LIMIT ***
