Submitted batch job 20197055
[chain] submitted successor (afterany:20190305)
NVIDIA H200
[obs] obs_every_k = 1  (observed every frame, matching the EnKF project)
[data] 6298 windows of (4, 200, 36, 12)  device=cuda
[model] params=3,990,742 (GENN prior 54,220 = 1.36%; the rest is the solver's ConvLSTM)  loss=nll  n_iter=15  amp=True
[seed] init=4  data=0
[var] AUGMENTED STATE: log sigma^2 iterated with x over 15 steps; prior term of J is a Gaussian log-likelihood of the prior residual   eps=1e-06
[schedule] ep0→5it@lr0.001  ep25→10it@lr0.0007  ep50→15it@lr0.0005  ep75→20it@lr0.0003
[resume] loaded runs/varnet_aug0_h96_s4/varnet_last.pt: continuing from epoch 72 (step 14184)
[best] previous best blind MSE = 0.0488
[epoch  72] loss=-2.3537  blind_MSE=0.0489  density=0.0182 vx=0.1434 vy=0.0253 var=0.0087
[epoch  73] loss=-2.3150  blind_MSE=0.0490  density=0.0183 vx=0.1435 vy=0.0253 var=0.0087
[epoch  74] loss=-2.2946  blind_MSE=0.0493  density=0.0184 vx=0.1447 vy=0.0255 var=0.0087
[schedule] epoch 75: n_iter -> 20, lr -> 0.0003
[epoch  75] loss=-1.9799  blind_MSE=0.0492  density=0.0182 vx=0.1445 vy=0.0255 var=0.0087
[epoch  76] loss=-2.2343  blind_MSE=0.0494  density=0.0183 vx=0.1455 vy=0.0253 var=0.0087
[epoch  77] loss=-2.2599  blind_MSE=0.0493  density=0.0183 vx=0.1448 vy=0.0255 var=0.0087
[epoch  78] loss=-2.3275  blind_MSE=0.0491  density=0.0182 vx=0.1441 vy=0.0253 var=0.0087
[epoch  79] loss=-2.2141  blind_MSE=0.0490  density=0.0182 vx=0.1436 vy=0.0254 var=0.0087
[epoch  80] loss=-1.9627  blind_MSE=0.0495  density=0.0185 vx=0.1454 vy=0.0255 var=0.0088
[epoch  81] loss=-2.2726  blind_MSE=0.0491  density=0.0182 vx=0.1441 vy=0.0254 var=0.0087
[epoch  82] loss=-2.2980  blind_MSE=0.0489  density=0.0182 vx=0.1432 vy=0.0253 var=0.0087
[epoch  83] loss=-2.3244  blind_MSE=0.0489  density=0.0184 vx=0.1434 vy=0.0253 var=0.0087
[epoch  84] loss=-2.4070  blind_MSE=0.0491  density=0.0183 vx=0.1441 vy=0.0254 var=0.0087
[epoch  85] loss=-2.2992  blind_MSE=0.0489  density=0.0183 vx=0.1433 vy=0.0253 var=0.0087
[epoch  86] loss=-2.3500  blind_MSE=0.0485  density=0.0181 vx=0.1421 vy=0.0251 var=0.0087
           ↑ new best (0.0485) -> varnet_best.pt
[epoch  87] loss=-2.3311  blind_MSE=0.0488  density=0.0182 vx=0.1430 vy=0.0253 var=0.0087
[epoch  88] loss=-2.3728  blind_MSE=0.0490  density=0.0182 vx=0.1440 vy=0.0252 var=0.0087
[epoch  89] loss=-2.2963  blind_MSE=0.0486  density=0.0181 vx=0.1427 vy=0.0249 var=0.0087
[epoch  90] loss=-2.3017  blind_MSE=0.0489  density=0.0182 vx=0.1434 vy=0.0251 var=0.0087
[2026-09-10T11:36:07.005] error: *** JOB 20190305 ON gpu57 CANCELLED AT 2026-09-10T11:36:07 DUE TO TIME LIMIT ***
