Submitted batch job 20192470
[chain] submitted successor (afterany:20185792)
NVIDIA H200
[obs] obs_every_k = 1  (observed every frame, matching the EnKF project)
[data] 6298 windows of (4, 200, 36, 12)  device=cuda
[model] params=2,788,342 (GENN prior 54,220 = 1.94%; the rest is the solver's ConvLSTM)  loss=nll  n_iter=15  amp=True
[seed] init=2  data=0
[var read-out] 692,000 params on the last hidden state   sigma^2 = softplus(out_var(h)) + 1e-06   beta=0.0
[schedule] ep0→5it@lr0.001  ep25→10it@lr0.0007  ep50→15it@lr0.0005  ep75→20it@lr0.0003
[resume] loaded runs/varnet_vsb0_h96_s2/varnet_last.pt: continuing from epoch 73 (step 14381)
[best] previous best blind MSE = 0.0432
[epoch  73] loss=-2.5048  blind_MSE=0.0438  density=0.0186 vx=0.1250 vy=0.0227 var=0.0088
[epoch  74] loss=-2.4930  blind_MSE=0.0437  density=0.0186 vx=0.1248 vy=0.0227 var=0.0088
[schedule] epoch 75: n_iter -> 20, lr -> 0.0003
[epoch  75] loss=-2.4705  blind_MSE=0.0438  density=0.0185 vx=0.1250 vy=0.0227 var=0.0088
[epoch  76] loss=-2.5154  blind_MSE=0.0439  density=0.0185 vx=0.1256 vy=0.0228 var=0.0088
[epoch  77] loss=-2.4519  blind_MSE=0.0437  density=0.0185 vx=0.1249 vy=0.0227 var=0.0088
[epoch  78] loss=-2.4878  blind_MSE=0.0438  density=0.0185 vx=0.1251 vy=0.0227 var=0.0088
[epoch  79] loss=-2.6100  blind_MSE=0.0438  density=0.0185 vx=0.1249 vy=0.0228 var=0.0088
[epoch  80] loss=-2.5536  blind_MSE=0.0437  density=0.0185 vx=0.1247 vy=0.0228 var=0.0088
[epoch  81] loss=-2.5551  blind_MSE=0.0439  density=0.0186 vx=0.1253 vy=0.0228 var=0.0088
[epoch  82] loss=-2.5389  blind_MSE=0.0438  density=0.0185 vx=0.1252 vy=0.0227 var=0.0088
[epoch  83] loss=-2.4496  blind_MSE=0.0437  density=0.0185 vx=0.1249 vy=0.0228 var=0.0088
[epoch  84] loss=-2.4993  blind_MSE=0.0438  density=0.0185 vx=0.1251 vy=0.0227 var=0.0088
[epoch  85] loss=-2.4997  blind_MSE=0.0437  density=0.0185 vx=0.1247 vy=0.0228 var=0.0088
[epoch  86] loss=-2.5070  blind_MSE=0.0437  density=0.0186 vx=0.1247 vy=0.0228 var=0.0088
[epoch  87] loss=-2.5201  blind_MSE=0.0437  density=0.0185 vx=0.1249 vy=0.0228 var=0.0088
[epoch  88] loss=-2.5513  blind_MSE=0.0437  density=0.0184 vx=0.1248 vy=0.0227 var=0.0088
[epoch  89] loss=-2.5284  blind_MSE=0.0437  density=0.0185 vx=0.1248 vy=0.0227 var=0.0088
[epoch  90] loss=-2.5348  blind_MSE=0.0439  density=0.0185 vx=0.1253 vy=0.0228 var=0.0088
[2026-09-10T07:57:59.005] error: *** JOB 20185792 ON gpu54 CANCELLED AT 2026-09-10T07:57:59 DUE TO TIME LIMIT ***
