Submitted batch job 20197111
[chain] submitted successor (afterany:20190306)
NVIDIA H200
[obs] obs_every_k = 1  (observed every frame, matching the EnKF project)
[data] 6298 windows of (4, 200, 36, 12)  device=cuda
[model] params=2,788,342 (GENN prior 54,220 = 1.94%; the rest is the solver's ConvLSTM)  loss=nll  n_iter=15  amp=True
[seed] init=4  data=0
[var read-out] 692,000 params on the last hidden state   sigma^2 = softplus(out_var(h)) + 1e-06   beta=0.0
[schedule] ep0→5it@lr0.001  ep25→10it@lr0.0007  ep50→15it@lr0.0005  ep75→20it@lr0.0003
[resume] loaded runs/varnet_vsb0_h96_s4/varnet_last.pt: continuing from epoch 73 (step 14381)
[best] previous best blind MSE = 0.0400
[epoch  73] loss=-2.3320  blind_MSE=0.0401  density=0.0178 vx=0.1124 vy=0.0213 var=0.0088
[epoch  74] loss=-2.3794  blind_MSE=0.0402  density=0.0179 vx=0.1126 vy=0.0213 var=0.0088
[schedule] epoch 75: n_iter -> 20, lr -> 0.0003
[epoch  75] loss=-2.3424  blind_MSE=0.0401  density=0.0179 vx=0.1124 vy=0.0214 var=0.0088
[epoch  76] loss=-2.3777  blind_MSE=0.0401  density=0.0178 vx=0.1125 vy=0.0213 var=0.0088
[epoch  77] loss=-2.3582  blind_MSE=0.0401  density=0.0178 vx=0.1123 vy=0.0213 var=0.0088
[epoch  78] loss=-2.4204  blind_MSE=0.0400  density=0.0178 vx=0.1122 vy=0.0213 var=0.0088
[epoch  79] loss=-2.4001  blind_MSE=0.0399  density=0.0178 vx=0.1119 vy=0.0213 var=0.0088
           ↑ new best (0.0399) -> varnet_best.pt
[epoch  80] loss=-2.3866  blind_MSE=0.0400  density=0.0179 vx=0.1119 vy=0.0213 var=0.0088
[epoch  81] loss=-2.3843  blind_MSE=0.0400  density=0.0178 vx=0.1121 vy=0.0213 var=0.0088
[epoch  82] loss=-2.4742  blind_MSE=0.0401  density=0.0179 vx=0.1124 vy=0.0213 var=0.0088
[epoch  83] loss=-2.3730  blind_MSE=0.0400  density=0.0178 vx=0.1122 vy=0.0213 var=0.0088
[epoch  84] loss=-2.4364  blind_MSE=0.0401  density=0.0179 vx=0.1124 vy=0.0213 var=0.0088
[epoch  85] loss=-2.4337  blind_MSE=0.0402  density=0.0180 vx=0.1125 vy=0.0213 var=0.0088
[epoch  86] loss=-2.4403  blind_MSE=0.0401  density=0.0178 vx=0.1126 vy=0.0213 var=0.0088
[epoch  87] loss=-2.3917  blind_MSE=0.0403  density=0.0181 vx=0.1128 vy=0.0213 var=0.0088
[epoch  88] loss=-2.4256  blind_MSE=0.0401  density=0.0179 vx=0.1124 vy=0.0213 var=0.0088
[epoch  89] loss=-2.3856  blind_MSE=0.0401  density=0.0179 vx=0.1123 vy=0.0213 var=0.0088
[epoch  90] loss=-2.4050  blind_MSE=0.0400  density=0.0178 vx=0.1122 vy=0.0213 var=0.0088
[epoch  91] loss=-2.3876  blind_MSE=0.0400  density=0.0180 vx=0.1119 vy=0.0213 var=0.0088
[2026-09-10T11:41:38.003] error: *** JOB 20190306 ON gpu57 CANCELLED AT 2026-09-10T11:41:38 DUE TO TIME LIMIT ***
