Submitted batch job 19945596
[chain] submitted successor (afterany:19944256)
NVIDIA H200
[obs] obs_every_k = 1  (每帧观测,对齐 EnKF 项目)
[data] 6298 windows of (4, 200, 36, 12)  device=cuda
[model] params=2,103,542 (GENN prior 9,420 = 0.45%; the rest is the solver's ConvLSTM)  loss=nll  n_iter=15  amp=True
[seed] init=0  data=0
[var read-out] 52,000 params on the last hidden state   sigma^2 = softplus(out_var(h)) + 1e-06   beta=0.0
[schedule] ep0→5it@lr0.001  ep25→10it@lr0.0007  ep50→15it@lr0.0005  ep75→20it@lr0.0003
[resume] loaded runs/varnet_vrb0_s0/varnet_last.pt: continuing from epoch 126 (step 24822)
[best] previous best blind MSE = 0.0428
[schedule] epoch 126: n_iter -> 20, lr -> 0.0003
[epoch 126] loss=-2.4831  盲区MSE=0.0431  density=0.0181 vx=0.1224 vy=0.0232 var=0.0087
[epoch 127] loss=-2.4400  盲区MSE=0.0431  density=0.0181 vx=0.1223 vy=0.0232 var=0.0087
[epoch 128] loss=-2.4924  盲区MSE=0.0431  density=0.0181 vx=0.1224 vy=0.0232 var=0.0087
[epoch 129] loss=-2.4730  盲区MSE=0.0431  density=0.0181 vx=0.1225 vy=0.0232 var=0.0087
[epoch 130] loss=-2.5020  盲区MSE=0.0431  density=0.0181 vx=0.1224 vy=0.0232 var=0.0087
[epoch 131] loss=-2.5051  盲区MSE=0.0431  density=0.0182 vx=0.1225 vy=0.0232 var=0.0087
[epoch 132] loss=-2.4470  盲区MSE=0.0431  density=0.0181 vx=0.1224 vy=0.0232 var=0.0087
[epoch 133] loss=-2.4670  盲区MSE=0.0431  density=0.0181 vx=0.1226 vy=0.0232 var=0.0087
[epoch 134] loss=-2.4049  盲区MSE=0.0431  density=0.0182 vx=0.1226 vy=0.0232 var=0.0087
[epoch 135] loss=-2.4680  盲区MSE=0.0431  density=0.0181 vx=0.1224 vy=0.0232 var=0.0087
[epoch 136] loss=-2.5163  盲区MSE=0.0432  density=0.0182 vx=0.1227 vy=0.0232 var=0.0087
[epoch 137] loss=-2.4250  盲区MSE=0.0432  density=0.0181 vx=0.1226 vy=0.0232 var=0.0087
[epoch 138] loss=-2.4297  盲区MSE=0.0431  density=0.0181 vx=0.1224 vy=0.0232 var=0.0087
[epoch 139] loss=-2.4677  盲区MSE=0.0431  density=0.0181 vx=0.1225 vy=0.0233 var=0.0087
[epoch 140] loss=-2.4583  盲区MSE=0.0431  density=0.0182 vx=0.1223 vy=0.0231 var=0.0087
[epoch 141] loss=-2.5475  盲区MSE=0.0432  density=0.0182 vx=0.1226 vy=0.0232 var=0.0087
[epoch 142] loss=-2.4686  盲区MSE=0.0431  density=0.0181 vx=0.1225 vy=0.0232 var=0.0087
[epoch 143] loss=-2.4965  盲区MSE=0.0432  density=0.0181 vx=0.1227 vy=0.0232 var=0.0087
[epoch 144] loss=-2.4325  盲区MSE=0.0431  density=0.0182 vx=0.1225 vy=0.0232 var=0.0087
[epoch 145] loss=-2.4581  盲区MSE=0.0430  density=0.0182 vx=0.1221 vy=0.0231 var=0.0087
[epoch 146] loss=-2.4709  盲区MSE=0.0432  density=0.0181 vx=0.1227 vy=0.0232 var=0.0087
[epoch 147] loss=-2.4871  盲区MSE=0.0433  density=0.0181 vx=0.1230 vy=0.0232 var=0.0087
[2026-08-26T10:45:18.005] error: *** JOB 19944256 ON gpu59 CANCELLED AT 2026-08-26T10:45:18 DUE TO TIME LIMIT ***
