Submitted batch job 20167265
[chain] submitted successor (afterany:20166673)
NVIDIA H200
[obs] obs_every_k = 1  (observed every frame, matching the EnKF project)
[data] 6298 windows of (4, 200, 36, 12)  device=cuda
[model] params=2,096,342 (GENN prior 54,220 = 2.59%; the rest is the solver's ConvLSTM)  loss=supervised  n_iter=15  amp=True
[seed] init=1  data=0
[schedule] ep0→5it@lr0.001  ep25→10it@lr0.0007  ep50→15it@lr0.0005  ep75→20it@lr0.0003
[schedule] epoch 0: n_iter -> 5, lr -> 0.001
[epoch   0] loss=0.0497  blind_MSE=0.0618  density=0.0234 vx=0.1766 vy=0.0379 var=0.0093
           ↑ new best (0.0618) -> varnet_best.pt
[epoch   1] loss=0.0377  blind_MSE=0.0426  density=0.0229 vx=0.1030 vy=0.0354 var=0.0092
           ↑ new best (0.0426) -> varnet_best.pt
[epoch   2] loss=0.0362  blind_MSE=0.0383  density=0.0223 vx=0.0925 vy=0.0294 var=0.0089
           ↑ new best (0.0383) -> varnet_best.pt
[epoch   3] loss=0.0311  blind_MSE=0.0360  density=0.0220 vx=0.0874 vy=0.0259 var=0.0089
           ↑ new best (0.0360) -> varnet_best.pt
[epoch   4] loss=0.0330  blind_MSE=0.0345  density=0.0219 vx=0.0828 vy=0.0244 var=0.0089
           ↑ new best (0.0345) -> varnet_best.pt
[epoch   5] loss=0.0264  blind_MSE=0.0339  density=0.0221 vx=0.0811 vy=0.0237 var=0.0090
           ↑ new best (0.0339) -> varnet_best.pt
[epoch   6] loss=0.0314  blind_MSE=0.0333  density=0.0220 vx=0.0790 vy=0.0231 var=0.0089
           ↑ new best (0.0333) -> varnet_best.pt
[epoch   7] loss=0.0291  blind_MSE=0.0325  density=0.0215 vx=0.0768 vy=0.0227 var=0.0089
           ↑ new best (0.0325) -> varnet_best.pt
[epoch   8] loss=0.0289  blind_MSE=0.0319  density=0.0207 vx=0.0756 vy=0.0224 var=0.0089
           ↑ new best (0.0319) -> varnet_best.pt
[epoch   9] loss=0.0289  blind_MSE=0.0314  density=0.0199 vx=0.0744 vy=0.0223 var=0.0088
           ↑ new best (0.0314) -> varnet_best.pt
[epoch  10] loss=0.0292  blind_MSE=0.0309  density=0.0193 vx=0.0735 vy=0.0222 var=0.0088
           ↑ new best (0.0309) -> varnet_best.pt
[epoch  11] loss=0.0298  blind_MSE=0.0308  density=0.0188 vx=0.0735 vy=0.0222 var=0.0088
           ↑ new best (0.0308) -> varnet_best.pt
[epoch  12] loss=0.0267  blind_MSE=0.0305  density=0.0185 vx=0.0725 vy=0.0221 var=0.0088
           ↑ new best (0.0305) -> varnet_best.pt
[epoch  13] loss=0.0279  blind_MSE=0.0304  density=0.0183 vx=0.0725 vy=0.0221 var=0.0087
           ↑ new best (0.0304) -> varnet_best.pt
[epoch  14] loss=0.0296  blind_MSE=0.0302  density=0.0182 vx=0.0720 vy=0.0221 var=0.0087
           ↑ new best (0.0302) -> varnet_best.pt
[epoch  15] loss=0.0301  blind_MSE=0.0300  density=0.0178 vx=0.0714 vy=0.0220 var=0.0087
           ↑ new best (0.0300) -> varnet_best.pt
[epoch  16] loss=0.0270  blind_MSE=0.0299  density=0.0175 vx=0.0712 vy=0.0220 var=0.0087
           ↑ new best (0.0299) -> varnet_best.pt
[epoch  17] loss=0.0262  blind_MSE=0.0297  density=0.0173 vx=0.0707 vy=0.0220 var=0.0087
           ↑ new best (0.0297) -> varnet_best.pt
[epoch  18] loss=0.0295  blind_MSE=0.0296  density=0.0172 vx=0.0704 vy=0.0219 var=0.0087
           ↑ new best (0.0296) -> varnet_best.pt
[epoch  19] loss=0.0265  blind_MSE=0.0295  density=0.0172 vx=0.0704 vy=0.0218 var=0.0087
           ↑ new best (0.0295) -> varnet_best.pt
[epoch  20] loss=0.0281  blind_MSE=0.0295  density=0.0171 vx=0.0702 vy=0.0219 var=0.0087
           ↑ new best (0.0295) -> varnet_best.pt
[epoch  21] loss=0.0269  blind_MSE=0.0294  density=0.0171 vx=0.0699 vy=0.0218 var=0.0087
           ↑ new best (0.0294) -> varnet_best.pt
[epoch  22] loss=0.0277  blind_MSE=0.0292  density=0.0170 vx=0.0694 vy=0.0217 var=0.0087
           ↑ new best (0.0292) -> varnet_best.pt
[epoch  23] loss=0.0271  blind_MSE=0.0292  density=0.0171 vx=0.0694 vy=0.0218 var=0.0087
[epoch  24] loss=0.0277  blind_MSE=0.0291  density=0.0170 vx=0.0692 vy=0.0217 var=0.0087
           ↑ new best (0.0291) -> varnet_best.pt
[schedule] epoch 25: n_iter -> 10, lr -> 0.0007
[epoch  25] loss=0.0270  blind_MSE=0.0288  density=0.0169 vx=0.0680 vy=0.0216 var=0.0087
           ↑ new best (0.0288) -> varnet_best.pt
[epoch  26] loss=0.0261  blind_MSE=0.0286  density=0.0168 vx=0.0675 vy=0.0215 var=0.0087
           ↑ new best (0.0286) -> varnet_best.pt
[epoch  27] loss=0.0277  blind_MSE=0.0286  density=0.0168 vx=0.0674 vy=0.0216 var=0.0087
           ↑ new best (0.0286) -> varnet_best.pt
[epoch  28] loss=0.0272  blind_MSE=0.0285  density=0.0167 vx=0.0669 vy=0.0215 var=0.0087
           ↑ new best (0.0285) -> varnet_best.pt
[epoch  29] loss=0.0287  blind_MSE=0.0285  density=0.0167 vx=0.0670 vy=0.0215 var=0.0087
           ↑ new best (0.0285) -> varnet_best.pt
[epoch  30] loss=0.0284  blind_MSE=0.0284  density=0.0167 vx=0.0668 vy=0.0215 var=0.0087
           ↑ new best (0.0284) -> varnet_best.pt
[epoch  31] loss=0.0255  blind_MSE=0.0284  density=0.0166 vx=0.0666 vy=0.0215 var=0.0087
           ↑ new best (0.0284) -> varnet_best.pt
[epoch  32] loss=0.0290  blind_MSE=0.0284  density=0.0166 vx=0.0666 vy=0.0215 var=0.0087
[epoch  33] loss=0.0250  blind_MSE=0.0283  density=0.0166 vx=0.0663 vy=0.0215 var=0.0087
           ↑ new best (0.0283) -> varnet_best.pt
[epoch  34] loss=0.0291  blind_MSE=0.0283  density=0.0165 vx=0.0664 vy=0.0216 var=0.0087
[epoch  35] loss=0.0285  blind_MSE=0.0282  density=0.0164 vx=0.0662 vy=0.0215 var=0.0087
           ↑ new best (0.0282) -> varnet_best.pt
[epoch  36] loss=0.0276  blind_MSE=0.0283  density=0.0164 vx=0.0664 vy=0.0216 var=0.0087
[epoch  37] loss=0.0278  blind_MSE=0.0282  density=0.0164 vx=0.0661 vy=0.0216 var=0.0087
           ↑ new best (0.0282) -> varnet_best.pt
[epoch  38] loss=0.0275  blind_MSE=0.0281  density=0.0164 vx=0.0659 vy=0.0216 var=0.0087
           ↑ new best (0.0281) -> varnet_best.pt
[epoch  39] loss=0.0266  blind_MSE=0.0281  density=0.0163 vx=0.0658 vy=0.0216 var=0.0087
           ↑ new best (0.0281) -> varnet_best.pt
[epoch  40] loss=0.0284  blind_MSE=0.0280  density=0.0163 vx=0.0657 vy=0.0216 var=0.0087
           ↑ new best (0.0280) -> varnet_best.pt
[epoch  41] loss=0.0271  blind_MSE=0.0280  density=0.0162 vx=0.0656 vy=0.0216 var=0.0087
           ↑ new best (0.0280) -> varnet_best.pt
[epoch  42] loss=0.0285  blind_MSE=0.0280  density=0.0162 vx=0.0653 vy=0.0216 var=0.0087
           ↑ new best (0.0280) -> varnet_best.pt
[epoch  43] loss=0.0282  blind_MSE=0.0280  density=0.0162 vx=0.0653 vy=0.0216 var=0.0087
           ↑ new best (0.0280) -> varnet_best.pt
[epoch  44] loss=0.0265  blind_MSE=0.0279  density=0.0161 vx=0.0651 vy=0.0216 var=0.0087
           ↑ new best (0.0279) -> varnet_best.pt
[epoch  45] loss=0.0280  blind_MSE=0.0279  density=0.0161 vx=0.0651 vy=0.0216 var=0.0087
[epoch  46] loss=0.0280  blind_MSE=0.0279  density=0.0161 vx=0.0651 vy=0.0217 var=0.0087
[epoch  47] loss=0.0265  blind_MSE=0.0278  density=0.0160 vx=0.0648 vy=0.0216 var=0.0087
           ↑ new best (0.0278) -> varnet_best.pt
[2026-09-09T18:47:08.005] error: *** JOB 20166673 ON gpu55 CANCELLED AT 2026-09-09T18:47:08 DUE TO TIME LIMIT ***
