Submitted batch job 20086287
[chain] submitted successor (afterany:20085562)
NVIDIA H200
[obs] obs_every_k = 1  (每帧观测,对齐 EnKF 项目)
[data] 6298 windows of (4, 200, 36, 12)  device=cuda
[model] params=3,945,942 (GENN prior 9,420 = 0.24%; the rest is the solver's ConvLSTM)  loss=nll  n_iter=15  amp=True
[seed] init=4  data=0
[var] AUGMENTED STATE: log sigma^2 iterated with x over 15 steps; prior term of J is a Gaussian log-likelihood of the prior residual   eps=1e-06
[schedule] ep0→5it@lr0.001  ep25→10it@lr0.0007  ep50→15it@lr0.0005  ep75→20it@lr0.0003
[resume] loaded runs/varnet_aug0_s4/varnet_last.pt: continuing from epoch 125 (step 24625)
[best] previous best blind MSE = 0.0475
[schedule] epoch 125: n_iter -> 20, lr -> 0.0003
[epoch 125] loss=-2.4051  盲区MSE=0.0501  density=0.0183 vx=0.1474 vy=0.0260 var=0.0088
[epoch 126] loss=-2.3447  盲区MSE=0.0500  density=0.0183 vx=0.1468 vy=0.0260 var=0.0088
[epoch 127] loss=-2.3575  盲区MSE=0.0501  density=0.0183 vx=0.1473 vy=0.0260 var=0.0088
[epoch 128] loss=-2.3189  盲区MSE=0.0501  density=0.0185 vx=0.1473 vy=0.0260 var=0.0088
[epoch 129] loss=-2.2867  盲区MSE=0.0499  density=0.0184 vx=0.1465 vy=0.0259 var=0.0088
[epoch 130] loss=-2.3936  盲区MSE=0.0499  density=0.0183 vx=0.1468 vy=0.0259 var=0.0088
[epoch 131] loss=-2.3513  盲区MSE=0.0498  density=0.0183 vx=0.1463 vy=0.0259 var=0.0088
[epoch 132] loss=-2.3492  盲区MSE=0.0500  density=0.0183 vx=0.1469 vy=0.0260 var=0.0088
[epoch 133] loss=-2.3488  盲区MSE=0.0501  density=0.0183 vx=0.1472 vy=0.0260 var=0.0088
[epoch 134] loss=-2.1609  盲区MSE=0.0506  density=0.0186 vx=0.1488 vy=0.0262 var=0.0088
[epoch 135] loss=-2.3644  盲区MSE=0.0503  density=0.0184 vx=0.1482 vy=0.0260 var=0.0088
[epoch 136] loss=-2.4276  盲区MSE=0.0500  density=0.0183 vx=0.1471 vy=0.0260 var=0.0088
[epoch 137] loss=-2.3295  盲区MSE=0.0502  density=0.0184 vx=0.1474 vy=0.0261 var=0.0088
[epoch 138] loss=-2.3634  盲区MSE=0.0504  density=0.0184 vx=0.1484 vy=0.0261 var=0.0088
[epoch 139] loss=-2.3968  盲区MSE=0.0500  density=0.0183 vx=0.1470 vy=0.0260 var=0.0088
[epoch 140] loss=-2.3594  盲区MSE=0.0501  density=0.0183 vx=0.1472 vy=0.0260 var=0.0088
[epoch 141] loss=-2.3306  盲区MSE=0.0500  density=0.0184 vx=0.1470 vy=0.0260 var=0.0088
[epoch 142] loss=-2.3059  盲区MSE=0.0500  density=0.0184 vx=0.1466 vy=0.0261 var=0.0088
[epoch 143] loss=-2.3401  盲区MSE=0.0499  density=0.0183 vx=0.1467 vy=0.0260 var=0.0088
[epoch 144] loss=-2.3662  盲区MSE=0.0501  density=0.0183 vx=0.1473 vy=0.0260 var=0.0088
[epoch 145] loss=-2.3415  盲区MSE=0.0501  density=0.0184 vx=0.1474 vy=0.0260 var=0.0088
[epoch 146] loss=-2.3115  盲区MSE=0.0501  density=0.0183 vx=0.1472 vy=0.0260 var=0.0088
[2026-09-06T09:03:18.010] error: *** JOB 20085562 ON gpu59 CANCELLED AT 2026-09-06T09:03:18 DUE TO TIME LIMIT ***
