Submitted batch job 20229483
[chain] submitted successor (afterany:20224662)
NVIDIA H200
[obs] obs_every_k = 1  (observed every frame, matching the EnKF project)
[data] 6298 windows of (4, 200, 36, 12)  device=cuda
[model] params=3,990,742 (GENN prior 54,220 = 1.36%; the rest is the solver's ConvLSTM)  loss=nll  n_iter=15  amp=True
[seed] init=1  data=0
[var] AUGMENTED STATE: log sigma^2 iterated with x over 15 steps; prior term of J is a Gaussian log-likelihood of the prior residual   eps=1e-06
[schedule] ep0→5it@lr0.001  ep25→10it@lr0.0007  ep50→15it@lr0.0005  ep75→20it@lr0.0003
[resume] loaded runs/varnet_aug0_h96_s1/varnet_last.pt: continuing from epoch 132 (step 26004)
[best] previous best blind MSE = 0.0498
[schedule] epoch 132: n_iter -> 20, lr -> 0.0003
[epoch 132] loss=2.5994  blind_MSE=0.1323  density=0.0408 vx=0.4098 vy=0.0674 var=0.0112
[epoch 133] loss=-2.2307  blind_MSE=0.0530  density=0.0195 vx=0.1562 vy=0.0275 var=0.0087
[epoch 134] loss=-2.3565  blind_MSE=0.0526  density=0.0191 vx=0.1551 vy=0.0273 var=0.0087
[epoch 135] loss=-2.4688  blind_MSE=0.0520  density=0.0190 vx=0.1533 vy=0.0272 var=0.0087
[epoch 136] loss=-2.4014  blind_MSE=0.0520  density=0.0189 vx=0.1531 vy=0.0271 var=0.0087
[epoch 137] loss=-2.3749  blind_MSE=0.0518  density=0.0189 vx=0.1527 vy=0.0270 var=0.0087
[epoch 138] loss=-2.3670  blind_MSE=0.0518  density=0.0189 vx=0.1524 vy=0.0270 var=0.0087
[epoch 139] loss=-2.4078  blind_MSE=0.0521  density=0.0190 vx=0.1533 vy=0.0273 var=0.0087
[epoch 140] loss=-2.4010  blind_MSE=0.0518  density=0.0189 vx=0.1524 vy=0.0270 var=0.0087
[epoch 141] loss=-2.4319  blind_MSE=0.0517  density=0.0189 vx=0.1522 vy=0.0270 var=0.0087
[epoch 142] loss=-2.3764  blind_MSE=0.0519  density=0.0190 vx=0.1526 vy=0.0272 var=0.0087
[epoch 143] loss=-2.4432  blind_MSE=0.0517  density=0.0189 vx=0.1520 vy=0.0270 var=0.0087
[epoch 144] loss=-2.4465  blind_MSE=0.0519  density=0.0190 vx=0.1526 vy=0.0271 var=0.0087
[epoch 145] loss=-2.4322  blind_MSE=0.0517  density=0.0189 vx=0.1522 vy=0.0270 var=0.0087
[epoch 146] loss=-2.3973  blind_MSE=0.0516  density=0.0188 vx=0.1519 vy=0.0269 var=0.0087
[epoch 147] loss=-2.4224  blind_MSE=0.0516  density=0.0188 vx=0.1520 vy=0.0269 var=0.0087
[epoch 148] loss=-1.8195  blind_MSE=0.0540  density=0.0199 vx=0.1573 vy=0.0299 var=0.0088
[epoch 149] loss=-2.4165  blind_MSE=0.0523  density=0.0192 vx=0.1542 vy=0.0271 var=0.0087
[done] checkpoints + metrics in runs/varnet_aug0_h96_s1
