[chain] NOCHAIN=1 -- running only this segment, no successor queued
NVIDIA H200
[obs] obs_every_k = 1  (observed every frame, matching the EnKF project)
[obs] trajectory_mode = per_day  (base data seed 0)
[data] 6298 windows of (4, 200, 36, 12)  device=cuda
[model] params=4,630,742 (GENN prior 54,220 = 1.17%; the rest is the solver's ConvLSTM)  loss=nll  n_iter=15  amp=True
[seed] init=0  data=0
[var] AUGMENTED STATE: log sigma^2 iterated with x over 15 steps; prior term of J is a Gaussian log-likelihood of the prior residual; observation term too (shared sigma); sigma^2 update from its own head on [h, x]   eps=1e-06
[schedule] ep0→5it@lr0.001  ep25→10it@lr0.0007  ep50→15it@lr0.0005  ep75→20it@lr0.0003
[schedule] epoch 0: n_iter -> 5, lr -> 0.001
[epoch   0] loss=-1.6276  blind_MSE=0.0784  density=0.0229 vx=0.2450 vy=0.0364 var=0.0092
           ↑ new best (0.0784) -> varnet_best.pt
[epoch   1] loss=-1.8503  blind_MSE=0.0722  density=0.0225 vx=0.2276 vy=0.0297 var=0.0091
           ↑ new best (0.0722) -> varnet_best.pt
[epoch   2] loss=-1.8430  blind_MSE=0.0692  density=0.0216 vx=0.2186 vy=0.0275 var=0.0091
           ↑ new best (0.0692) -> varnet_best.pt
[epoch   3] loss=-1.9151  blind_MSE=0.0665  density=0.0209 vx=0.2093 vy=0.0268 var=0.0091
           ↑ new best (0.0665) -> varnet_best.pt
[epoch   4] loss=-1.9619  blind_MSE=0.0649  density=0.0206 vx=0.2035 vy=0.0263 var=0.0091
           ↑ new best (0.0649) -> varnet_best.pt
[epoch   5] loss=-1.9300  blind_MSE=0.0612  density=0.0202 vx=0.1897 vy=0.0259 var=0.0091
           ↑ new best (0.0612) -> varnet_best.pt
[epoch   6] loss=-1.9518  blind_MSE=0.0577  density=0.0198 vx=0.1763 vy=0.0255 var=0.0091
           ↑ new best (0.0577) -> varnet_best.pt
[epoch   7] loss=-2.0249  blind_MSE=0.0564  density=0.0196 vx=0.1714 vy=0.0254 var=0.0091
           ↑ new best (0.0564) -> varnet_best.pt
[epoch   8] loss=-2.0700  blind_MSE=0.0552  density=0.0192 vx=0.1676 vy=0.0250 var=0.0091
           ↑ new best (0.0552) -> varnet_best.pt
[epoch   9] loss=-2.0459  blind_MSE=0.0545  density=0.0189 vx=0.1650 vy=0.0250 var=0.0091
           ↑ new best (0.0545) -> varnet_best.pt
[epoch  10] loss=-2.0155  blind_MSE=0.0533  density=0.0188 vx=0.1605 vy=0.0247 var=0.0091
           ↑ new best (0.0533) -> varnet_best.pt
[epoch  11] loss=-2.0401  blind_MSE=0.0522  density=0.0188 vx=0.1565 vy=0.0246 var=0.0091
           ↑ new best (0.0522) -> varnet_best.pt
[epoch  12] loss=-2.0870  blind_MSE=0.0516  density=0.0187 vx=0.1542 vy=0.0243 var=0.0091
           ↑ new best (0.0516) -> varnet_best.pt
[epoch  13] loss=-2.0959  blind_MSE=0.0512  density=0.0187 vx=0.1531 vy=0.0241 var=0.0091
           ↑ new best (0.0512) -> varnet_best.pt
[epoch  14] loss=-2.0841  blind_MSE=0.0514  density=0.0185 vx=0.1535 vy=0.0245 var=0.0092
[epoch  15] loss=-1.9279  blind_MSE=0.0532  density=0.0190 vx=0.1592 vy=0.0253 var=0.0092
[epoch  16] loss=-2.0504  blind_MSE=0.0526  density=0.0187 vx=0.1578 vy=0.0248 var=0.0092
[epoch  17] loss=-1.9490  blind_MSE=0.0524  density=0.0189 vx=0.1570 vy=0.0247 var=0.0091
[epoch  18] loss=-2.0995  blind_MSE=0.0516  density=0.0188 vx=0.1541 vy=0.0243 var=0.0091
[epoch  19] loss=-2.0832  blind_MSE=0.0509  density=0.0187 vx=0.1517 vy=0.0240 var=0.0091
           ↑ new best (0.0509) -> varnet_best.pt
[epoch  20] loss=-2.0723  blind_MSE=0.0508  density=0.0188 vx=0.1515 vy=0.0239 var=0.0091
           ↑ new best (0.0508) -> varnet_best.pt
[epoch  21] loss=-2.0946  blind_MSE=0.0506  density=0.0189 vx=0.1503 vy=0.0239 var=0.0091
           ↑ new best (0.0506) -> varnet_best.pt
[epoch  22] loss=-2.1102  blind_MSE=0.0504  density=0.0187 vx=0.1498 vy=0.0239 var=0.0091
           ↑ new best (0.0504) -> varnet_best.pt
[epoch  23] loss=-2.1032  blind_MSE=0.0500  density=0.0187 vx=0.1485 vy=0.0237 var=0.0091
           ↑ new best (0.0500) -> varnet_best.pt
[epoch  24] loss=-2.1352  blind_MSE=0.0508  density=0.0186 vx=0.1515 vy=0.0242 var=0.0091
[schedule] epoch 25: n_iter -> 10, lr -> 0.0007
[epoch  25] loss=-2.1099  blind_MSE=0.0505  density=0.0188 vx=0.1500 vy=0.0240 var=0.0090
[epoch  26] loss=-2.0530  blind_MSE=0.0495  density=0.0186 vx=0.1467 vy=0.0236 var=0.0091
           ↑ new best (0.0495) -> varnet_best.pt
[epoch  27] loss=-2.1511  blind_MSE=0.0494  density=0.0184 vx=0.1467 vy=0.0235 var=0.0091
           ↑ new best (0.0494) -> varnet_best.pt
[epoch  28] loss=-2.1542  blind_MSE=0.0494  density=0.0187 vx=0.1462 vy=0.0236 var=0.0091
           ↑ new best (0.0494) -> varnet_best.pt
[epoch  29] loss=-2.0664  blind_MSE=0.0497  density=0.0185 vx=0.1476 vy=0.0237 var=0.0091
[epoch  30] loss=-2.1192  blind_MSE=0.0501  density=0.0188 vx=0.1492 vy=0.0235 var=0.0091
[epoch  31] loss=-2.0627  blind_MSE=0.0499  density=0.0190 vx=0.1479 vy=0.0238 var=0.0091
[epoch  32] loss=-2.1350  blind_MSE=0.0507  density=0.0191 vx=0.1500 vy=0.0246 var=0.0091
[epoch  33] loss=-2.0022  blind_MSE=0.0519  density=0.0192 vx=0.1548 vy=0.0245 var=0.0091
[epoch  34] loss=-2.1056  blind_MSE=0.0515  density=0.0192 vx=0.1533 vy=0.0244 var=0.0091
[epoch  35] loss=-2.1013  blind_MSE=0.0499  density=0.0189 vx=0.1474 vy=0.0242 var=0.0091
[epoch  36] loss=-2.0765  blind_MSE=0.0504  density=0.0189 vx=0.1494 vy=0.0243 var=0.0091
[epoch  37] loss=-2.1158  blind_MSE=0.0503  density=0.0190 vx=0.1493 vy=0.0239 var=0.0091
[epoch  38] loss=-2.1062  blind_MSE=0.0501  density=0.0185 vx=0.1486 vy=0.0243 var=0.0091
[epoch  39] loss=-2.1362  blind_MSE=0.0506  density=0.0189 vx=0.1498 vy=0.0246 var=0.0091
[epoch  40] loss=-2.0562  blind_MSE=0.0517  density=0.0192 vx=0.1541 vy=0.0243 var=0.0091
[epoch  41] loss=-2.1547  blind_MSE=0.0503  density=0.0190 vx=0.1491 vy=0.0241 var=0.0091
[epoch  42] loss=-2.1490  blind_MSE=0.0498  density=0.0188 vx=0.1473 vy=0.0238 var=0.0091
[epoch  43] loss=-2.1018  blind_MSE=0.0501  density=0.0186 vx=0.1483 vy=0.0244 var=0.0091
[epoch  44] loss=-2.1596  blind_MSE=0.0499  density=0.0186 vx=0.1483 vy=0.0237 var=0.0091
[epoch  45] loss=-2.1621  blind_MSE=0.0506  density=0.0187 vx=0.1499 vy=0.0248 var=0.0091
[epoch  46] loss=-2.0818  blind_MSE=0.0504  density=0.0188 vx=0.1498 vy=0.0238 var=0.0091
[2026-09-20T15:24:17.004] error: *** JOB 20354012 ON gpu58 CANCELLED AT 2026-09-20T15:24:17 DUE TO TIME LIMIT ***
