Submitted batch job 19758360
[chain] submitted successor (afterany:19756575)
NVIDIA H200
[obs] obs_every_k = 1  (每帧观测,对齐 EnKF 项目)
[data] 6298 windows of (4, 200, 36, 12)  device=cuda
[model] params=2,051,542 (GENN prior 9,420 = 0.46%; the rest is the solver's ConvLSTM)  loss=nll  n_iter=15  amp=True
[seed] init=4  data=0
[var-head] 548 params   sigma^2 = obs_var + softplus(head),  obs_var = [0.003239, 0.099055, 0.007424, 4.2e-05]   beta=1.0
[schedule] ep0→5it@lr0.001  ep25→10it@lr0.0007  ep50→15it@lr0.0005  ep75→20it@lr0.0003
[resume] loaded runs/varnet_ml5_s4/varnet_last.pt: continuing from epoch 103 (step 20291)
[best] previous best blind MSE = 0.0291
[schedule] epoch 103: n_iter -> 20, lr -> 0.0003
[epoch 103] loss=-0.0312  盲区MSE=0.0291  density=0.0216 vx=0.0635 vy=0.0221 var=0.0091
           ↑ new best (0.0291) -> varnet_best.pt
[epoch 104] loss=-0.0308  盲区MSE=0.0291  density=0.0216 vx=0.0637 vy=0.0221 var=0.0091
[epoch 105] loss=-0.0309  盲区MSE=0.0292  density=0.0216 vx=0.0640 vy=0.0221 var=0.0091
[epoch 106] loss=-0.0311  盲区MSE=0.0290  density=0.0216 vx=0.0633 vy=0.0221 var=0.0091
           ↑ new best (0.0290) -> varnet_best.pt
[epoch 107] loss=-0.0312  盲区MSE=0.0291  density=0.0216 vx=0.0637 vy=0.0221 var=0.0090
[epoch 108] loss=-0.0312  盲区MSE=0.0290  density=0.0216 vx=0.0631 vy=0.0221 var=0.0091
           ↑ new best (0.0290) -> varnet_best.pt
[epoch 109] loss=-0.0312  盲区MSE=0.0291  density=0.0216 vx=0.0635 vy=0.0221 var=0.0091
[epoch 110] loss=-0.0310  盲区MSE=0.0290  density=0.0216 vx=0.0634 vy=0.0221 var=0.0091
[epoch 111] loss=-0.0312  盲区MSE=0.0290  density=0.0216 vx=0.0633 vy=0.0221 var=0.0091
[epoch 112] loss=-0.0312  盲区MSE=0.0290  density=0.0216 vx=0.0631 vy=0.0221 var=0.0091
           ↑ new best (0.0290) -> varnet_best.pt
[epoch 113] loss=-0.0307  盲区MSE=0.0290  density=0.0216 vx=0.0632 vy=0.0221 var=0.0091
[epoch 114] loss=-0.0313  盲区MSE=0.0290  density=0.0216 vx=0.0634 vy=0.0221 var=0.0091
[epoch 115] loss=-0.0314  盲区MSE=0.0290  density=0.0216 vx=0.0631 vy=0.0221 var=0.0090
[epoch 116] loss=-0.0313  盲区MSE=0.0290  density=0.0216 vx=0.0632 vy=0.0221 var=0.0091
[epoch 117] loss=-0.0315  盲区MSE=0.0289  density=0.0216 vx=0.0628 vy=0.0221 var=0.0091
           ↑ new best (0.0289) -> varnet_best.pt
[epoch 118] loss=-0.0309  盲区MSE=0.0289  density=0.0216 vx=0.0631 vy=0.0221 var=0.0091
[epoch 119] loss=-0.0317  盲区MSE=0.0290  density=0.0216 vx=0.0632 vy=0.0221 var=0.0091
[epoch 120] loss=-0.0311  盲区MSE=0.0290  density=0.0216 vx=0.0633 vy=0.0221 var=0.0090
[epoch 121] loss=-0.0308  盲区MSE=0.0289  density=0.0216 vx=0.0630 vy=0.0221 var=0.0091
[epoch 122] loss=-0.0313  盲区MSE=0.0290  density=0.0216 vx=0.0631 vy=0.0221 var=0.0090
[epoch 123] loss=-0.0312  盲区MSE=0.0288  density=0.0216 vx=0.0627 vy=0.0221 var=0.0091
           ↑ new best (0.0288) -> varnet_best.pt
[epoch 124] loss=-0.0306  盲区MSE=0.0289  density=0.0216 vx=0.0630 vy=0.0221 var=0.0091
[2026-08-16T00:06:53.008] error: *** JOB 19756575 ON gpu52 CANCELLED AT 2026-08-16T00:06:53 DUE TO TIME LIMIT ***
