Submitted batch job 20225834
[chain] submitted successor (afterany:20224012)
NVIDIA H200
[obs] obs_every_k = 1  (observed every frame, matching the EnKF project)
[data] 6298 windows of (4, 200, 36, 12)  device=cuda
[model] params=2,788,342 (GENN prior 54,220 = 1.94%; the rest is the solver's ConvLSTM)  loss=nll  n_iter=15  amp=True
[seed] init=4  data=0
[var read-out] 692,000 params on the last hidden state   sigma^2 = softplus(out_var(h)) + 1e-06   beta=0.0
[schedule] ep0→5it@lr0.001  ep25→10it@lr0.0007  ep50→15it@lr0.0005  ep75→20it@lr0.0003
[resume] loaded runs/varnet_vsb0_h96_s4/varnet_last.pt: continuing from epoch 110 (step 21670)
[best] previous best blind MSE = 0.0399
[schedule] epoch 110: n_iter -> 20, lr -> 0.0003
[epoch 110] loss=-2.4218  blind_MSE=0.0402  density=0.0180 vx=0.1127 vy=0.0213 var=0.0088
[epoch 111] loss=-2.4496  blind_MSE=0.0401  density=0.0179 vx=0.1125 vy=0.0213 var=0.0088
[epoch 112] loss=-2.4368  blind_MSE=0.0402  density=0.0180 vx=0.1128 vy=0.0213 var=0.0088
[epoch 113] loss=-2.3811  blind_MSE=0.0401  density=0.0179 vx=0.1122 vy=0.0213 var=0.0088
[epoch 114] loss=-2.4062  blind_MSE=0.0401  density=0.0180 vx=0.1122 vy=0.0214 var=0.0088
[epoch 115] loss=-2.4176  blind_MSE=0.0404  density=0.0181 vx=0.1134 vy=0.0214 var=0.0088
[epoch 116] loss=-2.4273  blind_MSE=0.0404  density=0.0179 vx=0.1136 vy=0.0213 var=0.0088
[epoch 117] loss=-2.4517  blind_MSE=0.0403  density=0.0180 vx=0.1129 vy=0.0213 var=0.0088
[epoch 118] loss=-2.4254  blind_MSE=0.0401  density=0.0179 vx=0.1126 vy=0.0213 var=0.0088
[epoch 119] loss=-2.5159  blind_MSE=0.0402  density=0.0179 vx=0.1129 vy=0.0213 var=0.0088
[epoch 120] loss=-2.4197  blind_MSE=0.0402  density=0.0179 vx=0.1128 vy=0.0213 var=0.0088
[epoch 121] loss=-2.4660  blind_MSE=0.0403  density=0.0180 vx=0.1129 vy=0.0213 var=0.0088
[epoch 122] loss=-2.4742  blind_MSE=0.0404  density=0.0179 vx=0.1135 vy=0.0214 var=0.0088
[epoch 123] loss=-2.4945  blind_MSE=0.0402  density=0.0178 vx=0.1128 vy=0.0214 var=0.0088
[epoch 124] loss=-2.4056  blind_MSE=0.0403  density=0.0180 vx=0.1129 vy=0.0214 var=0.0088
[epoch 125] loss=-2.4483  blind_MSE=0.0402  density=0.0181 vx=0.1128 vy=0.0213 var=0.0088
[epoch 126] loss=-2.4212  blind_MSE=0.0402  density=0.0180 vx=0.1128 vy=0.0214 var=0.0088
[epoch 127] loss=-2.4090  blind_MSE=0.0403  density=0.0181 vx=0.1129 vy=0.0213 var=0.0088
[2026-09-12T16:39:54.006] error: *** JOB 20224012 ON gpu55 CANCELLED AT 2026-09-12T16:39:54 DUE TO TIME LIMIT ***
