Submitted batch job 20079868
[chain] submitted successor (afterany:20079850)
NVIDIA H200
[obs] obs_every_k = 1  (每帧观测,对齐 EnKF 项目)
[data] 6298 windows of (4, 200, 36, 12)  device=cuda
[model] params=3,945,942 (GENN prior 9,420 = 0.24%; the rest is the solver's ConvLSTM)  loss=nll  n_iter=15  amp=True
[seed] init=3  data=0
[var] AUGMENTED STATE: log sigma^2 iterated with x over 15 steps; prior term of J is a Gaussian log-likelihood of the prior residual   eps=1e-06
[schedule] ep0→5it@lr0.001  ep25→10it@lr0.0007  ep50→15it@lr0.0005  ep75→20it@lr0.0003
[schedule] epoch 0: n_iter -> 5, lr -> 0.001
[epoch   0] loss=-1.4917  盲区MSE=0.0787  density=0.0226 vx=0.2456 vy=0.0375 var=0.0090
           ↑ new best (0.0787) -> varnet_best.pt
[epoch   1] loss=-1.7150  盲区MSE=0.0753  density=0.0223 vx=0.2345 vy=0.0355 var=0.0087
           ↑ new best (0.0753) -> varnet_best.pt
[epoch   2] loss=-1.8533  盲区MSE=0.0719  density=0.0217 vx=0.2246 vy=0.0325 var=0.0087
           ↑ new best (0.0719) -> varnet_best.pt
[epoch   3] loss=-1.8470  盲区MSE=0.0695  density=0.0199 vx=0.2181 vy=0.0314 var=0.0084
           ↑ new best (0.0695) -> varnet_best.pt
[epoch   4] loss=-1.8804  盲区MSE=0.0666  density=0.0192 vx=0.2094 vy=0.0292 var=0.0084
           ↑ new best (0.0666) -> varnet_best.pt
[epoch   5] loss=-1.9673  盲区MSE=0.0629  density=0.0188 vx=0.1958 vy=0.0283 var=0.0086
           ↑ new best (0.0629) -> varnet_best.pt
[epoch   6] loss=-2.0529  盲区MSE=0.0602  density=0.0185 vx=0.1854 vy=0.0282 var=0.0085
           ↑ new best (0.0602) -> varnet_best.pt
[epoch   7] loss=-1.9862  盲区MSE=0.0592  density=0.0186 vx=0.1816 vy=0.0282 var=0.0086
           ↑ new best (0.0592) -> varnet_best.pt
[epoch   8] loss=-2.0160  盲区MSE=0.0579  density=0.0185 vx=0.1768 vy=0.0278 var=0.0086
           ↑ new best (0.0579) -> varnet_best.pt
[epoch   9] loss=-2.0753  盲区MSE=0.0563  density=0.0185 vx=0.1709 vy=0.0274 var=0.0086
           ↑ new best (0.0563) -> varnet_best.pt
[epoch  10] loss=-2.0540  盲区MSE=0.0554  density=0.0186 vx=0.1674 vy=0.0271 var=0.0086
           ↑ new best (0.0554) -> varnet_best.pt
[epoch  11] loss=-2.0608  盲区MSE=0.0541  density=0.0187 vx=0.1621 vy=0.0268 var=0.0087
           ↑ new best (0.0541) -> varnet_best.pt
[epoch  12] loss=-2.1289  盲区MSE=0.0538  density=0.0188 vx=0.1611 vy=0.0267 var=0.0087
           ↑ new best (0.0538) -> varnet_best.pt
[epoch  13] loss=-2.0962  盲区MSE=0.0528  density=0.0188 vx=0.1572 vy=0.0266 var=0.0087
           ↑ new best (0.0528) -> varnet_best.pt
[epoch  14] loss=-2.1542  盲区MSE=0.0522  density=0.0188 vx=0.1546 vy=0.0265 var=0.0087
           ↑ new best (0.0522) -> varnet_best.pt
[epoch  15] loss=-2.1689  盲区MSE=0.0518  density=0.0188 vx=0.1532 vy=0.0265 var=0.0087
           ↑ new best (0.0518) -> varnet_best.pt
[epoch  16] loss=-2.2110  盲区MSE=0.0514  density=0.0190 vx=0.1514 vy=0.0264 var=0.0088
           ↑ new best (0.0514) -> varnet_best.pt
[epoch  17] loss=-2.1706  盲区MSE=0.0507  density=0.0188 vx=0.1491 vy=0.0262 var=0.0087
           ↑ new best (0.0507) -> varnet_best.pt
[epoch  18] loss=-2.1397  盲区MSE=0.0505  density=0.0188 vx=0.1480 vy=0.0262 var=0.0087
           ↑ new best (0.0505) -> varnet_best.pt
[epoch  19] loss=-2.1913  盲区MSE=0.0502  density=0.0189 vx=0.1471 vy=0.0261 var=0.0088
           ↑ new best (0.0502) -> varnet_best.pt
[epoch  20] loss=-2.1576  盲区MSE=0.0500  density=0.0189 vx=0.1463 vy=0.0262 var=0.0088
           ↑ new best (0.0500) -> varnet_best.pt
[epoch  21] loss=-2.2179  盲区MSE=0.0499  density=0.0189 vx=0.1458 vy=0.0261 var=0.0087
           ↑ new best (0.0499) -> varnet_best.pt
[epoch  22] loss=-2.2377  盲区MSE=0.0497  density=0.0189 vx=0.1450 vy=0.0261 var=0.0088
           ↑ new best (0.0497) -> varnet_best.pt
[epoch  23] loss=-2.2180  盲区MSE=0.0496  density=0.0188 vx=0.1448 vy=0.0260 var=0.0087
           ↑ new best (0.0496) -> varnet_best.pt
[epoch  24] loss=-2.2155  盲区MSE=0.0498  density=0.0189 vx=0.1454 vy=0.0262 var=0.0088
[schedule] epoch 25: n_iter -> 10, lr -> 0.0007
[epoch  25] loss=-2.1726  盲区MSE=0.0505  density=0.0190 vx=0.1475 vy=0.0265 var=0.0088
[epoch  26] loss=-2.1624  盲区MSE=0.0512  density=0.0193 vx=0.1501 vy=0.0268 var=0.0088
[epoch  27] loss=-2.1745  盲区MSE=0.0503  density=0.0190 vx=0.1471 vy=0.0265 var=0.0088
[epoch  28] loss=-2.2076  盲区MSE=0.0498  density=0.0190 vx=0.1453 vy=0.0263 var=0.0088
[epoch  29] loss=-2.2603  盲区MSE=0.0497  density=0.0190 vx=0.1448 vy=0.0262 var=0.0088
[epoch  30] loss=-2.1692  盲区MSE=0.0499  density=0.0190 vx=0.1458 vy=0.0260 var=0.0088
[epoch  31] loss=-2.3103  盲区MSE=0.0496  density=0.0189 vx=0.1445 vy=0.0261 var=0.0088
           ↑ new best (0.0496) -> varnet_best.pt
[epoch  32] loss=-2.2317  盲区MSE=0.0500  density=0.0190 vx=0.1459 vy=0.0263 var=0.0088
[epoch  33] loss=-2.2696  盲区MSE=0.0496  density=0.0190 vx=0.1447 vy=0.0261 var=0.0088
[epoch  34] loss=-2.1963  盲区MSE=0.0496  density=0.0190 vx=0.1446 vy=0.0261 var=0.0088
[epoch  35] loss=-2.2628  盲区MSE=0.0498  density=0.0190 vx=0.1452 vy=0.0262 var=0.0088
[epoch  36] loss=-2.2556  盲区MSE=0.0494  density=0.0190 vx=0.1436 vy=0.0260 var=0.0088
           ↑ new best (0.0494) -> varnet_best.pt
[epoch  37] loss=-2.2625  盲区MSE=0.0498  density=0.0190 vx=0.1454 vy=0.0261 var=0.0088
[epoch  38] loss=-2.3496  盲区MSE=0.0495  density=0.0189 vx=0.1444 vy=0.0260 var=0.0088
[epoch  39] loss=-2.2744  盲区MSE=0.0496  density=0.0190 vx=0.1445 vy=0.0261 var=0.0088
[epoch  40] loss=-2.3300  盲区MSE=0.0496  density=0.0191 vx=0.1444 vy=0.0261 var=0.0088
[epoch  41] loss=-2.3341  盲区MSE=0.0496  density=0.0191 vx=0.1444 vy=0.0262 var=0.0088
[epoch  42] loss=-2.2566  盲区MSE=0.0495  density=0.0190 vx=0.1442 vy=0.0261 var=0.0088
[epoch  43] loss=-2.2860  盲区MSE=0.0495  density=0.0190 vx=0.1441 vy=0.0260 var=0.0088
[epoch  44] loss=-2.1919  盲区MSE=0.0497  density=0.0191 vx=0.1451 vy=0.0261 var=0.0088
[epoch  45] loss=-2.3025  盲区MSE=0.0496  density=0.0190 vx=0.1446 vy=0.0259 var=0.0088
[epoch  46] loss=-2.3641  盲区MSE=0.0495  density=0.0190 vx=0.1443 vy=0.0260 var=0.0088
[epoch  47] loss=-2.2925  盲区MSE=0.0504  density=0.0192 vx=0.1472 vy=0.0263 var=0.0088
[epoch  48] loss=-2.2507  盲区MSE=0.0501  density=0.0191 vx=0.1465 vy=0.0262 var=0.0088
[epoch  49] loss=-2.2825  盲区MSE=0.0499  density=0.0191 vx=0.1455 vy=0.0261 var=0.0088
[schedule] epoch 50: n_iter -> 15, lr -> 0.0005
[epoch  50] loss=-2.3134  盲区MSE=0.0501  density=0.0191 vx=0.1463 vy=0.0261 var=0.0088
[epoch  51] loss=-2.3623  盲区MSE=0.0499  density=0.0191 vx=0.1458 vy=0.0261 var=0.0088
[epoch  52] loss=-2.3170  盲区MSE=0.0500  density=0.0191 vx=0.1460 vy=0.0260 var=0.0088
[epoch  53] loss=-2.2454  盲区MSE=0.0499  density=0.0191 vx=0.1458 vy=0.0260 var=0.0088
[2026-09-05T14:48:29.004] error: *** JOB 20079850 ON gpu60 CANCELLED AT 2026-09-05T14:48:29 DUE TO TIME LIMIT ***
