Submitted batch job 19750108
[chain] submitted successor (afterany:19748725)
NVIDIA H200
[obs] obs_every_k = 1  (每帧观测,对齐 EnKF 项目)
[data] 6298 windows of (4, 200, 36, 12)  device=cuda
[model] params=2,051,542 (GENN prior 9,420 = 0.46%; the rest is the solver's ConvLSTM)  loss=nll  n_iter=15  amp=True
[seed] init=0  data=0
[var-head] 548 params   sigma^2 = obs_var + softplus(head),  obs_var = [0.003239, 0.099055, 0.007424, 4.2e-05]   beta=1.0
[schedule] ep0→5it@lr0.001  ep25→10it@lr0.0007  ep50→15it@lr0.0005  ep75→20it@lr0.0003
[resume] loaded runs/varnet_ml5_s0/varnet_last.pt: continuing from epoch 82 (step 16154)
[best] previous best blind MSE = 0.0292
[schedule] epoch 82: n_iter -> 20, lr -> 0.0003
[epoch  82] loss=-0.0312  盲区MSE=0.0292  density=0.0225 vx=0.0624 vy=0.0226 var=0.0090
           ↑ new best (0.0292) -> varnet_best.pt
[epoch  83] loss=-0.0312  盲区MSE=0.0292  density=0.0225 vx=0.0627 vy=0.0226 var=0.0090
[epoch  84] loss=-0.0310  盲区MSE=0.0292  density=0.0225 vx=0.0624 vy=0.0226 var=0.0090
[epoch  85] loss=-0.0304  盲区MSE=0.0291  density=0.0225 vx=0.0621 vy=0.0226 var=0.0090
           ↑ new best (0.0291) -> varnet_best.pt
[epoch  86] loss=-0.0313  盲区MSE=0.0291  density=0.0225 vx=0.0624 vy=0.0226 var=0.0090
[epoch  87] loss=-0.0311  盲区MSE=0.0290  density=0.0225 vx=0.0620 vy=0.0226 var=0.0090
           ↑ new best (0.0290) -> varnet_best.pt
[epoch  88] loss=-0.0307  盲区MSE=0.0290  density=0.0225 vx=0.0619 vy=0.0226 var=0.0090
           ↑ new best (0.0290) -> varnet_best.pt
[epoch  89] loss=-0.0309  盲区MSE=0.0290  density=0.0225 vx=0.0620 vy=0.0226 var=0.0090
[epoch  90] loss=-0.0310  盲区MSE=0.0290  density=0.0225 vx=0.0619 vy=0.0226 var=0.0090
           ↑ new best (0.0290) -> varnet_best.pt
[epoch  91] loss=-0.0310  盲区MSE=0.0290  density=0.0225 vx=0.0619 vy=0.0226 var=0.0090
[epoch  92] loss=-0.0309  盲区MSE=0.0290  density=0.0225 vx=0.0619 vy=0.0226 var=0.0090
[epoch  93] loss=-0.0310  盲区MSE=0.0291  density=0.0225 vx=0.0621 vy=0.0226 var=0.0090
[epoch  94] loss=-0.0305  盲区MSE=0.0290  density=0.0225 vx=0.0617 vy=0.0226 var=0.0090
           ↑ new best (0.0290) -> varnet_best.pt
[epoch  95] loss=-0.0310  盲区MSE=0.0290  density=0.0225 vx=0.0617 vy=0.0226 var=0.0090
           ↑ new best (0.0290) -> varnet_best.pt
[epoch  96] loss=-0.0298  盲区MSE=0.0289  density=0.0225 vx=0.0615 vy=0.0226 var=0.0090
           ↑ new best (0.0289) -> varnet_best.pt
[epoch  97] loss=-0.0311  盲区MSE=0.0289  density=0.0225 vx=0.0614 vy=0.0226 var=0.0090
           ↑ new best (0.0289) -> varnet_best.pt
[epoch  98] loss=-0.0305  盲区MSE=0.0289  density=0.0225 vx=0.0615 vy=0.0226 var=0.0090
[epoch  99] loss=-0.0309  盲区MSE=0.0289  density=0.0225 vx=0.0615 vy=0.0226 var=0.0090
[epoch 100] loss=-0.0300  盲区MSE=0.0289  density=0.0225 vx=0.0615 vy=0.0226 var=0.0090
[epoch 101] loss=-0.0312  盲区MSE=0.0289  density=0.0225 vx=0.0615 vy=0.0226 var=0.0090
[epoch 102] loss=-0.0307  盲区MSE=0.0289  density=0.0225 vx=0.0614 vy=0.0226 var=0.0090
           ↑ new best (0.0289) -> varnet_best.pt
[epoch 103] loss=-0.0311  盲区MSE=0.0288  density=0.0225 vx=0.0613 vy=0.0226 var=0.0090
           ↑ new best (0.0288) -> varnet_best.pt
[2026-08-15T09:04:52.005] error: *** JOB 19748725 ON gpu52 CANCELLED AT 2026-08-15T09:04:52 DUE TO TIME LIMIT ***
