Submitted batch job 20366813
[chain] submitted successor (afterany:20365727)
NVIDIA H200
[obs] obs_every_k = 1  (observed every frame, matching the EnKF project)
[obs] trajectory_mode = per_day  (base data seed 0)
[data] 6298 windows of (4, 200, 36, 12)  device=cuda
[model] params=4,630,742 (GENN prior 54,220 = 1.17%; the rest is the solver's ConvLSTM)  loss=nll  n_iter=15  amp=True
[seed] init=0  data=0
[var] AUGMENTED STATE: log sigma^2 iterated with x over 15 steps; prior term of J is a Gaussian log-likelihood of the prior residual; observation term too (shared sigma); sigma^2 update from its own head on [h, x]   eps=1e-06
[schedule] ep0→5it@lr0.001  ep25→10it@lr0.0007  ep50→15it@lr0.0005  ep75→20it@lr0.0003
[resume] loaded runs/varnet_aughead_obs_h96_s0/varnet_last.pt: continuing from epoch 125 (step 24625)
[best] previous best blind MSE = 0.0493
[schedule] epoch 125: n_iter -> 20, lr -> 0.0003
[epoch 125] loss=-1.5976  blind_MSE=0.0564  density=0.0208 vx=0.1662 vy=0.0290 var=0.0096
[epoch 126] loss=-1.6942  blind_MSE=0.0565  density=0.0205 vx=0.1678 vy=0.0282 var=0.0095
[epoch 127] loss=-1.7084  blind_MSE=0.0580  density=0.0206 vx=0.1734 vy=0.0286 var=0.0094
[epoch 128] loss=-1.8343  blind_MSE=0.0544  density=0.0198 vx=0.1613 vy=0.0272 var=0.0093
[epoch 129] loss=-1.8025  blind_MSE=0.0550  density=0.0199 vx=0.1636 vy=0.0270 var=0.0094
[epoch 130] loss=-1.8551  blind_MSE=0.0526  density=0.0195 vx=0.1557 vy=0.0260 var=0.0092
[epoch 131] loss=-1.7808  blind_MSE=0.0534  density=0.0200 vx=0.1578 vy=0.0263 var=0.0093
[epoch 132] loss=-1.8233  blind_MSE=0.0546  density=0.0205 vx=0.1614 vy=0.0271 var=0.0093
[epoch 133] loss=-1.7163  blind_MSE=0.0573  density=0.0218 vx=0.1694 vy=0.0284 var=0.0097
[epoch 134] loss=-1.5561  blind_MSE=0.0600  density=0.0240 vx=0.1765 vy=0.0295 var=0.0100
[epoch 135] loss=-1.6369  blind_MSE=0.0571  density=0.0213 vx=0.1693 vy=0.0280 var=0.0097
[epoch 136] loss=-1.8107  blind_MSE=0.0550  density=0.0207 vx=0.1626 vy=0.0273 var=0.0093
[epoch 137] loss=-1.8383  blind_MSE=0.0538  density=0.0202 vx=0.1596 vy=0.0264 var=0.0092
[epoch 138] loss=-1.8790  blind_MSE=0.0540  density=0.0202 vx=0.1602 vy=0.0263 var=0.0093
[epoch 139] loss=-1.8343  blind_MSE=0.0547  density=0.0202 vx=0.1624 vy=0.0270 var=0.0093
[epoch 140] loss=-1.7812  blind_MSE=0.0547  density=0.0202 vx=0.1626 vy=0.0266 var=0.0092
[epoch 141] loss=-1.8839  blind_MSE=0.0540  density=0.0200 vx=0.1605 vy=0.0263 var=0.0092
[epoch 142] loss=-1.7659  blind_MSE=0.0542  density=0.0205 vx=0.1612 vy=0.0260 var=0.0093
[2026-09-21T10:53:42.004] error: *** JOB 20365727 ON gpu50 CANCELLED AT 2026-09-21T10:53:42 DUE TO TIME LIMIT ***
