Submitted batch job 20224012
[chain] submitted successor (afterany:20204225)
NVIDIA H200
[obs] obs_every_k = 1  (observed every frame, matching the EnKF project)
[data] 6298 windows of (4, 200, 36, 12)  device=cuda
[model] params=2,788,342 (GENN prior 54,220 = 1.94%; the rest is the solver's ConvLSTM)  loss=nll  n_iter=15  amp=True
[seed] init=4  data=0
[var read-out] 692,000 params on the last hidden state   sigma^2 = softplus(out_var(h)) + 1e-06   beta=0.0
[schedule] ep0→5it@lr0.001  ep25→10it@lr0.0007  ep50→15it@lr0.0005  ep75→20it@lr0.0003
[resume] loaded runs/varnet_vsb0_h96_s4/varnet_last.pt: continuing from epoch 92 (step 18124)
[best] previous best blind MSE = 0.0399
[schedule] epoch 92: n_iter -> 20, lr -> 0.0003
[epoch  92] loss=-2.3847  blind_MSE=0.0401  density=0.0180 vx=0.1122 vy=0.0213 var=0.0088
[epoch  93] loss=-2.4160  blind_MSE=0.0401  density=0.0179 vx=0.1123 vy=0.0213 var=0.0088
[epoch  94] loss=-2.3868  blind_MSE=0.0402  density=0.0179 vx=0.1126 vy=0.0213 var=0.0088
[epoch  95] loss=-2.3701  blind_MSE=0.0401  density=0.0178 vx=0.1125 vy=0.0213 var=0.0088
[epoch  96] loss=-2.4096  blind_MSE=0.0401  density=0.0178 vx=0.1125 vy=0.0213 var=0.0088
[epoch  97] loss=-2.4416  blind_MSE=0.0401  density=0.0179 vx=0.1125 vy=0.0213 var=0.0088
[epoch  98] loss=-2.3953  blind_MSE=0.0401  density=0.0179 vx=0.1125 vy=0.0213 var=0.0088
[epoch  99] loss=-2.4265  blind_MSE=0.0401  density=0.0179 vx=0.1123 vy=0.0213 var=0.0088
[epoch 100] loss=-2.3770  blind_MSE=0.0400  density=0.0179 vx=0.1122 vy=0.0213 var=0.0088
[epoch 101] loss=-2.4789  blind_MSE=0.0401  density=0.0179 vx=0.1125 vy=0.0213 var=0.0088
[epoch 102] loss=-2.4023  blind_MSE=0.0401  density=0.0179 vx=0.1125 vy=0.0213 var=0.0088
[epoch 103] loss=-2.4462  blind_MSE=0.0402  density=0.0179 vx=0.1126 vy=0.0213 var=0.0088
[epoch 104] loss=-2.4528  blind_MSE=0.0401  density=0.0179 vx=0.1123 vy=0.0213 var=0.0088
[epoch 105] loss=-2.4456  blind_MSE=0.0402  density=0.0180 vx=0.1127 vy=0.0213 var=0.0088
[epoch 106] loss=-2.4242  blind_MSE=0.0402  density=0.0179 vx=0.1126 vy=0.0214 var=0.0088
[epoch 107] loss=-2.4569  blind_MSE=0.0402  density=0.0180 vx=0.1128 vy=0.0213 var=0.0088
[epoch 108] loss=-2.3671  blind_MSE=0.0402  density=0.0179 vx=0.1127 vy=0.0213 var=0.0088
[epoch 109] loss=-2.3945  blind_MSE=0.0401  density=0.0179 vx=0.1124 vy=0.0213 var=0.0088
[2026-09-12T11:33:16.007] error: *** JOB 20204225 ON gpu61 CANCELLED AT 2026-09-12T11:33:16 DUE TO TIME LIMIT ***
