Submitted batch job 20170803
[chain] submitted successor (afterany:20166679)
NVIDIA H200
[obs] obs_every_k = 1  (observed every frame, matching the EnKF project)
[data] 6298 windows of (4, 200, 36, 12)  device=cuda
[model] params=2,096,342 (GENN prior 54,220 = 2.59%; the rest is the solver's ConvLSTM)  loss=supervised  n_iter=15  amp=True
[seed] init=3  data=0
[schedule] ep0→5it@lr0.001  ep25→10it@lr0.0007  ep50→15it@lr0.0005  ep75→20it@lr0.0003
[schedule] epoch 0: n_iter -> 5, lr -> 0.001
[epoch   0] loss=0.0351  blind_MSE=0.0425  density=0.0224 vx=0.1065 vy=0.0322 var=0.0089
           ↑ new best (0.0425) -> varnet_best.pt
[epoch   1] loss=0.0334  blind_MSE=0.0363  density=0.0222 vx=0.0897 vy=0.0244 var=0.0089
           ↑ new best (0.0363) -> varnet_best.pt
[epoch   2] loss=0.0546  blind_MSE=0.0729  density=0.0238 vx=0.2184 vy=0.0391 var=0.0104
[epoch   3] loss=0.0346  blind_MSE=0.0390  density=0.0227 vx=0.0976 vy=0.0268 var=0.0090
[epoch   4] loss=0.0286  blind_MSE=0.0359  density=0.0223 vx=0.0886 vy=0.0240 var=0.0089
           ↑ new best (0.0359) -> varnet_best.pt
[epoch   5] loss=0.0306  blind_MSE=0.0347  density=0.0221 vx=0.0847 vy=0.0232 var=0.0089
           ↑ new best (0.0347) -> varnet_best.pt
[epoch   6] loss=0.0283  blind_MSE=0.0340  density=0.0220 vx=0.0825 vy=0.0227 var=0.0088
           ↑ new best (0.0340) -> varnet_best.pt
[epoch   7] loss=0.0302  blind_MSE=0.0336  density=0.0219 vx=0.0810 vy=0.0225 var=0.0088
           ↑ new best (0.0336) -> varnet_best.pt
[epoch   8] loss=0.0302  blind_MSE=0.0332  density=0.0217 vx=0.0799 vy=0.0224 var=0.0088
           ↑ new best (0.0332) -> varnet_best.pt
[epoch   9] loss=0.0320  blind_MSE=0.0329  density=0.0214 vx=0.0791 vy=0.0223 var=0.0088
           ↑ new best (0.0329) -> varnet_best.pt
[epoch  10] loss=0.0286  blind_MSE=0.0331  density=0.0211 vx=0.0802 vy=0.0223 var=0.0088
[epoch  11] loss=0.0286  blind_MSE=0.0327  density=0.0208 vx=0.0792 vy=0.0221 var=0.0088
           ↑ new best (0.0327) -> varnet_best.pt
[epoch  12] loss=0.0286  blind_MSE=0.0323  density=0.0206 vx=0.0777 vy=0.0220 var=0.0088
           ↑ new best (0.0323) -> varnet_best.pt
[epoch  13] loss=0.0277  blind_MSE=0.0320  density=0.0204 vx=0.0766 vy=0.0220 var=0.0088
           ↑ new best (0.0320) -> varnet_best.pt
[epoch  14] loss=0.0309  blind_MSE=0.0322  density=0.0203 vx=0.0777 vy=0.0220 var=0.0088
[epoch  15] loss=0.0296  blind_MSE=0.0317  density=0.0199 vx=0.0763 vy=0.0220 var=0.0088
           ↑ new best (0.0317) -> varnet_best.pt
[epoch  16] loss=0.0304  blind_MSE=0.0316  density=0.0196 vx=0.0761 vy=0.0219 var=0.0088
           ↑ new best (0.0316) -> varnet_best.pt
[epoch  17] loss=0.0291  blind_MSE=0.0313  density=0.0193 vx=0.0751 vy=0.0219 var=0.0088
           ↑ new best (0.0313) -> varnet_best.pt
[epoch  18] loss=0.0281  blind_MSE=0.0310  density=0.0190 vx=0.0745 vy=0.0218 var=0.0088
           ↑ new best (0.0310) -> varnet_best.pt
[epoch  19] loss=0.0295  blind_MSE=0.0310  density=0.0188 vx=0.0744 vy=0.0219 var=0.0088
           ↑ new best (0.0310) -> varnet_best.pt
[epoch  20] loss=0.0281  blind_MSE=0.0307  density=0.0187 vx=0.0737 vy=0.0218 var=0.0087
           ↑ new best (0.0307) -> varnet_best.pt
[epoch  21] loss=0.0286  blind_MSE=0.0306  density=0.0186 vx=0.0731 vy=0.0218 var=0.0087
           ↑ new best (0.0306) -> varnet_best.pt
[epoch  22] loss=0.0284  blind_MSE=0.0305  density=0.0184 vx=0.0731 vy=0.0218 var=0.0087
           ↑ new best (0.0305) -> varnet_best.pt
[epoch  23] loss=0.0272  blind_MSE=0.0306  density=0.0182 vx=0.0736 vy=0.0217 var=0.0087
[epoch  24] loss=0.0292  blind_MSE=0.0301  density=0.0179 vx=0.0720 vy=0.0217 var=0.0087
           ↑ new best (0.0301) -> varnet_best.pt
[schedule] epoch 25: n_iter -> 10, lr -> 0.0007
[epoch  25] loss=0.0274  blind_MSE=0.0296  density=0.0176 vx=0.0706 vy=0.0215 var=0.0087
           ↑ new best (0.0296) -> varnet_best.pt
[epoch  26] loss=0.0274  blind_MSE=0.0295  density=0.0175 vx=0.0703 vy=0.0215 var=0.0087
           ↑ new best (0.0295) -> varnet_best.pt
[epoch  27] loss=0.0292  blind_MSE=0.0294  density=0.0173 vx=0.0701 vy=0.0215 var=0.0087
           ↑ new best (0.0294) -> varnet_best.pt
[epoch  28] loss=0.0267  blind_MSE=0.0292  density=0.0172 vx=0.0695 vy=0.0213 var=0.0087
           ↑ new best (0.0292) -> varnet_best.pt
[epoch  29] loss=0.0251  blind_MSE=0.0291  density=0.0171 vx=0.0693 vy=0.0213 var=0.0087
           ↑ new best (0.0291) -> varnet_best.pt
[epoch  30] loss=0.0278  blind_MSE=0.0289  density=0.0170 vx=0.0688 vy=0.0213 var=0.0087
           ↑ new best (0.0289) -> varnet_best.pt
[epoch  31] loss=0.0294  blind_MSE=0.0289  density=0.0170 vx=0.0688 vy=0.0213 var=0.0087
[epoch  32] loss=0.0298  blind_MSE=0.0288  density=0.0169 vx=0.0684 vy=0.0213 var=0.0087
           ↑ new best (0.0288) -> varnet_best.pt
[epoch  33] loss=0.0266  blind_MSE=0.0288  density=0.0168 vx=0.0683 vy=0.0214 var=0.0087
           ↑ new best (0.0288) -> varnet_best.pt
[epoch  34] loss=0.0262  blind_MSE=0.0287  density=0.0168 vx=0.0678 vy=0.0214 var=0.0087
           ↑ new best (0.0287) -> varnet_best.pt
[epoch  35] loss=0.0268  blind_MSE=0.0286  density=0.0168 vx=0.0677 vy=0.0213 var=0.0087
           ↑ new best (0.0286) -> varnet_best.pt
[epoch  36] loss=0.0283  blind_MSE=0.0286  density=0.0167 vx=0.0675 vy=0.0214 var=0.0087
           ↑ new best (0.0286) -> varnet_best.pt
[epoch  37] loss=0.0282  blind_MSE=0.0285  density=0.0167 vx=0.0674 vy=0.0214 var=0.0087
           ↑ new best (0.0285) -> varnet_best.pt
[epoch  38] loss=0.0263  blind_MSE=0.0285  density=0.0167 vx=0.0672 vy=0.0214 var=0.0087
           ↑ new best (0.0285) -> varnet_best.pt
[epoch  39] loss=0.0278  blind_MSE=0.0284  density=0.0166 vx=0.0670 vy=0.0214 var=0.0087
           ↑ new best (0.0284) -> varnet_best.pt
[epoch  40] loss=0.0274  blind_MSE=0.0285  density=0.0165 vx=0.0675 vy=0.0214 var=0.0087
[epoch  41] loss=0.0287  blind_MSE=0.0282  density=0.0164 vx=0.0666 vy=0.0213 var=0.0087
           ↑ new best (0.0282) -> varnet_best.pt
[epoch  42] loss=0.0268  blind_MSE=0.0282  density=0.0163 vx=0.0663 vy=0.0213 var=0.0087
           ↑ new best (0.0282) -> varnet_best.pt
[epoch  43] loss=0.0293  blind_MSE=0.0281  density=0.0163 vx=0.0661 vy=0.0214 var=0.0087
           ↑ new best (0.0281) -> varnet_best.pt
[epoch  44] loss=0.0292  blind_MSE=0.0280  density=0.0162 vx=0.0659 vy=0.0213 var=0.0087
           ↑ new best (0.0280) -> varnet_best.pt
[epoch  45] loss=0.0268  blind_MSE=0.0281  density=0.0163 vx=0.0661 vy=0.0214 var=0.0087
[epoch  46] loss=0.0286  blind_MSE=0.0280  density=0.0162 vx=0.0658 vy=0.0214 var=0.0087
           ↑ new best (0.0280) -> varnet_best.pt
[epoch  47] loss=0.0290  blind_MSE=0.0280  density=0.0162 vx=0.0658 vy=0.0213 var=0.0087
           ↑ new best (0.0280) -> varnet_best.pt
[epoch  48] loss=0.0287  blind_MSE=0.0279  density=0.0162 vx=0.0654 vy=0.0214 var=0.0087
           ↑ new best (0.0279) -> varnet_best.pt
[2026-09-09T19:05:09.006] error: *** JOB 20166679 ON gpu53 CANCELLED AT 2026-09-09T19:05:09 DUE TO TIME LIMIT ***
