Submitted batch job 20204324
[chain] submitted successor (afterany:20204217)
NVIDIA H200
[obs] obs_every_k = 1  (observed every frame, matching the EnKF project)
[data] 6298 windows of (4, 200, 36, 12)  device=cuda
[model] params=3,990,742 (GENN prior 54,220 = 1.36%; the rest is the solver's ConvLSTM)  loss=nll  n_iter=15  amp=True
[seed] init=1  data=0
[var] AUGMENTED STATE: log sigma^2 iterated with x over 15 steps; prior term of J is a Gaussian log-likelihood of the prior residual   eps=1e-06
[schedule] ep0→5it@lr0.001  ep25→10it@lr0.0007  ep50→15it@lr0.0005  ep75→20it@lr0.0003
[resume] loaded runs/varnet_aug0_h96_s1/varnet_last.pt: continuing from epoch 96 (step 18912)
[best] previous best blind MSE = 0.0498
[schedule] epoch 96: n_iter -> 20, lr -> 0.0003
[epoch  96] loss=-2.4489  blind_MSE=0.0515  density=0.0189 vx=0.1514 vy=0.0269 var=0.0087
[epoch  97] loss=-2.3459  blind_MSE=0.0514  density=0.0189 vx=0.1512 vy=0.0268 var=0.0087
[epoch  98] loss=-2.3878  blind_MSE=0.0514  density=0.0188 vx=0.1512 vy=0.0268 var=0.0087
[epoch  99] loss=-2.4934  blind_MSE=0.0514  density=0.0189 vx=0.1511 vy=0.0268 var=0.0087
[epoch 100] loss=-1.9987  blind_MSE=0.0523  density=0.0201 vx=0.1524 vy=0.0280 var=0.0088
[epoch 101] loss=-2.3196  blind_MSE=0.0524  density=0.0190 vx=0.1546 vy=0.0271 var=0.0087
[epoch 102] loss=-2.3457  blind_MSE=0.0519  density=0.0189 vx=0.1530 vy=0.0269 var=0.0087
[epoch 103] loss=-2.3993  blind_MSE=0.0516  density=0.0188 vx=0.1518 vy=0.0268 var=0.0087
[epoch 104] loss=-2.3875  blind_MSE=0.0515  density=0.0188 vx=0.1515 vy=0.0268 var=0.0087
[epoch 105] loss=-2.4112  blind_MSE=0.0514  density=0.0188 vx=0.1514 vy=0.0268 var=0.0087
[epoch 106] loss=-2.3989  blind_MSE=0.0516  density=0.0189 vx=0.1518 vy=0.0269 var=0.0087
[epoch 107] loss=-2.4304  blind_MSE=0.0514  density=0.0188 vx=0.1513 vy=0.0268 var=0.0087
[epoch 108] loss=-2.4139  blind_MSE=0.0515  density=0.0189 vx=0.1514 vy=0.0269 var=0.0087
[epoch 109] loss=-2.4190  blind_MSE=0.0515  density=0.0189 vx=0.1515 vy=0.0269 var=0.0087
[epoch 110] loss=-2.3792  blind_MSE=0.0517  density=0.0189 vx=0.1523 vy=0.0269 var=0.0087
[epoch 111] loss=-2.4080  blind_MSE=0.0515  density=0.0189 vx=0.1515 vy=0.0268 var=0.0087
[epoch 112] loss=-2.3945  blind_MSE=0.0516  density=0.0188 vx=0.1518 vy=0.0269 var=0.0087
[epoch 113] loss=-2.4526  blind_MSE=0.0514  density=0.0188 vx=0.1512 vy=0.0268 var=0.0087
[2026-09-10T22:02:51.004] error: *** JOB 20204217 ON gpu50 CANCELLED AT 2026-09-10T22:02:51 DUE TO TIME LIMIT ***
