Submitted batch job 19758362
[chain] submitted successor (afterany:19756573)
NVIDIA H200
[obs] obs_every_k = 1  (每帧观测,对齐 EnKF 项目)
[data] 6298 windows of (4, 200, 36, 12)  device=cuda
[model] params=2,051,542 (GENN prior 9,420 = 0.46%; the rest is the solver's ConvLSTM)  loss=nll  n_iter=15  amp=True
[seed] init=1  data=0
[var-head] 548 params   sigma^2 = obs_var + softplus(head),  obs_var = [0.003239, 0.099055, 0.007424, 4.2e-05]   beta=1.0
[schedule] ep0→5it@lr0.001  ep25→10it@lr0.0007  ep50→15it@lr0.0005  ep75→20it@lr0.0003
[resume] loaded runs/varnet_ml5_s1/varnet_last.pt: continuing from epoch 103 (step 20291)
[best] previous best blind MSE = 0.0284
[schedule] epoch 103: n_iter -> 20, lr -> 0.0003
[epoch 103] loss=-0.0307  盲区MSE=0.0285  density=0.0185 vx=0.0646 vy=0.0219 var=0.0088
[epoch 104] loss=-0.0307  盲区MSE=0.0284  density=0.0184 vx=0.0644 vy=0.0219 var=0.0088
[epoch 105] loss=-0.0310  盲区MSE=0.0284  density=0.0184 vx=0.0643 vy=0.0219 var=0.0088
[epoch 106] loss=-0.0311  盲区MSE=0.0283  density=0.0184 vx=0.0642 vy=0.0219 var=0.0088
           ↑ new best (0.0283) -> varnet_best.pt
[epoch 107] loss=-0.0309  盲区MSE=0.0283  density=0.0184 vx=0.0641 vy=0.0219 var=0.0088
           ↑ new best (0.0283) -> varnet_best.pt
[epoch 108] loss=-0.0310  盲区MSE=0.0283  density=0.0184 vx=0.0640 vy=0.0219 var=0.0088
           ↑ new best (0.0283) -> varnet_best.pt
[epoch 109] loss=-0.0309  盲区MSE=0.0284  density=0.0184 vx=0.0644 vy=0.0219 var=0.0088
[epoch 110] loss=-0.0307  盲区MSE=0.0283  density=0.0184 vx=0.0640 vy=0.0219 var=0.0088
[epoch 111] loss=-0.0309  盲区MSE=0.0285  density=0.0184 vx=0.0650 vy=0.0219 var=0.0088
[epoch 112] loss=-0.0305  盲区MSE=0.0284  density=0.0184 vx=0.0644 vy=0.0219 var=0.0088
[epoch 113] loss=-0.0302  盲区MSE=0.0283  density=0.0184 vx=0.0643 vy=0.0219 var=0.0088
[epoch 114] loss=-0.0307  盲区MSE=0.0283  density=0.0184 vx=0.0642 vy=0.0219 var=0.0088
[epoch 115] loss=-0.0302  盲区MSE=0.0282  density=0.0184 vx=0.0639 vy=0.0219 var=0.0088
           ↑ new best (0.0282) -> varnet_best.pt
[epoch 116] loss=-0.0304  盲区MSE=0.0284  density=0.0183 vx=0.0644 vy=0.0219 var=0.0088
[epoch 117] loss=-0.0304  盲区MSE=0.0282  density=0.0183 vx=0.0638 vy=0.0219 var=0.0088
           ↑ new best (0.0282) -> varnet_best.pt
[epoch 118] loss=-0.0309  盲区MSE=0.0283  density=0.0184 vx=0.0642 vy=0.0219 var=0.0088
[epoch 119] loss=-0.0306  盲区MSE=0.0282  density=0.0183 vx=0.0637 vy=0.0219 var=0.0088
           ↑ new best (0.0282) -> varnet_best.pt
[epoch 120] loss=-0.0310  盲区MSE=0.0283  density=0.0183 vx=0.0640 vy=0.0219 var=0.0088
[epoch 121] loss=-0.0307  盲区MSE=0.0283  density=0.0183 vx=0.0641 vy=0.0219 var=0.0088
[epoch 122] loss=-0.0309  盲区MSE=0.0282  density=0.0183 vx=0.0637 vy=0.0219 var=0.0088
[epoch 123] loss=-0.0303  盲区MSE=0.0282  density=0.0183 vx=0.0637 vy=0.0219 var=0.0088
[epoch 124] loss=-0.0308  盲区MSE=0.0283  density=0.0183 vx=0.0641 vy=0.0219 var=0.0088
[2026-08-16T00:06:53.005] error: *** JOB 19756573 ON gpu50 CANCELLED AT 2026-08-16T00:06:53 DUE TO TIME LIMIT ***
