[card] Tesla V100-PCIE-32GB  34.1 GB

============ mse5 (n_iter pinned to 20) ============
[obs] obs_every_k = 1  (observed every frame, matching the EnKF project)
[model] params=2,096,342 (GENN prior 54,220 = 2.59%; the rest is the solver's ConvLSTM)  loss=supervised  n_iter=15  amp=True
[seed] init=0  data=0
Traceback (most recent call last):
  File "<frozen runpy>", line 198, in _run_module_as_main
  File "<frozen runpy>", line 88, in _run_code
  File "/scratch/work/zhangx29/Thesis_Project/methods/varnet/train.py", line 449, in <module>
    main()
  File "/scratch/work/zhangx29/Thesis_Project/methods/varnet/train.py", line 386, in main
    xr, var = solver(x0b, yb, mb), None
              ^^^^^^^^^^^^^^^^^^^
  File "/appl/scibuilder-mamba/aalto-rhel9/prod/software/scicomp-pytorch-env/2026.1/354b404/lib/python3.12/site-packages/torch/nn/modules/module.py", line 1776, in _wrapped_call_impl
    return self._call_impl(*args, **kwargs)
           ^^^^^^^^^^^^^^^^^^^^^^^^^^^^^^^^
  File "/appl/scibuilder-mamba/aalto-rhel9/prod/software/scicomp-pytorch-env/2026.1/354b404/lib/python3.12/site-packages/torch/nn/modules/module.py", line 1787, in _call_impl
    return forward_call(*args, **kwargs)
           ^^^^^^^^^^^^^^^^^^^^^^^^^^^^^
  File "/scratch/work/zhangx29/Thesis_Project/methods/varnet/variational_solver.py", line 334, in forward
    return self.solve(x0, y, mask, return_var=return_var)
           ^^^^^^^^^^^^^^^^^^^^^^^^^^^^^^^^^^^^^^^^^^^^^^
  File "/scratch/work/zhangx29/Thesis_Project/methods/varnet/variational_solver.py", line 313, in solve
    J, grad, _ = self._cost_and_grad(x, y, mask)
                 ^^^^^^^^^^^^^^^^^^^^^^^^^^^^^^^
  File "/scratch/work/zhangx29/Thesis_Project/methods/varnet/variational_solver.py", line 269, in _cost_and_grad
    return J, torch.autograd.grad(J, x, create_graph=self.training)[0], None
              ^^^^^^^^^^^^^^^^^^^^^^^^^^^^^^^^^^^^^^^^^^^^^^^^^^^^^
  File "/appl/scibuilder-mamba/aalto-rhel9/prod/software/scicomp-pytorch-env/2026.1/354b404/lib/python3.12/site-packages/torch/autograd/__init__.py", line 515, in grad
    result = _engine_run_backward(
             ^^^^^^^^^^^^^^^^^^^^^
  File "/appl/scibuilder-mamba/aalto-rhel9/prod/software/scicomp-pytorch-env/2026.1/354b404/lib/python3.12/site-packages/torch/autograd/graph.py", line 865, in _engine_run_backward
    return Variable._execution_engine.run_backward(  # Calls into the C++ engine to run the backward pass
           ^^^^^^^^^^^^^^^^^^^^^^^^^^^^^^^^^^^^^^^^^^^^^^^^^^^^^^^^^^^^^^^^^^^^^^^^^^^^^^^^^^^^^^^^^^^^^^
torch.OutOfMemoryError: CUDA out of memory. Tried to allocate 508.00 MiB. GPU 0 has a total capacity of 31.73 GiB of which 364.25 MiB is free. Including non-PyTorch memory, this process has 31.37 GiB memory in use. Of the allocated memory 30.93 GiB is allocated by PyTorch, and 65.66 MiB is reserved by PyTorch but unallocated. If reserved but unallocated memory is large try setting PYTORCH_ALLOC_CONF=expandable_segments:True to avoid fragmentation.  See documentation for Memory Management  (https://pytorch.org/docs/stable/notes/cuda.html#environment-variables)
  >>> peak VRAM this run: 0.00 GB

============ vsb0 (n_iter pinned to 20) ============
[2026-09-11T00:44:24.657] error: *** JOB 20209992 ON gpu2 CANCELLED AT 2026-09-11T00:44:24 DUE to SIGNAL Terminated ***
