Submitted batch job 20204280
[chain] submitted successor (afterany:20204214)
NVIDIA H200
[obs] obs_every_k = 1  (observed every frame, matching the EnKF project)
[data] 6298 windows of (4, 200, 36, 12)  device=cuda
[model] params=3,990,742 (GENN prior 54,220 = 1.36%; the rest is the solver's ConvLSTM)  loss=nll  n_iter=15  amp=True
[seed] init=0  data=0
[var] AUGMENTED STATE: log sigma^2 iterated with x over 15 steps; prior term of J is a Gaussian log-likelihood of the prior residual   eps=1e-06
[schedule] ep0→5it@lr0.001  ep25→10it@lr0.0007  ep50→15it@lr0.0005  ep75→20it@lr0.0003
[resume] loaded runs/varnet_aug0_h96_s0/varnet_last.pt: continuing from epoch 103 (step 20291)
[best] previous best blind MSE = 0.0468
[schedule] epoch 103: n_iter -> 20, lr -> 0.0003
[epoch 103] loss=-2.3878  blind_MSE=0.0500  density=0.0181 vx=0.1472 vy=0.0260 var=0.0087
[epoch 104] loss=-2.3591  blind_MSE=0.0501  density=0.0183 vx=0.1470 vy=0.0262 var=0.0087
[epoch 105] loss=-2.3573  blind_MSE=0.0500  density=0.0181 vx=0.1471 vy=0.0261 var=0.0087
[epoch 106] loss=-2.3368  blind_MSE=0.0499  density=0.0181 vx=0.1469 vy=0.0260 var=0.0087
[epoch 107] loss=-2.4438  blind_MSE=0.0500  density=0.0181 vx=0.1471 vy=0.0260 var=0.0087
[epoch 108] loss=-2.0621  blind_MSE=0.0520  density=0.0186 vx=0.1538 vy=0.0269 var=0.0088
[epoch 109] loss=-2.3706  blind_MSE=0.0503  density=0.0181 vx=0.1484 vy=0.0262 var=0.0087
[epoch 110] loss=-2.4023  blind_MSE=0.0500  density=0.0181 vx=0.1473 vy=0.0261 var=0.0087
[epoch 111] loss=-2.3716  blind_MSE=0.0501  density=0.0182 vx=0.1477 vy=0.0260 var=0.0087
[epoch 112] loss=-2.4332  blind_MSE=0.0500  density=0.0181 vx=0.1471 vy=0.0260 var=0.0087
[epoch 113] loss=-2.3361  blind_MSE=0.0502  density=0.0182 vx=0.1478 vy=0.0261 var=0.0087
[epoch 114] loss=-2.0018  blind_MSE=0.0517  density=0.0192 vx=0.1514 vy=0.0276 var=0.0088
[epoch 115] loss=-2.3663  blind_MSE=0.0502  density=0.0182 vx=0.1480 vy=0.0260 var=0.0087
[epoch 116] loss=-2.4632  blind_MSE=0.0504  density=0.0181 vx=0.1488 vy=0.0261 var=0.0087
[epoch 117] loss=-2.3142  blind_MSE=0.0502  density=0.0181 vx=0.1478 vy=0.0260 var=0.0087
[epoch 118] loss=-2.3685  blind_MSE=0.0499  density=0.0181 vx=0.1470 vy=0.0260 var=0.0087
[epoch 119] loss=-2.3555  blind_MSE=0.0501  density=0.0181 vx=0.1475 vy=0.0260 var=0.0087
[epoch 120] loss=-2.3459  blind_MSE=0.0502  density=0.0182 vx=0.1481 vy=0.0260 var=0.0087
[2026-09-10T21:59:20.005] error: *** JOB 20204214 ON gpu50 CANCELLED AT 2026-09-10T21:59:20 DUE TO TIME LIMIT ***
