Submitted batch job 20224651
[chain] submitted successor (afterany:20204323)
NVIDIA H200
[obs] obs_every_k = 1  (observed every frame, matching the EnKF project)
[data] 6298 windows of (4, 200, 36, 12)  device=cuda
[model] params=2,788,342 (GENN prior 54,220 = 1.94%; the rest is the solver's ConvLSTM)  loss=nll  n_iter=15  amp=True
[seed] init=1  data=0
[var read-out] 692,000 params on the last hidden state   sigma^2 = softplus(out_var(h)) + 1e-06   beta=0.0
[schedule] ep0→5it@lr0.001  ep25→10it@lr0.0007  ep50→15it@lr0.0005  ep75→20it@lr0.0003
[resume] loaded runs/varnet_vsb0_h96_s1/varnet_last.pt: continuing from epoch 112 (step 22064)
[best] previous best blind MSE = 0.0409
[schedule] epoch 112: n_iter -> 20, lr -> 0.0003
[epoch 112] loss=-2.5108  blind_MSE=0.0412  density=0.0176 vx=0.1171 vy=0.0214 var=0.0088
[epoch 113] loss=-2.4864  blind_MSE=0.0412  density=0.0176 vx=0.1171 vy=0.0214 var=0.0088
[epoch 114] loss=-2.4512  blind_MSE=0.0413  density=0.0176 vx=0.1172 vy=0.0215 var=0.0088
[epoch 115] loss=-2.5338  blind_MSE=0.0413  density=0.0176 vx=0.1174 vy=0.0214 var=0.0088
[epoch 116] loss=-2.4778  blind_MSE=0.0412  density=0.0176 vx=0.1171 vy=0.0214 var=0.0088
[epoch 117] loss=-2.5079  blind_MSE=0.0413  density=0.0176 vx=0.1174 vy=0.0215 var=0.0088
[epoch 118] loss=-2.4797  blind_MSE=0.0413  density=0.0176 vx=0.1174 vy=0.0215 var=0.0088
[epoch 119] loss=-2.5060  blind_MSE=0.0413  density=0.0178 vx=0.1171 vy=0.0215 var=0.0088
[epoch 120] loss=-2.4482  blind_MSE=0.0414  density=0.0176 vx=0.1176 vy=0.0215 var=0.0088
[epoch 121] loss=-2.5144  blind_MSE=0.0414  density=0.0177 vx=0.1177 vy=0.0215 var=0.0088
[epoch 122] loss=-2.4725  blind_MSE=0.0413  density=0.0176 vx=0.1171 vy=0.0215 var=0.0088
[epoch 123] loss=-2.5140  blind_MSE=0.0413  density=0.0177 vx=0.1174 vy=0.0214 var=0.0088
[epoch 124] loss=-2.4727  blind_MSE=0.0414  density=0.0177 vx=0.1176 vy=0.0215 var=0.0088
[epoch 125] loss=-2.5082  blind_MSE=0.0414  density=0.0177 vx=0.1176 vy=0.0214 var=0.0088
[epoch 126] loss=-2.5127  blind_MSE=0.0413  density=0.0177 vx=0.1172 vy=0.0215 var=0.0088
[epoch 127] loss=-2.3903  blind_MSE=0.0414  density=0.0176 vx=0.1177 vy=0.0215 var=0.0088
[epoch 128] loss=-2.5288  blind_MSE=0.0414  density=0.0178 vx=0.1173 vy=0.0215 var=0.0088
[epoch 129] loss=-2.4566  blind_MSE=0.0413  density=0.0177 vx=0.1173 vy=0.0214 var=0.0088
[2026-09-12T13:20:16.008] error: *** JOB 20204323 ON gpu53 CANCELLED AT 2026-09-12T13:20:16 DUE TO TIME LIMIT ***
