Submitted batch job 20066116
[chain] submitted successor (afterany:20065467)
NVIDIA H200
[obs] obs_every_k = 1  (每帧观测,对齐 EnKF 项目)
[data] 6298 windows of (4, 200, 36, 12)  device=cuda
[model] params=3,945,942 (GENN prior 9,420 = 0.24%; the rest is the solver's ConvLSTM)  loss=nll  n_iter=15  amp=True
[seed] init=0  data=0
[var] AUGMENTED STATE: log sigma^2 iterated with x over 15 steps; prior term of J is a Gaussian log-likelihood of the prior residual   eps=1e-06
[schedule] ep0→5it@lr0.001  ep25→10it@lr0.0007  ep50→15it@lr0.0005  ep75→20it@lr0.0003
[resume] loaded runs/varnet_aug0_s0/varnet_last.pt: continuing from epoch 86 (step 16942)
[best] previous best blind MSE = 0.0489
[schedule] epoch 86: n_iter -> 20, lr -> 0.0003
[epoch  86] loss=-2.3298  盲区MSE=0.0500  density=0.0189 vx=0.1447 vy=0.0277 var=0.0087
[epoch  87] loss=-2.3271  盲区MSE=0.0499  density=0.0189 vx=0.1444 vy=0.0277 var=0.0087
[epoch  88] loss=-2.3212  盲区MSE=0.0503  density=0.0189 vx=0.1457 vy=0.0278 var=0.0087
[epoch  89] loss=-2.3573  盲区MSE=0.0501  density=0.0189 vx=0.1451 vy=0.0277 var=0.0087
[epoch  90] loss=-2.3245  盲区MSE=0.0500  density=0.0189 vx=0.1445 vy=0.0277 var=0.0087
[epoch  91] loss=-2.3298  盲区MSE=0.0503  density=0.0189 vx=0.1456 vy=0.0277 var=0.0087
[epoch  92] loss=-2.2932  盲区MSE=0.0502  density=0.0189 vx=0.1454 vy=0.0278 var=0.0087
[epoch  93] loss=-2.2931  盲区MSE=0.0499  density=0.0188 vx=0.1444 vy=0.0276 var=0.0087
[epoch  94] loss=-2.3034  盲区MSE=0.0499  density=0.0188 vx=0.1446 vy=0.0276 var=0.0087
[epoch  95] loss=-2.2488  盲区MSE=0.0500  density=0.0189 vx=0.1448 vy=0.0277 var=0.0087
[epoch  96] loss=-2.3247  盲区MSE=0.0499  density=0.0189 vx=0.1444 vy=0.0276 var=0.0087
[epoch  97] loss=-2.2606  盲区MSE=0.0506  density=0.0191 vx=0.1467 vy=0.0280 var=0.0087
[epoch  98] loss=-2.3405  盲区MSE=0.0501  density=0.0189 vx=0.1451 vy=0.0276 var=0.0087
[epoch  99] loss=-2.2959  盲区MSE=0.0500  density=0.0189 vx=0.1447 vy=0.0276 var=0.0087
[epoch 100] loss=-2.2705  盲区MSE=0.0500  density=0.0188 vx=0.1450 vy=0.0276 var=0.0087
[epoch 101] loss=-2.3801  盲区MSE=0.0500  density=0.0188 vx=0.1446 vy=0.0277 var=0.0087
[epoch 102] loss=-2.3366  盲区MSE=0.0499  density=0.0188 vx=0.1444 vy=0.0277 var=0.0087
[epoch 103] loss=-2.3532  盲区MSE=0.0502  density=0.0189 vx=0.1453 vy=0.0277 var=0.0087
[epoch 104] loss=-2.2759  盲区MSE=0.0501  density=0.0189 vx=0.1452 vy=0.0277 var=0.0087
[epoch 105] loss=-2.3363  盲区MSE=0.0499  density=0.0188 vx=0.1444 vy=0.0276 var=0.0087
[epoch 106] loss=-2.3038  盲区MSE=0.0500  density=0.0188 vx=0.1446 vy=0.0277 var=0.0087
[epoch 107] loss=-2.3744  盲区MSE=0.0501  density=0.0189 vx=0.1450 vy=0.0277 var=0.0087
[2026-09-04T09:40:06.005] error: *** JOB 20065467 ON gpu54 CANCELLED AT 2026-09-04T09:40:06 DUE TO TIME LIMIT ***
