Submitted batch job 20185819
[chain] submitted successor (afterany:20170565)
NVIDIA H200
[obs] obs_every_k = 1  (observed every frame, matching the EnKF project)
[data] 6298 windows of (4, 200, 36, 12)  device=cuda
[model] params=3,990,742 (GENN prior 54,220 = 1.36%; the rest is the solver's ConvLSTM)  loss=nll  n_iter=15  amp=True
[seed] init=2  data=0
[var] AUGMENTED STATE: log sigma^2 iterated with x over 15 steps; prior term of J is a Gaussian log-likelihood of the prior residual   eps=1e-06
[schedule] ep0→5it@lr0.001  ep25→10it@lr0.0007  ep50→15it@lr0.0005  ep75→20it@lr0.0003
[resume] loaded runs/varnet_aug0_h96_s2/varnet_last.pt: continuing from epoch 48 (step 9456)
[best] previous best blind MSE = 0.0501
[schedule] epoch 48: n_iter -> 10, lr -> 0.0007
[epoch  48] loss=-2.3311  blind_MSE=0.0508  density=0.0184 vx=0.1500 vy=0.0262 var=0.0087
[epoch  49] loss=-2.3160  blind_MSE=0.0506  density=0.0184 vx=0.1493 vy=0.0262 var=0.0087
[schedule] epoch 50: n_iter -> 15, lr -> 0.0005
[epoch  50] loss=-2.2598  blind_MSE=0.0509  density=0.0185 vx=0.1504 vy=0.0261 var=0.0087
[epoch  51] loss=-2.2973  blind_MSE=0.0510  density=0.0184 vx=0.1506 vy=0.0264 var=0.0087
[epoch  52] loss=-2.3022  blind_MSE=0.0511  density=0.0185 vx=0.1508 vy=0.0264 var=0.0087
[epoch  53] loss=-2.3044  blind_MSE=0.0511  density=0.0184 vx=0.1509 vy=0.0262 var=0.0087
[epoch  54] loss=-2.3240  blind_MSE=0.0511  density=0.0184 vx=0.1512 vy=0.0261 var=0.0087
[epoch  55] loss=-2.3485  blind_MSE=0.0512  density=0.0185 vx=0.1513 vy=0.0263 var=0.0087
[epoch  56] loss=-2.2983  blind_MSE=0.0510  density=0.0184 vx=0.1508 vy=0.0262 var=0.0087
[epoch  57] loss=-2.3034  blind_MSE=0.0513  density=0.0184 vx=0.1516 vy=0.0263 var=0.0087
[epoch  58] loss=-2.3406  blind_MSE=0.0510  density=0.0183 vx=0.1507 vy=0.0261 var=0.0087
[epoch  59] loss=-2.2823  blind_MSE=0.0510  density=0.0184 vx=0.1506 vy=0.0263 var=0.0087
[epoch  60] loss=-2.3494  blind_MSE=0.0510  density=0.0184 vx=0.1505 vy=0.0262 var=0.0087
[epoch  61] loss=-2.3186  blind_MSE=0.0511  density=0.0184 vx=0.1508 vy=0.0263 var=0.0087
[epoch  62] loss=-2.3548  blind_MSE=0.0511  density=0.0184 vx=0.1508 vy=0.0263 var=0.0087
[epoch  63] loss=-2.3134  blind_MSE=0.0509  density=0.0183 vx=0.1505 vy=0.0262 var=0.0087
[epoch  64] loss=-2.3313  blind_MSE=0.0510  density=0.0184 vx=0.1507 vy=0.0262 var=0.0087
[epoch  65] loss=-2.4045  blind_MSE=0.0510  density=0.0184 vx=0.1506 vy=0.0262 var=0.0087
[epoch  66] loss=-2.3295  blind_MSE=0.0511  density=0.0185 vx=0.1511 vy=0.0263 var=0.0087
[epoch  67] loss=-2.3613  blind_MSE=0.0514  density=0.0186 vx=0.1520 vy=0.0264 var=0.0087
[epoch  68] loss=-2.3129  blind_MSE=0.0512  density=0.0184 vx=0.1515 vy=0.0263 var=0.0087
[epoch  69] loss=-2.3492  blind_MSE=0.0512  density=0.0185 vx=0.1515 vy=0.0263 var=0.0087
[epoch  70] loss=-2.3804  blind_MSE=0.0512  density=0.0185 vx=0.1515 vy=0.0263 var=0.0087
[epoch  71] loss=-2.3374  blind_MSE=0.0512  density=0.0185 vx=0.1514 vy=0.0263 var=0.0087
[2026-09-10T03:34:22.006] error: *** JOB 20170565 ON gpu63 CANCELLED AT 2026-09-10T03:34:22 DUE TO TIME LIMIT ***
