Submitted batch job 20223795
[chain] submitted successor (afterany:20204223)
NVIDIA H200
[obs] obs_every_k = 1  (observed every frame, matching the EnKF project)
[data] 6298 windows of (4, 200, 36, 12)  device=cuda
[model] params=3,990,742 (GENN prior 54,220 = 1.36%; the rest is the solver's ConvLSTM)  loss=nll  n_iter=15  amp=True
[seed] init=3  data=0
[var] AUGMENTED STATE: log sigma^2 iterated with x over 15 steps; prior term of J is a Gaussian log-likelihood of the prior residual   eps=1e-06
[schedule] ep0→5it@lr0.001  ep25→10it@lr0.0007  ep50→15it@lr0.0005  ep75→20it@lr0.0003
[resume] loaded runs/varnet_aug0_h96_s3/varnet_last.pt: continuing from epoch 91 (step 17927)
[best] previous best blind MSE = 0.0478
[schedule] epoch 91: n_iter -> 20, lr -> 0.0003
[epoch  91] loss=-2.3364  blind_MSE=0.0481  density=0.0177 vx=0.1421 vy=0.0240 var=0.0087
[epoch  92] loss=-2.3493  blind_MSE=0.0482  density=0.0177 vx=0.1421 vy=0.0241 var=0.0087
[epoch  93] loss=-1.9478  blind_MSE=0.0498  density=0.0188 vx=0.1462 vy=0.0252 var=0.0088
[epoch  94] loss=-2.2690  blind_MSE=0.0484  density=0.0177 vx=0.1430 vy=0.0240 var=0.0087
[epoch  95] loss=-2.3014  blind_MSE=0.0482  density=0.0177 vx=0.1423 vy=0.0239 var=0.0087
[epoch  96] loss=-2.2168  blind_MSE=0.0483  density=0.0176 vx=0.1427 vy=0.0240 var=0.0087
[epoch  97] loss=-2.4085  blind_MSE=0.0480  density=0.0177 vx=0.1417 vy=0.0238 var=0.0087
[epoch  98] loss=-2.3298  blind_MSE=0.0481  density=0.0176 vx=0.1423 vy=0.0239 var=0.0087
[epoch  99] loss=-1.4364  blind_MSE=0.0548  density=0.0204 vx=0.1601 vy=0.0300 var=0.0089
[epoch 100] loss=-2.2682  blind_MSE=0.0490  density=0.0178 vx=0.1450 vy=0.0243 var=0.0087
[epoch 101] loss=-2.3367  blind_MSE=0.0485  density=0.0177 vx=0.1433 vy=0.0242 var=0.0087
[epoch 102] loss=-2.3186  blind_MSE=0.0486  density=0.0178 vx=0.1437 vy=0.0241 var=0.0087
[epoch 103] loss=-2.3785  blind_MSE=0.0486  density=0.0178 vx=0.1440 vy=0.0240 var=0.0087
[epoch 104] loss=-2.3416  blind_MSE=0.0484  density=0.0177 vx=0.1431 vy=0.0241 var=0.0087
[epoch 105] loss=-2.3414  blind_MSE=0.0485  density=0.0177 vx=0.1433 vy=0.0242 var=0.0087
[epoch 106] loss=-2.2708  blind_MSE=0.0486  density=0.0177 vx=0.1435 vy=0.0244 var=0.0087
[epoch 107] loss=-2.2861  blind_MSE=0.0486  density=0.0176 vx=0.1437 vy=0.0243 var=0.0087
[epoch 108] loss=-2.2125  blind_MSE=0.0488  density=0.0179 vx=0.1444 vy=0.0241 var=0.0087
[2026-09-12T10:28:45.004] error: *** JOB 20204223 ON gpu54 CANCELLED AT 2026-09-12T10:28:45 DUE TO TIME LIMIT ***
