[early_stop] epoch 80: valid blind walkable RMSE 0.23888
[early_stop] best epoch 80 (RMSE 0.23888), newest 80: continue
Submitted batch job 20726545
NVIDIA H200
[obs] obs_every_k = 1  (observed every frame, matching the EnKF project)
[obs] trajectory_mode = fixed  (base data seed 0)
[data] 6298 windows of (4, 200, 36, 12)  device=cuda
[model] params=2,074,198 (GENN prior 32,076 = 1.55%; the rest is the solver's ConvLSTM)  loss=supervised  n_iter=15  amp=True
[seed] init=0  data=0
[schedule] ep0→5it@lr0.001  ep25→10it@lr0.0007  ep50→15it@lr0.0005  ep75→20it@lr0.0003
[resume] loaded runs/varnet_reselect_h64k5_s0/varnet_last.pt: continuing from epoch 85 (step 16745)
[best] previous best blind MSE = 0.0264
[schedule] epoch 85: n_iter -> 20, lr -> 0.0003
[epoch  85] loss=0.0254  blind_MSE=0.0265  density=0.0159 vx=0.0596 vy=0.0218 var=0.0087
[epoch  86] loss=0.0284  blind_MSE=0.0265  density=0.0159 vx=0.0597 vy=0.0217 var=0.0087
[epoch  87] loss=0.0277  blind_MSE=0.0264  density=0.0159 vx=0.0594 vy=0.0217 var=0.0087
[epoch  88] loss=0.0268  blind_MSE=0.0265  density=0.0159 vx=0.0596 vy=0.0218 var=0.0087
[epoch  89] loss=0.0250  blind_MSE=0.0264  density=0.0159 vx=0.0594 vy=0.0217 var=0.0087
[epoch  90] loss=0.0282  blind_MSE=0.0265  density=0.0159 vx=0.0595 vy=0.0218 var=0.0087
[epoch  91] loss=0.0261  blind_MSE=0.0264  density=0.0159 vx=0.0593 vy=0.0218 var=0.0087
           ↑ new best (0.0264) -> varnet_best.pt
[epoch  92] loss=0.0258  blind_MSE=0.0264  density=0.0159 vx=0.0593 vy=0.0217 var=0.0087
[epoch  93] loss=0.0269  blind_MSE=0.0264  density=0.0159 vx=0.0592 vy=0.0218 var=0.0087
           ↑ new best (0.0264) -> varnet_best.pt
[epoch  94] loss=0.0274  blind_MSE=0.0266  density=0.0159 vx=0.0601 vy=0.0218 var=0.0087
[epoch  95] loss=0.0266  blind_MSE=0.0264  density=0.0159 vx=0.0592 vy=0.0217 var=0.0087
           ↑ new best (0.0264) -> varnet_best.pt
[epoch  96] loss=0.0271  blind_MSE=0.0263  density=0.0159 vx=0.0591 vy=0.0217 var=0.0087
           ↑ new best (0.0263) -> varnet_best.pt
[epoch  97] loss=0.0266  blind_MSE=0.0264  density=0.0159 vx=0.0592 vy=0.0217 var=0.0087
[epoch  98] loss=0.0261  blind_MSE=0.0263  density=0.0159 vx=0.0591 vy=0.0217 var=0.0087
[epoch  99] loss=0.0266  blind_MSE=0.0269  density=0.0159 vx=0.0612 vy=0.0219 var=0.0087
[epoch 100] loss=0.0259  blind_MSE=0.0263  density=0.0159 vx=0.0590 vy=0.0217 var=0.0087
[2026-10-04T03:42:12.011] error: *** JOB 20719324 ON gpu57 CANCELLED AT 2026-10-04T03:42:12 DUE TO TIME LIMIT ***
