Submitted batch job 19626873
[chain] submitted successor (afterany:19626305)
NVIDIA H200
[obs] obs_every_k = 1  (每帧观测,对齐 EnKF 项目)
[data] 6298 windows of (4, 200, 36, 12)  device=cuda
[model] params=2,051,542 (GENN prior 9,420 = 0.46%; the rest is the solver's ConvLSTM)  loss=supervised  n_iter=15  bilinear=False  amp=True
[schedule] ep0→5it@lr0.001  ep25→10it@lr0.0007  ep50→15it@lr0.0005  ep75→20it@lr0.0003
[resume] loaded runs/varnet_b0_k1/varnet_last.pt: continuing from epoch 127 (step 25019)
[best] previous best blind MSE = 0.0273
[schedule] epoch 127: n_iter -> 20, lr -> 0.0003
[epoch 127] loss=0.0259  盲区MSE=0.0274  density=0.0163 vx=0.0624 vy=0.0222 var=0.0087
[epoch 128] loss=0.0250  盲区MSE=0.0274  density=0.0162 vx=0.0622 vy=0.0222 var=0.0087
[epoch 129] loss=0.0283  盲区MSE=0.0274  density=0.0163 vx=0.0625 vy=0.0222 var=0.0087
[epoch 130] loss=0.0281  盲区MSE=0.0273  density=0.0163 vx=0.0622 vy=0.0222 var=0.0087
[epoch 131] loss=0.0258  盲区MSE=0.0273  density=0.0163 vx=0.0621 vy=0.0222 var=0.0087
[epoch 132] loss=0.0286  盲区MSE=0.0274  density=0.0163 vx=0.0625 vy=0.0222 var=0.0087
[epoch 133] loss=0.0255  盲区MSE=0.0273  density=0.0163 vx=0.0621 vy=0.0222 var=0.0087
[epoch 134] loss=0.0275  盲区MSE=0.0274  density=0.0163 vx=0.0623 vy=0.0222 var=0.0087
[epoch 135] loss=0.0265  盲区MSE=0.0273  density=0.0163 vx=0.0621 vy=0.0222 var=0.0087
[epoch 136] loss=0.0286  盲区MSE=0.0274  density=0.0163 vx=0.0624 vy=0.0222 var=0.0087
[epoch 137] loss=0.0271  盲区MSE=0.0274  density=0.0163 vx=0.0624 vy=0.0222 var=0.0087
[epoch 138] loss=0.0279  盲区MSE=0.0277  density=0.0163 vx=0.0634 vy=0.0222 var=0.0087
[epoch 139] loss=0.0270  盲区MSE=0.0273  density=0.0162 vx=0.0621 vy=0.0222 var=0.0087
[epoch 140] loss=0.0276  盲区MSE=0.0273  density=0.0163 vx=0.0622 vy=0.0222 var=0.0087
[epoch 141] loss=0.0285  盲区MSE=0.0274  density=0.0163 vx=0.0625 vy=0.0222 var=0.0087
[epoch 142] loss=0.0270  盲区MSE=0.0273  density=0.0162 vx=0.0621 vy=0.0222 var=0.0087
[epoch 143] loss=0.0269  盲区MSE=0.0274  density=0.0163 vx=0.0622 vy=0.0222 var=0.0087
[epoch 144] loss=0.0274  盲区MSE=0.0274  density=0.0163 vx=0.0625 vy=0.0222 var=0.0087
[epoch 145] loss=0.0299  盲区MSE=0.0273  density=0.0163 vx=0.0619 vy=0.0222 var=0.0087
           ↑ new best (0.0273) -> varnet_best.pt
[epoch 146] loss=0.0269  盲区MSE=0.0273  density=0.0162 vx=0.0620 vy=0.0222 var=0.0087
[epoch 147] loss=0.0297  盲区MSE=0.0273  density=0.0163 vx=0.0621 vy=0.0222 var=0.0087
[epoch 148] loss=0.0269  盲区MSE=0.0274  density=0.0163 vx=0.0626 vy=0.0222 var=0.0087
[2026-08-09T14:53:33.004] error: *** JOB 19626305 ON gpu53 CANCELLED AT 2026-08-09T14:53:33 DUE TO TIME LIMIT ***
