Submitted batch job 20082953
[chain] submitted successor (afterany:20081702)
NVIDIA H200
[obs] obs_every_k = 1  (每帧观测,对齐 EnKF 项目)
[data] 6298 windows of (4, 200, 36, 12)  device=cuda
[model] params=3,945,942 (GENN prior 9,420 = 0.24%; the rest is the solver's ConvLSTM)  loss=nll  n_iter=15  amp=True
[seed] init=1  data=0
[var] AUGMENTED STATE: log sigma^2 iterated with x over 15 steps; prior term of J is a Gaussian log-likelihood of the prior residual   eps=1e-06
[schedule] ep0→5it@lr0.001  ep25→10it@lr0.0007  ep50→15it@lr0.0005  ep75→20it@lr0.0003
[resume] loaded runs/varnet_aug0_s1/varnet_last.pt: continuing from epoch 81 (step 15957)
[best] previous best blind MSE = 0.0486
[schedule] epoch 81: n_iter -> 20, lr -> 0.0003
[epoch  81] loss=-2.3429  盲区MSE=0.0500  density=0.0188 vx=0.1460 vy=0.0264 var=0.0088
[epoch  82] loss=-2.3194  盲区MSE=0.0498  density=0.0187 vx=0.1455 vy=0.0263 var=0.0088
[epoch  83] loss=-2.3541  盲区MSE=0.0499  density=0.0187 vx=0.1459 vy=0.0263 var=0.0088
[epoch  84] loss=-2.3351  盲区MSE=0.0499  density=0.0188 vx=0.1459 vy=0.0263 var=0.0088
[epoch  85] loss=1.7538  盲区MSE=0.0840  density=0.0255 vx=0.2555 vy=0.0456 var=0.0093
[epoch  86] loss=-2.3011  盲区MSE=0.0504  density=0.0189 vx=0.1475 vy=0.0266 var=0.0088
[epoch  87] loss=-2.3516  盲区MSE=0.0504  density=0.0188 vx=0.1477 vy=0.0263 var=0.0087
[epoch  88] loss=-2.3625  盲区MSE=0.0501  density=0.0188 vx=0.1468 vy=0.0262 var=0.0087
[epoch  89] loss=-2.2822  盲区MSE=0.0502  density=0.0188 vx=0.1471 vy=0.0263 var=0.0088
[epoch  90] loss=-2.3384  盲区MSE=0.0502  density=0.0188 vx=0.1469 vy=0.0263 var=0.0088
[epoch  91] loss=-2.3155  盲区MSE=0.0501  density=0.0187 vx=0.1466 vy=0.0263 var=0.0087
[epoch  92] loss=-2.3136  盲区MSE=0.0500  density=0.0187 vx=0.1463 vy=0.0263 var=0.0087
[epoch  93] loss=-2.3531  盲区MSE=0.0500  density=0.0188 vx=0.1463 vy=0.0263 var=0.0087
[epoch  94] loss=-1.8387  盲区MSE=0.0543  density=0.0203 vx=0.1594 vy=0.0289 var=0.0088
[epoch  95] loss=-2.3449  盲区MSE=0.0499  density=0.0187 vx=0.1457 vy=0.0262 var=0.0088
[epoch  96] loss=-2.2980  盲区MSE=0.0502  density=0.0188 vx=0.1468 vy=0.0263 var=0.0087
[epoch  97] loss=-2.2838  盲区MSE=0.0501  density=0.0188 vx=0.1467 vy=0.0263 var=0.0087
[epoch  98] loss=-2.4080  盲区MSE=0.0501  density=0.0188 vx=0.1466 vy=0.0263 var=0.0088
[epoch  99] loss=-2.3349  盲区MSE=0.0500  density=0.0187 vx=0.1464 vy=0.0263 var=0.0087
[epoch 100] loss=-2.3047  盲区MSE=0.0502  density=0.0188 vx=0.1467 vy=0.0263 var=0.0087
[epoch 101] loss=-2.3389  盲区MSE=0.0501  density=0.0187 vx=0.1467 vy=0.0263 var=0.0087
[epoch 102] loss=-2.3521  盲区MSE=0.0501  density=0.0188 vx=0.1464 vy=0.0262 var=0.0087
[2026-09-05T21:00:46.007] error: *** JOB 20081702 ON gpu63 CANCELLED AT 2026-09-05T21:00:46 DUE TO TIME LIMIT ***
