Submitted batch job 20035952
[chain] submitted successor (afterany:20035593)
NVIDIA H200
[obs] obs_every_k = 1  (每帧观测,对齐 EnKF 项目)
[data] 6298 windows of (4, 200, 36, 12)  device=cuda
[model] params=2,051,542 (GENN prior 9,420 = 0.46%; the rest is the solver's ConvLSTM)  loss=supervised  n_iter=15  amp=True
[seed] init=1  data=0
[schedule] ep0→5it@lr0.001  ep25→10it@lr0.0007  ep50→15it@lr0.0005  ep75→20it@lr0.0003
[schedule] epoch 0: n_iter -> 5, lr -> 0.001
[epoch   0] loss=0.0418  盲区MSE=0.0492  density=0.0229 vx=0.1292 vy=0.0356 var=0.0092
           ↑ new best (0.0492) -> varnet_best.pt
[epoch   1] loss=0.0370  盲区MSE=0.0406  density=0.0226 vx=0.1018 vy=0.0289 var=0.0090
           ↑ new best (0.0406) -> varnet_best.pt
[epoch   2] loss=0.0315  盲区MSE=0.0370  density=0.0220 vx=0.0920 vy=0.0252 var=0.0088
           ↑ new best (0.0370) -> varnet_best.pt
[epoch   3] loss=0.0349  盲区MSE=0.0397  density=0.0224 vx=0.0995 vy=0.0277 var=0.0092
[epoch   4] loss=0.0338  盲区MSE=0.0367  density=0.0219 vx=0.0912 vy=0.0249 var=0.0089
           ↑ new best (0.0367) -> varnet_best.pt
[epoch   5] loss=0.0323  盲区MSE=0.0359  density=0.0218 vx=0.0889 vy=0.0242 var=0.0088
           ↑ new best (0.0359) -> varnet_best.pt
[epoch   6] loss=0.0315  盲区MSE=0.0354  density=0.0216 vx=0.0872 vy=0.0239 var=0.0088
           ↑ new best (0.0354) -> varnet_best.pt
[epoch   7] loss=0.0316  盲区MSE=0.0350  density=0.0213 vx=0.0862 vy=0.0237 var=0.0088
           ↑ new best (0.0350) -> varnet_best.pt
[epoch   8] loss=0.0324  盲区MSE=0.0345  density=0.0210 vx=0.0847 vy=0.0235 var=0.0088
           ↑ new best (0.0345) -> varnet_best.pt
[epoch   9] loss=0.0302  盲区MSE=0.0341  density=0.0207 vx=0.0837 vy=0.0233 var=0.0088
           ↑ new best (0.0341) -> varnet_best.pt
[epoch  10] loss=0.0303  盲区MSE=0.0338  density=0.0203 vx=0.0828 vy=0.0232 var=0.0088
           ↑ new best (0.0338) -> varnet_best.pt
[epoch  11] loss=0.0296  盲区MSE=0.0334  density=0.0200 vx=0.0817 vy=0.0230 var=0.0088
           ↑ new best (0.0334) -> varnet_best.pt
[epoch  12] loss=0.0288  盲区MSE=0.0331  density=0.0197 vx=0.0809 vy=0.0229 var=0.0088
           ↑ new best (0.0331) -> varnet_best.pt
[epoch  13] loss=0.0281  盲区MSE=0.0327  density=0.0194 vx=0.0800 vy=0.0228 var=0.0088
           ↑ new best (0.0327) -> varnet_best.pt
[epoch  14] loss=0.0282  盲区MSE=0.0324  density=0.0192 vx=0.0789 vy=0.0227 var=0.0088
           ↑ new best (0.0324) -> varnet_best.pt
[epoch  15] loss=0.0270  盲区MSE=0.0323  density=0.0191 vx=0.0785 vy=0.0227 var=0.0088
           ↑ new best (0.0323) -> varnet_best.pt
[epoch  16] loss=0.0297  盲区MSE=0.0320  density=0.0190 vx=0.0777 vy=0.0226 var=0.0088
           ↑ new best (0.0320) -> varnet_best.pt
[epoch  17] loss=0.0278  盲区MSE=0.0318  density=0.0189 vx=0.0769 vy=0.0225 var=0.0088
           ↑ new best (0.0318) -> varnet_best.pt
[epoch  18] loss=0.0298  盲区MSE=0.0316  density=0.0187 vx=0.0765 vy=0.0224 var=0.0088
           ↑ new best (0.0316) -> varnet_best.pt
[epoch  19] loss=0.0291  盲区MSE=0.0315  density=0.0185 vx=0.0765 vy=0.0224 var=0.0088
           ↑ new best (0.0315) -> varnet_best.pt
[epoch  20] loss=0.0298  盲区MSE=0.0313  density=0.0183 vx=0.0759 vy=0.0223 var=0.0088
           ↑ new best (0.0313) -> varnet_best.pt
[epoch  21] loss=0.0282  盲区MSE=0.0311  density=0.0180 vx=0.0754 vy=0.0223 var=0.0087
           ↑ new best (0.0311) -> varnet_best.pt
[epoch  22] loss=0.0284  盲区MSE=0.0310  density=0.0180 vx=0.0749 vy=0.0223 var=0.0087
           ↑ new best (0.0310) -> varnet_best.pt
[epoch  23] loss=0.0278  盲区MSE=0.0309  density=0.0179 vx=0.0747 vy=0.0223 var=0.0087
           ↑ new best (0.0309) -> varnet_best.pt
[epoch  24] loss=0.0278  盲区MSE=0.0308  density=0.0177 vx=0.0744 vy=0.0223 var=0.0087
           ↑ new best (0.0308) -> varnet_best.pt
[schedule] epoch 25: n_iter -> 10, lr -> 0.0007
[epoch  25] loss=0.0268  盲区MSE=0.0304  density=0.0176 vx=0.0730 vy=0.0221 var=0.0087
           ↑ new best (0.0304) -> varnet_best.pt
[epoch  26] loss=0.0272  盲区MSE=0.0303  density=0.0176 vx=0.0725 vy=0.0221 var=0.0087
           ↑ new best (0.0303) -> varnet_best.pt
[epoch  27] loss=0.0304  盲区MSE=0.0302  density=0.0176 vx=0.0723 vy=0.0221 var=0.0087
           ↑ new best (0.0302) -> varnet_best.pt
[epoch  28] loss=0.0309  盲区MSE=0.0300  density=0.0175 vx=0.0718 vy=0.0221 var=0.0087
           ↑ new best (0.0300) -> varnet_best.pt
[epoch  29] loss=0.0293  盲区MSE=0.0299  density=0.0175 vx=0.0714 vy=0.0221 var=0.0087
           ↑ new best (0.0299) -> varnet_best.pt
[epoch  30] loss=0.0276  盲区MSE=0.0298  density=0.0174 vx=0.0711 vy=0.0221 var=0.0087
           ↑ new best (0.0298) -> varnet_best.pt
[epoch  31] loss=0.0292  盲区MSE=0.0298  density=0.0174 vx=0.0709 vy=0.0220 var=0.0087
           ↑ new best (0.0298) -> varnet_best.pt
[epoch  32] loss=0.0299  盲区MSE=0.0297  density=0.0174 vx=0.0707 vy=0.0220 var=0.0087
           ↑ new best (0.0297) -> varnet_best.pt
[epoch  33] loss=0.0266  盲区MSE=0.0297  density=0.0174 vx=0.0707 vy=0.0220 var=0.0087
           ↑ new best (0.0297) -> varnet_best.pt
[epoch  34] loss=0.0277  盲区MSE=0.0296  density=0.0173 vx=0.0701 vy=0.0220 var=0.0087
           ↑ new best (0.0296) -> varnet_best.pt
[epoch  35] loss=0.0286  盲区MSE=0.0296  density=0.0173 vx=0.0702 vy=0.0220 var=0.0087
[epoch  36] loss=0.0287  盲区MSE=0.0295  density=0.0173 vx=0.0699 vy=0.0220 var=0.0087
           ↑ new best (0.0295) -> varnet_best.pt
[epoch  37] loss=0.0285  盲区MSE=0.0294  density=0.0172 vx=0.0697 vy=0.0220 var=0.0087
           ↑ new best (0.0294) -> varnet_best.pt
[epoch  38] loss=0.0286  盲区MSE=0.0294  density=0.0172 vx=0.0696 vy=0.0220 var=0.0087
           ↑ new best (0.0294) -> varnet_best.pt
[epoch  39] loss=0.0267  盲区MSE=0.0293  density=0.0172 vx=0.0695 vy=0.0220 var=0.0087
           ↑ new best (0.0293) -> varnet_best.pt
[epoch  40] loss=0.0280  盲区MSE=0.0293  density=0.0172 vx=0.0693 vy=0.0220 var=0.0087
           ↑ new best (0.0293) -> varnet_best.pt
[epoch  41] loss=0.0272  盲区MSE=0.0293  density=0.0171 vx=0.0693 vy=0.0220 var=0.0087
[epoch  42] loss=0.0268  盲区MSE=0.0292  density=0.0171 vx=0.0689 vy=0.0220 var=0.0087
           ↑ new best (0.0292) -> varnet_best.pt
[epoch  43] loss=0.0286  盲区MSE=0.0292  density=0.0171 vx=0.0690 vy=0.0220 var=0.0087
[epoch  44] loss=0.0265  盲区MSE=0.0291  density=0.0170 vx=0.0687 vy=0.0219 var=0.0087
           ↑ new best (0.0291) -> varnet_best.pt
[epoch  45] loss=0.0282  盲区MSE=0.0291  density=0.0170 vx=0.0686 vy=0.0219 var=0.0087
           ↑ new best (0.0291) -> varnet_best.pt
[epoch  46] loss=0.0295  盲区MSE=0.0290  density=0.0170 vx=0.0684 vy=0.0219 var=0.0087
           ↑ new best (0.0290) -> varnet_best.pt
[epoch  47] loss=0.0287  盲区MSE=0.0290  density=0.0170 vx=0.0684 vy=0.0220 var=0.0087
           ↑ new best (0.0290) -> varnet_best.pt
[epoch  48] loss=0.0286  盲区MSE=0.0289  density=0.0169 vx=0.0682 vy=0.0219 var=0.0087
           ↑ new best (0.0289) -> varnet_best.pt
[epoch  49] loss=0.0287  盲区MSE=0.0289  density=0.0169 vx=0.0679 vy=0.0219 var=0.0087
           ↑ new best (0.0289) -> varnet_best.pt
[schedule] epoch 50: n_iter -> 15, lr -> 0.0005
[epoch  50] loss=0.0276  盲区MSE=0.0287  density=0.0169 vx=0.0675 vy=0.0219 var=0.0087
           ↑ new best (0.0287) -> varnet_best.pt
[epoch  51] loss=0.0287  盲区MSE=0.0285  density=0.0168 vx=0.0668 vy=0.0218 var=0.0087
           ↑ new best (0.0285) -> varnet_best.pt
[epoch  52] loss=0.0299  盲区MSE=0.0285  density=0.0168 vx=0.0666 vy=0.0218 var=0.0087
           ↑ new best (0.0285) -> varnet_best.pt
[epoch  53] loss=0.0292  盲区MSE=0.0285  density=0.0168 vx=0.0666 vy=0.0218 var=0.0087
           ↑ new best (0.0285) -> varnet_best.pt
[2026-09-02T16:24:11.006] error: *** JOB 20035593 ON gpu56 CANCELLED AT 2026-09-02T16:24:11 DUE TO TIME LIMIT ***
