[chain] NOCHAIN=1 -- running only this segment, no successor queued
NVIDIA H200
[obs] obs_every_k = 1  (observed every frame, matching the EnKF project)
[data] 6298 windows of (4, 200, 36, 12)  device=cuda
[model] params=3,990,742 (GENN prior 54,220 = 1.36%; the rest is the solver's ConvLSTM)  loss=nll  n_iter=15  amp=True
[seed] init=0  data=0
[var] AUGMENTED STATE: log sigma^2 iterated with x over 15 steps; prior term of J is a Gaussian log-likelihood of the prior residual; observation term too (shared sigma)   eps=1e-06
[schedule] ep0→5it@lr0.001  ep25→10it@lr0.0007  ep50→15it@lr0.0005  ep75→20it@lr0.0003
[schedule] epoch 0: n_iter -> 5, lr -> 0.001
[epoch   0] loss=-1.5195  blind_MSE=0.0786  density=0.0228 vx=0.2465 vy=0.0360 var=0.0091
           ↑ new best (0.0786) -> varnet_best.pt
[epoch   1] loss=-1.7144  blind_MSE=0.0756  density=0.0219 vx=0.2381 vy=0.0336 var=0.0086
           ↑ new best (0.0756) -> varnet_best.pt
[epoch   2] loss=-1.8201  blind_MSE=0.0721  density=0.0205 vx=0.2277 vy=0.0318 var=0.0085
           ↑ new best (0.0721) -> varnet_best.pt
[epoch   3] loss=-1.8436  blind_MSE=0.0718  density=0.0200 vx=0.2268 vy=0.0317 var=0.0086
           ↑ new best (0.0718) -> varnet_best.pt
[epoch   4] loss=-1.9528  blind_MSE=0.0706  density=0.0194 vx=0.2228 vy=0.0314 var=0.0086
           ↑ new best (0.0706) -> varnet_best.pt
[epoch   5] loss=-1.9166  blind_MSE=0.0691  density=0.0193 vx=0.2176 vy=0.0310 var=0.0086
           ↑ new best (0.0691) -> varnet_best.pt
[epoch   6] loss=-1.9366  blind_MSE=0.0679  density=0.0195 vx=0.2128 vy=0.0306 var=0.0086
           ↑ new best (0.0679) -> varnet_best.pt
[epoch   7] loss=-1.9457  blind_MSE=0.0670  density=0.0195 vx=0.2095 vy=0.0305 var=0.0087
           ↑ new best (0.0670) -> varnet_best.pt
[epoch   8] loss=-1.9697  blind_MSE=0.0661  density=0.0195 vx=0.2058 vy=0.0305 var=0.0087
           ↑ new best (0.0661) -> varnet_best.pt
[epoch   9] loss=-1.9791  blind_MSE=0.0653  density=0.0194 vx=0.2028 vy=0.0302 var=0.0087
           ↑ new best (0.0653) -> varnet_best.pt
[epoch  10] loss=-1.9512  blind_MSE=0.0645  density=0.0195 vx=0.1998 vy=0.0303 var=0.0087
           ↑ new best (0.0645) -> varnet_best.pt
[epoch  11] loss=-1.9782  blind_MSE=0.0638  density=0.0194 vx=0.1970 vy=0.0302 var=0.0087
           ↑ new best (0.0638) -> varnet_best.pt
[epoch  12] loss=-1.9983  blind_MSE=0.0633  density=0.0195 vx=0.1950 vy=0.0303 var=0.0087
           ↑ new best (0.0633) -> varnet_best.pt
[epoch  13] loss=-2.0696  blind_MSE=0.0633  density=0.0195 vx=0.1946 vy=0.0305 var=0.0087
           ↑ new best (0.0633) -> varnet_best.pt
[epoch  14] loss=-1.9657  blind_MSE=0.0630  density=0.0196 vx=0.1929 vy=0.0306 var=0.0087
           ↑ new best (0.0630) -> varnet_best.pt
[epoch  15] loss=-2.0296  blind_MSE=0.0623  density=0.0194 vx=0.1906 vy=0.0303 var=0.0087
           ↑ new best (0.0623) -> varnet_best.pt
[epoch  16] loss=-2.0037  blind_MSE=0.0615  density=0.0193 vx=0.1879 vy=0.0302 var=0.0087
           ↑ new best (0.0615) -> varnet_best.pt
[epoch  17] loss=-2.0097  blind_MSE=0.0615  density=0.0194 vx=0.1873 vy=0.0305 var=0.0087
           ↑ new best (0.0615) -> varnet_best.pt
[epoch  18] loss=-1.9833  blind_MSE=0.0611  density=0.0194 vx=0.1859 vy=0.0303 var=0.0087
           ↑ new best (0.0611) -> varnet_best.pt
[epoch  19] loss=-2.0173  blind_MSE=0.0608  density=0.0194 vx=0.1845 vy=0.0305 var=0.0087
           ↑ new best (0.0608) -> varnet_best.pt
[epoch  20] loss=-2.0354  blind_MSE=0.0604  density=0.0193 vx=0.1831 vy=0.0305 var=0.0087
           ↑ new best (0.0604) -> varnet_best.pt
[epoch  21] loss=-2.0910  blind_MSE=0.0601  density=0.0195 vx=0.1820 vy=0.0303 var=0.0087
           ↑ new best (0.0601) -> varnet_best.pt
[epoch  22] loss=-2.0597  blind_MSE=0.0601  density=0.0195 vx=0.1817 vy=0.0303 var=0.0087
           ↑ new best (0.0601) -> varnet_best.pt
[epoch  23] loss=-2.0666  blind_MSE=0.0597  density=0.0195 vx=0.1804 vy=0.0303 var=0.0088
           ↑ new best (0.0597) -> varnet_best.pt
[epoch  24] loss=-2.0610  blind_MSE=0.0590  density=0.0196 vx=0.1771 vy=0.0305 var=0.0088
           ↑ new best (0.0590) -> varnet_best.pt
[schedule] epoch 25: n_iter -> 10, lr -> 0.0007
[epoch  25] loss=-2.0995  blind_MSE=0.0597  density=0.0196 vx=0.1801 vy=0.0303 var=0.0088
[epoch  26] loss=-1.9746  blind_MSE=0.0609  density=0.0200 vx=0.1834 vy=0.0312 var=0.0088
[epoch  27] loss=-1.8266  blind_MSE=0.0619  density=0.0205 vx=0.1852 vy=0.0328 var=0.0089
[epoch  28] loss=-1.9908  blind_MSE=0.0604  density=0.0200 vx=0.1818 vy=0.0310 var=0.0088
[epoch  29] loss=-1.7673  blind_MSE=0.0615  density=0.0214 vx=0.1840 vy=0.0318 var=0.0090
[epoch  30] loss=-1.9655  blind_MSE=0.0607  density=0.0199 vx=0.1833 vy=0.0307 var=0.0088
[epoch  31] loss=-2.0005  blind_MSE=0.0604  density=0.0198 vx=0.1823 vy=0.0309 var=0.0087
[epoch  32] loss=-2.0741  blind_MSE=0.0602  density=0.0196 vx=0.1824 vy=0.0301 var=0.0087
[epoch  33] loss=-1.9900  blind_MSE=0.0602  density=0.0197 vx=0.1821 vy=0.0301 var=0.0088
[epoch  34] loss=-2.0116  blind_MSE=0.0601  density=0.0197 vx=0.1819 vy=0.0302 var=0.0088
[epoch  35] loss=-1.9683  blind_MSE=0.0602  density=0.0199 vx=0.1818 vy=0.0303 var=0.0088
[epoch  36] loss=-1.9509  blind_MSE=0.0608  density=0.0202 vx=0.1838 vy=0.0305 var=0.0088
[epoch  37] loss=-1.5020  blind_MSE=0.0672  density=0.0236 vx=0.1997 vy=0.0361 var=0.0094
[epoch  38] loss=-2.0051  blind_MSE=0.0612  density=0.0201 vx=0.1851 vy=0.0307 var=0.0087
[epoch  39] loss=-1.9583  blind_MSE=0.0607  density=0.0199 vx=0.1831 vy=0.0310 var=0.0088
[epoch  40] loss=-1.9915  blind_MSE=0.0603  density=0.0199 vx=0.1817 vy=0.0307 var=0.0088
[epoch  41] loss=-1.8797  blind_MSE=0.0609  density=0.0203 vx=0.1836 vy=0.0309 var=0.0088
[epoch  42] loss=-2.0382  blind_MSE=0.0601  density=0.0197 vx=0.1820 vy=0.0301 var=0.0087
[epoch  43] loss=-2.0034  blind_MSE=0.0603  density=0.0198 vx=0.1817 vy=0.0308 var=0.0087
[epoch  44] loss=-2.0002  blind_MSE=0.0602  density=0.0197 vx=0.1813 vy=0.0311 var=0.0087
[epoch  45] loss=-1.9900  blind_MSE=0.0599  density=0.0196 vx=0.1803 vy=0.0308 var=0.0088
[epoch  46] loss=-2.0194  blind_MSE=0.0608  density=0.0197 vx=0.1832 vy=0.0316 var=0.0088
[epoch  47] loss=-2.0012  blind_MSE=0.0602  density=0.0196 vx=0.1815 vy=0.0309 var=0.0088
[2026-09-17T08:27:59.006] error: *** JOB 20291798 ON gpu54 CANCELLED AT 2026-09-17T08:27:59 DUE TO TIME LIMIT ***
