Submitted batch job 20188153
[chain] submitted successor (afterany:20178881)
NVIDIA H200
[obs] obs_every_k = 1  (observed every frame, matching the EnKF project)
[data] 6298 windows of (4, 200, 36, 12)  device=cuda
[model] params=2,096,342 (GENN prior 54,220 = 2.59%; the rest is the solver's ConvLSTM)  loss=supervised  n_iter=15  amp=True
[seed] init=4  data=0
[schedule] ep0→5it@lr0.001  ep25→10it@lr0.0007  ep50→15it@lr0.0005  ep75→20it@lr0.0003
[resume] loaded runs/varnet_mse5_h96_s4/varnet_last.pt: continuing from epoch 48 (step 9456)
[best] previous best blind MSE = 0.0271
[schedule] epoch 48: n_iter -> 10, lr -> 0.0007
[epoch  48] loss=0.0279  blind_MSE=0.0271  density=0.0160 vx=0.0621 vy=0.0216 var=0.0087
           ↑ new best (0.0271) -> varnet_best.pt
[epoch  49] loss=0.0272  blind_MSE=0.0271  density=0.0161 vx=0.0621 vy=0.0216 var=0.0087
           ↑ new best (0.0271) -> varnet_best.pt
[schedule] epoch 50: n_iter -> 15, lr -> 0.0005
[epoch  50] loss=0.0276  blind_MSE=0.0269  density=0.0160 vx=0.0613 vy=0.0215 var=0.0087
           ↑ new best (0.0269) -> varnet_best.pt
[epoch  51] loss=0.0259  blind_MSE=0.0269  density=0.0160 vx=0.0612 vy=0.0215 var=0.0087
           ↑ new best (0.0269) -> varnet_best.pt
[epoch  52] loss=0.0259  blind_MSE=0.0268  density=0.0160 vx=0.0611 vy=0.0215 var=0.0087
           ↑ new best (0.0268) -> varnet_best.pt
[epoch  53] loss=0.0269  blind_MSE=0.0268  density=0.0160 vx=0.0613 vy=0.0215 var=0.0087
[epoch  54] loss=0.0248  blind_MSE=0.0268  density=0.0160 vx=0.0609 vy=0.0215 var=0.0087
           ↑ new best (0.0268) -> varnet_best.pt
[epoch  55] loss=0.0269  blind_MSE=0.0267  density=0.0160 vx=0.0608 vy=0.0215 var=0.0087
           ↑ new best (0.0267) -> varnet_best.pt
[epoch  56] loss=0.0269  blind_MSE=0.0268  density=0.0160 vx=0.0612 vy=0.0215 var=0.0087
[epoch  57] loss=0.0255  blind_MSE=0.0267  density=0.0159 vx=0.0607 vy=0.0215 var=0.0087
           ↑ new best (0.0267) -> varnet_best.pt
[epoch  58] loss=0.0299  blind_MSE=0.0269  density=0.0159 vx=0.0615 vy=0.0215 var=0.0087
[epoch  59] loss=0.0249  blind_MSE=0.0267  density=0.0159 vx=0.0606 vy=0.0215 var=0.0087
           ↑ new best (0.0267) -> varnet_best.pt
[epoch  60] loss=0.0262  blind_MSE=0.0268  density=0.0159 vx=0.0612 vy=0.0216 var=0.0087
[epoch  61] loss=0.0280  blind_MSE=0.0268  density=0.0159 vx=0.0612 vy=0.0215 var=0.0087
[epoch  62] loss=0.0255  blind_MSE=0.0267  density=0.0159 vx=0.0607 vy=0.0216 var=0.0087
[epoch  63] loss=0.0277  blind_MSE=0.0268  density=0.0160 vx=0.0608 vy=0.0216 var=0.0087
[epoch  64] loss=0.0264  blind_MSE=0.0267  density=0.0160 vx=0.0608 vy=0.0216 var=0.0087
[epoch  65] loss=0.0282  blind_MSE=0.0267  density=0.0159 vx=0.0606 vy=0.0216 var=0.0087
[epoch  66] loss=0.0267  blind_MSE=0.0266  density=0.0159 vx=0.0605 vy=0.0215 var=0.0087
           ↑ new best (0.0266) -> varnet_best.pt
[epoch  67] loss=0.0255  blind_MSE=0.0267  density=0.0159 vx=0.0605 vy=0.0216 var=0.0087
[epoch  68] loss=0.0285  blind_MSE=0.0268  density=0.0159 vx=0.0609 vy=0.0216 var=0.0087
[epoch  69] loss=0.0285  blind_MSE=0.0267  density=0.0159 vx=0.0605 vy=0.0216 var=0.0087
[epoch  70] loss=0.0262  blind_MSE=0.0267  density=0.0159 vx=0.0605 vy=0.0216 var=0.0087
[epoch  71] loss=0.0271  blind_MSE=0.0266  density=0.0160 vx=0.0601 vy=0.0216 var=0.0087
           ↑ new best (0.0266) -> varnet_best.pt
[2026-09-10T05:14:23.006] error: *** JOB 20178881 ON gpu50 CANCELLED AT 2026-09-10T05:14:23 DUE TO TIME LIMIT ***
