Submitted batch job 20085562
[chain] submitted successor (afterany:20084357)
NVIDIA H200
[obs] obs_every_k = 1  (每帧观测,对齐 EnKF 项目)
[data] 6298 windows of (4, 200, 36, 12)  device=cuda
[model] params=3,945,942 (GENN prior 9,420 = 0.24%; the rest is the solver's ConvLSTM)  loss=nll  n_iter=15  amp=True
[seed] init=4  data=0
[var] AUGMENTED STATE: log sigma^2 iterated with x over 15 steps; prior term of J is a Gaussian log-likelihood of the prior residual   eps=1e-06
[schedule] ep0→5it@lr0.001  ep25→10it@lr0.0007  ep50→15it@lr0.0005  ep75→20it@lr0.0003
[resume] loaded runs/varnet_aug0_s4/varnet_last.pt: continuing from epoch 103 (step 20291)
[best] previous best blind MSE = 0.0475
[schedule] epoch 103: n_iter -> 20, lr -> 0.0003
[epoch 103] loss=-2.3849  盲区MSE=0.0498  density=0.0183 vx=0.1463 vy=0.0259 var=0.0088
[epoch 104] loss=-2.3187  盲区MSE=0.0498  density=0.0183 vx=0.1464 vy=0.0258 var=0.0088
[epoch 105] loss=-2.3483  盲区MSE=0.0498  density=0.0183 vx=0.1464 vy=0.0259 var=0.0088
[epoch 106] loss=-2.3104  盲区MSE=0.0496  density=0.0183 vx=0.1456 vy=0.0258 var=0.0088
[epoch 107] loss=-2.3265  盲区MSE=0.0497  density=0.0183 vx=0.1459 vy=0.0259 var=0.0088
[epoch 108] loss=-2.0572  盲区MSE=0.0519  density=0.0188 vx=0.1531 vy=0.0268 var=0.0088
[epoch 109] loss=-2.3290  盲区MSE=0.0500  density=0.0183 vx=0.1469 vy=0.0259 var=0.0088
[epoch 110] loss=-2.3476  盲区MSE=0.0499  density=0.0183 vx=0.1466 vy=0.0259 var=0.0088
[epoch 111] loss=-2.3529  盲区MSE=0.0500  density=0.0184 vx=0.1470 vy=0.0260 var=0.0088
[epoch 112] loss=-2.3589  盲区MSE=0.0499  density=0.0183 vx=0.1465 vy=0.0259 var=0.0088
[epoch 113] loss=-2.3546  盲区MSE=0.0497  density=0.0183 vx=0.1460 vy=0.0258 var=0.0088
[epoch 114] loss=-2.3234  盲区MSE=0.0502  density=0.0184 vx=0.1479 vy=0.0259 var=0.0088
[epoch 115] loss=-2.1449  盲区MSE=0.0500  density=0.0183 vx=0.1469 vy=0.0259 var=0.0088
[epoch 116] loss=-2.3289  盲区MSE=0.0497  density=0.0183 vx=0.1459 vy=0.0258 var=0.0088
[epoch 117] loss=-2.3877  盲区MSE=0.0499  density=0.0183 vx=0.1466 vy=0.0259 var=0.0088
[epoch 118] loss=-2.3537  盲区MSE=0.0499  density=0.0183 vx=0.1465 vy=0.0259 var=0.0088
[epoch 119] loss=-2.2892  盲区MSE=0.0500  density=0.0183 vx=0.1469 vy=0.0259 var=0.0088
[epoch 120] loss=-2.3571  盲区MSE=0.0499  density=0.0183 vx=0.1468 vy=0.0259 var=0.0088
[epoch 121] loss=-2.2660  盲区MSE=0.0501  density=0.0184 vx=0.1473 vy=0.0259 var=0.0088
[epoch 122] loss=-2.3737  盲区MSE=0.0498  density=0.0183 vx=0.1464 vy=0.0259 var=0.0088
[epoch 123] loss=-2.1435  盲区MSE=0.0514  density=0.0188 vx=0.1514 vy=0.0266 var=0.0088
[epoch 124] loss=-2.3226  盲区MSE=0.0501  density=0.0183 vx=0.1472 vy=0.0260 var=0.0088
[2026-09-06T05:39:16.005] error: *** JOB 20084357 ON gpu55 CANCELLED AT 2026-09-06T05:39:16 DUE TO TIME LIMIT ***
