Submitted batch job 20178882
[chain] submitted successor (afterany:20166683)
NVIDIA H200
[obs] obs_every_k = 1  (observed every frame, matching the EnKF project)
[data] 6298 windows of (4, 200, 36, 12)  device=cuda
[model] params=2,788,342 (GENN prior 54,220 = 1.94%; the rest is the solver's ConvLSTM)  loss=nll  n_iter=15  amp=True
[seed] init=4  data=0
[var read-out] 692,000 params on the last hidden state   sigma^2 = softplus(out_var(h)) + 1e-06   beta=0.0
[schedule] ep0→5it@lr0.001  ep25→10it@lr0.0007  ep50→15it@lr0.0005  ep75→20it@lr0.0003
[schedule] epoch 0: n_iter -> 5, lr -> 0.001
[epoch   0] loss=-1.7709  blind_MSE=0.0774  density=0.0229 vx=0.2401 vy=0.0376 var=0.0089
           ↑ new best (0.0774) -> varnet_best.pt
[epoch   1] loss=-1.7990  blind_MSE=0.0730  density=0.0226 vx=0.2239 vy=0.0364 var=0.0089
           ↑ new best (0.0730) -> varnet_best.pt
[epoch   2] loss=-1.8404  blind_MSE=0.0641  density=0.0222 vx=0.1914 vy=0.0339 var=0.0088
           ↑ new best (0.0641) -> varnet_best.pt
[epoch   3] loss=-1.8301  blind_MSE=0.0595  density=0.0221 vx=0.1756 vy=0.0316 var=0.0089
           ↑ new best (0.0595) -> varnet_best.pt
[epoch   4] loss=-1.8960  blind_MSE=0.0566  density=0.0215 vx=0.1657 vy=0.0302 var=0.0089
           ↑ new best (0.0566) -> varnet_best.pt
[epoch   5] loss=-1.9737  blind_MSE=0.0539  density=0.0209 vx=0.1568 vy=0.0289 var=0.0089
           ↑ new best (0.0539) -> varnet_best.pt
[epoch   6] loss=-1.9725  blind_MSE=0.0520  density=0.0204 vx=0.1509 vy=0.0280 var=0.0088
           ↑ new best (0.0520) -> varnet_best.pt
[epoch   7] loss=-2.0052  blind_MSE=0.0506  density=0.0200 vx=0.1461 vy=0.0275 var=0.0089
           ↑ new best (0.0506) -> varnet_best.pt
[epoch   8] loss=-1.9351  blind_MSE=0.0491  density=0.0196 vx=0.1412 vy=0.0269 var=0.0088
           ↑ new best (0.0491) -> varnet_best.pt
[epoch   9] loss=-2.0796  blind_MSE=0.0484  density=0.0195 vx=0.1386 vy=0.0265 var=0.0089
           ↑ new best (0.0484) -> varnet_best.pt
[epoch  10] loss=-2.0284  blind_MSE=0.0472  density=0.0192 vx=0.1350 vy=0.0259 var=0.0089
           ↑ new best (0.0472) -> varnet_best.pt
[epoch  11] loss=-2.0137  blind_MSE=0.0462  density=0.0190 vx=0.1316 vy=0.0255 var=0.0089
           ↑ new best (0.0462) -> varnet_best.pt
[epoch  12] loss=-2.0821  blind_MSE=0.0460  density=0.0189 vx=0.1310 vy=0.0253 var=0.0089
           ↑ new best (0.0460) -> varnet_best.pt
[epoch  13] loss=-2.0938  blind_MSE=0.0451  density=0.0188 vx=0.1280 vy=0.0249 var=0.0088
           ↑ new best (0.0451) -> varnet_best.pt
[epoch  14] loss=-2.0654  blind_MSE=0.0448  density=0.0186 vx=0.1271 vy=0.0247 var=0.0089
           ↑ new best (0.0448) -> varnet_best.pt
[epoch  15] loss=-2.0509  blind_MSE=0.0444  density=0.0185 vx=0.1257 vy=0.0245 var=0.0088
           ↑ new best (0.0444) -> varnet_best.pt
[epoch  16] loss=-1.9941  blind_MSE=0.0442  density=0.0183 vx=0.1254 vy=0.0244 var=0.0088
           ↑ new best (0.0442) -> varnet_best.pt
[epoch  17] loss=-2.0411  blind_MSE=0.0436  density=0.0182 vx=0.1234 vy=0.0239 var=0.0088
           ↑ new best (0.0436) -> varnet_best.pt
[epoch  18] loss=-2.1025  blind_MSE=0.0436  density=0.0183 vx=0.1234 vy=0.0239 var=0.0089
[epoch  19] loss=-2.0201  blind_MSE=0.0429  density=0.0180 vx=0.1213 vy=0.0235 var=0.0088
           ↑ new best (0.0429) -> varnet_best.pt
[epoch  20] loss=-2.1134  blind_MSE=0.0428  density=0.0180 vx=0.1211 vy=0.0233 var=0.0088
           ↑ new best (0.0428) -> varnet_best.pt
[epoch  21] loss=-2.1013  blind_MSE=0.0427  density=0.0180 vx=0.1206 vy=0.0233 var=0.0088
           ↑ new best (0.0427) -> varnet_best.pt
[epoch  22] loss=-2.1663  blind_MSE=0.0427  density=0.0180 vx=0.1207 vy=0.0233 var=0.0088
           ↑ new best (0.0427) -> varnet_best.pt
[epoch  23] loss=-2.1567  blind_MSE=0.0422  density=0.0180 vx=0.1189 vy=0.0232 var=0.0088
           ↑ new best (0.0422) -> varnet_best.pt
[epoch  24] loss=-2.1216  blind_MSE=0.0420  density=0.0178 vx=0.1185 vy=0.0229 var=0.0088
           ↑ new best (0.0420) -> varnet_best.pt
[schedule] epoch 25: n_iter -> 10, lr -> 0.0007
[epoch  25] loss=-2.1866  blind_MSE=0.0421  density=0.0179 vx=0.1186 vy=0.0230 var=0.0088
[epoch  26] loss=-2.1520  blind_MSE=0.0416  density=0.0178 vx=0.1171 vy=0.0228 var=0.0088
           ↑ new best (0.0416) -> varnet_best.pt
[epoch  27] loss=-2.1493  blind_MSE=0.0412  density=0.0176 vx=0.1158 vy=0.0224 var=0.0088
           ↑ new best (0.0412) -> varnet_best.pt
[epoch  28] loss=-2.2289  blind_MSE=0.0412  density=0.0177 vx=0.1157 vy=0.0225 var=0.0088
[epoch  29] loss=-2.2413  blind_MSE=0.0409  density=0.0176 vx=0.1149 vy=0.0222 var=0.0088
           ↑ new best (0.0409) -> varnet_best.pt
[epoch  30] loss=-2.1709  blind_MSE=0.0406  density=0.0175 vx=0.1142 vy=0.0221 var=0.0088
           ↑ new best (0.0406) -> varnet_best.pt
[epoch  31] loss=-2.1817  blind_MSE=0.0408  density=0.0175 vx=0.1146 vy=0.0221 var=0.0088
[epoch  32] loss=-2.1892  blind_MSE=0.0410  density=0.0176 vx=0.1152 vy=0.0221 var=0.0088
[epoch  33] loss=-2.1094  blind_MSE=0.0410  density=0.0176 vx=0.1152 vy=0.0222 var=0.0089
[epoch  34] loss=-2.1681  blind_MSE=0.0406  density=0.0176 vx=0.1140 vy=0.0220 var=0.0088
           ↑ new best (0.0406) -> varnet_best.pt
[epoch  35] loss=-2.2650  blind_MSE=0.0408  density=0.0178 vx=0.1146 vy=0.0221 var=0.0088
[epoch  36] loss=-2.2431  blind_MSE=0.0406  density=0.0178 vx=0.1139 vy=0.0219 var=0.0088
           ↑ new best (0.0406) -> varnet_best.pt
[epoch  37] loss=-2.2221  blind_MSE=0.0405  density=0.0175 vx=0.1139 vy=0.0219 var=0.0088
           ↑ new best (0.0405) -> varnet_best.pt
[epoch  38] loss=-2.2625  blind_MSE=0.0404  density=0.0175 vx=0.1134 vy=0.0217 var=0.0088
           ↑ new best (0.0404) -> varnet_best.pt
[epoch  39] loss=-2.1927  blind_MSE=0.0403  density=0.0175 vx=0.1132 vy=0.0217 var=0.0088
           ↑ new best (0.0403) -> varnet_best.pt
[epoch  40] loss=-2.2865  blind_MSE=0.0402  density=0.0175 vx=0.1129 vy=0.0217 var=0.0088
           ↑ new best (0.0402) -> varnet_best.pt
[epoch  41] loss=-2.2657  blind_MSE=0.0406  density=0.0176 vx=0.1140 vy=0.0219 var=0.0088
[epoch  42] loss=-2.2780  blind_MSE=0.0402  density=0.0175 vx=0.1129 vy=0.0216 var=0.0088
           ↑ new best (0.0402) -> varnet_best.pt
[epoch  43] loss=-2.1866  blind_MSE=0.0403  density=0.0176 vx=0.1132 vy=0.0216 var=0.0088
[epoch  44] loss=-2.3270  blind_MSE=0.0404  density=0.0176 vx=0.1135 vy=0.0216 var=0.0088
[epoch  45] loss=-2.2977  blind_MSE=0.0403  density=0.0176 vx=0.1132 vy=0.0217 var=0.0088
[epoch  46] loss=-2.2787  blind_MSE=0.0402  density=0.0175 vx=0.1129 vy=0.0216 var=0.0088
[epoch  47] loss=-2.2737  blind_MSE=0.0403  density=0.0177 vx=0.1132 vy=0.0217 var=0.0088
[2026-09-09T22:38:45.006] error: *** JOB 20166683 ON gpu54 CANCELLED AT 2026-09-09T22:38:45 DUE TO TIME LIMIT ***
