Submitted batch job 20179011
[chain] submitted successor (afterany:20167230)
NVIDIA H200
[obs] obs_every_k = 1  (observed every frame, matching the EnKF project)
[data] 6298 windows of (4, 200, 36, 12)  device=cuda
[model] params=2,788,342 (GENN prior 54,220 = 1.94%; the rest is the solver's ConvLSTM)  loss=nll  n_iter=15  amp=True
[seed] init=0  data=0
[var read-out] 692,000 params on the last hidden state   sigma^2 = softplus(out_var(h)) + 1e-06   beta=0.0
[schedule] ep0→5it@lr0.001  ep25→10it@lr0.0007  ep50→15it@lr0.0005  ep75→20it@lr0.0003
[resume] loaded runs/varnet_vsb0_h96_s0/varnet_last.pt: continuing from epoch 48 (step 9456)
[best] previous best blind MSE = 0.0409
[schedule] epoch 48: n_iter -> 10, lr -> 0.0007
[epoch  48] loss=-2.4117  blind_MSE=0.0409  density=0.0175 vx=0.1162 vy=0.0210 var=0.0088
           ↑ new best (0.0409) -> varnet_best.pt
[epoch  49] loss=-2.4272  blind_MSE=0.0409  density=0.0174 vx=0.1162 vy=0.0211 var=0.0088
           ↑ new best (0.0409) -> varnet_best.pt
[schedule] epoch 50: n_iter -> 15, lr -> 0.0005
[epoch  50] loss=-2.3998  blind_MSE=0.0409  density=0.0176 vx=0.1163 vy=0.0209 var=0.0088
[epoch  51] loss=-2.3978  blind_MSE=0.0408  density=0.0172 vx=0.1162 vy=0.0211 var=0.0088
           ↑ new best (0.0408) -> varnet_best.pt
[epoch  52] loss=-2.4421  blind_MSE=0.0409  density=0.0173 vx=0.1163 vy=0.0211 var=0.0088
[epoch  53] loss=-2.4224  blind_MSE=0.0410  density=0.0174 vx=0.1167 vy=0.0210 var=0.0088
[epoch  54] loss=-2.4403  blind_MSE=0.0409  density=0.0174 vx=0.1163 vy=0.0211 var=0.0088
[epoch  55] loss=-2.4299  blind_MSE=0.0410  density=0.0173 vx=0.1169 vy=0.0211 var=0.0088
[epoch  56] loss=-2.4566  blind_MSE=0.0411  density=0.0174 vx=0.1169 vy=0.0211 var=0.0088
[epoch  57] loss=-2.4044  blind_MSE=0.0410  density=0.0174 vx=0.1168 vy=0.0210 var=0.0088
[epoch  58] loss=-2.4478  blind_MSE=0.0410  density=0.0174 vx=0.1168 vy=0.0210 var=0.0088
[epoch  59] loss=-2.4322  blind_MSE=0.0410  density=0.0176 vx=0.1165 vy=0.0210 var=0.0088
[epoch  60] loss=-2.4096  blind_MSE=0.0410  density=0.0174 vx=0.1167 vy=0.0210 var=0.0088
[epoch  61] loss=-2.3966  blind_MSE=0.0410  density=0.0174 vx=0.1168 vy=0.0210 var=0.0088
[epoch  62] loss=-2.4377  blind_MSE=0.0412  density=0.0174 vx=0.1176 vy=0.0209 var=0.0088
[epoch  63] loss=-2.3240  blind_MSE=0.0411  density=0.0175 vx=0.1170 vy=0.0210 var=0.0088
[epoch  64] loss=-2.3641  blind_MSE=0.0411  density=0.0172 vx=0.1174 vy=0.0209 var=0.0087
[epoch  65] loss=-2.4320  blind_MSE=0.0410  density=0.0175 vx=0.1168 vy=0.0210 var=0.0088
[epoch  66] loss=-2.5013  blind_MSE=0.0411  density=0.0174 vx=0.1173 vy=0.0210 var=0.0088
[epoch  67] loss=-2.3942  blind_MSE=0.0410  density=0.0173 vx=0.1169 vy=0.0210 var=0.0088
[epoch  68] loss=-2.4421  blind_MSE=0.0412  density=0.0176 vx=0.1173 vy=0.0210 var=0.0088
[epoch  69] loss=-2.4674  blind_MSE=0.0411  density=0.0173 vx=0.1171 vy=0.0210 var=0.0088
[epoch  70] loss=-2.4280  blind_MSE=0.0411  density=0.0175 vx=0.1171 vy=0.0210 var=0.0088
[epoch  71] loss=-2.4277  blind_MSE=0.0411  density=0.0174 vx=0.1170 vy=0.0210 var=0.0088
[epoch  72] loss=-2.4696  blind_MSE=0.0411  density=0.0175 vx=0.1173 vy=0.0210 var=0.0088
[2026-09-09T22:57:16.007] error: *** JOB 20167230 ON gpu55 CANCELLED AT 2026-09-09T22:57:16 DUE TO TIME LIMIT ***
