Submitted batch job 20178865
[chain] submitted successor (afterany:20166681)
NVIDIA H200
[obs] obs_every_k = 1  (observed every frame, matching the EnKF project)
[data] 6298 windows of (4, 200, 36, 12)  device=cuda
[model] params=3,990,742 (GENN prior 54,220 = 1.36%; the rest is the solver's ConvLSTM)  loss=nll  n_iter=15  amp=True
[seed] init=3  data=0
[var] AUGMENTED STATE: log sigma^2 iterated with x over 15 steps; prior term of J is a Gaussian log-likelihood of the prior residual   eps=1e-06
[schedule] ep0→5it@lr0.001  ep25→10it@lr0.0007  ep50→15it@lr0.0005  ep75→20it@lr0.0003
[schedule] epoch 0: n_iter -> 5, lr -> 0.001
[epoch   0] loss=-1.5617  blind_MSE=0.0789  density=0.0228 vx=0.2468 vy=0.0370 var=0.0091
           ↑ new best (0.0789) -> varnet_best.pt
[epoch   1] loss=-1.7841  blind_MSE=0.0762  density=0.0222 vx=0.2411 vy=0.0329 var=0.0083
           ↑ new best (0.0762) -> varnet_best.pt
[epoch   2] loss=-1.7958  blind_MSE=0.0732  density=0.0208 vx=0.2320 vy=0.0315 var=0.0085
           ↑ new best (0.0732) -> varnet_best.pt
[epoch   3] loss=-1.8238  blind_MSE=0.0712  density=0.0197 vx=0.2270 vy=0.0296 var=0.0085
           ↑ new best (0.0712) -> varnet_best.pt
[epoch   4] loss=-1.9216  blind_MSE=0.0656  density=0.0190 vx=0.2076 vy=0.0276 var=0.0084
           ↑ new best (0.0656) -> varnet_best.pt
[epoch   5] loss=-1.9886  blind_MSE=0.0600  density=0.0186 vx=0.1861 vy=0.0268 var=0.0084
           ↑ new best (0.0600) -> varnet_best.pt
[epoch   6] loss=-2.0948  blind_MSE=0.0569  density=0.0184 vx=0.1749 vy=0.0260 var=0.0084
           ↑ new best (0.0569) -> varnet_best.pt
[epoch   7] loss=-2.0789  blind_MSE=0.0552  density=0.0182 vx=0.1688 vy=0.0254 var=0.0084
           ↑ new best (0.0552) -> varnet_best.pt
[epoch   8] loss=-2.0960  blind_MSE=0.0544  density=0.0181 vx=0.1659 vy=0.0251 var=0.0084
           ↑ new best (0.0544) -> varnet_best.pt
[epoch   9] loss=-2.0920  blind_MSE=0.0534  density=0.0179 vx=0.1627 vy=0.0247 var=0.0084
           ↑ new best (0.0534) -> varnet_best.pt
[epoch  10] loss=-2.1227  blind_MSE=0.0526  density=0.0178 vx=0.1594 vy=0.0247 var=0.0085
           ↑ new best (0.0526) -> varnet_best.pt
[epoch  11] loss=-2.1034  blind_MSE=0.0515  density=0.0178 vx=0.1553 vy=0.0245 var=0.0085
           ↑ new best (0.0515) -> varnet_best.pt
[epoch  12] loss=-2.1719  blind_MSE=0.0508  density=0.0178 vx=0.1524 vy=0.0244 var=0.0085
           ↑ new best (0.0508) -> varnet_best.pt
[epoch  13] loss=-2.1231  blind_MSE=0.0514  density=0.0180 vx=0.1539 vy=0.0249 var=0.0086
[epoch  14] loss=-2.1466  blind_MSE=0.0498  density=0.0177 vx=0.1486 vy=0.0243 var=0.0085
           ↑ new best (0.0498) -> varnet_best.pt
[epoch  15] loss=-2.1162  blind_MSE=0.0494  density=0.0178 vx=0.1471 vy=0.0243 var=0.0086
           ↑ new best (0.0494) -> varnet_best.pt
[epoch  16] loss=-2.1829  blind_MSE=0.0493  density=0.0178 vx=0.1467 vy=0.0242 var=0.0086
           ↑ new best (0.0493) -> varnet_best.pt
[epoch  17] loss=-2.1426  blind_MSE=0.0492  density=0.0178 vx=0.1461 vy=0.0243 var=0.0086
           ↑ new best (0.0492) -> varnet_best.pt
[epoch  18] loss=-2.1612  blind_MSE=0.0490  density=0.0178 vx=0.1455 vy=0.0242 var=0.0086
           ↑ new best (0.0490) -> varnet_best.pt
[epoch  19] loss=-1.8904  blind_MSE=0.0552  density=0.0193 vx=0.1663 vy=0.0267 var=0.0087
[epoch  20] loss=-2.2039  blind_MSE=0.0494  density=0.0179 vx=0.1468 vy=0.0244 var=0.0086
[epoch  21] loss=-2.1689  blind_MSE=0.0487  density=0.0178 vx=0.1443 vy=0.0241 var=0.0086
           ↑ new best (0.0487) -> varnet_best.pt
[epoch  22] loss=-2.1303  blind_MSE=0.0485  density=0.0178 vx=0.1435 vy=0.0242 var=0.0086
           ↑ new best (0.0485) -> varnet_best.pt
[epoch  23] loss=-2.1873  blind_MSE=0.0485  density=0.0178 vx=0.1432 vy=0.0243 var=0.0086
           ↑ new best (0.0485) -> varnet_best.pt
[epoch  24] loss=-2.1646  blind_MSE=0.0483  density=0.0178 vx=0.1429 vy=0.0241 var=0.0086
           ↑ new best (0.0483) -> varnet_best.pt
[schedule] epoch 25: n_iter -> 10, lr -> 0.0007
[epoch  25] loss=-2.0891  blind_MSE=0.0511  density=0.0183 vx=0.1521 vy=0.0253 var=0.0087
[epoch  26] loss=-2.3006  blind_MSE=0.0488  density=0.0179 vx=0.1443 vy=0.0242 var=0.0087
[epoch  27] loss=-2.2453  blind_MSE=0.0485  density=0.0179 vx=0.1433 vy=0.0241 var=0.0086
[epoch  28] loss=-2.2451  blind_MSE=0.0484  density=0.0179 vx=0.1428 vy=0.0242 var=0.0087
[epoch  29] loss=-2.2597  blind_MSE=0.0482  density=0.0178 vx=0.1423 vy=0.0241 var=0.0087
           ↑ new best (0.0482) -> varnet_best.pt
[epoch  30] loss=-2.2152  blind_MSE=0.0489  density=0.0179 vx=0.1446 vy=0.0243 var=0.0087
[epoch  31] loss=-2.2500  blind_MSE=0.0482  density=0.0178 vx=0.1423 vy=0.0241 var=0.0087
[epoch  32] loss=-2.2191  blind_MSE=0.0480  density=0.0177 vx=0.1415 vy=0.0241 var=0.0087
           ↑ new best (0.0480) -> varnet_best.pt
[epoch  33] loss=-2.2871  blind_MSE=0.0479  density=0.0178 vx=0.1411 vy=0.0240 var=0.0087
           ↑ new best (0.0479) -> varnet_best.pt
[epoch  34] loss=-2.2265  blind_MSE=0.0482  density=0.0178 vx=0.1424 vy=0.0241 var=0.0087
[epoch  35] loss=-2.1939  blind_MSE=0.0486  density=0.0178 vx=0.1440 vy=0.0241 var=0.0087
[epoch  36] loss=-2.2825  blind_MSE=0.0482  density=0.0178 vx=0.1422 vy=0.0240 var=0.0087
[epoch  37] loss=-2.2164  blind_MSE=0.0479  density=0.0177 vx=0.1414 vy=0.0239 var=0.0087
[epoch  38] loss=-2.2241  blind_MSE=0.0483  density=0.0178 vx=0.1426 vy=0.0240 var=0.0087
[epoch  39] loss=-2.2846  blind_MSE=0.0479  density=0.0178 vx=0.1413 vy=0.0239 var=0.0087
           ↑ new best (0.0479) -> varnet_best.pt
[epoch  40] loss=-2.2952  blind_MSE=0.0478  density=0.0177 vx=0.1409 vy=0.0238 var=0.0087
           ↑ new best (0.0478) -> varnet_best.pt
[epoch  41] loss=-2.2285  blind_MSE=0.0481  density=0.0178 vx=0.1421 vy=0.0237 var=0.0087
[epoch  42] loss=-2.3186  blind_MSE=0.0480  density=0.0179 vx=0.1416 vy=0.0239 var=0.0087
[epoch  43] loss=-2.2135  blind_MSE=0.0484  density=0.0179 vx=0.1430 vy=0.0241 var=0.0087
[epoch  44] loss=-2.2223  blind_MSE=0.0479  density=0.0177 vx=0.1416 vy=0.0237 var=0.0087
[epoch  45] loss=-2.2592  blind_MSE=0.0483  density=0.0177 vx=0.1430 vy=0.0240 var=0.0087
[epoch  46] loss=-2.2395  blind_MSE=0.0487  density=0.0179 vx=0.1441 vy=0.0242 var=0.0087
[epoch  47] loss=-2.2625  blind_MSE=0.0482  density=0.0176 vx=0.1424 vy=0.0240 var=0.0087
[2026-09-09T22:36:45.004] error: *** JOB 20166681 ON gpu56 CANCELLED AT 2026-09-09T22:36:45 DUE TO TIME LIMIT ***
