Submitted batch job 19955834
[chain] submitted successor (afterany:19951170)
NVIDIA H200
[obs] obs_every_k = 1  (每帧观测,对齐 EnKF 项目)
[data] 6298 windows of (4, 200, 36, 12)  device=cuda
[model] params=2,743,542 (GENN prior 9,420 = 0.34%; the rest is the solver's ConvLSTM)  loss=nll  n_iter=15  amp=True
[seed] init=3  data=0
[var read-out] 692,000 params on the last hidden state   sigma^2 = softplus(out_var(h)) + 1e-06   beta=0.0
[schedule] ep0→5it@lr0.001  ep25→10it@lr0.0007  ep50→15it@lr0.0005  ep75→20it@lr0.0003
[resume] loaded runs/varnet_vsb0_s3/varnet_last.pt: continuing from epoch 81 (step 15957)
[best] previous best blind MSE = 0.0411
[schedule] epoch 81: n_iter -> 20, lr -> 0.0003
[epoch  81] loss=-2.4501  盲区MSE=0.0413  density=0.0177 vx=0.1168 vy=0.0217 var=0.0088
[epoch  82] loss=-2.3905  盲区MSE=0.0412  density=0.0177 vx=0.1167 vy=0.0217 var=0.0088
[epoch  83] loss=-2.3630  盲区MSE=0.0413  density=0.0177 vx=0.1169 vy=0.0217 var=0.0088
[epoch  84] loss=-2.3437  盲区MSE=0.0412  density=0.0177 vx=0.1167 vy=0.0217 var=0.0088
[epoch  85] loss=-2.4268  盲区MSE=0.0412  density=0.0178 vx=0.1167 vy=0.0217 var=0.0088
[epoch  86] loss=-2.4171  盲区MSE=0.0413  density=0.0177 vx=0.1168 vy=0.0217 var=0.0088
[epoch  87] loss=-2.3699  盲区MSE=0.0414  density=0.0178 vx=0.1172 vy=0.0217 var=0.0088
[epoch  88] loss=-2.4046  盲区MSE=0.0412  density=0.0177 vx=0.1167 vy=0.0217 var=0.0088
[epoch  89] loss=-2.4055  盲区MSE=0.0412  density=0.0177 vx=0.1167 vy=0.0217 var=0.0088
[epoch  90] loss=-2.4129  盲区MSE=0.0413  density=0.0178 vx=0.1170 vy=0.0217 var=0.0088
[epoch  91] loss=-2.3608  盲区MSE=0.0412  density=0.0177 vx=0.1166 vy=0.0216 var=0.0088
[epoch  92] loss=-2.4301  盲区MSE=0.0412  density=0.0178 vx=0.1167 vy=0.0217 var=0.0088
[epoch  93] loss=-2.4515  盲区MSE=0.0413  density=0.0178 vx=0.1168 vy=0.0217 var=0.0088
[epoch  94] loss=-2.3908  盲区MSE=0.0412  density=0.0178 vx=0.1168 vy=0.0216 var=0.0088
[epoch  95] loss=-2.4925  盲区MSE=0.0413  density=0.0178 vx=0.1168 vy=0.0216 var=0.0088
[epoch  96] loss=-2.4378  盲区MSE=0.0413  density=0.0178 vx=0.1168 vy=0.0217 var=0.0088
[epoch  97] loss=-2.4099  盲区MSE=0.0413  density=0.0178 vx=0.1170 vy=0.0217 var=0.0088
[epoch  98] loss=-2.3936  盲区MSE=0.0412  density=0.0178 vx=0.1167 vy=0.0216 var=0.0088
[epoch  99] loss=-2.4062  盲区MSE=0.0413  density=0.0178 vx=0.1168 vy=0.0217 var=0.0088
[epoch 100] loss=-2.4144  盲区MSE=0.0413  density=0.0178 vx=0.1169 vy=0.0217 var=0.0088
[epoch 101] loss=-2.3956  盲区MSE=0.0413  density=0.0178 vx=0.1169 vy=0.0217 var=0.0088
[epoch 102] loss=-2.3845  盲区MSE=0.0413  density=0.0178 vx=0.1169 vy=0.0217 var=0.0088
[2026-08-26T22:53:17.006] error: *** JOB 19951170 ON gpu53 CANCELLED AT 2026-08-26T22:53:17 DUE TO TIME LIMIT ***
