Submitted batch job 20065467
[chain] submitted successor (afterany:20064054)
NVIDIA H200
[obs] obs_every_k = 1  (每帧观测,对齐 EnKF 项目)
[data] 6298 windows of (4, 200, 36, 12)  device=cuda
[model] params=3,945,942 (GENN prior 9,420 = 0.24%; the rest is the solver's ConvLSTM)  loss=nll  n_iter=15  amp=True
[seed] init=0  data=0
[var] AUGMENTED STATE: log sigma^2 iterated with x over 15 steps; prior term of J is a Gaussian log-likelihood of the prior residual   eps=1e-06
[schedule] ep0→5it@lr0.001  ep25→10it@lr0.0007  ep50→15it@lr0.0005  ep75→20it@lr0.0003
[resume] loaded runs/varnet_aug0_s0/varnet_last.pt: continuing from epoch 60 (step 11820)
[best] previous best blind MSE = 0.0489
[epoch  60] loss=-2.3231  盲区MSE=0.0497  density=0.0189 vx=0.1437 vy=0.0276 var=0.0088
[epoch  61] loss=-2.3100  盲区MSE=0.0500  density=0.0189 vx=0.1445 vy=0.0277 var=0.0088
[epoch  62] loss=-2.3182  盲区MSE=0.0499  density=0.0189 vx=0.1441 vy=0.0277 var=0.0088
[epoch  63] loss=-2.3414  盲区MSE=0.0497  density=0.0189 vx=0.1437 vy=0.0277 var=0.0088
[epoch  64] loss=-2.3465  盲区MSE=0.0498  density=0.0188 vx=0.1438 vy=0.0277 var=0.0087
[epoch  65] loss=-2.2687  盲区MSE=0.0501  density=0.0189 vx=0.1451 vy=0.0277 var=0.0088
[epoch  66] loss=-2.2870  盲区MSE=0.0498  density=0.0189 vx=0.1441 vy=0.0277 var=0.0088
[epoch  67] loss=-2.3120  盲区MSE=0.0497  density=0.0188 vx=0.1438 vy=0.0276 var=0.0087
[epoch  68] loss=-2.2527  盲区MSE=0.0499  density=0.0189 vx=0.1442 vy=0.0277 var=0.0088
[epoch  69] loss=-2.2346  盲区MSE=0.0496  density=0.0188 vx=0.1434 vy=0.0275 var=0.0087
[epoch  70] loss=-2.2864  盲区MSE=0.0499  density=0.0189 vx=0.1441 vy=0.0277 var=0.0088
[epoch  71] loss=-2.3301  盲区MSE=0.0496  density=0.0189 vx=0.1434 vy=0.0276 var=0.0087
[epoch  72] loss=-2.2601  盲区MSE=0.0505  density=0.0191 vx=0.1462 vy=0.0278 var=0.0088
[epoch  73] loss=-2.2732  盲区MSE=0.0501  density=0.0189 vx=0.1450 vy=0.0277 var=0.0087
[epoch  74] loss=-2.2891  盲区MSE=0.0498  density=0.0189 vx=0.1440 vy=0.0276 var=0.0087
[schedule] epoch 75: n_iter -> 20, lr -> 0.0003
[epoch  75] loss=-2.3447  盲区MSE=0.0498  density=0.0190 vx=0.1440 vy=0.0276 var=0.0087
[epoch  76] loss=-2.3353  盲区MSE=0.0498  density=0.0189 vx=0.1442 vy=0.0276 var=0.0087
[epoch  77] loss=-2.3781  盲区MSE=0.0500  density=0.0189 vx=0.1448 vy=0.0277 var=0.0087
[epoch  78] loss=-2.1817  盲区MSE=0.0501  density=0.0189 vx=0.1452 vy=0.0276 var=0.0087
[epoch  79] loss=-2.3213  盲区MSE=0.0501  density=0.0189 vx=0.1451 vy=0.0277 var=0.0087
[epoch  80] loss=-2.2889  盲区MSE=0.0500  density=0.0189 vx=0.1449 vy=0.0276 var=0.0087
[epoch  81] loss=-2.3515  盲区MSE=0.0500  density=0.0189 vx=0.1448 vy=0.0276 var=0.0087
[epoch  82] loss=-2.3814  盲区MSE=0.0500  density=0.0189 vx=0.1447 vy=0.0277 var=0.0087
[epoch  83] loss=-1.8682  盲区MSE=0.0526  density=0.0201 vx=0.1516 vy=0.0299 var=0.0089
[epoch  84] loss=-2.3214  盲区MSE=0.0502  density=0.0189 vx=0.1454 vy=0.0277 var=0.0087
[epoch  85] loss=-2.3166  盲区MSE=0.0502  density=0.0189 vx=0.1454 vy=0.0277 var=0.0087
[2026-09-04T06:07:23.006] error: *** JOB 20064054 ON gpu56 CANCELLED AT 2026-09-04T06:07:23 DUE TO TIME LIMIT ***
