Submitted batch job 20084667
[chain] submitted successor (afterany:20083866)
NVIDIA H200
[obs] obs_every_k = 1  (每帧观测,对齐 EnKF 项目)
[data] 6298 windows of (4, 200, 36, 12)  device=cuda
[model] params=3,945,942 (GENN prior 9,420 = 0.24%; the rest is the solver's ConvLSTM)  loss=nll  n_iter=15  amp=True
[seed] init=2  data=0
[var] AUGMENTED STATE: log sigma^2 iterated with x over 15 steps; prior term of J is a Gaussian log-likelihood of the prior residual   eps=1e-06
[schedule] ep0→5it@lr0.001  ep25→10it@lr0.0007  ep50→15it@lr0.0005  ep75→20it@lr0.0003
[resume] loaded runs/varnet_aug0_s2/varnet_last.pt: continuing from epoch 125 (step 24625)
[best] previous best blind MSE = 0.0475
[schedule] epoch 125: n_iter -> 20, lr -> 0.0003
[epoch 125] loss=-2.2497  盲区MSE=0.0490  density=0.0187 vx=0.1430 vy=0.0256 var=0.0088
[epoch 126] loss=-2.2659  盲区MSE=0.0491  density=0.0187 vx=0.1431 vy=0.0258 var=0.0088
[epoch 127] loss=-2.2522  盲区MSE=0.0488  density=0.0187 vx=0.1421 vy=0.0257 var=0.0088
[epoch 128] loss=-2.2534  盲区MSE=0.0488  density=0.0186 vx=0.1420 vy=0.0256 var=0.0088
[epoch 129] loss=-2.2769  盲区MSE=0.0488  density=0.0186 vx=0.1421 vy=0.0256 var=0.0088
[epoch 130] loss=-2.3197  盲区MSE=0.0487  density=0.0186 vx=0.1418 vy=0.0256 var=0.0088
[epoch 131] loss=-2.2945  盲区MSE=0.0485  density=0.0185 vx=0.1413 vy=0.0255 var=0.0088
[epoch 132] loss=-2.3121  盲区MSE=0.0486  density=0.0186 vx=0.1416 vy=0.0255 var=0.0088
[epoch 133] loss=-2.2813  盲区MSE=0.0484  density=0.0185 vx=0.1411 vy=0.0255 var=0.0088
[epoch 134] loss=-2.2922  盲区MSE=0.0485  density=0.0185 vx=0.1412 vy=0.0255 var=0.0088
[epoch 135] loss=-2.2985  盲区MSE=0.0485  density=0.0185 vx=0.1412 vy=0.0255 var=0.0088
[epoch 136] loss=-2.3427  盲区MSE=0.0486  density=0.0185 vx=0.1414 vy=0.0256 var=0.0088
[epoch 137] loss=-2.3109  盲区MSE=0.0485  density=0.0185 vx=0.1412 vy=0.0255 var=0.0088
[epoch 138] loss=-2.3456  盲区MSE=0.0487  density=0.0185 vx=0.1419 vy=0.0255 var=0.0088
[epoch 139] loss=-2.2787  盲区MSE=0.0486  density=0.0185 vx=0.1416 vy=0.0256 var=0.0088
[epoch 140] loss=-2.2672  盲区MSE=0.0485  density=0.0185 vx=0.1413 vy=0.0255 var=0.0088
[epoch 141] loss=-2.3495  盲区MSE=0.0487  density=0.0186 vx=0.1417 vy=0.0256 var=0.0088
[epoch 142] loss=-2.1139  盲区MSE=0.0490  density=0.0187 vx=0.1428 vy=0.0257 var=0.0088
[epoch 143] loss=-2.3279  盲区MSE=0.0486  density=0.0186 vx=0.1413 vy=0.0255 var=0.0088
[epoch 144] loss=-2.3499  盲区MSE=0.0486  density=0.0186 vx=0.1416 vy=0.0255 var=0.0088
[epoch 145] loss=-2.3017  盲区MSE=0.0486  density=0.0186 vx=0.1416 vy=0.0255 var=0.0088
[epoch 146] loss=-2.2907  盲区MSE=0.0485  density=0.0185 vx=0.1412 vy=0.0254 var=0.0088
[2026-09-06T03:16:40.005] error: *** JOB 20083866 ON gpu58 CANCELLED AT 2026-09-06T03:16:40 DUE TO TIME LIMIT ***
