Submitted batch job 19943175
[chain] submitted successor (afterany:19941047)
NVIDIA H200
[obs] obs_every_k = 1  (每帧观测,对齐 EnKF 项目)
[data] 6298 windows of (4, 200, 36, 12)  device=cuda
[model] params=2,103,542 (GENN prior 9,420 = 0.45%; the rest is the solver's ConvLSTM)  loss=nll  n_iter=15  amp=True
[seed] init=0  data=0
[var read-out] 52,000 params on the last hidden state   sigma^2 = softplus(out_var(h)) + 1e-06   beta=0.0
[schedule] ep0→5it@lr0.001  ep25→10it@lr0.0007  ep50→15it@lr0.0005  ep75→20it@lr0.0003
[resume] loaded runs/varnet_vrb0_s0/varnet_last.pt: continuing from epoch 81 (step 15957)
[best] previous best blind MSE = 0.0428
[schedule] epoch 81: n_iter -> 20, lr -> 0.0003
[epoch  81] loss=-2.4325  盲区MSE=0.0429  density=0.0180 vx=0.1219 vy=0.0231 var=0.0087
[epoch  82] loss=-2.4195  盲区MSE=0.0428  density=0.0180 vx=0.1216 vy=0.0232 var=0.0087
[epoch  83] loss=-2.4344  盲区MSE=0.0429  density=0.0180 vx=0.1217 vy=0.0232 var=0.0087
[epoch  84] loss=-2.3990  盲区MSE=0.0429  density=0.0180 vx=0.1217 vy=0.0232 var=0.0087
[epoch  85] loss=-2.4811  盲区MSE=0.0430  density=0.0181 vx=0.1221 vy=0.0232 var=0.0087
[epoch  86] loss=-2.4578  盲区MSE=0.0429  density=0.0180 vx=0.1219 vy=0.0232 var=0.0087
[epoch  87] loss=-2.4111  盲区MSE=0.0429  density=0.0180 vx=0.1217 vy=0.0231 var=0.0087
[epoch  88] loss=-2.4490  盲区MSE=0.0429  density=0.0180 vx=0.1218 vy=0.0231 var=0.0087
[epoch  89] loss=-2.3732  盲区MSE=0.0430  density=0.0180 vx=0.1220 vy=0.0232 var=0.0087
[epoch  90] loss=-2.4506  盲区MSE=0.0429  density=0.0180 vx=0.1219 vy=0.0231 var=0.0087
[epoch  91] loss=-2.4910  盲区MSE=0.0430  density=0.0180 vx=0.1220 vy=0.0231 var=0.0087
[epoch  92] loss=-2.4069  盲区MSE=0.0429  density=0.0180 vx=0.1219 vy=0.0231 var=0.0087
[epoch  93] loss=-2.3867  盲区MSE=0.0430  density=0.0180 vx=0.1220 vy=0.0231 var=0.0087
[epoch  94] loss=-2.4262  盲区MSE=0.0429  density=0.0180 vx=0.1220 vy=0.0231 var=0.0087
[epoch  95] loss=-2.3998  盲区MSE=0.0430  density=0.0180 vx=0.1220 vy=0.0232 var=0.0087
[epoch  96] loss=-2.5258  盲区MSE=0.0430  density=0.0181 vx=0.1219 vy=0.0232 var=0.0087
[epoch  97] loss=-2.4677  盲区MSE=0.0430  density=0.0181 vx=0.1222 vy=0.0232 var=0.0087
[epoch  98] loss=-2.4615  盲区MSE=0.0430  density=0.0181 vx=0.1219 vy=0.0232 var=0.0087
[epoch  99] loss=-2.4234  盲区MSE=0.0430  density=0.0181 vx=0.1221 vy=0.0231 var=0.0087
[epoch 100] loss=-2.4340  盲区MSE=0.0429  density=0.0180 vx=0.1219 vy=0.0231 var=0.0087
[epoch 101] loss=-2.4465  盲区MSE=0.0429  density=0.0180 vx=0.1220 vy=0.0231 var=0.0087
[epoch 102] loss=-2.4634  盲区MSE=0.0430  density=0.0180 vx=0.1222 vy=0.0232 var=0.0087
[epoch 103] loss=-2.4214  盲区MSE=0.0429  density=0.0180 vx=0.1219 vy=0.0231 var=0.0087
[2026-08-26T04:34:01.004] error: *** JOB 19941047 ON gpu63 CANCELLED AT 2026-08-26T04:34:01 DUE TO TIME LIMIT ***
