
==================== runs/varnet_mse5_h96_s4 ====================
[select] varnet_mse5_h96_s4: 8 candidates (epochs 80..149, all at 20 iterations) | 7 valid days | walkable 290/432 | cuda
  atc-20130616: best epoch 80 (0.051966)
  atc-20130623: best epoch 80 (0.049596)
  atc-20130630: best epoch 80 (0.046391)
  atc-20130707: best epoch 80 (0.056818)
  atc-20130714: best epoch 80 (0.062221)
  atc-20130721: best epoch 80 (0.063938)
  atc-20130728: best epoch 80 (0.052393)

  epoch   walkable blind MSE      RMSE
     80             0.054720    0.2339  <-- selected
     90             0.055498    0.2356
    100             0.055105    0.2347
    110             0.055697    0.2360
    120             0.056721    0.2382
    130             0.056654    0.2380
    140             0.056304    0.2373
    149             0.057661    0.2401

[select] epoch 80  MSE 0.054720  RMSE 0.2339
[select] spread across the 8 candidates: 0.002941 (5.4% of the winner) -- if this is small, the choice of epoch barely matters and any of them would do.
[select] wrote /scratch/work/zhangx29/Thesis_Project/methods/varnet/runs/varnet_mse5_h96_s4/select_valid.json

==================== runs/varnet_vsb0_h96_s0 ====================
[select] varnet_vsb0_h96_s0: 8 candidates (epochs 80..149, all at 20 iterations) | 7 valid days | walkable 290/432 | cuda
  atc-20130616: best epoch 80 (0.063996)
  atc-20130623: best epoch 80 (0.063690)
  atc-20130630: best epoch 80 (0.059812)
  atc-20130707: best epoch 90 (0.071304)
  atc-20130714: best epoch 90 (0.077512)
  atc-20130721: best epoch 90 (0.077236)
  atc-20130728: best epoch 80 (0.064758)

  epoch   walkable blind MSE      RMSE
     80             0.068372    0.2615  <-- selected
     90             0.068400    0.2615
    100             0.068823    0.2623
    110             0.069025    0.2627
    120             0.068603    0.2619
    130             0.068866    0.2624
    140             0.069116    0.2629
    149             0.068770    0.2622

[select] epoch 80  MSE 0.068372  RMSE 0.2615
[select] spread across the 8 candidates: 0.000743 (1.1% of the winner) -- if this is small, the choice of epoch barely matters and any of them would do.
[select] wrote /scratch/work/zhangx29/Thesis_Project/methods/varnet/runs/varnet_vsb0_h96_s0/select_valid.json

[select] all 15 runs selected — compare.compare5 can run now
