Submitted batch job 20181667
[chain] submitted successor (afterany:20167265)
NVIDIA H200
[obs] obs_every_k = 1  (observed every frame, matching the EnKF project)
[data] 6298 windows of (4, 200, 36, 12)  device=cuda
[model] params=2,096,342 (GENN prior 54,220 = 2.59%; the rest is the solver's ConvLSTM)  loss=supervised  n_iter=15  amp=True
[seed] init=1  data=0
[schedule] ep0→5it@lr0.001  ep25→10it@lr0.0007  ep50→15it@lr0.0005  ep75→20it@lr0.0003
[resume] loaded runs/varnet_mse5_h96_s1/varnet_last.pt: continuing from epoch 48 (step 9456)
[best] previous best blind MSE = 0.0278
[schedule] epoch 48: n_iter -> 10, lr -> 0.0007
[epoch  48] loss=0.0280  blind_MSE=0.0278  density=0.0160 vx=0.0650 vy=0.0217 var=0.0087
[epoch  49] loss=0.0277  blind_MSE=0.0278  density=0.0161 vx=0.0648 vy=0.0217 var=0.0087
[schedule] epoch 50: n_iter -> 15, lr -> 0.0005
[epoch  50] loss=0.0281  blind_MSE=0.0275  density=0.0159 vx=0.0638 vy=0.0216 var=0.0087
           ↑ new best (0.0275) -> varnet_best.pt
[epoch  51] loss=0.0258  blind_MSE=0.0275  density=0.0160 vx=0.0639 vy=0.0216 var=0.0087
[epoch  52] loss=0.0282  blind_MSE=0.0278  density=0.0160 vx=0.0649 vy=0.0217 var=0.0087
[epoch  53] loss=0.0236  blind_MSE=0.0278  density=0.0160 vx=0.0649 vy=0.0217 var=0.0087
[epoch  54] loss=0.0283  blind_MSE=0.0276  density=0.0160 vx=0.0640 vy=0.0217 var=0.0087
[epoch  55] loss=0.0268  blind_MSE=0.0276  density=0.0160 vx=0.0641 vy=0.0217 var=0.0087
[epoch  56] loss=0.0268  blind_MSE=0.0277  density=0.0160 vx=0.0642 vy=0.0217 var=0.0087
[epoch  57] loss=0.0268  blind_MSE=0.0276  density=0.0159 vx=0.0642 vy=0.0217 var=0.0087
[epoch  58] loss=0.0272  blind_MSE=0.0277  density=0.0160 vx=0.0643 vy=0.0217 var=0.0087
[epoch  59] loss=0.0280  blind_MSE=0.0277  density=0.0160 vx=0.0643 vy=0.0218 var=0.0087
[epoch  60] loss=0.0252  blind_MSE=0.0275  density=0.0159 vx=0.0639 vy=0.0217 var=0.0087
[epoch  61] loss=0.0265  blind_MSE=0.0275  density=0.0159 vx=0.0638 vy=0.0217 var=0.0087
[epoch  62] loss=0.0280  blind_MSE=0.0276  density=0.0160 vx=0.0639 vy=0.0218 var=0.0087
[epoch  63] loss=0.0288  blind_MSE=0.0281  density=0.0161 vx=0.0658 vy=0.0220 var=0.0087
[epoch  64] loss=0.0258  blind_MSE=0.0276  density=0.0159 vx=0.0642 vy=0.0218 var=0.0087
[epoch  65] loss=0.0252  blind_MSE=0.0277  density=0.0159 vx=0.0646 vy=0.0218 var=0.0087
[epoch  66] loss=0.0282  blind_MSE=0.0275  density=0.0159 vx=0.0638 vy=0.0218 var=0.0087
[epoch  67] loss=0.0253  blind_MSE=0.0275  density=0.0159 vx=0.0638 vy=0.0217 var=0.0087
[epoch  68] loss=0.0269  blind_MSE=0.0277  density=0.0159 vx=0.0643 vy=0.0218 var=0.0087
[epoch  69] loss=0.0258  blind_MSE=0.0277  density=0.0160 vx=0.0643 vy=0.0218 var=0.0087
[epoch  70] loss=0.0267  blind_MSE=0.0275  density=0.0160 vx=0.0637 vy=0.0217 var=0.0087
[epoch  71] loss=0.0261  blind_MSE=0.0274  density=0.0159 vx=0.0632 vy=0.0218 var=0.0087
           ↑ new best (0.0274) -> varnet_best.pt
[epoch  72] loss=0.0268  blind_MSE=0.0277  density=0.0160 vx=0.0643 vy=0.0218 var=0.0087
[2026-09-10T01:35:53.006] error: *** JOB 20167265 ON gpu60 CANCELLED AT 2026-09-10T01:35:53 DUE TO TIME LIMIT ***
