Submitted batch job 20224652
[chain] submitted successor (afterany:20204293)
NVIDIA H200
[obs] obs_every_k = 1  (observed every frame, matching the EnKF project)
[data] 6298 windows of (4, 200, 36, 12)  device=cuda
[model] params=2,096,342 (GENN prior 54,220 = 2.59%; the rest is the solver's ConvLSTM)  loss=supervised  n_iter=15  amp=True
[seed] init=1  data=0
[schedule] ep0→5it@lr0.001  ep25→10it@lr0.0007  ep50→15it@lr0.0005  ep75→20it@lr0.0003
[resume] loaded runs/varnet_mse5_h96_s1/varnet_last.pt: continuing from epoch 127 (step 25019)
[best] previous best blind MSE = 0.0272
[schedule] epoch 127: n_iter -> 20, lr -> 0.0003
[epoch 127] loss=0.0278  blind_MSE=0.0276  density=0.0160 vx=0.0638 vy=0.0218 var=0.0087
[epoch 128] loss=0.0274  blind_MSE=0.0274  density=0.0159 vx=0.0634 vy=0.0218 var=0.0087
[epoch 129] loss=0.0280  blind_MSE=0.0274  density=0.0159 vx=0.0631 vy=0.0217 var=0.0087
[epoch 130] loss=0.0258  blind_MSE=0.0274  density=0.0159 vx=0.0631 vy=0.0218 var=0.0087
[epoch 131] loss=0.0279  blind_MSE=0.0273  density=0.0159 vx=0.0630 vy=0.0218 var=0.0087
[epoch 132] loss=0.0235  blind_MSE=0.0275  density=0.0159 vx=0.0635 vy=0.0218 var=0.0087
[epoch 133] loss=0.0282  blind_MSE=0.0275  density=0.0160 vx=0.0636 vy=0.0218 var=0.0087
[epoch 134] loss=0.0267  blind_MSE=0.0277  density=0.0160 vx=0.0644 vy=0.0219 var=0.0087
[epoch 135] loss=0.0267  blind_MSE=0.0275  density=0.0160 vx=0.0636 vy=0.0219 var=0.0087
[epoch 136] loss=0.0268  blind_MSE=0.0274  density=0.0159 vx=0.0632 vy=0.0218 var=0.0087
[epoch 137] loss=0.0271  blind_MSE=0.0274  density=0.0159 vx=0.0631 vy=0.0218 var=0.0087
[epoch 138] loss=0.0278  blind_MSE=0.0273  density=0.0159 vx=0.0629 vy=0.0218 var=0.0087
[epoch 139] loss=0.0251  blind_MSE=0.0274  density=0.0159 vx=0.0632 vy=0.0218 var=0.0087
[epoch 140] loss=0.0266  blind_MSE=0.0276  density=0.0160 vx=0.0638 vy=0.0219 var=0.0087
[epoch 141] loss=0.0278  blind_MSE=0.0273  density=0.0159 vx=0.0629 vy=0.0218 var=0.0087
[epoch 142] loss=0.0285  blind_MSE=0.0273  density=0.0159 vx=0.0628 vy=0.0218 var=0.0087
[epoch 143] loss=0.0258  blind_MSE=0.0279  density=0.0161 vx=0.0648 vy=0.0221 var=0.0087
[epoch 144] loss=0.0252  blind_MSE=0.0275  density=0.0159 vx=0.0636 vy=0.0219 var=0.0087
[2026-09-12T13:20:16.008] error: *** JOB 20204293 ON gpu53 CANCELLED AT 2026-09-12T13:20:16 DUE TO TIME LIMIT ***
