Submitted batch job 20185521
[chain] submitted successor (afterany:20167530)
NVIDIA H200
[obs] obs_every_k = 1  (observed every frame, matching the EnKF project)
[data] 6298 windows of (4, 200, 36, 12)  device=cuda
[model] params=3,990,742 (GENN prior 54,220 = 1.36%; the rest is the solver's ConvLSTM)  loss=nll  n_iter=15  amp=True
[seed] init=1  data=0
[var] AUGMENTED STATE: log sigma^2 iterated with x over 15 steps; prior term of J is a Gaussian log-likelihood of the prior residual   eps=1e-06
[schedule] ep0→5it@lr0.001  ep25→10it@lr0.0007  ep50→15it@lr0.0005  ep75→20it@lr0.0003
[resume] loaded runs/varnet_aug0_h96_s1/varnet_last.pt: continuing from epoch 48 (step 9456)
[best] previous best blind MSE = 0.0498
[schedule] epoch 48: n_iter -> 10, lr -> 0.0007
[epoch  48] loss=-2.3700  blind_MSE=0.0510  density=0.0188 vx=0.1498 vy=0.0265 var=0.0087
[epoch  49] loss=-2.2364  blind_MSE=0.0508  density=0.0187 vx=0.1491 vy=0.0267 var=0.0087
[schedule] epoch 50: n_iter -> 15, lr -> 0.0005
[epoch  50] loss=-2.3338  blind_MSE=0.0507  density=0.0186 vx=0.1488 vy=0.0265 var=0.0087
[epoch  51] loss=-2.4486  blind_MSE=0.0511  density=0.0187 vx=0.1503 vy=0.0266 var=0.0087
[epoch  52] loss=-2.3423  blind_MSE=0.0510  density=0.0187 vx=0.1500 vy=0.0265 var=0.0087
[epoch  53] loss=-2.3273  blind_MSE=0.0509  density=0.0187 vx=0.1497 vy=0.0265 var=0.0087
[epoch  54] loss=-2.3158  blind_MSE=0.0510  density=0.0187 vx=0.1499 vy=0.0266 var=0.0087
[epoch  55] loss=-2.3219  blind_MSE=0.0508  density=0.0187 vx=0.1495 vy=0.0265 var=0.0087
[epoch  56] loss=-2.3297  blind_MSE=0.0509  density=0.0186 vx=0.1499 vy=0.0265 var=0.0087
[epoch  57] loss=-2.3759  blind_MSE=0.0510  density=0.0186 vx=0.1500 vy=0.0266 var=0.0087
[epoch  58] loss=-2.3585  blind_MSE=0.0510  density=0.0187 vx=0.1499 vy=0.0266 var=0.0087
[epoch  59] loss=-2.4004  blind_MSE=0.0509  density=0.0187 vx=0.1498 vy=0.0265 var=0.0087
[epoch  60] loss=-2.3347  blind_MSE=0.0521  density=0.0189 vx=0.1536 vy=0.0270 var=0.0087
[epoch  61] loss=-2.3016  blind_MSE=0.0515  density=0.0189 vx=0.1517 vy=0.0268 var=0.0087
[epoch  62] loss=-2.3174  blind_MSE=0.0517  density=0.0188 vx=0.1526 vy=0.0268 var=0.0087
[epoch  63] loss=-2.3809  blind_MSE=0.0514  density=0.0187 vx=0.1514 vy=0.0267 var=0.0087
[epoch  64] loss=-2.3601  blind_MSE=0.0512  density=0.0188 vx=0.1508 vy=0.0267 var=0.0087
[epoch  65] loss=-2.4125  blind_MSE=0.0511  density=0.0188 vx=0.1504 vy=0.0266 var=0.0087
[epoch  66] loss=-2.3817  blind_MSE=0.0510  density=0.0187 vx=0.1499 vy=0.0266 var=0.0087
[epoch  67] loss=-2.3810  blind_MSE=0.0511  density=0.0187 vx=0.1505 vy=0.0266 var=0.0087
[epoch  68] loss=-2.0442  blind_MSE=0.0526  density=0.0199 vx=0.1536 vy=0.0282 var=0.0088
[epoch  69] loss=-2.3465  blind_MSE=0.0517  density=0.0190 vx=0.1523 vy=0.0269 var=0.0087
[epoch  70] loss=-2.3954  blind_MSE=0.0514  density=0.0189 vx=0.1512 vy=0.0268 var=0.0087
[epoch  71] loss=-2.3477  blind_MSE=0.0514  density=0.0189 vx=0.1513 vy=0.0268 var=0.0087
[epoch  72] loss=-2.3719  blind_MSE=0.0513  density=0.0188 vx=0.1508 vy=0.0268 var=0.0087
[2026-09-10T03:30:53.006] error: *** JOB 20167530 ON gpu55 CANCELLED AT 2026-09-10T03:30:53 DUE TO TIME LIMIT ***
