[early_stop] no checkpoint at or after epoch 80 yet: keep training
Submitted batch job 20712398
NVIDIA H200
[obs] obs_every_k = 1  (observed every frame, matching the EnKF project)
[obs] trajectory_mode = fixed  (base data seed 0)
[data] 6298 windows of (4, 200, 36, 12)  device=cuda
[model] params=2,074,198 (GENN prior 32,076 = 1.55%; the rest is the solver's ConvLSTM)  loss=supervised  n_iter=15  amp=True
[seed] init=0  data=0
[schedule] ep0→5it@lr0.001  ep25→10it@lr0.0007  ep50→15it@lr0.0005  ep75→20it@lr0.0003
[resume] loaded runs/varnet_reselect_h64k5_s0/varnet_last.pt: continuing from epoch 44 (step 8668)
[best] previous best blind MSE = 0.0278
[schedule] epoch 44: n_iter -> 10, lr -> 0.0007
[epoch  44] loss=0.0260  blind_MSE=0.0278  density=0.0160 vx=0.0647 vy=0.0218 var=0.0087
[epoch  45] loss=0.0291  blind_MSE=0.0277  density=0.0161 vx=0.0641 vy=0.0219 var=0.0087
           ↑ new best (0.0277) -> varnet_best.pt
[epoch  46] loss=0.0284  blind_MSE=0.0276  density=0.0160 vx=0.0638 vy=0.0218 var=0.0087
           ↑ new best (0.0276) -> varnet_best.pt
[epoch  47] loss=0.0273  blind_MSE=0.0276  density=0.0160 vx=0.0637 vy=0.0218 var=0.0087
           ↑ new best (0.0276) -> varnet_best.pt
[epoch  48] loss=0.0256  blind_MSE=0.0275  density=0.0160 vx=0.0634 vy=0.0218 var=0.0087
           ↑ new best (0.0275) -> varnet_best.pt
[epoch  49] loss=0.0288  blind_MSE=0.0275  density=0.0160 vx=0.0633 vy=0.0218 var=0.0087
           ↑ new best (0.0275) -> varnet_best.pt
[schedule] epoch 50: n_iter -> 15, lr -> 0.0005
[epoch  50] loss=0.0265  blind_MSE=0.0272  density=0.0160 vx=0.0625 vy=0.0218 var=0.0087
           ↑ new best (0.0272) -> varnet_best.pt
[epoch  51] loss=0.0261  blind_MSE=0.0272  density=0.0160 vx=0.0623 vy=0.0218 var=0.0087
           ↑ new best (0.0272) -> varnet_best.pt
[epoch  52] loss=0.0272  blind_MSE=0.0271  density=0.0160 vx=0.0621 vy=0.0218 var=0.0087
           ↑ new best (0.0271) -> varnet_best.pt
[epoch  53] loss=0.0277  blind_MSE=0.0271  density=0.0160 vx=0.0621 vy=0.0218 var=0.0087
           ↑ new best (0.0271) -> varnet_best.pt
[epoch  54] loss=0.0269  blind_MSE=0.0271  density=0.0160 vx=0.0620 vy=0.0218 var=0.0087
           ↑ new best (0.0271) -> varnet_best.pt
[epoch  55] loss=0.0275  blind_MSE=0.0271  density=0.0159 vx=0.0620 vy=0.0218 var=0.0087
           ↑ new best (0.0271) -> varnet_best.pt
[epoch  56] loss=0.0269  blind_MSE=0.0270  density=0.0159 vx=0.0616 vy=0.0218 var=0.0087
           ↑ new best (0.0270) -> varnet_best.pt
[epoch  57] loss=0.0264  blind_MSE=0.0271  density=0.0160 vx=0.0620 vy=0.0218 var=0.0087
[epoch  58] loss=0.0268  blind_MSE=0.0270  density=0.0160 vx=0.0617 vy=0.0218 var=0.0087
[epoch  59] loss=0.0261  blind_MSE=0.0270  density=0.0159 vx=0.0615 vy=0.0218 var=0.0087
           ↑ new best (0.0270) -> varnet_best.pt
[epoch  60] loss=0.0266  blind_MSE=0.0270  density=0.0159 vx=0.0615 vy=0.0218 var=0.0087
[epoch  61] loss=0.0274  blind_MSE=0.0270  density=0.0159 vx=0.0614 vy=0.0218 var=0.0087
           ↑ new best (0.0270) -> varnet_best.pt
[epoch  62] loss=0.0260  blind_MSE=0.0271  density=0.0160 vx=0.0619 vy=0.0218 var=0.0087
[epoch  63] loss=0.0267  blind_MSE=0.0269  density=0.0160 vx=0.0613 vy=0.0218 var=0.0087
           ↑ new best (0.0269) -> varnet_best.pt
[epoch  64] loss=0.0276  blind_MSE=0.0269  density=0.0159 vx=0.0612 vy=0.0218 var=0.0087
           ↑ new best (0.0269) -> varnet_best.pt
[epoch  65] loss=0.0270  blind_MSE=0.0269  density=0.0159 vx=0.0614 vy=0.0218 var=0.0087
[epoch  66] loss=0.0290  blind_MSE=0.0269  density=0.0159 vx=0.0613 vy=0.0218 var=0.0087
[2026-10-03T20:45:42.011] error: *** JOB 20706350 ON gpu50 CANCELLED AT 2026-10-03T20:45:42 DUE TO TIME LIMIT ***
