Submitted batch job 19960409
[chain] submitted successor (afterany:19957934)
NVIDIA H200
[obs] obs_every_k = 1  (每帧观测,对齐 EnKF 项目)
[data] 6298 windows of (4, 200, 36, 12)  device=cuda
[model] params=2,743,542 (GENN prior 9,420 = 0.34%; the rest is the solver's ConvLSTM)  loss=nll  n_iter=15  amp=True
[seed] init=1  data=0
[var read-out] 692,000 params on the last hidden state   sigma^2 = softplus(out_var(h)) + 1e-06   beta=0.0
[schedule] ep0→5it@lr0.001  ep25→10it@lr0.0007  ep50→15it@lr0.0005  ep75→20it@lr0.0003
[resume] loaded runs/varnet_vsb0_s1/varnet_last.pt: continuing from epoch 127 (step 25019)
[best] previous best blind MSE = 0.0411
[schedule] epoch 127: n_iter -> 20, lr -> 0.0003
[epoch 127] loss=-2.3937  盲区MSE=0.0412  density=0.0175 vx=0.1170 vy=0.0216 var=0.0088
[epoch 128] loss=-2.4472  盲区MSE=0.0412  density=0.0174 vx=0.1169 vy=0.0216 var=0.0088
[epoch 129] loss=-2.4685  盲区MSE=0.0412  density=0.0173 vx=0.1172 vy=0.0216 var=0.0088
[epoch 130] loss=-2.4372  盲区MSE=0.0413  density=0.0173 vx=0.1174 vy=0.0216 var=0.0088
[epoch 131] loss=-2.4222  盲区MSE=0.0412  density=0.0175 vx=0.1171 vy=0.0216 var=0.0088
[epoch 132] loss=-2.4236  盲区MSE=0.0412  density=0.0174 vx=0.1170 vy=0.0216 var=0.0088
[epoch 133] loss=-2.3343  盲区MSE=0.0412  density=0.0175 vx=0.1170 vy=0.0216 var=0.0088
[epoch 134] loss=-2.4168  盲区MSE=0.0412  density=0.0174 vx=0.1170 vy=0.0216 var=0.0088
[epoch 135] loss=-2.3987  盲区MSE=0.0412  density=0.0174 vx=0.1169 vy=0.0216 var=0.0088
[epoch 136] loss=-2.3961  盲区MSE=0.0412  density=0.0175 vx=0.1170 vy=0.0216 var=0.0088
[epoch 137] loss=-2.4081  盲区MSE=0.0412  density=0.0174 vx=0.1171 vy=0.0216 var=0.0088
[epoch 138] loss=-2.3887  盲区MSE=0.0412  density=0.0174 vx=0.1172 vy=0.0216 var=0.0087
[epoch 139] loss=-2.4827  盲区MSE=0.0413  density=0.0175 vx=0.1173 vy=0.0216 var=0.0088
[epoch 140] loss=-2.4022  盲区MSE=0.0411  density=0.0173 vx=0.1169 vy=0.0216 var=0.0088
[epoch 141] loss=-2.4021  盲区MSE=0.0412  density=0.0174 vx=0.1173 vy=0.0216 var=0.0088
[epoch 142] loss=-2.3831  盲区MSE=0.0412  density=0.0175 vx=0.1170 vy=0.0216 var=0.0088
[epoch 143] loss=-2.4496  盲区MSE=0.0412  density=0.0174 vx=0.1171 vy=0.0216 var=0.0088
[epoch 144] loss=-2.4083  盲区MSE=0.0412  density=0.0174 vx=0.1170 vy=0.0216 var=0.0088
[epoch 145] loss=-2.3519  盲区MSE=0.0412  density=0.0174 vx=0.1171 vy=0.0216 var=0.0088
[epoch 146] loss=-2.4546  盲区MSE=0.0413  density=0.0175 vx=0.1171 vy=0.0216 var=0.0088
[epoch 147] loss=-2.4351  盲区MSE=0.0412  density=0.0175 vx=0.1171 vy=0.0216 var=0.0088
[epoch 148] loss=-2.4381  盲区MSE=0.0413  density=0.0175 vx=0.1171 vy=0.0216 var=0.0088
[2026-08-27T05:03:13.009] error: *** JOB 19957934 ON gpu50 CANCELLED AT 2026-08-27T05:03:13 DUE TO TIME LIMIT ***
