Submitted batch job 19751518
[chain] submitted successor (afterany:19751514)
NVIDIA H200
[obs] obs_every_k = 1  (每帧观测,对齐 EnKF 项目)
[data] 6298 windows of (4, 200, 36, 12)  device=cuda
[model] params=2,051,542 (GENN prior 9,420 = 0.46%; the rest is the solver's ConvLSTM)  loss=nll  n_iter=15  amp=True
[seed] init=3  data=0
[var-head] 548 params   sigma^2 = obs_var + softplus(head),  obs_var = [0.003239, 0.099055, 0.007424, 4.2e-05]   beta=1.0
[schedule] ep0→5it@lr0.001  ep25→10it@lr0.0007  ep50→15it@lr0.0005  ep75→20it@lr0.0003
[schedule] epoch 0: n_iter -> 5, lr -> 0.001
[epoch   0] loss=-0.0312  盲区MSE=0.0732  density=0.0232 vx=0.2222 vy=0.0383 var=0.0093
           ↑ new best (0.0732) -> varnet_best.pt
[epoch   1] loss=-0.0229  盲区MSE=0.0640  density=0.0232 vx=0.1858 vy=0.0377 var=0.0093
           ↑ new best (0.0640) -> varnet_best.pt
[epoch   2] loss=-0.0238  盲区MSE=0.0603  density=0.0235 vx=0.1706 vy=0.0377 var=0.0093
           ↑ new best (0.0603) -> varnet_best.pt
[epoch   3] loss=-0.0239  盲区MSE=0.0591  density=0.0240 vx=0.1650 vy=0.0379 var=0.0094
           ↑ new best (0.0591) -> varnet_best.pt
[epoch   4] loss=-0.0241  盲区MSE=0.0568  density=0.0237 vx=0.1562 vy=0.0380 var=0.0093
           ↑ new best (0.0568) -> varnet_best.pt
[epoch   5] loss=-0.0228  盲区MSE=0.0565  density=0.0236 vx=0.1548 vy=0.0381 var=0.0094
           ↑ new best (0.0565) -> varnet_best.pt
[epoch   6] loss=-0.0241  盲区MSE=0.0555  density=0.0236 vx=0.1524 vy=0.0362 var=0.0096
           ↑ new best (0.0555) -> varnet_best.pt
[epoch   7] loss=-0.0243  盲区MSE=0.0539  density=0.0233 vx=0.1443 vy=0.0381 var=0.0097
           ↑ new best (0.0539) -> varnet_best.pt
[epoch   8] loss=-0.0247  盲区MSE=0.0528  density=0.0231 vx=0.1427 vy=0.0356 var=0.0098
           ↑ new best (0.0528) -> varnet_best.pt
[epoch   9] loss=-0.0224  盲区MSE=0.0522  density=0.0229 vx=0.1405 vy=0.0355 var=0.0097
           ↑ new best (0.0522) -> varnet_best.pt
[epoch  10] loss=-0.0242  盲区MSE=0.0512  density=0.0229 vx=0.1358 vy=0.0360 var=0.0099
           ↑ new best (0.0512) -> varnet_best.pt
[epoch  11] loss=-0.0241  盲区MSE=0.0490  density=0.0229 vx=0.1293 vy=0.0338 var=0.0099
           ↑ new best (0.0490) -> varnet_best.pt
[epoch  12] loss=-0.0254  盲区MSE=0.0483  density=0.0228 vx=0.1279 vy=0.0328 var=0.0097
           ↑ new best (0.0483) -> varnet_best.pt
[epoch  13] loss=-0.0264  盲区MSE=0.0477  density=0.0228 vx=0.1255 vy=0.0327 var=0.0097
           ↑ new best (0.0477) -> varnet_best.pt
[epoch  14] loss=-0.0253  盲区MSE=0.0455  density=0.0228 vx=0.1185 vy=0.0311 var=0.0097
           ↑ new best (0.0455) -> varnet_best.pt
[epoch  15] loss=-0.0261  盲区MSE=0.0450  density=0.0228 vx=0.1154 vy=0.0322 var=0.0095
           ↑ new best (0.0450) -> varnet_best.pt
[epoch  16] loss=-0.0265  盲区MSE=0.0447  density=0.0228 vx=0.1150 vy=0.0316 var=0.0095
           ↑ new best (0.0447) -> varnet_best.pt
[epoch  17] loss=-0.0267  盲区MSE=0.0442  density=0.0228 vx=0.1145 vy=0.0301 var=0.0096
           ↑ new best (0.0442) -> varnet_best.pt
[epoch  18] loss=-0.0263  盲区MSE=0.0434  density=0.0228 vx=0.1129 vy=0.0283 var=0.0096
           ↑ new best (0.0434) -> varnet_best.pt
[epoch  19] loss=-0.0276  盲区MSE=0.0422  density=0.0228 vx=0.1093 vy=0.0270 var=0.0096
           ↑ new best (0.0422) -> varnet_best.pt
[epoch  20] loss=-0.0271  盲区MSE=0.0419  density=0.0228 vx=0.1075 vy=0.0277 var=0.0096
           ↑ new best (0.0419) -> varnet_best.pt
[epoch  21] loss=-0.0265  盲区MSE=0.0414  density=0.0228 vx=0.1064 vy=0.0268 var=0.0095
           ↑ new best (0.0414) -> varnet_best.pt
[epoch  22] loss=-0.0272  盲区MSE=0.0411  density=0.0228 vx=0.1048 vy=0.0274 var=0.0094
           ↑ new best (0.0411) -> varnet_best.pt
[epoch  23] loss=-0.0283  盲区MSE=0.0407  density=0.0228 vx=0.1028 vy=0.0276 var=0.0095
           ↑ new best (0.0407) -> varnet_best.pt
[epoch  24] loss=-0.0267  盲区MSE=0.0406  density=0.0228 vx=0.1025 vy=0.0276 var=0.0095
           ↑ new best (0.0406) -> varnet_best.pt
[schedule] epoch 25: n_iter -> 10, lr -> 0.0007
[epoch  25] loss=-0.0276  盲区MSE=0.0400  density=0.0228 vx=0.1011 vy=0.0268 var=0.0094
           ↑ new best (0.0400) -> varnet_best.pt
[epoch  26] loss=-0.0274  盲区MSE=0.0397  density=0.0227 vx=0.1003 vy=0.0265 var=0.0093
           ↑ new best (0.0397) -> varnet_best.pt
[epoch  27] loss=-0.0279  盲区MSE=0.0391  density=0.0227 vx=0.0987 vy=0.0258 var=0.0093
           ↑ new best (0.0391) -> varnet_best.pt
[epoch  28] loss=-0.0278  盲区MSE=0.0388  density=0.0227 vx=0.0980 vy=0.0251 var=0.0093
           ↑ new best (0.0388) -> varnet_best.pt
[epoch  29] loss=-0.0273  盲区MSE=0.0381  density=0.0227 vx=0.0964 vy=0.0244 var=0.0091
           ↑ new best (0.0381) -> varnet_best.pt
[epoch  30] loss=-0.0286  盲区MSE=0.0376  density=0.0226 vx=0.0948 vy=0.0241 var=0.0088
           ↑ new best (0.0376) -> varnet_best.pt
[epoch  31] loss=-0.0286  盲区MSE=0.0374  density=0.0225 vx=0.0944 vy=0.0240 var=0.0086
           ↑ new best (0.0374) -> varnet_best.pt
[epoch  32] loss=-0.0287  盲区MSE=0.0370  density=0.0224 vx=0.0935 vy=0.0234 var=0.0086
           ↑ new best (0.0370) -> varnet_best.pt
[epoch  33] loss=-0.0287  盲区MSE=0.0364  density=0.0222 vx=0.0917 vy=0.0235 var=0.0084
           ↑ new best (0.0364) -> varnet_best.pt
[epoch  34] loss=-0.0291  盲区MSE=0.0358  density=0.0221 vx=0.0896 vy=0.0229 var=0.0085
           ↑ new best (0.0358) -> varnet_best.pt
[epoch  35] loss=-0.0289  盲区MSE=0.0352  density=0.0220 vx=0.0879 vy=0.0228 var=0.0083
           ↑ new best (0.0352) -> varnet_best.pt
[epoch  36] loss=-0.0290  盲区MSE=0.0345  density=0.0218 vx=0.0856 vy=0.0225 var=0.0082
           ↑ new best (0.0345) -> varnet_best.pt
[epoch  37] loss=-0.0299  盲区MSE=0.0341  density=0.0216 vx=0.0843 vy=0.0224 var=0.0082
           ↑ new best (0.0341) -> varnet_best.pt
[epoch  38] loss=-0.0294  盲区MSE=0.0338  density=0.0214 vx=0.0831 vy=0.0224 var=0.0082
           ↑ new best (0.0338) -> varnet_best.pt
[epoch  39] loss=-0.0294  盲区MSE=0.0333  density=0.0212 vx=0.0819 vy=0.0222 var=0.0081
           ↑ new best (0.0333) -> varnet_best.pt
[epoch  40] loss=-0.0300  盲区MSE=0.0331  density=0.0208 vx=0.0813 vy=0.0222 var=0.0080
           ↑ new best (0.0331) -> varnet_best.pt
[epoch  41] loss=-0.0305  盲区MSE=0.0326  density=0.0206 vx=0.0798 vy=0.0220 var=0.0081
           ↑ new best (0.0326) -> varnet_best.pt
[epoch  42] loss=-0.0302  盲区MSE=0.0324  density=0.0204 vx=0.0791 vy=0.0220 var=0.0080
           ↑ new best (0.0324) -> varnet_best.pt
[epoch  43] loss=-0.0300  盲区MSE=0.0321  density=0.0201 vx=0.0781 vy=0.0221 var=0.0081
           ↑ new best (0.0321) -> varnet_best.pt
[epoch  44] loss=-0.0305  盲区MSE=0.0319  density=0.0200 vx=0.0774 vy=0.0220 var=0.0082
           ↑ new best (0.0319) -> varnet_best.pt
[epoch  45] loss=-0.0310  盲区MSE=0.0316  density=0.0197 vx=0.0766 vy=0.0219 var=0.0082
           ↑ new best (0.0316) -> varnet_best.pt
[epoch  46] loss=-0.0311  盲区MSE=0.0314  density=0.0196 vx=0.0761 vy=0.0219 var=0.0082
           ↑ new best (0.0314) -> varnet_best.pt
[epoch  47] loss=-0.0302  盲区MSE=0.0313  density=0.0194 vx=0.0756 vy=0.0219 var=0.0083
           ↑ new best (0.0313) -> varnet_best.pt
[epoch  48] loss=-0.0313  盲区MSE=0.0311  density=0.0193 vx=0.0752 vy=0.0219 var=0.0082
           ↑ new best (0.0311) -> varnet_best.pt
[epoch  49] loss=-0.0308  盲区MSE=0.0310  density=0.0190 vx=0.0747 vy=0.0219 var=0.0082
           ↑ new best (0.0310) -> varnet_best.pt
[schedule] epoch 50: n_iter -> 15, lr -> 0.0005
[epoch  50] loss=-0.0308  盲区MSE=0.0306  density=0.0189 vx=0.0735 vy=0.0218 var=0.0083
           ↑ new best (0.0306) -> varnet_best.pt
[epoch  51] loss=-0.0302  盲区MSE=0.0306  density=0.0187 vx=0.0735 vy=0.0218 var=0.0083
           ↑ new best (0.0306) -> varnet_best.pt
[epoch  52] loss=-0.0305  盲区MSE=0.0304  density=0.0186 vx=0.0729 vy=0.0219 var=0.0083
           ↑ new best (0.0304) -> varnet_best.pt
[epoch  53] loss=-0.0302  盲区MSE=0.0304  density=0.0185 vx=0.0731 vy=0.0219 var=0.0084
[2026-08-15T14:50:44.007] error: *** JOB 19751514 ON gpu60 CANCELLED AT 2026-08-15T14:50:44 DUE TO TIME LIMIT ***
