Submitted batch job 20170565
[chain] submitted successor (afterany:20166678)
NVIDIA H200
[obs] obs_every_k = 1  (observed every frame, matching the EnKF project)
[data] 6298 windows of (4, 200, 36, 12)  device=cuda
[model] params=3,990,742 (GENN prior 54,220 = 1.36%; the rest is the solver's ConvLSTM)  loss=nll  n_iter=15  amp=True
[seed] init=2  data=0
[var] AUGMENTED STATE: log sigma^2 iterated with x over 15 steps; prior term of J is a Gaussian log-likelihood of the prior residual   eps=1e-06
[schedule] ep0→5it@lr0.001  ep25→10it@lr0.0007  ep50→15it@lr0.0005  ep75→20it@lr0.0003
[schedule] epoch 0: n_iter -> 5, lr -> 0.001
[epoch   0] loss=-0.9859  blind_MSE=0.0792  density=0.0233 vx=0.2458 vy=0.0387 var=0.0092
           ↑ new best (0.0792) -> varnet_best.pt
[epoch   1] loss=-1.4133  blind_MSE=0.0732  density=0.0225 vx=0.2243 vy=0.0370 var=0.0088
           ↑ new best (0.0732) -> varnet_best.pt
[epoch   2] loss=-1.6562  blind_MSE=0.0700  density=0.0204 vx=0.2187 vy=0.0321 var=0.0088
           ↑ new best (0.0700) -> varnet_best.pt
[epoch   3] loss=-1.8353  blind_MSE=0.0660  density=0.0197 vx=0.2050 vy=0.0305 var=0.0089
           ↑ new best (0.0660) -> varnet_best.pt
[epoch   4] loss=-1.9170  blind_MSE=0.0619  density=0.0192 vx=0.1903 vy=0.0292 var=0.0087
           ↑ new best (0.0619) -> varnet_best.pt
[epoch   5] loss=-1.9721  blind_MSE=0.0593  density=0.0190 vx=0.1803 vy=0.0292 var=0.0089
           ↑ new best (0.0593) -> varnet_best.pt
[epoch   6] loss=-2.0354  blind_MSE=0.0575  density=0.0189 vx=0.1735 vy=0.0287 var=0.0088
           ↑ new best (0.0575) -> varnet_best.pt
[epoch   7] loss=-2.0470  blind_MSE=0.0556  density=0.0188 vx=0.1671 vy=0.0276 var=0.0088
           ↑ new best (0.0556) -> varnet_best.pt
[epoch   8] loss=-2.0118  blind_MSE=0.0545  density=0.0187 vx=0.1634 vy=0.0273 var=0.0088
           ↑ new best (0.0545) -> varnet_best.pt
[epoch   9] loss=-2.0732  blind_MSE=0.0538  density=0.0186 vx=0.1610 vy=0.0269 var=0.0088
           ↑ new best (0.0538) -> varnet_best.pt
[epoch  10] loss=-2.0939  blind_MSE=0.0535  density=0.0187 vx=0.1600 vy=0.0266 var=0.0088
           ↑ new best (0.0535) -> varnet_best.pt
[epoch  11] loss=-2.0505  blind_MSE=0.0530  density=0.0184 vx=0.1584 vy=0.0264 var=0.0088
           ↑ new best (0.0530) -> varnet_best.pt
[epoch  12] loss=-2.1281  blind_MSE=0.0527  density=0.0184 vx=0.1569 vy=0.0265 var=0.0088
           ↑ new best (0.0527) -> varnet_best.pt
[epoch  13] loss=-2.0907  blind_MSE=0.0524  density=0.0183 vx=0.1559 vy=0.0264 var=0.0088
           ↑ new best (0.0524) -> varnet_best.pt
[epoch  14] loss=-2.1458  blind_MSE=0.0520  density=0.0183 vx=0.1546 vy=0.0262 var=0.0088
           ↑ new best (0.0520) -> varnet_best.pt
[epoch  15] loss=-2.1271  blind_MSE=0.0518  density=0.0183 vx=0.1540 vy=0.0262 var=0.0088
           ↑ new best (0.0518) -> varnet_best.pt
[epoch  16] loss=-2.1453  blind_MSE=0.0517  density=0.0183 vx=0.1536 vy=0.0261 var=0.0087
           ↑ new best (0.0517) -> varnet_best.pt
[epoch  17] loss=-2.2225  blind_MSE=0.0515  density=0.0183 vx=0.1528 vy=0.0261 var=0.0087
           ↑ new best (0.0515) -> varnet_best.pt
[epoch  18] loss=-2.1480  blind_MSE=0.0514  density=0.0182 vx=0.1527 vy=0.0261 var=0.0087
           ↑ new best (0.0514) -> varnet_best.pt
[epoch  19] loss=-2.1922  blind_MSE=0.0513  density=0.0183 vx=0.1520 vy=0.0262 var=0.0087
           ↑ new best (0.0513) -> varnet_best.pt
[epoch  20] loss=-2.1419  blind_MSE=0.0512  density=0.0182 vx=0.1516 vy=0.0261 var=0.0087
           ↑ new best (0.0512) -> varnet_best.pt
[epoch  21] loss=-2.1947  blind_MSE=0.0508  density=0.0182 vx=0.1502 vy=0.0259 var=0.0087
           ↑ new best (0.0508) -> varnet_best.pt
[epoch  22] loss=-2.2269  blind_MSE=0.0507  density=0.0182 vx=0.1498 vy=0.0260 var=0.0087
           ↑ new best (0.0507) -> varnet_best.pt
[epoch  23] loss=-2.1518  blind_MSE=0.0505  density=0.0184 vx=0.1490 vy=0.0260 var=0.0087
           ↑ new best (0.0505) -> varnet_best.pt
[epoch  24] loss=-2.1377  blind_MSE=0.0501  density=0.0180 vx=0.1481 vy=0.0258 var=0.0087
           ↑ new best (0.0501) -> varnet_best.pt
[schedule] epoch 25: n_iter -> 10, lr -> 0.0007
[epoch  25] loss=-2.1931  blind_MSE=0.0508  density=0.0182 vx=0.1505 vy=0.0259 var=0.0087
[epoch  26] loss=-2.2256  blind_MSE=0.0507  density=0.0183 vx=0.1499 vy=0.0258 var=0.0087
[epoch  27] loss=-2.2525  blind_MSE=0.0504  density=0.0182 vx=0.1487 vy=0.0259 var=0.0087
[epoch  28] loss=-2.2508  blind_MSE=0.0505  density=0.0183 vx=0.1489 vy=0.0259 var=0.0087
[epoch  29] loss=-2.2279  blind_MSE=0.0508  density=0.0184 vx=0.1502 vy=0.0261 var=0.0087
[epoch  30] loss=-2.2635  blind_MSE=0.0503  density=0.0182 vx=0.1484 vy=0.0258 var=0.0087
[epoch  31] loss=-2.2517  blind_MSE=0.0503  density=0.0182 vx=0.1485 vy=0.0259 var=0.0087
[epoch  32] loss=-2.2675  blind_MSE=0.0505  density=0.0184 vx=0.1489 vy=0.0259 var=0.0087
[epoch  33] loss=-2.1869  blind_MSE=0.0503  density=0.0183 vx=0.1483 vy=0.0258 var=0.0087
[epoch  34] loss=-2.2446  blind_MSE=0.0503  density=0.0182 vx=0.1485 vy=0.0259 var=0.0087
[epoch  35] loss=-2.3314  blind_MSE=0.0504  density=0.0183 vx=0.1485 vy=0.0260 var=0.0087
[epoch  36] loss=-2.3270  blind_MSE=0.0504  density=0.0184 vx=0.1484 vy=0.0259 var=0.0087
[epoch  37] loss=-2.3255  blind_MSE=0.0503  density=0.0183 vx=0.1482 vy=0.0259 var=0.0087
[epoch  38] loss=-2.3505  blind_MSE=0.0504  density=0.0183 vx=0.1484 vy=0.0260 var=0.0087
[epoch  39] loss=-2.2683  blind_MSE=0.0504  density=0.0183 vx=0.1484 vy=0.0260 var=0.0087
[epoch  40] loss=-2.2369  blind_MSE=0.0504  density=0.0184 vx=0.1487 vy=0.0260 var=0.0087
[epoch  41] loss=-2.2809  blind_MSE=0.0504  density=0.0183 vx=0.1486 vy=0.0260 var=0.0087
[epoch  42] loss=-2.3082  blind_MSE=0.0503  density=0.0183 vx=0.1481 vy=0.0259 var=0.0087
[epoch  43] loss=-2.2501  blind_MSE=0.0514  density=0.0186 vx=0.1517 vy=0.0264 var=0.0087
[epoch  44] loss=-2.2714  blind_MSE=0.0505  density=0.0184 vx=0.1491 vy=0.0260 var=0.0087
[epoch  45] loss=-2.3231  blind_MSE=0.0506  density=0.0184 vx=0.1492 vy=0.0262 var=0.0087
[epoch  46] loss=-2.3177  blind_MSE=0.0507  density=0.0184 vx=0.1494 vy=0.0262 var=0.0087
[epoch  47] loss=-2.3276  blind_MSE=0.0507  density=0.0184 vx=0.1494 vy=0.0261 var=0.0087
[2026-09-09T19:04:39.005] error: *** JOB 20166678 ON gpu53 CANCELLED AT 2026-09-09T19:04:39 DUE TO TIME LIMIT ***
