Submitted batch job 20167193
[chain] submitted successor (afterany:20166670)
NVIDIA H200
[obs] obs_every_k = 1  (observed every frame, matching the EnKF project)
[data] 6298 windows of (4, 200, 36, 12)  device=cuda
[model] params=2,096,342 (GENN prior 54,220 = 2.59%; the rest is the solver's ConvLSTM)  loss=supervised  n_iter=15  amp=True
[seed] init=0  data=0
[schedule] ep0→5it@lr0.001  ep25→10it@lr0.0007  ep50→15it@lr0.0005  ep75→20it@lr0.0003
[schedule] epoch 0: n_iter -> 5, lr -> 0.001
[epoch   0] loss=0.0463  blind_MSE=0.0594  density=0.0229 vx=0.1684 vy=0.0370 var=0.0091
           ↑ new best (0.0594) -> varnet_best.pt
[epoch   1] loss=0.0419  blind_MSE=0.0495  density=0.0229 vx=0.1303 vy=0.0359 var=0.0090
           ↑ new best (0.0495) -> varnet_best.pt
[epoch   2] loss=0.0436  blind_MSE=0.0478  density=0.0228 vx=0.1240 vy=0.0354 var=0.0090
           ↑ new best (0.0478) -> varnet_best.pt
[epoch   3] loss=0.0400  blind_MSE=0.0461  density=0.0228 vx=0.1175 vy=0.0350 var=0.0089
           ↑ new best (0.0461) -> varnet_best.pt
[epoch   4] loss=0.0401  blind_MSE=0.0449  density=0.0228 vx=0.1132 vy=0.0347 var=0.0089
           ↑ new best (0.0449) -> varnet_best.pt
[epoch   5] loss=0.0376  blind_MSE=0.0444  density=0.0227 vx=0.1113 vy=0.0346 var=0.0089
           ↑ new best (0.0444) -> varnet_best.pt
[epoch   6] loss=0.0375  blind_MSE=0.0436  density=0.0228 vx=0.1080 vy=0.0345 var=0.0089
           ↑ new best (0.0436) -> varnet_best.pt
[epoch   7] loss=0.0348  blind_MSE=0.0432  density=0.0227 vx=0.1068 vy=0.0343 var=0.0089
           ↑ new best (0.0432) -> varnet_best.pt
[epoch   8] loss=0.0356  blind_MSE=0.0414  density=0.0223 vx=0.1006 vy=0.0338 var=0.0089
           ↑ new best (0.0414) -> varnet_best.pt
[epoch   9] loss=0.0360  blind_MSE=0.0399  density=0.0221 vx=0.0969 vy=0.0316 var=0.0089
           ↑ new best (0.0399) -> varnet_best.pt
[epoch  10] loss=0.0364  blind_MSE=0.0379  density=0.0217 vx=0.0923 vy=0.0289 var=0.0089
           ↑ new best (0.0379) -> varnet_best.pt
[epoch  11] loss=0.0350  blind_MSE=0.0371  density=0.0216 vx=0.0895 vy=0.0285 var=0.0089
           ↑ new best (0.0371) -> varnet_best.pt
[epoch  12] loss=0.0313  blind_MSE=0.0361  density=0.0215 vx=0.0867 vy=0.0274 var=0.0089
           ↑ new best (0.0361) -> varnet_best.pt
[epoch  13] loss=0.0323  blind_MSE=0.0354  density=0.0215 vx=0.0846 vy=0.0266 var=0.0089
           ↑ new best (0.0354) -> varnet_best.pt
[epoch  14] loss=0.0342  blind_MSE=0.0348  density=0.0214 vx=0.0828 vy=0.0261 var=0.0089
           ↑ new best (0.0348) -> varnet_best.pt
[epoch  15] loss=0.0303  blind_MSE=0.0337  density=0.0213 vx=0.0793 vy=0.0252 var=0.0089
           ↑ new best (0.0337) -> varnet_best.pt
[epoch  16] loss=0.0315  blind_MSE=0.0332  density=0.0210 vx=0.0778 vy=0.0250 var=0.0089
           ↑ new best (0.0332) -> varnet_best.pt
[epoch  17] loss=0.0318  blind_MSE=0.0326  density=0.0202 vx=0.0762 vy=0.0249 var=0.0088
           ↑ new best (0.0326) -> varnet_best.pt
[epoch  18] loss=0.0294  blind_MSE=0.0316  density=0.0195 vx=0.0743 vy=0.0240 var=0.0088
           ↑ new best (0.0316) -> varnet_best.pt
[epoch  19] loss=0.0299  blind_MSE=0.0309  density=0.0186 vx=0.0728 vy=0.0235 var=0.0088
           ↑ new best (0.0309) -> varnet_best.pt
[epoch  20] loss=0.0296  blind_MSE=0.0305  density=0.0183 vx=0.0720 vy=0.0231 var=0.0088
           ↑ new best (0.0305) -> varnet_best.pt
[epoch  21] loss=0.0304  blind_MSE=0.0301  density=0.0178 vx=0.0710 vy=0.0228 var=0.0087
           ↑ new best (0.0301) -> varnet_best.pt
[epoch  22] loss=0.0293  blind_MSE=0.0297  density=0.0170 vx=0.0702 vy=0.0228 var=0.0087
           ↑ new best (0.0297) -> varnet_best.pt
[epoch  23] loss=0.0280  blind_MSE=0.0295  density=0.0167 vx=0.0700 vy=0.0227 var=0.0087
           ↑ new best (0.0295) -> varnet_best.pt
[epoch  24] loss=0.0294  blind_MSE=0.0292  density=0.0165 vx=0.0690 vy=0.0226 var=0.0087
           ↑ new best (0.0292) -> varnet_best.pt
[schedule] epoch 25: n_iter -> 10, lr -> 0.0007
[epoch  25] loss=0.0269  blind_MSE=0.0288  density=0.0163 vx=0.0677 vy=0.0224 var=0.0087
           ↑ new best (0.0288) -> varnet_best.pt
[epoch  26] loss=0.0279  blind_MSE=0.0286  density=0.0162 vx=0.0672 vy=0.0223 var=0.0087
           ↑ new best (0.0286) -> varnet_best.pt
[epoch  27] loss=0.0268  blind_MSE=0.0285  density=0.0162 vx=0.0669 vy=0.0222 var=0.0086
           ↑ new best (0.0285) -> varnet_best.pt
[epoch  28] loss=0.0287  blind_MSE=0.0284  density=0.0162 vx=0.0666 vy=0.0222 var=0.0087
           ↑ new best (0.0284) -> varnet_best.pt
[epoch  29] loss=0.0287  blind_MSE=0.0284  density=0.0162 vx=0.0667 vy=0.0222 var=0.0086
[epoch  30] loss=0.0265  blind_MSE=0.0283  density=0.0162 vx=0.0664 vy=0.0221 var=0.0087
           ↑ new best (0.0283) -> varnet_best.pt
[epoch  31] loss=0.0281  blind_MSE=0.0282  density=0.0161 vx=0.0661 vy=0.0220 var=0.0086
           ↑ new best (0.0282) -> varnet_best.pt
[epoch  32] loss=0.0270  blind_MSE=0.0282  density=0.0161 vx=0.0659 vy=0.0220 var=0.0086
           ↑ new best (0.0282) -> varnet_best.pt
[epoch  33] loss=0.0277  blind_MSE=0.0282  density=0.0161 vx=0.0660 vy=0.0220 var=0.0086
[epoch  34] loss=0.0269  blind_MSE=0.0282  density=0.0161 vx=0.0659 vy=0.0220 var=0.0086
[epoch  35] loss=0.0279  blind_MSE=0.0282  density=0.0161 vx=0.0662 vy=0.0220 var=0.0086
[epoch  36] loss=0.0283  blind_MSE=0.0293  density=0.0165 vx=0.0697 vy=0.0223 var=0.0087
[epoch  37] loss=0.0265  blind_MSE=0.0282  density=0.0161 vx=0.0660 vy=0.0220 var=0.0087
[epoch  38] loss=0.0239  blind_MSE=0.0282  density=0.0161 vx=0.0661 vy=0.0220 var=0.0087
[epoch  39] loss=0.0244  blind_MSE=0.0282  density=0.0161 vx=0.0661 vy=0.0220 var=0.0087
[epoch  40] loss=0.0299  blind_MSE=0.0280  density=0.0160 vx=0.0655 vy=0.0219 var=0.0087
           ↑ new best (0.0280) -> varnet_best.pt
[epoch  41] loss=0.0300  blind_MSE=0.0281  density=0.0161 vx=0.0658 vy=0.0219 var=0.0087
[epoch  42] loss=0.0292  blind_MSE=0.0280  density=0.0160 vx=0.0654 vy=0.0219 var=0.0087
           ↑ new best (0.0280) -> varnet_best.pt
[epoch  43] loss=0.0276  blind_MSE=0.0280  density=0.0161 vx=0.0652 vy=0.0219 var=0.0087
           ↑ new best (0.0280) -> varnet_best.pt
[epoch  44] loss=0.0287  blind_MSE=0.0281  density=0.0160 vx=0.0657 vy=0.0219 var=0.0087
[epoch  45] loss=0.0298  blind_MSE=0.0278  density=0.0160 vx=0.0647 vy=0.0219 var=0.0087
           ↑ new best (0.0278) -> varnet_best.pt
[epoch  46] loss=0.0243  blind_MSE=0.0278  density=0.0161 vx=0.0648 vy=0.0219 var=0.0087
[epoch  47] loss=0.0290  blind_MSE=0.0278  density=0.0160 vx=0.0648 vy=0.0219 var=0.0087
[2026-09-09T18:45:08.006] error: *** JOB 20166670 ON gpu50 CANCELLED AT 2026-09-09T18:45:08 DUE TO TIME LIMIT ***
