Submitted batch job 20211052
[chain] submitted successor (afterany:20204221)
NVIDIA H200
[obs] obs_every_k = 1  (observed every frame, matching the EnKF project)
[data] 6298 windows of (4, 200, 36, 12)  device=cuda
[model] params=2,096,342 (GENN prior 54,220 = 2.59%; the rest is the solver's ConvLSTM)  loss=supervised  n_iter=15  amp=True
[seed] init=3  data=0
[schedule] ep0→5it@lr0.001  ep25→10it@lr0.0007  ep50→15it@lr0.0005  ep75→20it@lr0.0003
[resume] loaded runs/varnet_mse5_h96_s3/varnet_last.pt: continuing from epoch 91 (step 17927)
[best] previous best blind MSE = 0.0269
[schedule] epoch 91: n_iter -> 20, lr -> 0.0003
[epoch  91] loss=0.0252  blind_MSE=0.0273  density=0.0159 vx=0.0632 vy=0.0213 var=0.0087
[epoch  92] loss=0.0274  blind_MSE=0.0273  density=0.0159 vx=0.0632 vy=0.0212 var=0.0087
[epoch  93] loss=0.0265  blind_MSE=0.0272  density=0.0159 vx=0.0628 vy=0.0212 var=0.0087
[epoch  94] loss=0.0269  blind_MSE=0.0275  density=0.0160 vx=0.0638 vy=0.0214 var=0.0087
[epoch  95] loss=0.0237  blind_MSE=0.0272  density=0.0159 vx=0.0630 vy=0.0213 var=0.0087
[epoch  96] loss=0.0258  blind_MSE=0.0278  density=0.0160 vx=0.0650 vy=0.0214 var=0.0087
[epoch  97] loss=0.0245  blind_MSE=0.0274  density=0.0160 vx=0.0636 vy=0.0213 var=0.0087
[epoch  98] loss=0.0263  blind_MSE=0.0272  density=0.0159 vx=0.0631 vy=0.0213 var=0.0087
[epoch  99] loss=0.0264  blind_MSE=0.0274  density=0.0159 vx=0.0638 vy=0.0213 var=0.0087
[epoch 100] loss=0.0280  blind_MSE=0.0272  density=0.0159 vx=0.0628 vy=0.0213 var=0.0087
[epoch 101] loss=0.0255  blind_MSE=0.0271  density=0.0159 vx=0.0627 vy=0.0213 var=0.0087
[epoch 102] loss=0.0251  blind_MSE=0.0271  density=0.0159 vx=0.0624 vy=0.0212 var=0.0087
[epoch 103] loss=0.0256  blind_MSE=0.0271  density=0.0159 vx=0.0624 vy=0.0212 var=0.0087
[epoch 104] loss=0.0248  blind_MSE=0.0270  density=0.0159 vx=0.0622 vy=0.0212 var=0.0087
[epoch 105] loss=0.0277  blind_MSE=0.0271  density=0.0159 vx=0.0625 vy=0.0212 var=0.0087
[epoch 106] loss=0.0268  blind_MSE=0.0271  density=0.0159 vx=0.0627 vy=0.0213 var=0.0087
[epoch 107] loss=0.0281  blind_MSE=0.0279  density=0.0161 vx=0.0654 vy=0.0216 var=0.0087
[epoch 108] loss=0.0267  blind_MSE=0.0275  density=0.0160 vx=0.0638 vy=0.0214 var=0.0087
[2026-09-11T07:23:06.004] error: *** JOB 20204221 ON gpu54 CANCELLED AT 2026-09-11T07:23:06 DUE TO TIME LIMIT ***
