Submitted batch job 19751652
[chain] submitted successor (afterany:19750662)
NVIDIA H200
[obs] obs_every_k = 1  (每帧观测,对齐 EnKF 项目)
[data] 6298 windows of (4, 200, 36, 12)  device=cuda
[model] params=2,051,542 (GENN prior 9,420 = 0.46%; the rest is the solver's ConvLSTM)  loss=nll  n_iter=15  amp=True
[seed] init=0  data=0
[var-head] 548 params   sigma^2 = obs_var + softplus(head),  obs_var = [0.003239, 0.099055, 0.007424, 4.2e-05]   beta=1.0
[schedule] ep0→5it@lr0.001  ep25→10it@lr0.0007  ep50→15it@lr0.0005  ep75→20it@lr0.0003
[resume] loaded runs/varnet_ml5_s0/varnet_last.pt: continuing from epoch 126 (step 24822)
[best] previous best blind MSE = 0.0287
[schedule] epoch 126: n_iter -> 20, lr -> 0.0003
[epoch 126] loss=-0.0311  盲区MSE=0.0287  density=0.0225 vx=0.0606 vy=0.0226 var=0.0090
           ↑ new best (0.0287) -> varnet_best.pt
[epoch 127] loss=-0.0310  盲区MSE=0.0287  density=0.0225 vx=0.0608 vy=0.0226 var=0.0090
[epoch 128] loss=-0.0309  盲区MSE=0.0287  density=0.0225 vx=0.0607 vy=0.0226 var=0.0090
[epoch 129] loss=-0.0303  盲区MSE=0.0287  density=0.0225 vx=0.0606 vy=0.0226 var=0.0090
           ↑ new best (0.0287) -> varnet_best.pt
[epoch 130] loss=-0.0312  盲区MSE=0.0286  density=0.0225 vx=0.0605 vy=0.0226 var=0.0090
           ↑ new best (0.0286) -> varnet_best.pt
[epoch 131] loss=-0.0310  盲区MSE=0.0287  density=0.0225 vx=0.0605 vy=0.0226 var=0.0090
[epoch 132] loss=-0.0306  盲区MSE=0.0287  density=0.0225 vx=0.0605 vy=0.0226 var=0.0090
[epoch 133] loss=-0.0309  盲区MSE=0.0287  density=0.0225 vx=0.0607 vy=0.0226 var=0.0090
[epoch 134] loss=-0.0310  盲区MSE=0.0286  density=0.0225 vx=0.0604 vy=0.0226 var=0.0090
           ↑ new best (0.0286) -> varnet_best.pt
[epoch 135] loss=-0.0309  盲区MSE=0.0286  density=0.0225 vx=0.0605 vy=0.0226 var=0.0090
[epoch 136] loss=-0.0308  盲区MSE=0.0287  density=0.0225 vx=0.0605 vy=0.0226 var=0.0090
[epoch 137] loss=-0.0308  盲区MSE=0.0286  density=0.0225 vx=0.0604 vy=0.0226 var=0.0090
[epoch 138] loss=-0.0303  盲区MSE=0.0286  density=0.0225 vx=0.0604 vy=0.0226 var=0.0090
           ↑ new best (0.0286) -> varnet_best.pt
[epoch 139] loss=-0.0308  盲区MSE=0.0286  density=0.0225 vx=0.0605 vy=0.0226 var=0.0090
[epoch 140] loss=-0.0298  盲区MSE=0.0286  density=0.0225 vx=0.0605 vy=0.0226 var=0.0090
[epoch 141] loss=-0.0311  盲区MSE=0.0286  density=0.0225 vx=0.0604 vy=0.0226 var=0.0090
[epoch 142] loss=-0.0305  盲区MSE=0.0287  density=0.0225 vx=0.0605 vy=0.0226 var=0.0090
[epoch 143] loss=-0.0309  盲区MSE=0.0287  density=0.0225 vx=0.0605 vy=0.0226 var=0.0090
[epoch 144] loss=-0.0299  盲区MSE=0.0288  density=0.0225 vx=0.0609 vy=0.0226 var=0.0090
[epoch 145] loss=-0.0312  盲区MSE=0.0286  density=0.0225 vx=0.0602 vy=0.0226 var=0.0090
           ↑ new best (0.0286) -> varnet_best.pt
[epoch 146] loss=-0.0307  盲区MSE=0.0286  density=0.0225 vx=0.0604 vy=0.0226 var=0.0090
[epoch 147] loss=-0.0311  盲区MSE=0.0286  density=0.0225 vx=0.0602 vy=0.0226 var=0.0090
           ↑ new best (0.0286) -> varnet_best.pt
[2026-08-15T15:16:15.007] error: *** JOB 19750662 ON gpu52 CANCELLED AT 2026-08-15T15:16:15 DUE TO TIME LIMIT ***
