Submitted batch job 20187668
[chain] submitted successor (afterany:20170803)
NVIDIA H200
[obs] obs_every_k = 1  (observed every frame, matching the EnKF project)
[data] 6298 windows of (4, 200, 36, 12)  device=cuda
[model] params=2,096,342 (GENN prior 54,220 = 2.59%; the rest is the solver's ConvLSTM)  loss=supervised  n_iter=15  amp=True
[seed] init=3  data=0
[schedule] ep0→5it@lr0.001  ep25→10it@lr0.0007  ep50→15it@lr0.0005  ep75→20it@lr0.0003
[resume] loaded runs/varnet_mse5_h96_s3/varnet_last.pt: continuing from epoch 49 (step 9653)
[best] previous best blind MSE = 0.0279
[schedule] epoch 49: n_iter -> 10, lr -> 0.0007
[epoch  49] loss=0.0255  blind_MSE=0.0278  density=0.0161 vx=0.0651 vy=0.0213 var=0.0087
           ↑ new best (0.0278) -> varnet_best.pt
[schedule] epoch 50: n_iter -> 15, lr -> 0.0005
[epoch  50] loss=0.0277  blind_MSE=0.0276  density=0.0161 vx=0.0644 vy=0.0212 var=0.0087
           ↑ new best (0.0276) -> varnet_best.pt
[epoch  51] loss=0.0268  blind_MSE=0.0276  density=0.0160 vx=0.0643 vy=0.0212 var=0.0087
           ↑ new best (0.0276) -> varnet_best.pt
[epoch  52] loss=0.0271  blind_MSE=0.0275  density=0.0160 vx=0.0642 vy=0.0212 var=0.0087
           ↑ new best (0.0275) -> varnet_best.pt
[epoch  53] loss=0.0238  blind_MSE=0.0275  density=0.0160 vx=0.0639 vy=0.0212 var=0.0087
           ↑ new best (0.0275) -> varnet_best.pt
[epoch  54] loss=0.0261  blind_MSE=0.0275  density=0.0160 vx=0.0639 vy=0.0212 var=0.0087
           ↑ new best (0.0275) -> varnet_best.pt
[epoch  55] loss=0.0246  blind_MSE=0.0275  density=0.0160 vx=0.0639 vy=0.0213 var=0.0087
           ↑ new best (0.0275) -> varnet_best.pt
[epoch  56] loss=0.0264  blind_MSE=0.0274  density=0.0160 vx=0.0637 vy=0.0212 var=0.0087
           ↑ new best (0.0274) -> varnet_best.pt
[epoch  57] loss=0.0265  blind_MSE=0.0274  density=0.0160 vx=0.0638 vy=0.0212 var=0.0087
[epoch  58] loss=0.0282  blind_MSE=0.0274  density=0.0160 vx=0.0637 vy=0.0213 var=0.0087
[epoch  59] loss=0.0257  blind_MSE=0.0274  density=0.0160 vx=0.0636 vy=0.0213 var=0.0087
           ↑ new best (0.0274) -> varnet_best.pt
[epoch  60] loss=0.0253  blind_MSE=0.0274  density=0.0160 vx=0.0635 vy=0.0212 var=0.0087
           ↑ new best (0.0274) -> varnet_best.pt
[epoch  61] loss=0.0260  blind_MSE=0.0280  density=0.0161 vx=0.0657 vy=0.0214 var=0.0087
[epoch  62] loss=0.0251  blind_MSE=0.0276  density=0.0160 vx=0.0644 vy=0.0213 var=0.0087
[epoch  63] loss=0.0280  blind_MSE=0.0273  density=0.0160 vx=0.0635 vy=0.0212 var=0.0087
           ↑ new best (0.0273) -> varnet_best.pt
[epoch  64] loss=0.0269  blind_MSE=0.0275  density=0.0160 vx=0.0639 vy=0.0213 var=0.0087
[epoch  65] loss=0.0278  blind_MSE=0.0274  density=0.0160 vx=0.0637 vy=0.0213 var=0.0087
[epoch  66] loss=0.0268  blind_MSE=0.0275  density=0.0160 vx=0.0641 vy=0.0213 var=0.0087
[epoch  67] loss=0.0258  blind_MSE=0.0273  density=0.0159 vx=0.0635 vy=0.0213 var=0.0087
           ↑ new best (0.0273) -> varnet_best.pt
[epoch  68] loss=0.0271  blind_MSE=0.0273  density=0.0159 vx=0.0633 vy=0.0212 var=0.0087
           ↑ new best (0.0273) -> varnet_best.pt
[epoch  69] loss=0.0259  blind_MSE=0.0273  density=0.0160 vx=0.0633 vy=0.0213 var=0.0087
[epoch  70] loss=0.0266  blind_MSE=0.0272  density=0.0159 vx=0.0631 vy=0.0212 var=0.0087
           ↑ new best (0.0272) -> varnet_best.pt
[epoch  71] loss=0.0263  blind_MSE=0.0272  density=0.0159 vx=0.0630 vy=0.0213 var=0.0087
           ↑ new best (0.0272) -> varnet_best.pt
[epoch  72] loss=0.0256  blind_MSE=0.0272  density=0.0159 vx=0.0631 vy=0.0212 var=0.0087
[2026-09-10T04:48:23.015] error: *** JOB 20170803 ON gpu54 CANCELLED AT 2026-09-10T04:48:23 DUE TO TIME LIMIT ***
