Submitted batch job 20175757
[chain] submitted successor (afterany:20166680)
NVIDIA H200
[obs] obs_every_k = 1  (observed every frame, matching the EnKF project)
[data] 6298 windows of (4, 200, 36, 12)  device=cuda
[model] params=2,788,342 (GENN prior 54,220 = 1.94%; the rest is the solver's ConvLSTM)  loss=nll  n_iter=15  amp=True
[seed] init=3  data=0
[var read-out] 692,000 params on the last hidden state   sigma^2 = softplus(out_var(h)) + 1e-06   beta=0.0
[schedule] ep0→5it@lr0.001  ep25→10it@lr0.0007  ep50→15it@lr0.0005  ep75→20it@lr0.0003
[schedule] epoch 0: n_iter -> 5, lr -> 0.001
[epoch   0] loss=-1.8170  blind_MSE=0.0754  density=0.0230 vx=0.2317 vy=0.0378 var=0.0090
           ↑ new best (0.0754) -> varnet_best.pt
[epoch   1] loss=-1.7995  blind_MSE=0.0718  density=0.0227 vx=0.2187 vy=0.0369 var=0.0088
           ↑ new best (0.0718) -> varnet_best.pt
[epoch   2] loss=-1.8199  blind_MSE=0.0653  density=0.0226 vx=0.1940 vy=0.0358 var=0.0089
           ↑ new best (0.0653) -> varnet_best.pt
[epoch   3] loss=-1.9031  blind_MSE=0.0590  density=0.0217 vx=0.1721 vy=0.0331 var=0.0090
           ↑ new best (0.0590) -> varnet_best.pt
[epoch   4] loss=-1.9033  blind_MSE=0.0567  density=0.0214 vx=0.1643 vy=0.0318 var=0.0094
           ↑ new best (0.0567) -> varnet_best.pt
[epoch   5] loss=-1.9871  blind_MSE=0.0519  density=0.0193 vx=0.1510 vy=0.0283 var=0.0089
           ↑ new best (0.0519) -> varnet_best.pt
[epoch   6] loss=-2.0037  blind_MSE=0.0496  density=0.0185 vx=0.1442 vy=0.0267 var=0.0088
           ↑ new best (0.0496) -> varnet_best.pt
[epoch   7] loss=-1.9994  blind_MSE=0.0483  density=0.0183 vx=0.1398 vy=0.0262 var=0.0089
           ↑ new best (0.0483) -> varnet_best.pt
[epoch   8] loss=-2.0056  blind_MSE=0.0472  density=0.0180 vx=0.1364 vy=0.0255 var=0.0089
           ↑ new best (0.0472) -> varnet_best.pt
[epoch   9] loss=-2.1101  blind_MSE=0.0465  density=0.0182 vx=0.1339 vy=0.0250 var=0.0089
           ↑ new best (0.0465) -> varnet_best.pt
[epoch  10] loss=-2.0337  blind_MSE=0.0462  density=0.0183 vx=0.1324 vy=0.0251 var=0.0089
           ↑ new best (0.0462) -> varnet_best.pt
[epoch  11] loss=-2.0896  blind_MSE=0.0452  density=0.0179 vx=0.1293 vy=0.0247 var=0.0088
           ↑ new best (0.0452) -> varnet_best.pt
[epoch  12] loss=-2.0016  blind_MSE=0.0456  density=0.0185 vx=0.1299 vy=0.0250 var=0.0090
[epoch  13] loss=-2.1342  blind_MSE=0.0444  density=0.0180 vx=0.1263 vy=0.0243 var=0.0088
           ↑ new best (0.0444) -> varnet_best.pt
[epoch  14] loss=-2.1446  blind_MSE=0.0439  density=0.0179 vx=0.1247 vy=0.0241 var=0.0088
           ↑ new best (0.0439) -> varnet_best.pt
[epoch  15] loss=-2.0465  blind_MSE=0.0435  density=0.0179 vx=0.1235 vy=0.0240 var=0.0089
           ↑ new best (0.0435) -> varnet_best.pt
[epoch  16] loss=-2.1400  blind_MSE=0.0439  density=0.0181 vx=0.1245 vy=0.0240 var=0.0088
[epoch  17] loss=-2.2347  blind_MSE=0.0434  density=0.0181 vx=0.1230 vy=0.0238 var=0.0088
           ↑ new best (0.0434) -> varnet_best.pt
[epoch  18] loss=-2.2062  blind_MSE=0.0433  density=0.0180 vx=0.1224 vy=0.0238 var=0.0089
           ↑ new best (0.0433) -> varnet_best.pt
[epoch  19] loss=-2.2225  blind_MSE=0.0432  density=0.0180 vx=0.1221 vy=0.0236 var=0.0088
           ↑ new best (0.0432) -> varnet_best.pt
[epoch  20] loss=-2.0982  blind_MSE=0.0455  density=0.0190 vx=0.1290 vy=0.0250 var=0.0090
[epoch  21] loss=-2.1745  blind_MSE=0.0426  density=0.0178 vx=0.1204 vy=0.0233 var=0.0088
           ↑ new best (0.0426) -> varnet_best.pt
[epoch  22] loss=-2.1439  blind_MSE=0.0426  density=0.0179 vx=0.1203 vy=0.0234 var=0.0088
[epoch  23] loss=-2.2347  blind_MSE=0.0426  density=0.0179 vx=0.1203 vy=0.0234 var=0.0088
[epoch  24] loss=-2.1646  blind_MSE=0.0425  density=0.0180 vx=0.1200 vy=0.0232 var=0.0088
           ↑ new best (0.0425) -> varnet_best.pt
[schedule] epoch 25: n_iter -> 10, lr -> 0.0007
[epoch  25] loss=-2.2033  blind_MSE=0.0424  density=0.0182 vx=0.1194 vy=0.0230 var=0.0089
           ↑ new best (0.0424) -> varnet_best.pt
[epoch  26] loss=-2.1921  blind_MSE=0.0416  density=0.0177 vx=0.1172 vy=0.0227 var=0.0088
           ↑ new best (0.0416) -> varnet_best.pt
[epoch  27] loss=-2.2057  blind_MSE=0.0416  density=0.0177 vx=0.1172 vy=0.0227 var=0.0088
           ↑ new best (0.0416) -> varnet_best.pt
[epoch  28] loss=-2.2864  blind_MSE=0.0418  density=0.0179 vx=0.1175 vy=0.0228 var=0.0088
[epoch  29] loss=-2.2430  blind_MSE=0.0415  density=0.0179 vx=0.1168 vy=0.0226 var=0.0088
           ↑ new best (0.0415) -> varnet_best.pt
[epoch  30] loss=-2.2511  blind_MSE=0.0414  density=0.0177 vx=0.1166 vy=0.0226 var=0.0088
           ↑ new best (0.0414) -> varnet_best.pt
[epoch  31] loss=-2.2038  blind_MSE=0.0416  density=0.0178 vx=0.1172 vy=0.0226 var=0.0088
[epoch  32] loss=-2.2570  blind_MSE=0.0412  density=0.0176 vx=0.1162 vy=0.0224 var=0.0088
           ↑ new best (0.0412) -> varnet_best.pt
[epoch  33] loss=-2.2306  blind_MSE=0.0412  density=0.0177 vx=0.1159 vy=0.0223 var=0.0088
           ↑ new best (0.0412) -> varnet_best.pt
[epoch  34] loss=-2.2233  blind_MSE=0.0410  density=0.0175 vx=0.1154 vy=0.0224 var=0.0088
           ↑ new best (0.0410) -> varnet_best.pt
[epoch  35] loss=-2.3521  blind_MSE=0.0411  density=0.0175 vx=0.1158 vy=0.0224 var=0.0088
[epoch  36] loss=-2.2669  blind_MSE=0.0411  density=0.0176 vx=0.1156 vy=0.0224 var=0.0088
[epoch  37] loss=-2.2865  blind_MSE=0.0410  density=0.0176 vx=0.1153 vy=0.0222 var=0.0088
           ↑ new best (0.0410) -> varnet_best.pt
[epoch  38] loss=-2.2673  blind_MSE=0.0409  density=0.0174 vx=0.1152 vy=0.0222 var=0.0088
           ↑ new best (0.0409) -> varnet_best.pt
[epoch  39] loss=-2.2340  blind_MSE=0.0411  density=0.0177 vx=0.1158 vy=0.0224 var=0.0088
[epoch  40] loss=-2.3100  blind_MSE=0.0409  density=0.0175 vx=0.1149 vy=0.0223 var=0.0088
           ↑ new best (0.0409) -> varnet_best.pt
[epoch  41] loss=-2.3379  blind_MSE=0.0409  density=0.0176 vx=0.1150 vy=0.0222 var=0.0088
[epoch  42] loss=-2.2359  blind_MSE=0.0409  density=0.0175 vx=0.1151 vy=0.0222 var=0.0088
[epoch  43] loss=-2.3764  blind_MSE=0.0407  density=0.0173 vx=0.1146 vy=0.0222 var=0.0088
           ↑ new best (0.0407) -> varnet_best.pt
[epoch  44] loss=-2.3783  blind_MSE=0.0407  density=0.0175 vx=0.1145 vy=0.0221 var=0.0088
           ↑ new best (0.0407) -> varnet_best.pt
[epoch  45] loss=-2.2499  blind_MSE=0.0407  density=0.0175 vx=0.1145 vy=0.0222 var=0.0088
[epoch  46] loss=-2.2876  blind_MSE=0.0410  density=0.0177 vx=0.1151 vy=0.0223 var=0.0088
[epoch  47] loss=-2.2917  blind_MSE=0.0410  density=0.0178 vx=0.1152 vy=0.0222 var=0.0088
[2026-09-09T19:13:39.007] error: *** JOB 20166680 ON gpu53 CANCELLED AT 2026-09-09T19:13:39 DUE TO TIME LIMIT ***
