Submitted batch job 20228394
[chain] submitted successor (afterany:20224590)
NVIDIA H200
[obs] obs_every_k = 1  (observed every frame, matching the EnKF project)
[data] 6298 windows of (4, 200, 36, 12)  device=cuda
[model] params=3,990,742 (GENN prior 54,220 = 1.36%; the rest is the solver's ConvLSTM)  loss=nll  n_iter=15  amp=True
[seed] init=0  data=0
[var] AUGMENTED STATE: log sigma^2 iterated with x over 15 steps; prior term of J is a Gaussian log-likelihood of the prior residual   eps=1e-06
[schedule] ep0→5it@lr0.001  ep25→10it@lr0.0007  ep50→15it@lr0.0005  ep75→20it@lr0.0003
[resume] loaded runs/varnet_aug0_h96_s0/varnet_last.pt: continuing from epoch 139 (step 27383)
[best] previous best blind MSE = 0.0468
[schedule] epoch 139: n_iter -> 20, lr -> 0.0003
[epoch 139] loss=-2.4055  blind_MSE=0.0503  density=0.0182 vx=0.1482 vy=0.0260 var=0.0087
[epoch 140] loss=-2.1951  blind_MSE=0.0503  density=0.0183 vx=0.1483 vy=0.0261 var=0.0087
[epoch 141] loss=-2.3820  blind_MSE=0.0506  density=0.0182 vx=0.1492 vy=0.0262 var=0.0087
[epoch 142] loss=-2.3734  blind_MSE=0.0504  density=0.0181 vx=0.1487 vy=0.0261 var=0.0087
[epoch 143] loss=-2.4294  blind_MSE=0.0502  density=0.0181 vx=0.1480 vy=0.0260 var=0.0087
[epoch 144] loss=-2.4164  blind_MSE=0.0504  density=0.0181 vx=0.1485 vy=0.0262 var=0.0087
[epoch 145] loss=-2.3459  blind_MSE=0.0506  density=0.0182 vx=0.1493 vy=0.0264 var=0.0087
[epoch 146] loss=-2.3937  blind_MSE=0.0504  density=0.0182 vx=0.1485 vy=0.0261 var=0.0087
[epoch 147] loss=-2.4249  blind_MSE=0.0503  density=0.0182 vx=0.1483 vy=0.0261 var=0.0087
[epoch 148] loss=-2.4177  blind_MSE=0.0502  density=0.0181 vx=0.1479 vy=0.0260 var=0.0087
[epoch 149] loss=-2.3741  blind_MSE=0.0504  density=0.0181 vx=0.1484 vy=0.0262 var=0.0087
[done] checkpoints + metrics in runs/varnet_aug0_h96_s0
