Submitted batch job 19955824
[chain] submitted successor (afterany:19951159)
NVIDIA H200
[obs] obs_every_k = 1  (每帧观测,对齐 EnKF 项目)
[data] 6298 windows of (4, 200, 36, 12)  device=cuda
[model] params=2,743,542 (GENN prior 9,420 = 0.34%; the rest is the solver's ConvLSTM)  loss=nll  n_iter=15  amp=True
[seed] init=1  data=0
[var read-out] 692,000 params on the last hidden state   sigma^2 = softplus(out_var(h)) + 1e-06   beta=0.0
[schedule] ep0→5it@lr0.001  ep25→10it@lr0.0007  ep50→15it@lr0.0005  ep75→20it@lr0.0003
[resume] loaded runs/varnet_vsb0_s1/varnet_last.pt: continuing from epoch 82 (step 16154)
[best] previous best blind MSE = 0.0411
[schedule] epoch 82: n_iter -> 20, lr -> 0.0003
[epoch  82] loss=-2.3764  盲区MSE=0.0411  density=0.0174 vx=0.1167 vy=0.0216 var=0.0087
[epoch  83] loss=-2.4048  盲区MSE=0.0411  density=0.0174 vx=0.1166 vy=0.0217 var=0.0087
[epoch  84] loss=-2.4586  盲区MSE=0.0411  density=0.0174 vx=0.1167 vy=0.0216 var=0.0087
[epoch  85] loss=-2.4206  盲区MSE=0.0411  density=0.0174 vx=0.1166 vy=0.0216 var=0.0087
[epoch  86] loss=-2.3418  盲区MSE=0.0411  density=0.0174 vx=0.1166 vy=0.0216 var=0.0087
[epoch  87] loss=-2.4040  盲区MSE=0.0412  density=0.0175 vx=0.1170 vy=0.0216 var=0.0087
[epoch  88] loss=-2.3322  盲区MSE=0.0412  density=0.0175 vx=0.1171 vy=0.0217 var=0.0087
[epoch  89] loss=-2.3904  盲区MSE=0.0411  density=0.0175 vx=0.1167 vy=0.0216 var=0.0087
[epoch  90] loss=-2.3641  盲区MSE=0.0412  density=0.0175 vx=0.1168 vy=0.0216 var=0.0087
[epoch  91] loss=-2.3644  盲区MSE=0.0411  density=0.0174 vx=0.1168 vy=0.0216 var=0.0087
[epoch  92] loss=-2.3590  盲区MSE=0.0411  density=0.0174 vx=0.1167 vy=0.0216 var=0.0087
[epoch  93] loss=-2.3830  盲区MSE=0.0411  density=0.0174 vx=0.1165 vy=0.0216 var=0.0087
           ↑ new best (0.0411) -> varnet_best.pt
[epoch  94] loss=-2.4360  盲区MSE=0.0411  density=0.0174 vx=0.1168 vy=0.0216 var=0.0087
[epoch  95] loss=-2.3777  盲区MSE=0.0412  density=0.0174 vx=0.1169 vy=0.0216 var=0.0087
[epoch  96] loss=-2.3803  盲区MSE=0.0413  density=0.0174 vx=0.1172 vy=0.0216 var=0.0087
[epoch  97] loss=-2.3441  盲区MSE=0.0411  density=0.0175 vx=0.1167 vy=0.0216 var=0.0087
[epoch  98] loss=-2.4349  盲区MSE=0.0411  density=0.0174 vx=0.1168 vy=0.0216 var=0.0087
[epoch  99] loss=-2.4044  盲区MSE=0.0412  density=0.0174 vx=0.1169 vy=0.0216 var=0.0087
[epoch 100] loss=-2.3227  盲区MSE=0.0411  density=0.0174 vx=0.1168 vy=0.0216 var=0.0087
[epoch 101] loss=-2.3959  盲区MSE=0.0411  density=0.0174 vx=0.1167 vy=0.0216 var=0.0087
[epoch 102] loss=-2.3996  盲区MSE=0.0411  density=0.0174 vx=0.1166 vy=0.0216 var=0.0087
[epoch 103] loss=-2.4134  盲区MSE=0.0412  density=0.0174 vx=0.1168 vy=0.0216 var=0.0087
[2026-08-26T22:52:17.005] error: *** JOB 19951159 ON gpu50 CANCELLED AT 2026-08-26T22:52:17 DUE TO TIME LIMIT ***
