Submitted batch job 20229867
[chain] submitted successor (afterany:20224688)
NVIDIA H200
[obs] obs_every_k = 1  (observed every frame, matching the EnKF project)
[data] 6298 windows of (4, 200, 36, 12)  device=cuda
[model] params=2,788,342 (GENN prior 54,220 = 1.94%; the rest is the solver's ConvLSTM)  loss=nll  n_iter=15  amp=True
[seed] init=2  data=0
[var read-out] 692,000 params on the last hidden state   sigma^2 = softplus(out_var(h)) + 1e-06   beta=0.0
[schedule] ep0→5it@lr0.001  ep25→10it@lr0.0007  ep50→15it@lr0.0005  ep75→20it@lr0.0003
[resume] loaded runs/varnet_vsb0_h96_s2/varnet_last.pt: continuing from epoch 127 (step 25019)
[best] previous best blind MSE = 0.0432
[schedule] epoch 127: n_iter -> 20, lr -> 0.0003
[epoch 127] loss=-2.5121  blind_MSE=0.0439  density=0.0186 vx=0.1254 vy=0.0228 var=0.0088
[epoch 128] loss=-2.5420  blind_MSE=0.0439  density=0.0183 vx=0.1256 vy=0.0228 var=0.0088
[epoch 129] loss=-2.5117  blind_MSE=0.0439  density=0.0184 vx=0.1252 vy=0.0229 var=0.0088
[epoch 130] loss=-2.5487  blind_MSE=0.0438  density=0.0185 vx=0.1252 vy=0.0228 var=0.0088
[epoch 131] loss=-2.5443  blind_MSE=0.0440  density=0.0185 vx=0.1259 vy=0.0227 var=0.0088
[epoch 132] loss=-2.4934  blind_MSE=0.0439  density=0.0184 vx=0.1256 vy=0.0228 var=0.0088
[epoch 133] loss=-2.6420  blind_MSE=0.0439  density=0.0185 vx=0.1255 vy=0.0228 var=0.0088
[epoch 134] loss=-2.5698  blind_MSE=0.0439  density=0.0185 vx=0.1255 vy=0.0227 var=0.0088
[epoch 135] loss=-2.5980  blind_MSE=0.0439  density=0.0185 vx=0.1257 vy=0.0227 var=0.0088
[epoch 136] loss=-2.5506  blind_MSE=0.0438  density=0.0185 vx=0.1251 vy=0.0227 var=0.0088
[epoch 137] loss=-2.5112  blind_MSE=0.0439  density=0.0185 vx=0.1253 vy=0.0227 var=0.0088
[epoch 138] loss=-2.5333  blind_MSE=0.0439  density=0.0185 vx=0.1254 vy=0.0227 var=0.0088
[epoch 139] loss=-2.4116  blind_MSE=0.0438  density=0.0185 vx=0.1253 vy=0.0227 var=0.0088
[epoch 140] loss=-2.4524  blind_MSE=0.0439  density=0.0184 vx=0.1255 vy=0.0227 var=0.0088
[epoch 141] loss=-2.5470  blind_MSE=0.0438  density=0.0183 vx=0.1252 vy=0.0227 var=0.0088
[epoch 142] loss=-2.5751  blind_MSE=0.0438  density=0.0186 vx=0.1252 vy=0.0228 var=0.0088
[epoch 143] loss=-2.6101  blind_MSE=0.0438  density=0.0185 vx=0.1252 vy=0.0227 var=0.0089
[epoch 144] loss=-2.5783  blind_MSE=0.0438  density=0.0184 vx=0.1253 vy=0.0227 var=0.0088
[2026-09-13T01:08:16.008] error: *** JOB 20224688 ON gpu60 CANCELLED AT 2026-09-13T01:08:16 DUE TO TIME LIMIT ***
