Submitted batch job 19955711
[chain] submitted successor (afterany:19951120)
NVIDIA H200
[obs] obs_every_k = 1  (每帧观测,对齐 EnKF 项目)
[data] 6298 windows of (4, 200, 36, 12)  device=cuda
[model] params=2,743,542 (GENN prior 9,420 = 0.34%; the rest is the solver's ConvLSTM)  loss=nll  n_iter=15  amp=True
[seed] init=0  data=0
[var read-out] 692,000 params on the last hidden state   sigma^2 = softplus(out_var(h)) + 1e-06   beta=0.0
[schedule] ep0→5it@lr0.001  ep25→10it@lr0.0007  ep50→15it@lr0.0005  ep75→20it@lr0.0003
[resume] loaded runs/varnet_vsb0_s0/varnet_last.pt: continuing from epoch 82 (step 16154)
[best] previous best blind MSE = 0.0419
[schedule] epoch 82: n_iter -> 20, lr -> 0.0003
[epoch  82] loss=-2.3444  盲区MSE=0.0419  density=0.0176 vx=0.1200 vy=0.0213 var=0.0088
[epoch  83] loss=-2.2767  盲区MSE=0.0423  density=0.0179 vx=0.1210 vy=0.0214 var=0.0088
[epoch  84] loss=-2.3116  盲区MSE=0.0420  density=0.0176 vx=0.1203 vy=0.0213 var=0.0088
[epoch  85] loss=-2.4162  盲区MSE=0.0420  density=0.0176 vx=0.1201 vy=0.0213 var=0.0088
[epoch  86] loss=-2.4161  盲区MSE=0.0419  density=0.0176 vx=0.1201 vy=0.0213 var=0.0088
[epoch  87] loss=-2.3702  盲区MSE=0.0420  density=0.0177 vx=0.1203 vy=0.0213 var=0.0088
[epoch  88] loss=-2.4655  盲区MSE=0.0420  density=0.0177 vx=0.1203 vy=0.0213 var=0.0088
[epoch  89] loss=-2.3271  盲区MSE=0.0419  density=0.0175 vx=0.1200 vy=0.0213 var=0.0088
[epoch  90] loss=-2.3406  盲区MSE=0.0420  density=0.0177 vx=0.1203 vy=0.0213 var=0.0088
[epoch  91] loss=-2.4003  盲区MSE=0.0420  density=0.0177 vx=0.1202 vy=0.0213 var=0.0088
[epoch  92] loss=-2.4513  盲区MSE=0.0420  density=0.0176 vx=0.1202 vy=0.0213 var=0.0088
[epoch  93] loss=-2.3762  盲区MSE=0.0420  density=0.0177 vx=0.1204 vy=0.0213 var=0.0088
[epoch  94] loss=-2.3997  盲区MSE=0.0420  density=0.0176 vx=0.1204 vy=0.0213 var=0.0088
[epoch  95] loss=-2.4452  盲区MSE=0.0419  density=0.0175 vx=0.1200 vy=0.0213 var=0.0088
[epoch  96] loss=-2.3769  盲区MSE=0.0420  density=0.0177 vx=0.1202 vy=0.0213 var=0.0088
[epoch  97] loss=-2.4229  盲区MSE=0.0420  density=0.0177 vx=0.1203 vy=0.0213 var=0.0088
[epoch  98] loss=-2.4304  盲区MSE=0.0420  density=0.0177 vx=0.1203 vy=0.0213 var=0.0088
[epoch  99] loss=-2.3486  盲区MSE=0.0420  density=0.0177 vx=0.1204 vy=0.0213 var=0.0088
[epoch 100] loss=-2.4604  盲区MSE=0.0420  density=0.0177 vx=0.1203 vy=0.0213 var=0.0088
[epoch 101] loss=-2.4578  盲区MSE=0.0420  density=0.0177 vx=0.1203 vy=0.0213 var=0.0088
[epoch 102] loss=-2.4340  盲区MSE=0.0420  density=0.0177 vx=0.1203 vy=0.0213 var=0.0088
[epoch 103] loss=-2.4021  盲区MSE=0.0420  density=0.0177 vx=0.1203 vy=0.0213 var=0.0088
[2026-08-26T22:45:47.015] error: *** JOB 19951120 ON gpu50 CANCELLED AT 2026-08-26T22:45:47 DUE TO TIME LIMIT ***
