Submitted batch job 20357033
[chain] submitted successor (afterany:20356937)
NVIDIA H200
[obs] obs_every_k = 1  (observed every frame, matching the EnKF project)
[obs] trajectory_mode = per_day  (base data seed 0)
[data] 6298 windows of (4, 200, 36, 12)  device=cuda
[model] params=4,630,742 (GENN prior 54,220 = 1.17%; the rest is the solver's ConvLSTM)  loss=nll  n_iter=15  amp=True
[seed] init=0  data=0
[var] AUGMENTED STATE: log sigma^2 iterated with x over 15 steps; prior term of J is a Gaussian log-likelihood of the prior residual; observation term too (shared sigma); sigma^2 update from its own head on [h, x]   eps=1e-06
[schedule] ep0→5it@lr0.001  ep25→10it@lr0.0007  ep50→15it@lr0.0005  ep75→20it@lr0.0003
[resume] loaded runs/varnet_aughead_obs_h96_s0/varnet_last.pt: continuing from epoch 47 (step 9259)
[best] previous best blind MSE = 0.0494
[schedule] epoch 47: n_iter -> 10, lr -> 0.0007
[epoch  47] loss=-2.0186  blind_MSE=0.0503  density=0.0187 vx=0.1493 vy=0.0241 var=0.0091
[epoch  48] loss=-2.1195  blind_MSE=0.0502  density=0.0188 vx=0.1493 vy=0.0237 var=0.0091
[epoch  49] loss=-2.1058  blind_MSE=0.0496  density=0.0186 vx=0.1469 vy=0.0235 var=0.0091
[schedule] epoch 50: n_iter -> 15, lr -> 0.0005
[epoch  50] loss=-2.1566  blind_MSE=0.0495  density=0.0186 vx=0.1464 vy=0.0242 var=0.0091
[epoch  51] loss=-2.1868  blind_MSE=0.0493  density=0.0188 vx=0.1456 vy=0.0240 var=0.0091
           ↑ new best (0.0493) -> varnet_best.pt
[epoch  52] loss=-2.0418  blind_MSE=0.0496  density=0.0186 vx=0.1468 vy=0.0237 var=0.0091
[epoch  53] loss=-1.2596  blind_MSE=0.0675  density=0.0275 vx=0.1915 vy=0.0396 var=0.0113
[epoch  54] loss=-1.5420  blind_MSE=0.0613  density=0.0238 vx=0.1776 vy=0.0337 var=0.0099
[epoch  55] loss=-1.8387  blind_MSE=0.0557  density=0.0206 vx=0.1665 vy=0.0265 var=0.0092
[epoch  56] loss=-1.9517  blind_MSE=0.0514  density=0.0195 vx=0.1518 vy=0.0253 var=0.0091
[epoch  57] loss=-1.9810  blind_MSE=0.0522  density=0.0190 vx=0.1559 vy=0.0248 var=0.0091
[epoch  58] loss=-2.0435  blind_MSE=0.0509  density=0.0192 vx=0.1509 vy=0.0244 var=0.0091
[epoch  59] loss=-2.0632  blind_MSE=0.0504  density=0.0191 vx=0.1495 vy=0.0241 var=0.0091
[epoch  60] loss=-2.0912  blind_MSE=0.0503  density=0.0189 vx=0.1493 vy=0.0238 var=0.0091
[epoch  61] loss=-2.1289  blind_MSE=0.0507  density=0.0189 vx=0.1509 vy=0.0241 var=0.0091
[epoch  62] loss=-2.0514  blind_MSE=0.0503  density=0.0191 vx=0.1495 vy=0.0236 var=0.0091
[epoch  63] loss=-2.0798  blind_MSE=0.0506  density=0.0189 vx=0.1506 vy=0.0237 var=0.0091
[epoch  64] loss=-1.9830  blind_MSE=0.0511  density=0.0190 vx=0.1524 vy=0.0238 var=0.0091
[epoch  65] loss=-2.1298  blind_MSE=0.0505  density=0.0186 vx=0.1502 vy=0.0242 var=0.0091
[epoch  66] loss=-2.0944  blind_MSE=0.0505  density=0.0189 vx=0.1502 vy=0.0238 var=0.0090
[epoch  67] loss=-2.1013  blind_MSE=0.0506  density=0.0190 vx=0.1506 vy=0.0238 var=0.0091
[epoch  68] loss=-2.1339  blind_MSE=0.0508  density=0.0188 vx=0.1506 vy=0.0247 var=0.0091
[epoch  69] loss=-2.0060  blind_MSE=0.0513  density=0.0190 vx=0.1526 vy=0.0245 var=0.0091
[epoch  70] loss=-2.0297  blind_MSE=0.0507  density=0.0189 vx=0.1505 vy=0.0244 var=0.0091
[epoch  71] loss=-2.1560  blind_MSE=0.0503  density=0.0190 vx=0.1494 vy=0.0240 var=0.0091
[2026-09-20T19:04:49.010] error: *** JOB 20356937 ON gpu53 CANCELLED AT 2026-09-20T19:04:49 DUE TO TIME LIMIT ***
