Submitted batch job 20229917
[chain] submitted successor (afterany:20225093)
NVIDIA H200
[obs] obs_every_k = 1  (observed every frame, matching the EnKF project)
[data] 6298 windows of (4, 200, 36, 12)  device=cuda
[model] params=2,096,342 (GENN prior 54,220 = 2.59%; the rest is the solver's ConvLSTM)  loss=supervised  n_iter=15  amp=True
[seed] init=3  data=0
[schedule] ep0→5it@lr0.001  ep25→10it@lr0.0007  ep50→15it@lr0.0005  ep75→20it@lr0.0003
[resume] loaded runs/varnet_mse5_h96_s3/varnet_last.pt: continuing from epoch 127 (step 25019)
[best] previous best blind MSE = 0.0269
[schedule] epoch 127: n_iter -> 20, lr -> 0.0003
[epoch 127] loss=0.0250  blind_MSE=0.0272  density=0.0159 vx=0.0631 vy=0.0212 var=0.0087
[epoch 128] loss=0.0273  blind_MSE=0.0270  density=0.0159 vx=0.0623 vy=0.0212 var=0.0087
[epoch 129] loss=0.0265  blind_MSE=0.0271  density=0.0159 vx=0.0627 vy=0.0213 var=0.0087
[epoch 130] loss=0.0267  blind_MSE=0.0269  density=0.0159 vx=0.0619 vy=0.0212 var=0.0087
[epoch 131] loss=0.0237  blind_MSE=0.0269  density=0.0159 vx=0.0618 vy=0.0212 var=0.0087
[epoch 132] loss=0.0258  blind_MSE=0.0271  density=0.0159 vx=0.0625 vy=0.0212 var=0.0087
[epoch 133] loss=0.0243  blind_MSE=0.0270  density=0.0159 vx=0.0622 vy=0.0212 var=0.0087
[epoch 134] loss=0.0262  blind_MSE=0.0269  density=0.0159 vx=0.0620 vy=0.0212 var=0.0087
[epoch 135] loss=0.0262  blind_MSE=0.0272  density=0.0159 vx=0.0630 vy=0.0212 var=0.0087
[epoch 136] loss=0.0280  blind_MSE=0.0271  density=0.0159 vx=0.0627 vy=0.0213 var=0.0087
[epoch 137] loss=0.0255  blind_MSE=0.0270  density=0.0159 vx=0.0623 vy=0.0213 var=0.0087
[epoch 138] loss=0.0251  blind_MSE=0.0269  density=0.0159 vx=0.0620 vy=0.0212 var=0.0087
[epoch 139] loss=0.0256  blind_MSE=0.0271  density=0.0159 vx=0.0625 vy=0.0213 var=0.0087
[epoch 140] loss=0.0247  blind_MSE=0.0271  density=0.0159 vx=0.0626 vy=0.0213 var=0.0087
[epoch 141] loss=0.0277  blind_MSE=0.0271  density=0.0159 vx=0.0625 vy=0.0213 var=0.0087
[epoch 142] loss=0.0267  blind_MSE=0.0271  density=0.0159 vx=0.0627 vy=0.0213 var=0.0087
[epoch 143] loss=0.0276  blind_MSE=0.0270  density=0.0159 vx=0.0622 vy=0.0212 var=0.0087
[epoch 144] loss=0.0264  blind_MSE=0.0270  density=0.0159 vx=0.0621 vy=0.0213 var=0.0087
[2026-09-13T01:22:17.006] error: *** JOB 20225093 ON gpu57 CANCELLED AT 2026-09-13T01:22:17 DUE TO TIME LIMIT ***
