Submitted batch job 19957946
[chain] submitted successor (afterany:19955833)
NVIDIA H200
[obs] obs_every_k = 1  (每帧观测,对齐 EnKF 项目)
[data] 6298 windows of (4, 200, 36, 12)  device=cuda
[model] params=2,743,542 (GENN prior 9,420 = 0.34%; the rest is the solver's ConvLSTM)  loss=nll  n_iter=15  amp=True
[seed] init=2  data=0
[var read-out] 692,000 params on the last hidden state   sigma^2 = softplus(out_var(h)) + 1e-06   beta=0.0
[schedule] ep0→5it@lr0.001  ep25→10it@lr0.0007  ep50→15it@lr0.0005  ep75→20it@lr0.0003
[resume] loaded runs/varnet_vsb0_s2/varnet_last.pt: continuing from epoch 104 (step 20488)
[best] previous best blind MSE = 0.0413
[schedule] epoch 104: n_iter -> 20, lr -> 0.0003
[epoch 104] loss=-2.3933  盲区MSE=0.0415  density=0.0174 vx=0.1185 vy=0.0213 var=0.0088
[epoch 105] loss=-2.4424  盲区MSE=0.0415  density=0.0174 vx=0.1185 vy=0.0214 var=0.0088
[epoch 106] loss=-2.3689  盲区MSE=0.0416  density=0.0174 vx=0.1190 vy=0.0212 var=0.0088
[epoch 107] loss=-2.3759  盲区MSE=0.0414  density=0.0173 vx=0.1184 vy=0.0212 var=0.0088
[epoch 108] loss=-2.4096  盲区MSE=0.0415  density=0.0173 vx=0.1186 vy=0.0212 var=0.0088
[epoch 109] loss=-2.3946  盲区MSE=0.0414  density=0.0173 vx=0.1185 vy=0.0212 var=0.0088
[epoch 110] loss=-2.4344  盲区MSE=0.0415  density=0.0174 vx=0.1185 vy=0.0212 var=0.0088
[epoch 111] loss=-2.4830  盲区MSE=0.0414  density=0.0174 vx=0.1184 vy=0.0212 var=0.0088
[epoch 112] loss=-2.4121  盲区MSE=0.0415  density=0.0174 vx=0.1186 vy=0.0212 var=0.0088
[epoch 113] loss=-2.4258  盲区MSE=0.0414  density=0.0174 vx=0.1182 vy=0.0212 var=0.0088
[epoch 114] loss=-2.4197  盲区MSE=0.0415  density=0.0173 vx=0.1185 vy=0.0212 var=0.0088
[epoch 115] loss=-2.4391  盲区MSE=0.0415  density=0.0174 vx=0.1185 vy=0.0212 var=0.0088
[epoch 116] loss=-2.3896  盲区MSE=0.0415  density=0.0174 vx=0.1186 vy=0.0212 var=0.0088
[epoch 117] loss=-2.3726  盲区MSE=0.0416  density=0.0176 vx=0.1187 vy=0.0213 var=0.0088
[epoch 118] loss=-2.4363  盲区MSE=0.0415  density=0.0174 vx=0.1185 vy=0.0212 var=0.0088
[epoch 119] loss=-2.4270  盲区MSE=0.0415  density=0.0174 vx=0.1188 vy=0.0212 var=0.0088
[epoch 120] loss=-2.3749  盲区MSE=0.0415  density=0.0174 vx=0.1186 vy=0.0212 var=0.0088
[epoch 121] loss=-2.4047  盲区MSE=0.0415  density=0.0175 vx=0.1186 vy=0.0212 var=0.0088
[epoch 122] loss=-2.4291  盲区MSE=0.0416  density=0.0174 vx=0.1189 vy=0.0212 var=0.0088
[epoch 123] loss=-2.4323  盲区MSE=0.0416  density=0.0174 vx=0.1190 vy=0.0212 var=0.0088
[epoch 124] loss=-2.5029  盲区MSE=0.0415  density=0.0175 vx=0.1186 vy=0.0212 var=0.0088
[epoch 125] loss=-2.4134  盲区MSE=0.0415  density=0.0174 vx=0.1188 vy=0.0212 var=0.0088
[2026-08-27T01:58:33.008] error: *** JOB 19955833 ON gpu52 CANCELLED AT 2026-08-27T01:58:33 DUE TO TIME LIMIT ***
