### segment 1: epochs 0-3, snapshot every 2
[obs] obs_every_k = 1  (observed every frame, matching the EnKF project)
[data] 403 windows of (4, 200, 36, 12)  device=cuda
[model] params=2,096,342 (GENN prior 54,220 = 2.59%; the rest is the solver's ConvLSTM)  loss=supervised  n_iter=15  amp=True
[seed] init=0  data=0
[schedule] ep0→5it@lr0.001  ep2→10it@lr0.0007
[schedule] epoch 0: n_iter -> 5, lr -> 0.001
[epoch   0] loss=0.0546  blind_MSE=0.0780  density=0.0229 vx=0.2431 vy=0.0362 var=0.0098
           ↑ new best (0.0780) -> varnet_best.pt
[done] checkpoints + metrics in scratch/smoke_ckptevery
--- files after segment 1:
ckpt_00000.pt
metrics.jsonl
varnet_best.pt
varnet_last.pt
### segment 2: --resume to epoch 6 (proves resume still finds varnet_last.pt)
[obs] obs_every_k = 1  (observed every frame, matching the EnKF project)
[data] 403 windows of (4, 200, 36, 12)  device=cuda
[model] params=2,096,342 (GENN prior 54,220 = 2.59%; the rest is the solver's ConvLSTM)  loss=supervised  n_iter=15  amp=True
[seed] init=0  data=0
[schedule] ep0→5it@lr0.001  ep2→10it@lr0.0007
[resume] loaded scratch/smoke_ckptevery/varnet_last.pt: continuing from epoch 1 (step 6)
[best] previous best blind MSE = 0.0780
[schedule] epoch 1: n_iter -> 5, lr -> 0.001
[epoch   1] loss=0.0532  blind_MSE=0.0773  density=0.0225 vx=0.2414 vy=0.0358 var=0.0095
           ↑ new best (0.0773) -> varnet_best.pt
[done] checkpoints + metrics in scratch/smoke_ckptevery
--- files after segment 2:
ckpt_00000.pt
metrics.jsonl
varnet_best.pt
varnet_last.pt
### segment 3: --ckpt-every 0 must not divide by zero
[obs] obs_every_k = 1  (observed every frame, matching the EnKF project)
[data] 403 windows of (4, 200, 36, 12)  device=cuda
[model] params=2,096,342 (GENN prior 54,220 = 2.59%; the rest is the solver's ConvLSTM)  loss=supervised  n_iter=15  amp=True
[seed] init=0  data=0
[schedule] ep0→5it@lr0.001
[schedule] epoch 0: n_iter -> 5, lr -> 0.001
[epoch   0] loss=0.0616  blind_MSE=0.0918  density=0.0342 vx=0.2643 vy=0.0478 var=0.0209
           ↑ new best (0.0918) -> varnet_best.pt
[done] checkpoints + metrics in scratch/smoke_ckptevery/zero
--- files (must have NO ckpt_*.pt):
metrics.jsonl
varnet_best.pt
varnet_last.pt
[smoke] ckpt-every OK
