Submitted batch job 20185557
[chain] submitted successor (afterany:20167596)
NVIDIA H200
[obs] obs_every_k = 1  (observed every frame, matching the EnKF project)
[data] 6298 windows of (4, 200, 36, 12)  device=cuda
[model] params=2,096,342 (GENN prior 54,220 = 2.59%; the rest is the solver's ConvLSTM)  loss=supervised  n_iter=15  amp=True
[seed] init=2  data=0
[schedule] ep0→5it@lr0.001  ep25→10it@lr0.0007  ep50→15it@lr0.0005  ep75→20it@lr0.0003
[resume] loaded runs/varnet_mse5_h96_s2/varnet_last.pt: continuing from epoch 49 (step 9653)
[best] previous best blind MSE = 0.0275
[schedule] epoch 49: n_iter -> 10, lr -> 0.0007
[epoch  49] loss=0.0245  blind_MSE=0.0274  density=0.0160 vx=0.0637 vy=0.0212 var=0.0087
           ↑ new best (0.0274) -> varnet_best.pt
[schedule] epoch 50: n_iter -> 15, lr -> 0.0005
[epoch  50] loss=0.0286  blind_MSE=0.0272  density=0.0159 vx=0.0630 vy=0.0212 var=0.0087
           ↑ new best (0.0272) -> varnet_best.pt
[epoch  51] loss=0.0264  blind_MSE=0.0271  density=0.0159 vx=0.0627 vy=0.0211 var=0.0087
           ↑ new best (0.0271) -> varnet_best.pt
[epoch  52] loss=0.0268  blind_MSE=0.0271  density=0.0159 vx=0.0626 vy=0.0211 var=0.0087
           ↑ new best (0.0271) -> varnet_best.pt
[epoch  53] loss=0.0268  blind_MSE=0.0271  density=0.0159 vx=0.0625 vy=0.0212 var=0.0087
           ↑ new best (0.0271) -> varnet_best.pt
[epoch  54] loss=0.0270  blind_MSE=0.0273  density=0.0159 vx=0.0635 vy=0.0211 var=0.0087
[epoch  55] loss=0.0273  blind_MSE=0.0270  density=0.0159 vx=0.0624 vy=0.0212 var=0.0087
           ↑ new best (0.0270) -> varnet_best.pt
[epoch  56] loss=0.0271  blind_MSE=0.0271  density=0.0159 vx=0.0625 vy=0.0212 var=0.0087
[epoch  57] loss=0.0265  blind_MSE=0.0271  density=0.0159 vx=0.0627 vy=0.0212 var=0.0087
[epoch  58] loss=0.0279  blind_MSE=0.0269  density=0.0159 vx=0.0620 vy=0.0211 var=0.0087
           ↑ new best (0.0269) -> varnet_best.pt
[epoch  59] loss=0.0265  blind_MSE=0.0270  density=0.0159 vx=0.0623 vy=0.0211 var=0.0087
[epoch  60] loss=0.0265  blind_MSE=0.0269  density=0.0159 vx=0.0620 vy=0.0211 var=0.0087
           ↑ new best (0.0269) -> varnet_best.pt
[epoch  61] loss=0.0276  blind_MSE=0.0270  density=0.0159 vx=0.0622 vy=0.0212 var=0.0087
[epoch  62] loss=0.0245  blind_MSE=0.0268  density=0.0159 vx=0.0617 vy=0.0211 var=0.0087
           ↑ new best (0.0268) -> varnet_best.pt
[epoch  63] loss=0.0256  blind_MSE=0.0269  density=0.0159 vx=0.0619 vy=0.0211 var=0.0087
[epoch  64] loss=0.0268  blind_MSE=0.0270  density=0.0159 vx=0.0621 vy=0.0212 var=0.0087
[epoch  65] loss=0.0249  blind_MSE=0.0268  density=0.0159 vx=0.0615 vy=0.0211 var=0.0087
           ↑ new best (0.0268) -> varnet_best.pt
[epoch  66] loss=0.0259  blind_MSE=0.0268  density=0.0159 vx=0.0616 vy=0.0211 var=0.0087
[epoch  67] loss=0.0263  blind_MSE=0.0268  density=0.0159 vx=0.0615 vy=0.0211 var=0.0087
[epoch  68] loss=0.0281  blind_MSE=0.0268  density=0.0159 vx=0.0614 vy=0.0211 var=0.0087
           ↑ new best (0.0268) -> varnet_best.pt
[epoch  69] loss=0.0269  blind_MSE=0.0267  density=0.0159 vx=0.0611 vy=0.0211 var=0.0087
           ↑ new best (0.0267) -> varnet_best.pt
[epoch  70] loss=0.0277  blind_MSE=0.0267  density=0.0159 vx=0.0612 vy=0.0211 var=0.0087
[epoch  71] loss=0.0270  blind_MSE=0.0276  density=0.0159 vx=0.0641 vy=0.0219 var=0.0087
[epoch  72] loss=0.0258  blind_MSE=0.0269  density=0.0159 vx=0.0617 vy=0.0212 var=0.0087
[epoch  73] loss=0.0270  blind_MSE=0.0268  density=0.0159 vx=0.0616 vy=0.0212 var=0.0087
[2026-09-10T03:31:23.004] error: *** JOB 20167596 ON gpu55 CANCELLED AT 2026-09-10T03:31:23 DUE TO TIME LIMIT ***
