Submitted batch job 20167402
[chain] submitted successor (afterany:20166674)
NVIDIA H200
[obs] obs_every_k = 1  (observed every frame, matching the EnKF project)
[data] 6298 windows of (4, 200, 36, 12)  device=cuda
[model] params=2,788,342 (GENN prior 54,220 = 1.94%; the rest is the solver's ConvLSTM)  loss=nll  n_iter=15  amp=True
[seed] init=1  data=0
[var read-out] 692,000 params on the last hidden state   sigma^2 = softplus(out_var(h)) + 1e-06   beta=0.0
[schedule] ep0→5it@lr0.001  ep25→10it@lr0.0007  ep50→15it@lr0.0005  ep75→20it@lr0.0003
[schedule] epoch 0: n_iter -> 5, lr -> 0.001
[epoch   0] loss=-1.7204  blind_MSE=0.0788  density=0.0231 vx=0.2453 vy=0.0377 var=0.0090
           ↑ new best (0.0788) -> varnet_best.pt
[epoch   1] loss=-1.8086  blind_MSE=0.0776  density=0.0229 vx=0.2409 vy=0.0377 var=0.0089
           ↑ new best (0.0776) -> varnet_best.pt
[epoch   2] loss=-1.7966  blind_MSE=0.0734  density=0.0227 vx=0.2250 vy=0.0369 var=0.0090
           ↑ new best (0.0734) -> varnet_best.pt
[epoch   3] loss=-1.8922  blind_MSE=0.0724  density=0.0224 vx=0.2221 vy=0.0362 var=0.0089
           ↑ new best (0.0724) -> varnet_best.pt
[epoch   4] loss=-1.8686  blind_MSE=0.0675  density=0.0210 vx=0.2060 vy=0.0342 var=0.0088
           ↑ new best (0.0675) -> varnet_best.pt
[epoch   5] loss=-1.9504  blind_MSE=0.0614  density=0.0197 vx=0.1860 vy=0.0310 var=0.0089
           ↑ new best (0.0614) -> varnet_best.pt
[epoch   6] loss=-1.8880  blind_MSE=0.0585  density=0.0192 vx=0.1759 vy=0.0302 var=0.0088
           ↑ new best (0.0585) -> varnet_best.pt
[epoch   7] loss=-1.9926  blind_MSE=0.0555  density=0.0187 vx=0.1658 vy=0.0285 var=0.0089
           ↑ new best (0.0555) -> varnet_best.pt
[epoch   8] loss=-1.9708  blind_MSE=0.0538  density=0.0185 vx=0.1601 vy=0.0277 var=0.0089
           ↑ new best (0.0538) -> varnet_best.pt
[epoch   9] loss=-1.9663  blind_MSE=0.0520  density=0.0183 vx=0.1538 vy=0.0270 var=0.0088
           ↑ new best (0.0520) -> varnet_best.pt
[epoch  10] loss=-1.9953  blind_MSE=0.0507  density=0.0183 vx=0.1492 vy=0.0265 var=0.0088
           ↑ new best (0.0507) -> varnet_best.pt
[epoch  11] loss=-1.9729  blind_MSE=0.0498  density=0.0182 vx=0.1461 vy=0.0259 var=0.0088
           ↑ new best (0.0498) -> varnet_best.pt
[epoch  12] loss=-2.0044  blind_MSE=0.0494  density=0.0184 vx=0.1442 vy=0.0258 var=0.0090
           ↑ new best (0.0494) -> varnet_best.pt
[epoch  13] loss=-2.0449  blind_MSE=0.0489  density=0.0184 vx=0.1429 vy=0.0255 var=0.0088
           ↑ new best (0.0489) -> varnet_best.pt
[epoch  14] loss=-2.0248  blind_MSE=0.0477  density=0.0181 vx=0.1392 vy=0.0249 var=0.0088
           ↑ new best (0.0477) -> varnet_best.pt
[epoch  15] loss=-2.0004  blind_MSE=0.0469  density=0.0181 vx=0.1361 vy=0.0245 var=0.0088
           ↑ new best (0.0469) -> varnet_best.pt
[epoch  16] loss=-2.0900  blind_MSE=0.0468  density=0.0183 vx=0.1357 vy=0.0245 var=0.0088
           ↑ new best (0.0468) -> varnet_best.pt
[epoch  17] loss=-2.0533  blind_MSE=0.0466  density=0.0183 vx=0.1346 vy=0.0244 var=0.0089
           ↑ new best (0.0466) -> varnet_best.pt
[epoch  18] loss=-2.0981  blind_MSE=0.0463  density=0.0182 vx=0.1342 vy=0.0241 var=0.0088
           ↑ new best (0.0463) -> varnet_best.pt
[epoch  19] loss=-2.0849  blind_MSE=0.0462  density=0.0182 vx=0.1338 vy=0.0241 var=0.0088
           ↑ new best (0.0462) -> varnet_best.pt
[epoch  20] loss=-2.0818  blind_MSE=0.0460  density=0.0183 vx=0.1329 vy=0.0240 var=0.0089
           ↑ new best (0.0460) -> varnet_best.pt
[epoch  21] loss=-2.0668  blind_MSE=0.0452  density=0.0181 vx=0.1304 vy=0.0236 var=0.0089
           ↑ new best (0.0452) -> varnet_best.pt
[epoch  22] loss=-2.0649  blind_MSE=0.0452  density=0.0182 vx=0.1303 vy=0.0236 var=0.0089
[epoch  23] loss=-2.0828  blind_MSE=0.0446  density=0.0181 vx=0.1281 vy=0.0233 var=0.0089
           ↑ new best (0.0446) -> varnet_best.pt
[epoch  24] loss=-2.1629  blind_MSE=0.0446  density=0.0182 vx=0.1279 vy=0.0233 var=0.0089
           ↑ new best (0.0446) -> varnet_best.pt
[schedule] epoch 25: n_iter -> 10, lr -> 0.0007
[epoch  25] loss=-2.1478  blind_MSE=0.0435  density=0.0178 vx=0.1249 vy=0.0225 var=0.0088
           ↑ new best (0.0435) -> varnet_best.pt
[epoch  26] loss=-2.0930  blind_MSE=0.0433  density=0.0177 vx=0.1242 vy=0.0224 var=0.0088
           ↑ new best (0.0433) -> varnet_best.pt
[epoch  27] loss=-2.0647  blind_MSE=0.0431  density=0.0177 vx=0.1235 vy=0.0222 var=0.0088
           ↑ new best (0.0431) -> varnet_best.pt
[epoch  28] loss=-2.1611  blind_MSE=0.0433  density=0.0178 vx=0.1244 vy=0.0222 var=0.0088
[epoch  29] loss=-2.0779  blind_MSE=0.0430  density=0.0176 vx=0.1232 vy=0.0222 var=0.0088
           ↑ new best (0.0430) -> varnet_best.pt
[epoch  30] loss=-2.2918  blind_MSE=0.0432  density=0.0180 vx=0.1237 vy=0.0223 var=0.0088
[epoch  31] loss=-2.1773  blind_MSE=0.0424  density=0.0175 vx=0.1213 vy=0.0221 var=0.0088
           ↑ new best (0.0424) -> varnet_best.pt
[epoch  32] loss=-2.2806  blind_MSE=0.0425  density=0.0178 vx=0.1212 vy=0.0220 var=0.0088
[epoch  33] loss=-2.2275  blind_MSE=0.0422  density=0.0176 vx=0.1206 vy=0.0219 var=0.0088
           ↑ new best (0.0422) -> varnet_best.pt
[epoch  34] loss=-2.2404  blind_MSE=0.0421  density=0.0176 vx=0.1200 vy=0.0220 var=0.0088
           ↑ new best (0.0421) -> varnet_best.pt
[epoch  35] loss=-2.2455  blind_MSE=0.0422  density=0.0177 vx=0.1202 vy=0.0219 var=0.0088
[epoch  36] loss=-2.2293  blind_MSE=0.0420  density=0.0175 vx=0.1196 vy=0.0219 var=0.0088
           ↑ new best (0.0420) -> varnet_best.pt
[epoch  37] loss=-2.0634  blind_MSE=0.0428  density=0.0183 vx=0.1220 vy=0.0221 var=0.0088
[epoch  38] loss=-2.2461  blind_MSE=0.0419  density=0.0176 vx=0.1194 vy=0.0217 var=0.0088
           ↑ new best (0.0419) -> varnet_best.pt
[2026-09-09T18:52:09.005] error: *** JOB 20166674 ON gpu50 CANCELLED AT 2026-09-09T18:52:09 DUE TO TIME LIMIT ***
