Submitted batch job 20204323
[chain] submitted successor (afterany:20204216)
NVIDIA H200
[obs] obs_every_k = 1  (observed every frame, matching the EnKF project)
[data] 6298 windows of (4, 200, 36, 12)  device=cuda
[model] params=2,788,342 (GENN prior 54,220 = 1.94%; the rest is the solver's ConvLSTM)  loss=nll  n_iter=15  amp=True
[seed] init=1  data=0
[var read-out] 692,000 params on the last hidden state   sigma^2 = softplus(out_var(h)) + 1e-06   beta=0.0
[schedule] ep0→5it@lr0.001  ep25→10it@lr0.0007  ep50→15it@lr0.0005  ep75→20it@lr0.0003
[resume] loaded runs/varnet_vsb0_h96_s1/varnet_last.pt: continuing from epoch 99 (step 19503)
[best] previous best blind MSE = 0.0409
[schedule] epoch 99: n_iter -> 20, lr -> 0.0003
[epoch  99] loss=-2.5293  blind_MSE=0.0412  density=0.0177 vx=0.1169 vy=0.0215 var=0.0088
[epoch 100] loss=-2.4800  blind_MSE=0.0412  density=0.0176 vx=0.1169 vy=0.0214 var=0.0088
[epoch 101] loss=-2.4187  blind_MSE=0.0412  density=0.0176 vx=0.1168 vy=0.0214 var=0.0088
[epoch 102] loss=-2.5024  blind_MSE=0.0412  density=0.0175 vx=0.1171 vy=0.0214 var=0.0088
[epoch 103] loss=-2.4719  blind_MSE=0.0412  density=0.0176 vx=0.1170 vy=0.0214 var=0.0088
[epoch 104] loss=-2.5026  blind_MSE=0.0413  density=0.0176 vx=0.1172 vy=0.0215 var=0.0088
[epoch 105] loss=-2.4775  blind_MSE=0.0412  density=0.0178 vx=0.1170 vy=0.0214 var=0.0088
[epoch 106] loss=-2.4808  blind_MSE=0.0411  density=0.0176 vx=0.1167 vy=0.0214 var=0.0088
[epoch 107] loss=-2.4350  blind_MSE=0.0412  density=0.0176 vx=0.1170 vy=0.0214 var=0.0088
[epoch 108] loss=-2.5095  blind_MSE=0.0412  density=0.0178 vx=0.1170 vy=0.0214 var=0.0088
[epoch 109] loss=-2.4627  blind_MSE=0.0412  density=0.0176 vx=0.1171 vy=0.0214 var=0.0088
[epoch 110] loss=-2.5045  blind_MSE=0.0413  density=0.0176 vx=0.1172 vy=0.0215 var=0.0088
[epoch 111] loss=-2.4510  blind_MSE=0.0414  density=0.0178 vx=0.1174 vy=0.0215 var=0.0088
[2026-09-10T22:02:51.003] error: *** JOB 20204216 ON gpu50 CANCELLED AT 2026-09-10T22:02:51 DUE TO TIME LIMIT ***
