Submitted batch job 20224662
[chain] submitted successor (afterany:20204324)
NVIDIA H200
[obs] obs_every_k = 1  (observed every frame, matching the EnKF project)
[data] 6298 windows of (4, 200, 36, 12)  device=cuda
[model] params=3,990,742 (GENN prior 54,220 = 1.36%; the rest is the solver's ConvLSTM)  loss=nll  n_iter=15  amp=True
[seed] init=1  data=0
[var] AUGMENTED STATE: log sigma^2 iterated with x over 15 steps; prior term of J is a Gaussian log-likelihood of the prior residual   eps=1e-06
[schedule] ep0→5it@lr0.001  ep25→10it@lr0.0007  ep50→15it@lr0.0005  ep75→20it@lr0.0003
[resume] loaded runs/varnet_aug0_h96_s1/varnet_last.pt: continuing from epoch 114 (step 22458)
[best] previous best blind MSE = 0.0498
[schedule] epoch 114: n_iter -> 20, lr -> 0.0003
[epoch 114] loss=-2.4740  blind_MSE=0.0515  density=0.0189 vx=0.1515 vy=0.0268 var=0.0087
[epoch 115] loss=-2.3507  blind_MSE=0.0515  density=0.0189 vx=0.1516 vy=0.0269 var=0.0087
[epoch 116] loss=-2.4024  blind_MSE=0.0514  density=0.0189 vx=0.1512 vy=0.0269 var=0.0087
[epoch 117] loss=-2.4974  blind_MSE=0.0515  density=0.0188 vx=0.1514 vy=0.0269 var=0.0087
[epoch 118] loss=-2.4193  blind_MSE=0.0515  density=0.0188 vx=0.1517 vy=0.0269 var=0.0087
[epoch 119] loss=-2.3852  blind_MSE=0.0514  density=0.0188 vx=0.1512 vy=0.0268 var=0.0087
[epoch 120] loss=-2.3730  blind_MSE=0.0515  density=0.0189 vx=0.1514 vy=0.0269 var=0.0087
[epoch 121] loss=-2.4187  blind_MSE=0.0514  density=0.0189 vx=0.1513 vy=0.0269 var=0.0087
[epoch 122] loss=-2.4154  blind_MSE=0.0515  density=0.0189 vx=0.1516 vy=0.0269 var=0.0087
[epoch 123] loss=-2.4107  blind_MSE=0.0515  density=0.0188 vx=0.1517 vy=0.0269 var=0.0087
[epoch 124] loss=-2.4041  blind_MSE=0.0515  density=0.0189 vx=0.1517 vy=0.0269 var=0.0087
[epoch 125] loss=-2.4502  blind_MSE=0.0514  density=0.0189 vx=0.1513 vy=0.0269 var=0.0087
[epoch 126] loss=-2.4503  blind_MSE=0.0516  density=0.0190 vx=0.1518 vy=0.0270 var=0.0087
[epoch 127] loss=-2.4369  blind_MSE=0.0514  density=0.0188 vx=0.1511 vy=0.0269 var=0.0087
[epoch 128] loss=-2.3917  blind_MSE=0.0516  density=0.0189 vx=0.1517 vy=0.0269 var=0.0087
[epoch 129] loss=-2.4434  blind_MSE=0.0514  density=0.0189 vx=0.1511 vy=0.0268 var=0.0087
[epoch 130] loss=-2.4038  blind_MSE=0.0514  density=0.0189 vx=0.1512 vy=0.0268 var=0.0087
[epoch 131] loss=0.2224  blind_MSE=0.0579  density=0.0199 vx=0.1712 vy=0.0313 var=0.0091
[2026-09-12T13:23:16.005] error: *** JOB 20204324 ON gpu60 CANCELLED AT 2026-09-12T13:23:16 DUE TO TIME LIMIT ***
