Submitted batch job 19620130
[chain] submitted successor (afterany:19618934)
NVIDIA H200
[obs] obs_every_k = 1  (每帧观测,对齐 EnKF 项目)
[data] 6298 windows of (4, 200, 36, 12)  device=cuda
[model] params=2,096,342 (GENN prior 54,220 = 2.59%; the rest is the solver's ConvLSTM)  loss=supervised  n_iter=15  bilinear=False  amp=True
[schedule] ep0→5it@lr0.001  ep25→10it@lr0.0007  ep50→15it@lr0.0005  ep75→20it@lr0.0003
[resume] loaded runs/varnet_a4_k1/varnet_last.pt: continuing from epoch 73 (step 14381)
[best] previous best blind MSE = 0.0274
[epoch  73] loss=0.0266  盲区MSE=0.0281  density=0.0161 vx=0.0657 vy=0.0219 var=0.0087
[epoch  74] loss=0.0273  盲区MSE=0.0281  density=0.0161 vx=0.0656 vy=0.0219 var=0.0087
[schedule] epoch 75: n_iter -> 20, lr -> 0.0003
[epoch  75] loss=0.0291  盲区MSE=0.0280  density=0.0160 vx=0.0656 vy=0.0219 var=0.0086
[epoch  76] loss=0.0269  盲区MSE=0.0279  density=0.0160 vx=0.0650 vy=0.0218 var=0.0086
[epoch  77] loss=0.0279  盲区MSE=0.0279  density=0.0160 vx=0.0650 vy=0.0218 var=0.0086
[epoch  78] loss=0.0260  盲区MSE=0.0279  density=0.0160 vx=0.0649 vy=0.0219 var=0.0087
[epoch  79] loss=0.0261  盲区MSE=0.0279  density=0.0160 vx=0.0650 vy=0.0219 var=0.0087
[epoch  80] loss=0.0246  盲区MSE=0.0289  density=0.0165 vx=0.0682 vy=0.0223 var=0.0087
[epoch  81] loss=0.0267  盲区MSE=0.0288  density=0.0164 vx=0.0677 vy=0.0223 var=0.0087
[epoch  82] loss=0.0272  盲区MSE=0.0284  density=0.0162 vx=0.0667 vy=0.0221 var=0.0087
[epoch  83] loss=0.0290  盲区MSE=0.0287  density=0.0164 vx=0.0675 vy=0.0223 var=0.0087
[epoch  84] loss=0.0283  盲区MSE=0.0290  density=0.0165 vx=0.0682 vy=0.0224 var=0.0087
[2026-08-08T19:07:21.750] error: *** JOB 19618934 ON gpu56 CANCELLED AT 2026-08-08T19:07:21 DUE to SIGNAL Terminated ***
