Submitted batch job 20204270
[chain] submitted successor (afterany:20204213)
NVIDIA H200
[obs] obs_every_k = 1  (observed every frame, matching the EnKF project)
[data] 6298 windows of (4, 200, 36, 12)  device=cuda
[model] params=2,788,342 (GENN prior 54,220 = 1.94%; the rest is the solver's ConvLSTM)  loss=nll  n_iter=15  amp=True
[seed] init=0  data=0
[var read-out] 692,000 params on the last hidden state   sigma^2 = softplus(out_var(h)) + 1e-06   beta=0.0
[schedule] ep0→5it@lr0.001  ep25→10it@lr0.0007  ep50→15it@lr0.0005  ep75→20it@lr0.0003
[resume] loaded runs/varnet_vsb0_h96_s0/varnet_last.pt: continuing from epoch 109 (step 21473)
[best] previous best blind MSE = 0.0408
[schedule] epoch 109: n_iter -> 20, lr -> 0.0003
[epoch 109] loss=-2.5439  blind_MSE=0.0414  density=0.0175 vx=0.1182 vy=0.0210 var=0.0088
[epoch 110] loss=-2.5314  blind_MSE=0.0413  density=0.0172 vx=0.1182 vy=0.0210 var=0.0088
[epoch 111] loss=-2.5529  blind_MSE=0.0413  density=0.0175 vx=0.1180 vy=0.0210 var=0.0088
[epoch 112] loss=-2.4975  blind_MSE=0.0413  density=0.0174 vx=0.1180 vy=0.0210 var=0.0088
[epoch 113] loss=-2.5463  blind_MSE=0.0413  density=0.0175 vx=0.1179 vy=0.0210 var=0.0088
[epoch 114] loss=-2.2441  blind_MSE=0.0412  density=0.0172 vx=0.1179 vy=0.0209 var=0.0088
[epoch 115] loss=-2.5205  blind_MSE=0.0413  density=0.0174 vx=0.1183 vy=0.0210 var=0.0088
[epoch 116] loss=-2.5381  blind_MSE=0.0414  density=0.0173 vx=0.1185 vy=0.0210 var=0.0088
[epoch 117] loss=-2.5231  blind_MSE=0.0414  density=0.0175 vx=0.1185 vy=0.0210 var=0.0088
[epoch 118] loss=-2.4953  blind_MSE=0.0414  density=0.0174 vx=0.1183 vy=0.0210 var=0.0088
[epoch 119] loss=-2.5148  blind_MSE=0.0414  density=0.0174 vx=0.1182 vy=0.0210 var=0.0088
[epoch 120] loss=-2.4923  blind_MSE=0.0413  density=0.0174 vx=0.1182 vy=0.0210 var=0.0088
[epoch 121] loss=-2.5006  blind_MSE=0.0414  density=0.0174 vx=0.1186 vy=0.0210 var=0.0088
[epoch 122] loss=-2.4555  blind_MSE=0.0416  density=0.0173 vx=0.1192 vy=0.0211 var=0.0088
[epoch 123] loss=-2.5193  blind_MSE=0.0415  density=0.0175 vx=0.1188 vy=0.0209 var=0.0088
[epoch 124] loss=-2.5052  blind_MSE=0.0413  density=0.0174 vx=0.1182 vy=0.0210 var=0.0088
[epoch 125] loss=-2.4862  blind_MSE=0.0412  density=0.0174 vx=0.1179 vy=0.0209 var=0.0088
[epoch 126] loss=-2.5078  blind_MSE=0.0414  density=0.0175 vx=0.1183 vy=0.0210 var=0.0088
[2026-09-10T21:58:50.008] error: *** JOB 20204213 ON gpu50 CANCELLED AT 2026-09-10T21:58:50 DUE TO TIME LIMIT ***
