NVIDIA A100-SXM4-80GB

=================== mse5 ===================
[obs] obs_every_k = 1  (observed every frame, matching the EnKF project)
[data] 403 windows of (4, 200, 36, 12)  device=cuda
[model] params=2,096,342 (GENN prior 54,220 = 2.59%; the rest is the solver's ConvLSTM)  loss=supervised  n_iter=15  amp=True
[seed] init=0  data=0
[schedule] ep0→5it@lr0.001
[schedule] epoch 0: n_iter -> 5, lr -> 0.001
[epoch   0] loss=0.0551  blind_MSE=0.0767  density=0.0222 vx=0.2400 vy=0.0354 var=0.0094
           ↑ new best (0.0767) -> varnet_best.pt
[done] checkpoints + metrics in /scratch/work/zhangx29/Thesis_Project/methods/varnet/scratch/smoke_h96/mse5
[smoke] mse5 OK

=================== vsb0 ===================
[obs] obs_every_k = 1  (observed every frame, matching the EnKF project)
[data] 403 windows of (4, 200, 36, 12)  device=cuda
[model] params=2,788,342 (GENN prior 54,220 = 1.94%; the rest is the solver's ConvLSTM)  loss=nll  n_iter=15  amp=True
[seed] init=0  data=0
[var read-out] 692,000 params on the last hidden state   sigma^2 = softplus(out_var(h)) + 1e-06   beta=0.0
[schedule] ep0→5it@lr0.001
[schedule] epoch 0: n_iter -> 5, lr -> 0.001
[epoch   0] loss=-1.0161  blind_MSE=0.0763  density=0.0222 vx=0.2387 vy=0.0351 var=0.0093
           ↑ new best (0.0763) -> varnet_best.pt
[done] checkpoints + metrics in /scratch/work/zhangx29/Thesis_Project/methods/varnet/scratch/smoke_h96/vsb0
[smoke] vsb0 OK

=================== aug0 ===================
[obs] obs_every_k = 1  (observed every frame, matching the EnKF project)
[data] 403 windows of (4, 200, 36, 12)  device=cuda
[model] params=3,990,742 (GENN prior 54,220 = 1.36%; the rest is the solver's ConvLSTM)  loss=nll  n_iter=15  amp=True
[seed] init=0  data=0
[var] AUGMENTED STATE: log sigma^2 iterated with x over 15 steps; prior term of J is a Gaussian log-likelihood of the prior residual   eps=1e-06
[schedule] ep0→5it@lr0.001
[schedule] epoch 0: n_iter -> 5, lr -> 0.001
[epoch   0] loss=-0.9358  blind_MSE=0.0771  density=0.0219 vx=0.2430 vy=0.0346 var=0.0089
           ↑ new best (0.0771) -> varnet_best.pt
[done] checkpoints + metrics in /scratch/work/zhangx29/Thesis_Project/methods/varnet/scratch/smoke_h96/aug0
[smoke] aug0 OK

[smoke] all three arms built and stepped at hidden=96 kt=5
