Submitted batch job 20229866
[chain] submitted successor (afterany:20224682)
NVIDIA H200
[obs] obs_every_k = 1  (observed every frame, matching the EnKF project)
[data] 6298 windows of (4, 200, 36, 12)  device=cuda
[model] params=2,096,342 (GENN prior 54,220 = 2.59%; the rest is the solver's ConvLSTM)  loss=supervised  n_iter=15  amp=True
[seed] init=2  data=0
[schedule] ep0→5it@lr0.001  ep25→10it@lr0.0007  ep50→15it@lr0.0005  ep75→20it@lr0.0003
[resume] loaded runs/varnet_mse5_h96_s2/varnet_last.pt: continuing from epoch 128 (step 25216)
[best] previous best blind MSE = 0.0261
[schedule] epoch 128: n_iter -> 20, lr -> 0.0003
[epoch 128] loss=0.0241  blind_MSE=0.0261  density=0.0158 vx=0.0588 vy=0.0211 var=0.0087
           ↑ new best (0.0261) -> varnet_best.pt
[epoch 129] loss=0.0281  blind_MSE=0.0262  density=0.0158 vx=0.0590 vy=0.0211 var=0.0087
[epoch 130] loss=0.0261  blind_MSE=0.0272  density=0.0158 vx=0.0630 vy=0.0213 var=0.0087
[epoch 131] loss=0.0267  blind_MSE=0.0263  density=0.0158 vx=0.0595 vy=0.0211 var=0.0087
[epoch 132] loss=0.0266  blind_MSE=0.0261  density=0.0158 vx=0.0589 vy=0.0211 var=0.0087
[epoch 133] loss=0.0267  blind_MSE=0.0262  density=0.0158 vx=0.0592 vy=0.0211 var=0.0087
[epoch 134] loss=0.0269  blind_MSE=0.0261  density=0.0158 vx=0.0590 vy=0.0211 var=0.0087
[epoch 135] loss=0.0268  blind_MSE=0.0261  density=0.0158 vx=0.0590 vy=0.0211 var=0.0087
[epoch 136] loss=0.0262  blind_MSE=0.0262  density=0.0158 vx=0.0593 vy=0.0211 var=0.0087
[epoch 137] loss=0.0276  blind_MSE=0.0262  density=0.0158 vx=0.0593 vy=0.0211 var=0.0087
[epoch 138] loss=0.0263  blind_MSE=0.0263  density=0.0158 vx=0.0596 vy=0.0211 var=0.0087
[epoch 139] loss=0.0262  blind_MSE=0.0261  density=0.0158 vx=0.0589 vy=0.0211 var=0.0087
[epoch 140] loss=0.0273  blind_MSE=0.0261  density=0.0158 vx=0.0587 vy=0.0211 var=0.0087
           ↑ new best (0.0261) -> varnet_best.pt
[epoch 141] loss=0.0243  blind_MSE=0.0260  density=0.0158 vx=0.0586 vy=0.0211 var=0.0087
           ↑ new best (0.0260) -> varnet_best.pt
[epoch 142] loss=0.0253  blind_MSE=0.0261  density=0.0158 vx=0.0589 vy=0.0211 var=0.0087
[epoch 143] loss=0.0266  blind_MSE=0.0264  density=0.0158 vx=0.0599 vy=0.0211 var=0.0087
[epoch 144] loss=0.0247  blind_MSE=0.0261  density=0.0158 vx=0.0590 vy=0.0211 var=0.0087
[epoch 145] loss=0.0258  blind_MSE=0.0261  density=0.0158 vx=0.0588 vy=0.0211 var=0.0087
[2026-09-13T01:08:16.008] error: *** JOB 20224682 ON gpu54 CANCELLED AT 2026-09-13T01:08:16 DUE TO TIME LIMIT ***
