Submitted batch job 20084751
[chain] submitted successor (afterany:20083886)
NVIDIA H200
[obs] obs_every_k = 1  (每帧观测,对齐 EnKF 项目)
[data] 6298 windows of (4, 200, 36, 12)  device=cuda
[model] params=3,945,942 (GENN prior 9,420 = 0.24%; the rest is the solver's ConvLSTM)  loss=nll  n_iter=15  amp=True
[seed] init=3  data=0
[var] AUGMENTED STATE: log sigma^2 iterated with x over 15 steps; prior term of J is a Gaussian log-likelihood of the prior residual   eps=1e-06
[schedule] ep0→5it@lr0.001  ep25→10it@lr0.0007  ep50→15it@lr0.0005  ep75→20it@lr0.0003
[resume] loaded runs/varnet_aug0_s3/varnet_last.pt: continuing from epoch 125 (step 24625)
[best] previous best blind MSE = 0.0494
[schedule] epoch 125: n_iter -> 20, lr -> 0.0003
[epoch 125] loss=-2.1634  盲区MSE=0.0507  density=0.0191 vx=0.1485 vy=0.0262 var=0.0088
[epoch 126] loss=-2.2994  盲区MSE=0.0504  density=0.0191 vx=0.1477 vy=0.0262 var=0.0088
[epoch 127] loss=-2.3794  盲区MSE=0.0504  density=0.0191 vx=0.1475 vy=0.0262 var=0.0088
[epoch 128] loss=-2.3021  盲区MSE=0.0502  density=0.0191 vx=0.1470 vy=0.0261 var=0.0088
[epoch 129] loss=-2.3562  盲区MSE=0.0503  density=0.0191 vx=0.1471 vy=0.0261 var=0.0088
[epoch 130] loss=-2.2885  盲区MSE=0.0503  density=0.0191 vx=0.1472 vy=0.0262 var=0.0088
[epoch 131] loss=-2.4216  盲区MSE=0.0504  density=0.0191 vx=0.1476 vy=0.0261 var=0.0088
[epoch 132] loss=-2.3447  盲区MSE=0.0503  density=0.0191 vx=0.1473 vy=0.0261 var=0.0088
[epoch 133] loss=-2.3279  盲区MSE=0.0504  density=0.0192 vx=0.1475 vy=0.0262 var=0.0088
[epoch 134] loss=-2.3873  盲区MSE=0.0503  density=0.0191 vx=0.1470 vy=0.0261 var=0.0088
[epoch 135] loss=-2.3546  盲区MSE=0.0501  density=0.0191 vx=0.1467 vy=0.0260 var=0.0088
[epoch 136] loss=-2.3352  盲区MSE=0.0502  density=0.0191 vx=0.1469 vy=0.0261 var=0.0088
[epoch 137] loss=-2.4058  盲区MSE=0.0502  density=0.0191 vx=0.1468 vy=0.0260 var=0.0088
[epoch 138] loss=-2.3311  盲区MSE=0.0501  density=0.0191 vx=0.1465 vy=0.0260 var=0.0088
[epoch 139] loss=-0.6586  盲区MSE=0.0618  density=0.0217 vx=0.1853 vy=0.0314 var=0.0090
[epoch 140] loss=-2.3168  盲区MSE=0.0509  density=0.0193 vx=0.1492 vy=0.0264 var=0.0088
[epoch 141] loss=-2.3872  盲区MSE=0.0504  density=0.0191 vx=0.1475 vy=0.0262 var=0.0088
[epoch 142] loss=-2.3211  盲区MSE=0.0505  density=0.0191 vx=0.1480 vy=0.0261 var=0.0088
[epoch 143] loss=-2.1952  盲区MSE=0.0507  density=0.0192 vx=0.1485 vy=0.0263 var=0.0088
[epoch 144] loss=-1.8903  盲区MSE=0.0524  density=0.0197 vx=0.1540 vy=0.0271 var=0.0089
[epoch 145] loss=-2.2914  盲区MSE=0.0505  density=0.0191 vx=0.1479 vy=0.0261 var=0.0088
[epoch 146] loss=-2.3496  盲区MSE=0.0505  density=0.0191 vx=0.1481 vy=0.0262 var=0.0088
[2026-09-06T03:28:42.005] error: *** JOB 20083886 ON gpu56 CANCELLED AT 2026-09-06T03:28:42 DUE TO TIME LIMIT ***
