Submitted batch job 20197323
[chain] submitted successor (afterany:20190603)
NVIDIA H200
[obs] obs_every_k = 1  (observed every frame, matching the EnKF project)
[data] 6298 windows of (4, 200, 36, 12)  device=cuda
[model] params=3,990,742 (GENN prior 54,220 = 1.36%; the rest is the solver's ConvLSTM)  loss=nll  n_iter=15  amp=True
[seed] init=0  data=0
[var] AUGMENTED STATE: log sigma^2 iterated with x over 15 steps; prior term of J is a Gaussian log-likelihood of the prior residual   eps=1e-06
[schedule] ep0→5it@lr0.001  ep25→10it@lr0.0007  ep50→15it@lr0.0005  ep75→20it@lr0.0003
[resume] loaded runs/varnet_aug0_h96_s0/varnet_last.pt: continuing from epoch 85 (step 16745)
[best] previous best blind MSE = 0.0468
[schedule] epoch 85: n_iter -> 20, lr -> 0.0003
[epoch  85] loss=-2.3938  blind_MSE=0.0498  density=0.0181 vx=0.1465 vy=0.0260 var=0.0087
[epoch  86] loss=-2.3676  blind_MSE=0.0499  density=0.0181 vx=0.1468 vy=0.0260 var=0.0087
[epoch  87] loss=-2.3631  blind_MSE=0.0499  density=0.0181 vx=0.1469 vy=0.0259 var=0.0087
[epoch  88] loss=-0.6105  blind_MSE=0.0872  density=0.0286 vx=0.2651 vy=0.0459 var=0.0091
[epoch  89] loss=-2.4095  blind_MSE=0.0506  density=0.0182 vx=0.1493 vy=0.0263 var=0.0087
[epoch  90] loss=-2.3766  blind_MSE=0.0502  density=0.0182 vx=0.1479 vy=0.0262 var=0.0087
[epoch  91] loss=-2.3830  blind_MSE=0.0501  density=0.0181 vx=0.1475 vy=0.0261 var=0.0087
[epoch  92] loss=-2.2888  blind_MSE=0.0505  density=0.0181 vx=0.1491 vy=0.0261 var=0.0087
[epoch  93] loss=-2.4136  blind_MSE=0.0499  density=0.0181 vx=0.1469 vy=0.0260 var=0.0087
[epoch  94] loss=-2.4274  blind_MSE=0.0499  density=0.0181 vx=0.1469 vy=0.0260 var=0.0087
[epoch  95] loss=-2.3555  blind_MSE=0.0500  density=0.0181 vx=0.1470 vy=0.0260 var=0.0087
[epoch  96] loss=-2.3615  blind_MSE=0.0498  density=0.0180 vx=0.1466 vy=0.0259 var=0.0087
[epoch  97] loss=-2.3939  blind_MSE=0.0500  density=0.0181 vx=0.1472 vy=0.0261 var=0.0087
[epoch  98] loss=-2.4882  blind_MSE=0.0499  density=0.0181 vx=0.1468 vy=0.0261 var=0.0087
[epoch  99] loss=-2.3283  blind_MSE=0.0499  density=0.0181 vx=0.1466 vy=0.0260 var=0.0087
[epoch 100] loss=-2.3923  blind_MSE=0.0499  density=0.0181 vx=0.1467 vy=0.0260 var=0.0087
[epoch 101] loss=-2.3595  blind_MSE=0.0501  density=0.0182 vx=0.1476 vy=0.0259 var=0.0087
[epoch 102] loss=-2.3529  blind_MSE=0.0499  density=0.0181 vx=0.1468 vy=0.0259 var=0.0087
[2026-09-10T12:10:10.007] error: *** JOB 20190603 ON gpu50 CANCELLED AT 2026-09-10T12:10:10 DUE TO TIME LIMIT ***
