Submitted batch job 20167596
[chain] submitted successor (afterany:20166676)
NVIDIA H200
[obs] obs_every_k = 1  (observed every frame, matching the EnKF project)
[data] 6298 windows of (4, 200, 36, 12)  device=cuda
[model] params=2,096,342 (GENN prior 54,220 = 2.59%; the rest is the solver's ConvLSTM)  loss=supervised  n_iter=15  amp=True
[seed] init=2  data=0
[schedule] ep0→5it@lr0.001  ep25→10it@lr0.0007  ep50→15it@lr0.0005  ep75→20it@lr0.0003
[schedule] epoch 0: n_iter -> 5, lr -> 0.001
[epoch   0] loss=0.0466  blind_MSE=0.0658  density=0.0231 vx=0.1940 vy=0.0368 var=0.0094
           ↑ new best (0.0658) -> varnet_best.pt
[epoch   1] loss=0.0396  blind_MSE=0.0423  density=0.0226 vx=0.1046 vy=0.0327 var=0.0090
           ↑ new best (0.0423) -> varnet_best.pt
[epoch   2] loss=0.0340  blind_MSE=0.0380  density=0.0224 vx=0.0934 vy=0.0274 var=0.0088
           ↑ new best (0.0380) -> varnet_best.pt
[epoch   3] loss=0.0331  blind_MSE=0.0364  density=0.0225 vx=0.0886 vy=0.0254 var=0.0089
           ↑ new best (0.0364) -> varnet_best.pt
[epoch   4] loss=0.0318  blind_MSE=0.0347  density=0.0222 vx=0.0840 vy=0.0239 var=0.0087
           ↑ new best (0.0347) -> varnet_best.pt
[epoch   5] loss=0.0308  blind_MSE=0.0335  density=0.0221 vx=0.0802 vy=0.0229 var=0.0088
           ↑ new best (0.0335) -> varnet_best.pt
[epoch   6] loss=0.0305  blind_MSE=0.0328  density=0.0220 vx=0.0779 vy=0.0223 var=0.0088
           ↑ new best (0.0328) -> varnet_best.pt
[epoch   7] loss=0.0301  blind_MSE=0.0323  density=0.0218 vx=0.0765 vy=0.0221 var=0.0088
           ↑ new best (0.0323) -> varnet_best.pt
[epoch   8] loss=0.0290  blind_MSE=0.0318  density=0.0214 vx=0.0750 vy=0.0219 var=0.0088
           ↑ new best (0.0318) -> varnet_best.pt
[epoch   9] loss=0.0304  blind_MSE=0.0316  density=0.0209 vx=0.0747 vy=0.0218 var=0.0088
           ↑ new best (0.0316) -> varnet_best.pt
[epoch  10] loss=0.0288  blind_MSE=0.0311  density=0.0205 vx=0.0735 vy=0.0218 var=0.0088
           ↑ new best (0.0311) -> varnet_best.pt
[epoch  11] loss=0.0287  blind_MSE=0.0310  density=0.0204 vx=0.0730 vy=0.0217 var=0.0088
           ↑ new best (0.0310) -> varnet_best.pt
[epoch  12] loss=0.0297  blind_MSE=0.0309  density=0.0202 vx=0.0730 vy=0.0217 var=0.0088
           ↑ new best (0.0309) -> varnet_best.pt
[epoch  13] loss=0.0263  blind_MSE=0.0308  density=0.0198 vx=0.0728 vy=0.0217 var=0.0088
           ↑ new best (0.0308) -> varnet_best.pt
[epoch  14] loss=0.0272  blind_MSE=0.0304  density=0.0191 vx=0.0719 vy=0.0217 var=0.0088
           ↑ new best (0.0304) -> varnet_best.pt
[epoch  15] loss=0.0285  blind_MSE=0.0301  density=0.0188 vx=0.0711 vy=0.0217 var=0.0087
           ↑ new best (0.0301) -> varnet_best.pt
[epoch  16] loss=0.0262  blind_MSE=0.0300  density=0.0186 vx=0.0710 vy=0.0217 var=0.0087
           ↑ new best (0.0300) -> varnet_best.pt
[epoch  17] loss=0.0274  blind_MSE=0.0299  density=0.0183 vx=0.0708 vy=0.0218 var=0.0087
           ↑ new best (0.0299) -> varnet_best.pt
[epoch  18] loss=0.0280  blind_MSE=0.0298  density=0.0179 vx=0.0706 vy=0.0218 var=0.0087
           ↑ new best (0.0298) -> varnet_best.pt
[epoch  19] loss=0.0297  blind_MSE=0.0297  density=0.0175 vx=0.0707 vy=0.0218 var=0.0087
           ↑ new best (0.0297) -> varnet_best.pt
[epoch  20] loss=0.0285  blind_MSE=0.0296  density=0.0175 vx=0.0704 vy=0.0217 var=0.0087
           ↑ new best (0.0296) -> varnet_best.pt
[epoch  21] loss=0.0292  blind_MSE=0.0293  density=0.0174 vx=0.0695 vy=0.0216 var=0.0087
           ↑ new best (0.0293) -> varnet_best.pt
[epoch  22] loss=0.0285  blind_MSE=0.0294  density=0.0173 vx=0.0699 vy=0.0217 var=0.0087
[epoch  23] loss=0.0270  blind_MSE=0.0291  density=0.0172 vx=0.0690 vy=0.0216 var=0.0087
           ↑ new best (0.0291) -> varnet_best.pt
[epoch  24] loss=0.0283  blind_MSE=0.0291  density=0.0172 vx=0.0690 vy=0.0216 var=0.0087
           ↑ new best (0.0291) -> varnet_best.pt
[schedule] epoch 25: n_iter -> 10, lr -> 0.0007
[epoch  25] loss=0.0272  blind_MSE=0.0287  density=0.0170 vx=0.0678 vy=0.0214 var=0.0087
           ↑ new best (0.0287) -> varnet_best.pt
[epoch  26] loss=0.0276  blind_MSE=0.0286  density=0.0169 vx=0.0674 vy=0.0214 var=0.0087
           ↑ new best (0.0286) -> varnet_best.pt
[epoch  27] loss=0.0274  blind_MSE=0.0285  density=0.0168 vx=0.0672 vy=0.0214 var=0.0087
           ↑ new best (0.0285) -> varnet_best.pt
[epoch  28] loss=0.0269  blind_MSE=0.0284  density=0.0167 vx=0.0669 vy=0.0214 var=0.0087
           ↑ new best (0.0284) -> varnet_best.pt
[epoch  29] loss=0.0269  blind_MSE=0.0283  density=0.0165 vx=0.0666 vy=0.0213 var=0.0087
           ↑ new best (0.0283) -> varnet_best.pt
[epoch  30] loss=0.0292  blind_MSE=0.0284  density=0.0164 vx=0.0670 vy=0.0214 var=0.0087
[epoch  31] loss=0.0286  blind_MSE=0.0282  density=0.0164 vx=0.0664 vy=0.0213 var=0.0087
           ↑ new best (0.0282) -> varnet_best.pt
[epoch  32] loss=0.0274  blind_MSE=0.0281  density=0.0163 vx=0.0663 vy=0.0213 var=0.0087
           ↑ new best (0.0281) -> varnet_best.pt
[epoch  33] loss=0.0271  blind_MSE=0.0282  density=0.0162 vx=0.0664 vy=0.0214 var=0.0087
[epoch  34] loss=0.0268  blind_MSE=0.0280  density=0.0162 vx=0.0659 vy=0.0213 var=0.0087
           ↑ new best (0.0280) -> varnet_best.pt
[epoch  35] loss=0.0270  blind_MSE=0.0280  density=0.0162 vx=0.0658 vy=0.0213 var=0.0087
           ↑ new best (0.0280) -> varnet_best.pt
[epoch  36] loss=0.0301  blind_MSE=0.0279  density=0.0161 vx=0.0655 vy=0.0213 var=0.0087
           ↑ new best (0.0279) -> varnet_best.pt
[epoch  37] loss=0.0280  blind_MSE=0.0280  density=0.0161 vx=0.0659 vy=0.0213 var=0.0087
[epoch  38] loss=0.0277  blind_MSE=0.0278  density=0.0161 vx=0.0652 vy=0.0213 var=0.0087
           ↑ new best (0.0278) -> varnet_best.pt
[epoch  39] loss=0.0274  blind_MSE=0.0278  density=0.0161 vx=0.0652 vy=0.0213 var=0.0087
[epoch  40] loss=0.0277  blind_MSE=0.0277  density=0.0161 vx=0.0650 vy=0.0213 var=0.0087
           ↑ new best (0.0277) -> varnet_best.pt
[epoch  41] loss=0.0276  blind_MSE=0.0277  density=0.0161 vx=0.0649 vy=0.0213 var=0.0087
           ↑ new best (0.0277) -> varnet_best.pt
[epoch  42] loss=0.0282  blind_MSE=0.0277  density=0.0161 vx=0.0647 vy=0.0213 var=0.0087
           ↑ new best (0.0277) -> varnet_best.pt
[epoch  43] loss=0.0279  blind_MSE=0.0276  density=0.0160 vx=0.0646 vy=0.0212 var=0.0087
           ↑ new best (0.0276) -> varnet_best.pt
[epoch  44] loss=0.0276  blind_MSE=0.0276  density=0.0160 vx=0.0645 vy=0.0213 var=0.0087
[epoch  45] loss=0.0249  blind_MSE=0.0276  density=0.0160 vx=0.0643 vy=0.0212 var=0.0087
           ↑ new best (0.0276) -> varnet_best.pt
[epoch  46] loss=0.0266  blind_MSE=0.0275  density=0.0160 vx=0.0641 vy=0.0212 var=0.0087
           ↑ new best (0.0275) -> varnet_best.pt
[epoch  47] loss=0.0283  blind_MSE=0.0275  density=0.0160 vx=0.0643 vy=0.0213 var=0.0087
[epoch  48] loss=0.0270  blind_MSE=0.0275  density=0.0160 vx=0.0640 vy=0.0212 var=0.0087
           ↑ new best (0.0275) -> varnet_best.pt
[2026-09-09T18:59:09.004] error: *** JOB 20166676 ON gpu53 CANCELLED AT 2026-09-09T18:59:09 DUE TO TIME LIMIT ***
