Submitted batch job 20231398
[chain] submitted successor (afterany:20225834)
NVIDIA H200
[obs] obs_every_k = 1  (observed every frame, matching the EnKF project)
[data] 6298 windows of (4, 200, 36, 12)  device=cuda
[model] params=2,788,342 (GENN prior 54,220 = 1.94%; the rest is the solver's ConvLSTM)  loss=nll  n_iter=15  amp=True
[seed] init=4  data=0
[var read-out] 692,000 params on the last hidden state   sigma^2 = softplus(out_var(h)) + 1e-06   beta=0.0
[schedule] ep0→5it@lr0.001  ep25→10it@lr0.0007  ep50→15it@lr0.0005  ep75→20it@lr0.0003
[resume] loaded runs/varnet_vsb0_h96_s4/varnet_last.pt: continuing from epoch 128 (step 25216)
[best] previous best blind MSE = 0.0399
[schedule] epoch 128: n_iter -> 20, lr -> 0.0003
[epoch 128] loss=-2.4612  blind_MSE=0.0403  density=0.0179 vx=0.1129 vy=0.0214 var=0.0088
[epoch 129] loss=-2.4456  blind_MSE=0.0403  density=0.0179 vx=0.1130 vy=0.0213 var=0.0088
[epoch 130] loss=-2.4293  blind_MSE=0.0403  density=0.0180 vx=0.1131 vy=0.0214 var=0.0088
[epoch 131] loss=-2.4446  blind_MSE=0.0403  density=0.0181 vx=0.1131 vy=0.0214 var=0.0088
[epoch 132] loss=-2.4449  blind_MSE=0.0403  density=0.0179 vx=0.1130 vy=0.0214 var=0.0088
[epoch 133] loss=-2.4867  blind_MSE=0.0403  density=0.0180 vx=0.1131 vy=0.0214 var=0.0088
[epoch 134] loss=-2.4514  blind_MSE=0.0403  density=0.0180 vx=0.1130 vy=0.0214 var=0.0088
[epoch 135] loss=-2.4654  blind_MSE=0.0403  density=0.0180 vx=0.1131 vy=0.0214 var=0.0088
[epoch 136] loss=-2.4581  blind_MSE=0.0403  density=0.0180 vx=0.1131 vy=0.0214 var=0.0088
[epoch 137] loss=-2.5749  blind_MSE=0.0403  density=0.0179 vx=0.1132 vy=0.0213 var=0.0088
[epoch 138] loss=-2.3538  blind_MSE=0.0405  density=0.0181 vx=0.1135 vy=0.0215 var=0.0088
[epoch 139] loss=-2.5011  blind_MSE=0.0404  density=0.0180 vx=0.1133 vy=0.0213 var=0.0088
[epoch 140] loss=-2.4533  blind_MSE=0.0403  density=0.0178 vx=0.1131 vy=0.0214 var=0.0088
[epoch 141] loss=-2.5065  blind_MSE=0.0404  density=0.0181 vx=0.1132 vy=0.0214 var=0.0088
[epoch 142] loss=-2.4049  blind_MSE=0.0403  density=0.0180 vx=0.1131 vy=0.0214 var=0.0088
[epoch 143] loss=-2.4917  blind_MSE=0.0403  density=0.0180 vx=0.1132 vy=0.0214 var=0.0088
[epoch 144] loss=-2.3958  blind_MSE=0.0405  density=0.0181 vx=0.1135 vy=0.0214 var=0.0088
[epoch 145] loss=-2.4006  blind_MSE=0.0404  density=0.0180 vx=0.1135 vy=0.0214 var=0.0088
[2026-09-13T03:00:22.005] error: *** JOB 20225834 ON gpu63 CANCELLED AT 2026-09-13T03:00:22 DUE TO TIME LIMIT ***
