Submitted batch job 20190603
[chain] submitted successor (afterany:20179631)
NVIDIA H200
[obs] obs_every_k = 1  (observed every frame, matching the EnKF project)
[data] 6298 windows of (4, 200, 36, 12)  device=cuda
[model] params=3,990,742 (GENN prior 54,220 = 1.36%; the rest is the solver's ConvLSTM)  loss=nll  n_iter=15  amp=True
[seed] init=0  data=0
[var] AUGMENTED STATE: log sigma^2 iterated with x over 15 steps; prior term of J is a Gaussian log-likelihood of the prior residual   eps=1e-06
[schedule] ep0→5it@lr0.001  ep25→10it@lr0.0007  ep50→15it@lr0.0005  ep75→20it@lr0.0003
[resume] loaded runs/varnet_aug0_h96_s0/varnet_last.pt: continuing from epoch 72 (step 14184)
[best] previous best blind MSE = 0.0468
[epoch  72] loss=-2.3735  blind_MSE=0.0500  density=0.0183 vx=0.1471 vy=0.0261 var=0.0087
[epoch  73] loss=-2.3392  blind_MSE=0.0498  density=0.0181 vx=0.1465 vy=0.0260 var=0.0087
[epoch  74] loss=-2.3433  blind_MSE=0.0496  density=0.0181 vx=0.1458 vy=0.0259 var=0.0087
[schedule] epoch 75: n_iter -> 20, lr -> 0.0003
[epoch  75] loss=-2.3618  blind_MSE=0.0499  density=0.0182 vx=0.1467 vy=0.0260 var=0.0087
[epoch  76] loss=-2.3862  blind_MSE=0.0501  density=0.0181 vx=0.1475 vy=0.0260 var=0.0087
[epoch  77] loss=-2.3708  blind_MSE=0.0500  density=0.0181 vx=0.1472 vy=0.0261 var=0.0087
[epoch  78] loss=-2.3768  blind_MSE=0.0498  density=0.0181 vx=0.1466 vy=0.0259 var=0.0087
[epoch  79] loss=-2.3998  blind_MSE=0.0499  density=0.0181 vx=0.1469 vy=0.0261 var=0.0087
[epoch  80] loss=-2.3978  blind_MSE=0.0499  density=0.0182 vx=0.1465 vy=0.0262 var=0.0087
[epoch  81] loss=-2.4302  blind_MSE=0.0499  density=0.0182 vx=0.1468 vy=0.0260 var=0.0087
[epoch  82] loss=-2.3524  blind_MSE=0.0499  density=0.0181 vx=0.1467 vy=0.0260 var=0.0087
[epoch  83] loss=-2.3617  blind_MSE=0.0498  density=0.0181 vx=0.1465 vy=0.0260 var=0.0087
[epoch  84] loss=-2.3898  blind_MSE=0.0499  density=0.0181 vx=0.1466 vy=0.0261 var=0.0087
[2026-09-10T06:49:56.006] error: *** JOB 20179631 ON gpu50 CANCELLED AT 2026-09-10T06:49:56 DUE TO TIME LIMIT ***
