Submitted batch job 20197181
[chain] submitted successor (afterany:20190499)
NVIDIA H200
[obs] obs_every_k = 1  (observed every frame, matching the EnKF project)
[data] 6298 windows of (4, 200, 36, 12)  device=cuda
[model] params=2,788,342 (GENN prior 54,220 = 1.94%; the rest is the solver's ConvLSTM)  loss=nll  n_iter=15  amp=True
[seed] init=0  data=0
[var read-out] 692,000 params on the last hidden state   sigma^2 = softplus(out_var(h)) + 1e-06   beta=0.0
[schedule] ep0→5it@lr0.001  ep25→10it@lr0.0007  ep50→15it@lr0.0005  ep75→20it@lr0.0003
[resume] loaded runs/varnet_vsb0_h96_s0/varnet_last.pt: continuing from epoch 91 (step 17927)
[best] previous best blind MSE = 0.0408
[schedule] epoch 91: n_iter -> 20, lr -> 0.0003
[epoch  91] loss=-2.5139  blind_MSE=0.0413  density=0.0174 vx=0.1179 vy=0.0210 var=0.0088
[epoch  92] loss=-2.5289  blind_MSE=0.0413  density=0.0173 vx=0.1180 vy=0.0210 var=0.0088
[epoch  93] loss=-2.5417  blind_MSE=0.0412  density=0.0175 vx=0.1177 vy=0.0209 var=0.0088
[epoch  94] loss=-2.4996  blind_MSE=0.0412  density=0.0174 vx=0.1178 vy=0.0210 var=0.0088
[epoch  95] loss=-2.5346  blind_MSE=0.0412  density=0.0174 vx=0.1178 vy=0.0210 var=0.0088
[epoch  96] loss=-2.5196  blind_MSE=0.0413  density=0.0175 vx=0.1179 vy=0.0210 var=0.0088
[epoch  97] loss=-2.5285  blind_MSE=0.0412  density=0.0174 vx=0.1177 vy=0.0210 var=0.0088
[epoch  98] loss=-2.5129  blind_MSE=0.0413  density=0.0174 vx=0.1181 vy=0.0209 var=0.0087
[epoch  99] loss=-2.5275  blind_MSE=0.0413  density=0.0174 vx=0.1179 vy=0.0210 var=0.0088
[epoch 100] loss=-2.4905  blind_MSE=0.0412  density=0.0176 vx=0.1176 vy=0.0210 var=0.0088
[epoch 101] loss=-2.4482  blind_MSE=0.0411  density=0.0173 vx=0.1175 vy=0.0209 var=0.0088
[epoch 102] loss=-2.4825  blind_MSE=0.0413  density=0.0174 vx=0.1179 vy=0.0210 var=0.0088
[epoch 103] loss=-2.5136  blind_MSE=0.0413  density=0.0173 vx=0.1181 vy=0.0210 var=0.0088
[epoch 104] loss=-2.4764  blind_MSE=0.0413  density=0.0175 vx=0.1180 vy=0.0210 var=0.0088
[epoch 105] loss=-2.5103  blind_MSE=0.0413  density=0.0175 vx=0.1181 vy=0.0210 var=0.0088
[epoch 106] loss=-2.4891  blind_MSE=0.0413  density=0.0174 vx=0.1179 vy=0.0210 var=0.0088
[epoch 107] loss=-2.4759  blind_MSE=0.0413  density=0.0175 vx=0.1179 vy=0.0210 var=0.0088
[epoch 108] loss=-2.4975  blind_MSE=0.0413  density=0.0174 vx=0.1179 vy=0.0210 var=0.0088
[2026-09-10T11:51:10.004] error: *** JOB 20190499 ON gpu50 CANCELLED AT 2026-09-10T11:51:10 DUE TO TIME LIMIT ***
