[early_stop] no checkpoint at or after epoch 80 yet: keep training
Submitted batch job 20804955
[chain] submitted successor (afterany:20800427)
NVIDIA H200
[obs] obs_every_k = 1  (observed every frame, matching the EnKF project)
[obs] trajectory_mode = per_day  (base data seed 0)
[data] 6298 windows of (4, 200, 36, 12)  device=cuda
[model] params=2,096,342 (GENN prior 54,220 = 2.59%; the rest is the solver's ConvLSTM)  loss=supervised  n_iter=15  amp=True
[seed] init=3  data=0
[schedule] ep0→5it@lr0.001  ep25→10it@lr0.0007  ep50→15it@lr0.0005  ep75→20it@lr0.0003
[resume] loaded runs/varnet_mse5_h96_pd_s3/varnet_last.pt: continuing from epoch 75 (step 14775)
[best] previous best blind MSE = 0.0276
[schedule] epoch 75: n_iter -> 20, lr -> 0.0003
[epoch  75] loss=0.0263  blind_MSE=0.0274  density=0.0167 vx=0.0624 vy=0.0214 var=0.0089
           ↑ new best (0.0274) -> varnet_best.pt
[epoch  76] loss=0.0272  blind_MSE=0.0275  density=0.0168 vx=0.0630 vy=0.0215 var=0.0089
[epoch  77] loss=0.0265  blind_MSE=0.0273  density=0.0167 vx=0.0622 vy=0.0214 var=0.0089
           ↑ new best (0.0273) -> varnet_best.pt
[epoch  78] loss=0.0269  blind_MSE=0.0274  density=0.0168 vx=0.0625 vy=0.0215 var=0.0089
[epoch  79] loss=0.0241  blind_MSE=0.0274  density=0.0167 vx=0.0624 vy=0.0215 var=0.0089
[epoch  80] loss=0.0257  blind_MSE=0.0274  density=0.0167 vx=0.0624 vy=0.0215 var=0.0089
[epoch  81] loss=0.0244  blind_MSE=0.0274  density=0.0167 vx=0.0625 vy=0.0215 var=0.0089
[epoch  82] loss=0.0267  blind_MSE=0.0274  density=0.0168 vx=0.0625 vy=0.0215 var=0.0089
[epoch  83] loss=0.0269  blind_MSE=0.0276  density=0.0168 vx=0.0632 vy=0.0215 var=0.0089
[epoch  84] loss=0.0278  blind_MSE=0.0273  density=0.0167 vx=0.0623 vy=0.0215 var=0.0089
[epoch  85] loss=0.0252  blind_MSE=0.0274  density=0.0167 vx=0.0625 vy=0.0215 var=0.0089
[epoch  86] loss=0.0252  blind_MSE=0.0277  density=0.0168 vx=0.0634 vy=0.0216 var=0.0089
[epoch  87] loss=0.0257  blind_MSE=0.0275  density=0.0167 vx=0.0629 vy=0.0215 var=0.0089
[epoch  88] loss=0.0254  blind_MSE=0.0275  density=0.0167 vx=0.0629 vy=0.0215 var=0.0089
[epoch  89] loss=0.0277  blind_MSE=0.0275  density=0.0167 vx=0.0628 vy=0.0216 var=0.0089
[epoch  90] loss=0.0269  blind_MSE=0.0276  density=0.0167 vx=0.0634 vy=0.0216 var=0.0089
[epoch  91] loss=0.0288  blind_MSE=0.0280  density=0.0167 vx=0.0647 vy=0.0216 var=0.0089
[epoch  92] loss=0.0270  blind_MSE=0.0288  density=0.0170 vx=0.0674 vy=0.0218 var=0.0090
[2026-10-07T01:56:07.006] error: *** JOB 20800427 ON gpu50 CANCELLED AT 2026-10-07T01:56:07 DUE TO TIME LIMIT ***
