Submitted batch job 20082979
[chain] submitted successor (afterany:20081777)
NVIDIA H200
[obs] obs_every_k = 1  (每帧观测,对齐 EnKF 项目)
[data] 6298 windows of (4, 200, 36, 12)  device=cuda
[model] params=3,945,942 (GENN prior 9,420 = 0.24%; the rest is the solver's ConvLSTM)  loss=nll  n_iter=15  amp=True
[seed] init=3  data=0
[var] AUGMENTED STATE: log sigma^2 iterated with x over 15 steps; prior term of J is a Gaussian log-likelihood of the prior residual   eps=1e-06
[schedule] ep0→5it@lr0.001  ep25→10it@lr0.0007  ep50→15it@lr0.0005  ep75→20it@lr0.0003
[resume] loaded runs/varnet_aug0_s3/varnet_last.pt: continuing from epoch 81 (step 15957)
[best] previous best blind MSE = 0.0494
[schedule] epoch 81: n_iter -> 20, lr -> 0.0003
[epoch  81] loss=-2.3447  盲区MSE=0.0501  density=0.0191 vx=0.1464 vy=0.0261 var=0.0088
[epoch  82] loss=-2.3205  盲区MSE=0.0501  density=0.0191 vx=0.1462 vy=0.0260 var=0.0088
[epoch  83] loss=-2.3713  盲区MSE=0.0502  density=0.0192 vx=0.1468 vy=0.0260 var=0.0088
[epoch  84] loss=-2.2985  盲区MSE=0.0501  density=0.0191 vx=0.1462 vy=0.0260 var=0.0088
[epoch  85] loss=-2.3455  盲区MSE=0.0501  density=0.0191 vx=0.1465 vy=0.0259 var=0.0088
[epoch  86] loss=-2.3534  盲区MSE=0.0502  density=0.0192 vx=0.1467 vy=0.0260 var=0.0088
[epoch  87] loss=-2.3549  盲区MSE=0.0499  density=0.0193 vx=0.1455 vy=0.0260 var=0.0088
[epoch  88] loss=-2.3438  盲区MSE=0.0500  density=0.0191 vx=0.1463 vy=0.0260 var=0.0088
[epoch  89] loss=-2.3486  盲区MSE=0.0500  density=0.0191 vx=0.1462 vy=0.0260 var=0.0088
[epoch  90] loss=-2.3730  盲区MSE=0.0501  density=0.0191 vx=0.1464 vy=0.0260 var=0.0088
[epoch  91] loss=-2.3637  盲区MSE=0.0502  density=0.0191 vx=0.1467 vy=0.0260 var=0.0088
[epoch  92] loss=-2.3154  盲区MSE=0.0501  density=0.0192 vx=0.1463 vy=0.0261 var=0.0088
[epoch  93] loss=-2.4220  盲区MSE=0.0502  density=0.0191 vx=0.1468 vy=0.0260 var=0.0088
[epoch  94] loss=-2.2765  盲区MSE=0.0500  density=0.0191 vx=0.1462 vy=0.0261 var=0.0088
[epoch  95] loss=-2.3292  盲区MSE=0.0502  density=0.0191 vx=0.1468 vy=0.0259 var=0.0088
[epoch  96] loss=-2.3596  盲区MSE=0.0504  density=0.0191 vx=0.1476 vy=0.0261 var=0.0088
[epoch  97] loss=-2.3479  盲区MSE=0.0503  density=0.0191 vx=0.1472 vy=0.0261 var=0.0088
[epoch  98] loss=-2.3468  盲区MSE=0.0503  density=0.0191 vx=0.1473 vy=0.0261 var=0.0088
[epoch  99] loss=-2.3067  盲区MSE=0.0503  density=0.0192 vx=0.1468 vy=0.0263 var=0.0088
[epoch 100] loss=-2.3316  盲区MSE=0.0502  density=0.0191 vx=0.1467 vy=0.0261 var=0.0088
[epoch 101] loss=-2.3033  盲区MSE=0.0502  density=0.0191 vx=0.1466 vy=0.0261 var=0.0088
[epoch 102] loss=-1.1979  盲区MSE=0.0564  density=0.0202 vx=0.1666 vy=0.0297 var=0.0089
[2026-09-05T21:11:16.005] error: *** JOB 20081777 ON gpu60 CANCELLED AT 2026-09-05T21:11:16 DUE TO TIME LIMIT ***
