Submitted batch job 20225093
[chain] submitted successor (afterany:20211052)
NVIDIA H200
[obs] obs_every_k = 1  (observed every frame, matching the EnKF project)
[data] 6298 windows of (4, 200, 36, 12)  device=cuda
[model] params=2,096,342 (GENN prior 54,220 = 2.59%; the rest is the solver's ConvLSTM)  loss=supervised  n_iter=15  amp=True
[seed] init=3  data=0
[schedule] ep0→5it@lr0.001  ep25→10it@lr0.0007  ep50→15it@lr0.0005  ep75→20it@lr0.0003
[resume] loaded runs/varnet_mse5_h96_s3/varnet_last.pt: continuing from epoch 109 (step 21473)
[best] previous best blind MSE = 0.0269
[schedule] epoch 109: n_iter -> 20, lr -> 0.0003
[epoch 109] loss=0.0252  blind_MSE=0.0273  density=0.0159 vx=0.0634 vy=0.0213 var=0.0087
[epoch 110] loss=0.0274  blind_MSE=0.0272  density=0.0159 vx=0.0631 vy=0.0213 var=0.0087
[epoch 111] loss=0.0265  blind_MSE=0.0272  density=0.0159 vx=0.0629 vy=0.0213 var=0.0087
[epoch 112] loss=0.0268  blind_MSE=0.0271  density=0.0159 vx=0.0626 vy=0.0213 var=0.0087
[epoch 113] loss=0.0237  blind_MSE=0.0272  density=0.0159 vx=0.0630 vy=0.0213 var=0.0087
[epoch 114] loss=0.0258  blind_MSE=0.0271  density=0.0159 vx=0.0626 vy=0.0213 var=0.0087
[epoch 115] loss=0.0244  blind_MSE=0.0270  density=0.0159 vx=0.0623 vy=0.0213 var=0.0087
[epoch 116] loss=0.0262  blind_MSE=0.0270  density=0.0159 vx=0.0623 vy=0.0212 var=0.0087
[epoch 117] loss=0.0262  blind_MSE=0.0271  density=0.0159 vx=0.0627 vy=0.0213 var=0.0087
[epoch 118] loss=0.0280  blind_MSE=0.0271  density=0.0159 vx=0.0627 vy=0.0213 var=0.0087
[epoch 119] loss=0.0255  blind_MSE=0.0273  density=0.0159 vx=0.0632 vy=0.0213 var=0.0087
[epoch 120] loss=0.0251  blind_MSE=0.0271  density=0.0159 vx=0.0627 vy=0.0213 var=0.0087
[epoch 121] loss=0.0256  blind_MSE=0.0270  density=0.0159 vx=0.0623 vy=0.0212 var=0.0087
[epoch 122] loss=0.0248  blind_MSE=0.0274  density=0.0159 vx=0.0638 vy=0.0213 var=0.0087
[epoch 123] loss=0.0277  blind_MSE=0.0270  density=0.0159 vx=0.0623 vy=0.0213 var=0.0087
[epoch 124] loss=0.0267  blind_MSE=0.0271  density=0.0159 vx=0.0623 vy=0.0213 var=0.0087
[epoch 125] loss=0.0275  blind_MSE=0.0270  density=0.0159 vx=0.0623 vy=0.0213 var=0.0087
[epoch 126] loss=0.0264  blind_MSE=0.0270  density=0.0159 vx=0.0621 vy=0.0212 var=0.0087
[2026-09-12T15:03:19.290] error: *** JOB 20211052 ON gpu56 CANCELLED AT 2026-09-12T15:03:19 DUE TO TIME LIMIT ***
