Submitted batch job 20231655
[chain] submitted successor (afterany:20228360)
NVIDIA H200
[obs] obs_every_k = 1  (observed every frame, matching the EnKF project)
[data] 6298 windows of (4, 200, 36, 12)  device=cuda
[model] params=3,990,742 (GENN prior 54,220 = 1.36%; the rest is the solver's ConvLSTM)  loss=nll  n_iter=15  amp=True
[seed] init=4  data=0
[var] AUGMENTED STATE: log sigma^2 iterated with x over 15 steps; prior term of J is a Gaussian log-likelihood of the prior residual   eps=1e-06
[schedule] ep0→5it@lr0.001  ep25→10it@lr0.0007  ep50→15it@lr0.0005  ep75→20it@lr0.0003
[resume] loaded runs/varnet_aug0_h96_s4/varnet_last.pt: continuing from epoch 127 (step 25019)
[best] previous best blind MSE = 0.0483
[schedule] epoch 127: n_iter -> 20, lr -> 0.0003
[epoch 127] loss=-2.4169  blind_MSE=0.0488  density=0.0182 vx=0.1429 vy=0.0252 var=0.0087
[epoch 128] loss=-2.3755  blind_MSE=0.0485  density=0.0182 vx=0.1421 vy=0.0251 var=0.0087
[epoch 129] loss=-2.3280  blind_MSE=0.0485  density=0.0181 vx=0.1422 vy=0.0251 var=0.0087
[epoch 130] loss=-2.3463  blind_MSE=0.0485  density=0.0181 vx=0.1421 vy=0.0251 var=0.0087
[epoch 131] loss=-2.3996  blind_MSE=0.0487  density=0.0181 vx=0.1426 vy=0.0252 var=0.0087
[epoch 132] loss=-2.3274  blind_MSE=0.0486  density=0.0185 vx=0.1421 vy=0.0252 var=0.0087
[epoch 133] loss=-2.3068  blind_MSE=0.0486  density=0.0183 vx=0.1422 vy=0.0253 var=0.0087
[epoch 134] loss=-2.2495  blind_MSE=0.0483  density=0.0180 vx=0.1414 vy=0.0251 var=0.0087
           ↑ new best (0.0483) -> varnet_best.pt
[epoch 135] loss=-2.3384  blind_MSE=0.0485  density=0.0181 vx=0.1420 vy=0.0252 var=0.0087
[epoch 136] loss=-2.3168  blind_MSE=0.0486  density=0.0181 vx=0.1425 vy=0.0252 var=0.0087
[epoch 137] loss=-2.3417  blind_MSE=0.0485  density=0.0181 vx=0.1420 vy=0.0251 var=0.0087
[epoch 138] loss=-2.2317  blind_MSE=0.0484  density=0.0181 vx=0.1417 vy=0.0250 var=0.0087
[epoch 139] loss=-2.4300  blind_MSE=0.0485  density=0.0181 vx=0.1419 vy=0.0252 var=0.0087
[epoch 140] loss=-2.3090  blind_MSE=0.0485  density=0.0182 vx=0.1420 vy=0.0251 var=0.0087
[epoch 141] loss=-2.3964  blind_MSE=0.0484  density=0.0181 vx=0.1417 vy=0.0249 var=0.0087
[epoch 142] loss=-2.3595  blind_MSE=0.0487  density=0.0182 vx=0.1427 vy=0.0251 var=0.0087
[epoch 143] loss=-2.3402  blind_MSE=0.0482  density=0.0180 vx=0.1410 vy=0.0251 var=0.0087
           ↑ new best (0.0482) -> varnet_best.pt
[epoch 144] loss=-2.2432  blind_MSE=0.0496  density=0.0185 vx=0.1454 vy=0.0258 var=0.0087
[2026-09-13T03:29:52.005] error: *** JOB 20228360 ON gpu63 CANCELLED AT 2026-09-13T03:29:52 DUE TO TIME LIMIT ***
