Submitted batch job 20365727
[chain] submitted successor (afterany:20362976)
NVIDIA H200
[obs] obs_every_k = 1  (observed every frame, matching the EnKF project)
[obs] trajectory_mode = per_day  (base data seed 0)
[data] 6298 windows of (4, 200, 36, 12)  device=cuda
[model] params=4,630,742 (GENN prior 54,220 = 1.17%; the rest is the solver's ConvLSTM)  loss=nll  n_iter=15  amp=True
[seed] init=0  data=0
[var] AUGMENTED STATE: log sigma^2 iterated with x over 15 steps; prior term of J is a Gaussian log-likelihood of the prior residual; observation term too (shared sigma); sigma^2 update from its own head on [h, x]   eps=1e-06
[schedule] ep0→5it@lr0.001  ep25→10it@lr0.0007  ep50→15it@lr0.0005  ep75→20it@lr0.0003
[resume] loaded runs/varnet_aughead_obs_h96_s0/varnet_last.pt: continuing from epoch 107 (step 21079)
[best] previous best blind MSE = 0.0493
[schedule] epoch 107: n_iter -> 20, lr -> 0.0003
[epoch 107] loss=-1.4609  blind_MSE=0.0674  density=0.0231 vx=0.2054 vy=0.0310 var=0.0102
[epoch 108] loss=-1.6070  blind_MSE=0.0606  density=0.0216 vx=0.1822 vy=0.0292 var=0.0096
[epoch 109] loss=-1.5364  blind_MSE=0.0627  density=0.0222 vx=0.1902 vy=0.0287 var=0.0097
[epoch 110] loss=-0.8863  blind_MSE=0.0775  density=0.0305 vx=0.2353 vy=0.0330 var=0.0114
[epoch 111] loss=-1.4773  blind_MSE=0.0629  density=0.0242 vx=0.1856 vy=0.0311 var=0.0106
[epoch 112] loss=-1.5648  blind_MSE=0.0632  density=0.0220 vx=0.1906 vy=0.0303 var=0.0098
[epoch 113] loss=-1.5799  blind_MSE=0.0632  density=0.0216 vx=0.1909 vy=0.0306 var=0.0095
[epoch 114] loss=-1.5649  blind_MSE=0.0603  density=0.0220 vx=0.1794 vy=0.0295 var=0.0101
[epoch 115] loss=-1.6099  blind_MSE=0.0597  density=0.0215 vx=0.1754 vy=0.0317 var=0.0101
[epoch 116] loss=-1.4214  blind_MSE=0.0720  density=0.0229 vx=0.2207 vy=0.0341 var=0.0103
[epoch 117] loss=-1.6129  blind_MSE=0.0622  density=0.0216 vx=0.1881 vy=0.0295 var=0.0095
[epoch 118] loss=-1.4639  blind_MSE=0.0645  density=0.0223 vx=0.1940 vy=0.0311 var=0.0105
[epoch 119] loss=-1.3335  blind_MSE=0.0691  density=0.0258 vx=0.2060 vy=0.0337 var=0.0108
[epoch 120] loss=-1.4109  blind_MSE=0.0648  density=0.0318 vx=0.1848 vy=0.0319 var=0.0106
[epoch 121] loss=-1.4319  blind_MSE=0.0631  density=0.0288 vx=0.1811 vy=0.0317 var=0.0108
[epoch 122] loss=-1.1903  blind_MSE=0.0759  density=0.0286 vx=0.2248 vy=0.0375 var=0.0127
[epoch 123] loss=-1.5953  blind_MSE=0.0596  density=0.0220 vx=0.1756 vy=0.0309 var=0.0097
[epoch 124] loss=-1.4039  blind_MSE=0.0616  density=0.0233 vx=0.1808 vy=0.0322 var=0.0103
[2026-09-21T07:48:04.005] error: *** JOB 20362976 ON gpu58 CANCELLED AT 2026-09-21T07:48:04 DUE TO TIME LIMIT ***
