Submitted batch job 20224583
[chain] submitted successor (afterany:20204226)
NVIDIA H200
[obs] obs_every_k = 1  (observed every frame, matching the EnKF project)
[data] 6298 windows of (4, 200, 36, 12)  device=cuda
[model] params=3,990,742 (GENN prior 54,220 = 1.36%; the rest is the solver's ConvLSTM)  loss=nll  n_iter=15  amp=True
[seed] init=4  data=0
[var] AUGMENTED STATE: log sigma^2 iterated with x over 15 steps; prior term of J is a Gaussian log-likelihood of the prior residual   eps=1e-06
[schedule] ep0→5it@lr0.001  ep25→10it@lr0.0007  ep50→15it@lr0.0005  ep75→20it@lr0.0003
[resume] loaded runs/varnet_aug0_h96_s4/varnet_last.pt: continuing from epoch 91 (step 17927)
[best] previous best blind MSE = 0.0485
[schedule] epoch 91: n_iter -> 20, lr -> 0.0003
[epoch  91] loss=-2.4001  blind_MSE=0.0487  density=0.0182 vx=0.1427 vy=0.0251 var=0.0087
[epoch  92] loss=-2.3468  blind_MSE=0.0486  density=0.0182 vx=0.1423 vy=0.0252 var=0.0087
[epoch  93] loss=-2.2579  blind_MSE=0.0486  density=0.0181 vx=0.1423 vy=0.0252 var=0.0087
[epoch  94] loss=-2.3124  blind_MSE=0.0486  density=0.0183 vx=0.1422 vy=0.0252 var=0.0087
[epoch  95] loss=-2.3652  blind_MSE=0.0486  density=0.0181 vx=0.1423 vy=0.0252 var=0.0087
[epoch  96] loss=-2.2746  blind_MSE=0.0491  density=0.0184 vx=0.1439 vy=0.0254 var=0.0087
[epoch  97] loss=-2.3559  blind_MSE=0.0486  density=0.0181 vx=0.1426 vy=0.0252 var=0.0087
[epoch  98] loss=-2.2259  blind_MSE=0.0490  density=0.0183 vx=0.1438 vy=0.0253 var=0.0087
[epoch  99] loss=-2.2743  blind_MSE=0.0488  density=0.0183 vx=0.1429 vy=0.0252 var=0.0087
[epoch 100] loss=-2.2841  blind_MSE=0.0484  density=0.0181 vx=0.1419 vy=0.0251 var=0.0087
           ↑ new best (0.0484) -> varnet_best.pt
[epoch 101] loss=-2.3077  blind_MSE=0.0486  density=0.0182 vx=0.1423 vy=0.0253 var=0.0087
[epoch 102] loss=-2.3574  blind_MSE=0.0483  density=0.0181 vx=0.1413 vy=0.0252 var=0.0087
           ↑ new best (0.0483) -> varnet_best.pt
[epoch 103] loss=-2.4222  blind_MSE=0.0486  density=0.0181 vx=0.1425 vy=0.0252 var=0.0087
[epoch 104] loss=-2.2932  blind_MSE=0.0486  density=0.0182 vx=0.1422 vy=0.0251 var=0.0087
[epoch 105] loss=-2.3512  blind_MSE=0.0489  density=0.0182 vx=0.1434 vy=0.0254 var=0.0087
[epoch 106] loss=33.8550  blind_MSE=0.0593  density=0.0231 vx=0.1713 vy=0.0336 var=0.0091
[epoch 107] loss=-2.3472  blind_MSE=0.0495  density=0.0183 vx=0.1453 vy=0.0256 var=0.0087
[epoch 108] loss=-2.2884  blind_MSE=0.0488  density=0.0182 vx=0.1431 vy=0.0253 var=0.0087
[2026-09-12T13:06:17.005] error: *** JOB 20204226 ON gpu53 CANCELLED AT 2026-09-12T13:06:17 DUE TO TIME LIMIT ***
