Submitted batch job 20206275
[chain] submitted successor (afterany:20204218)
NVIDIA H200
[obs] obs_every_k = 1  (observed every frame, matching the EnKF project)
[data] 6298 windows of (4, 200, 36, 12)  device=cuda
[model] params=2,096,342 (GENN prior 54,220 = 2.59%; the rest is the solver's ConvLSTM)  loss=supervised  n_iter=15  amp=True
[seed] init=2  data=0
[schedule] ep0→5it@lr0.001  ep25→10it@lr0.0007  ep50→15it@lr0.0005  ep75→20it@lr0.0003
[resume] loaded runs/varnet_mse5_h96_s2/varnet_last.pt: continuing from epoch 92 (step 18124)
[best] previous best blind MSE = 0.0263
[schedule] epoch 92: n_iter -> 20, lr -> 0.0003
[epoch  92] loss=0.0241  blind_MSE=0.0263  density=0.0158 vx=0.0595 vy=0.0211 var=0.0087
           ↑ new best (0.0263) -> varnet_best.pt
[epoch  93] loss=0.0282  blind_MSE=0.0263  density=0.0158 vx=0.0597 vy=0.0211 var=0.0087
[epoch  94] loss=0.0263  blind_MSE=0.0265  density=0.0158 vx=0.0603 vy=0.0211 var=0.0087
[epoch  95] loss=0.0266  blind_MSE=0.0264  density=0.0158 vx=0.0599 vy=0.0211 var=0.0087
[epoch  96] loss=0.0267  blind_MSE=0.0266  density=0.0159 vx=0.0606 vy=0.0211 var=0.0087
[epoch  97] loss=0.0268  blind_MSE=0.0264  density=0.0158 vx=0.0600 vy=0.0211 var=0.0087
[epoch  98] loss=0.0270  blind_MSE=0.0263  density=0.0158 vx=0.0596 vy=0.0211 var=0.0087
[epoch  99] loss=0.0268  blind_MSE=0.0263  density=0.0158 vx=0.0595 vy=0.0211 var=0.0087
[epoch 100] loss=0.0262  blind_MSE=0.0262  density=0.0158 vx=0.0593 vy=0.0211 var=0.0087
           ↑ new best (0.0262) -> varnet_best.pt
[epoch 101] loss=0.0276  blind_MSE=0.0262  density=0.0158 vx=0.0594 vy=0.0211 var=0.0087
[epoch 102] loss=0.0263  blind_MSE=0.0262  density=0.0158 vx=0.0594 vy=0.0211 var=0.0087
[epoch 103] loss=0.0262  blind_MSE=0.0264  density=0.0158 vx=0.0600 vy=0.0211 var=0.0087
[epoch 104] loss=0.0273  blind_MSE=0.0263  density=0.0159 vx=0.0595 vy=0.0211 var=0.0087
[epoch 105] loss=0.0242  blind_MSE=0.0262  density=0.0158 vx=0.0593 vy=0.0211 var=0.0087
[epoch 106] loss=0.0254  blind_MSE=0.0263  density=0.0158 vx=0.0597 vy=0.0211 var=0.0087
[epoch 107] loss=0.0266  blind_MSE=0.0262  density=0.0158 vx=0.0593 vy=0.0211 var=0.0087
[epoch 108] loss=0.0246  blind_MSE=0.0262  density=0.0158 vx=0.0592 vy=0.0211 var=0.0087
           ↑ new best (0.0262) -> varnet_best.pt
[epoch 109] loss=0.0257  blind_MSE=0.0262  density=0.0158 vx=0.0594 vy=0.0211 var=0.0087
[2026-09-10T23:21:22.007] error: *** JOB 20204218 ON gpu61 CANCELLED AT 2026-09-10T23:21:22 DUE TO TIME LIMIT ***
