Submitted batch job 19613968
[chain] submitted successor (afterany:19611341)
NVIDIA H200
[obs] obs_every_k = 1  (每帧观测,对齐 EnKF 项目)
[data] 6298 windows of (4, 200, 36, 12)  device=cuda
[model] params=2,074,198 (GENN prior 32,076 = 1.55%; the rest is the solver's ConvLSTM)  loss=supervised  n_iter=15  bilinear=False  amp=True
[schedule] ep0→5it@lr0.001  ep25→10it@lr0.0007  ep50→15it@lr0.0005  ep75→20it@lr0.0003
[resume] loaded runs/varnet_a2_k1/varnet_last.pt: continuing from epoch 44 (step 8668)
[best] previous best blind MSE = 0.0278
[schedule] epoch 44: n_iter -> 10, lr -> 0.0007
[epoch  44] loss=0.0260  盲区MSE=0.0278  density=0.0160 vx=0.0647 vy=0.0218 var=0.0087
[epoch  45] loss=0.0291  盲区MSE=0.0277  density=0.0161 vx=0.0641 vy=0.0219 var=0.0087
           ↑ new best (0.0277) -> varnet_best.pt
[epoch  46] loss=0.0284  盲区MSE=0.0276  density=0.0160 vx=0.0638 vy=0.0218 var=0.0087
           ↑ new best (0.0276) -> varnet_best.pt
[epoch  47] loss=0.0273  盲区MSE=0.0276  density=0.0160 vx=0.0637 vy=0.0218 var=0.0087
           ↑ new best (0.0276) -> varnet_best.pt
[epoch  48] loss=0.0256  盲区MSE=0.0275  density=0.0160 vx=0.0634 vy=0.0218 var=0.0087
           ↑ new best (0.0275) -> varnet_best.pt
[epoch  49] loss=0.0288  盲区MSE=0.0275  density=0.0160 vx=0.0633 vy=0.0218 var=0.0087
           ↑ new best (0.0275) -> varnet_best.pt
[schedule] epoch 50: n_iter -> 15, lr -> 0.0005
[epoch  50] loss=0.0265  盲区MSE=0.0272  density=0.0160 vx=0.0625 vy=0.0218 var=0.0087
           ↑ new best (0.0272) -> varnet_best.pt
[epoch  51] loss=0.0261  盲区MSE=0.0272  density=0.0160 vx=0.0623 vy=0.0218 var=0.0087
           ↑ new best (0.0272) -> varnet_best.pt
[epoch  52] loss=0.0272  盲区MSE=0.0271  density=0.0160 vx=0.0621 vy=0.0218 var=0.0087
           ↑ new best (0.0271) -> varnet_best.pt
[epoch  53] loss=0.0277  盲区MSE=0.0271  density=0.0160 vx=0.0621 vy=0.0218 var=0.0087
           ↑ new best (0.0271) -> varnet_best.pt
[epoch  54] loss=0.0269  盲区MSE=0.0271  density=0.0159 vx=0.0620 vy=0.0218 var=0.0087
           ↑ new best (0.0271) -> varnet_best.pt
[epoch  55] loss=0.0275  盲区MSE=0.0271  density=0.0159 vx=0.0620 vy=0.0218 var=0.0087
           ↑ new best (0.0271) -> varnet_best.pt
[epoch  56] loss=0.0269  盲区MSE=0.0270  density=0.0159 vx=0.0616 vy=0.0218 var=0.0087
           ↑ new best (0.0270) -> varnet_best.pt
[epoch  57] loss=0.0264  盲区MSE=0.0271  density=0.0160 vx=0.0620 vy=0.0218 var=0.0087
[epoch  58] loss=0.0268  盲区MSE=0.0270  density=0.0160 vx=0.0617 vy=0.0218 var=0.0087
[epoch  59] loss=0.0261  盲区MSE=0.0270  density=0.0159 vx=0.0615 vy=0.0218 var=0.0087
           ↑ new best (0.0270) -> varnet_best.pt
[epoch  60] loss=0.0266  盲区MSE=0.0270  density=0.0159 vx=0.0615 vy=0.0218 var=0.0087
[epoch  61] loss=0.0274  盲区MSE=0.0270  density=0.0159 vx=0.0614 vy=0.0218 var=0.0087
           ↑ new best (0.0270) -> varnet_best.pt
[epoch  62] loss=0.0260  盲区MSE=0.0271  density=0.0160 vx=0.0619 vy=0.0218 var=0.0087
[epoch  63] loss=0.0267  盲区MSE=0.0269  density=0.0160 vx=0.0613 vy=0.0218 var=0.0087
           ↑ new best (0.0269) -> varnet_best.pt
[epoch  64] loss=0.0276  盲区MSE=0.0269  density=0.0159 vx=0.0612 vy=0.0218 var=0.0087
           ↑ new best (0.0269) -> varnet_best.pt
[epoch  65] loss=0.0270  盲区MSE=0.0269  density=0.0159 vx=0.0614 vy=0.0218 var=0.0087
[epoch  66] loss=0.0290  盲区MSE=0.0269  density=0.0159 vx=0.0613 vy=0.0218 var=0.0087
[2026-08-08T00:18:26.004] error: *** JOB 19611341 ON gpu61 CANCELLED AT 2026-08-08T00:18:26 DUE TO TIME LIMIT ***
