Submitted batch job 20224586
[chain] submitted successor (afterany:20204270)
NVIDIA H200
[obs] obs_every_k = 1  (observed every frame, matching the EnKF project)
[data] 6298 windows of (4, 200, 36, 12)  device=cuda
[model] params=2,788,342 (GENN prior 54,220 = 1.94%; the rest is the solver's ConvLSTM)  loss=nll  n_iter=15  amp=True
[seed] init=0  data=0
[var read-out] 692,000 params on the last hidden state   sigma^2 = softplus(out_var(h)) + 1e-06   beta=0.0
[schedule] ep0→5it@lr0.001  ep25→10it@lr0.0007  ep50→15it@lr0.0005  ep75→20it@lr0.0003
[resume] loaded runs/varnet_vsb0_h96_s0/varnet_last.pt: continuing from epoch 127 (step 25019)
[best] previous best blind MSE = 0.0408
[schedule] epoch 127: n_iter -> 20, lr -> 0.0003
[epoch 127] loss=-2.5466  blind_MSE=0.0414  density=0.0175 vx=0.1185 vy=0.0210 var=0.0088
[epoch 128] loss=-2.5496  blind_MSE=0.0415  density=0.0175 vx=0.1186 vy=0.0210 var=0.0088
[epoch 129] loss=-2.5534  blind_MSE=0.0414  density=0.0175 vx=0.1184 vy=0.0210 var=0.0088
[epoch 130] loss=-2.4780  blind_MSE=0.0416  density=0.0176 vx=0.1190 vy=0.0210 var=0.0089
[epoch 131] loss=-2.5399  blind_MSE=0.0415  density=0.0177 vx=0.1185 vy=0.0210 var=0.0088
[epoch 132] loss=-2.5137  blind_MSE=0.0415  density=0.0177 vx=0.1185 vy=0.0210 var=0.0088
[epoch 133] loss=-2.5162  blind_MSE=0.0414  density=0.0173 vx=0.1184 vy=0.0210 var=0.0088
[epoch 134] loss=-2.5215  blind_MSE=0.0414  density=0.0174 vx=0.1184 vy=0.0210 var=0.0088
[epoch 135] loss=-2.5385  blind_MSE=0.0415  density=0.0174 vx=0.1188 vy=0.0210 var=0.0088
[epoch 136] loss=-2.5037  blind_MSE=0.0414  density=0.0174 vx=0.1184 vy=0.0210 var=0.0088
[epoch 137] loss=-2.5231  blind_MSE=0.0414  density=0.0175 vx=0.1184 vy=0.0210 var=0.0088
[epoch 138] loss=-2.5071  blind_MSE=0.0414  density=0.0176 vx=0.1183 vy=0.0210 var=0.0088
[epoch 139] loss=-2.5212  blind_MSE=0.0414  density=0.0175 vx=0.1184 vy=0.0210 var=0.0088
[epoch 140] loss=-2.4724  blind_MSE=0.0414  density=0.0174 vx=0.1186 vy=0.0210 var=0.0088
[epoch 141] loss=-2.5197  blind_MSE=0.0413  density=0.0174 vx=0.1181 vy=0.0210 var=0.0088
[epoch 142] loss=-2.4835  blind_MSE=0.0413  density=0.0175 vx=0.1180 vy=0.0210 var=0.0088
[epoch 143] loss=-2.4904  blind_MSE=0.0415  density=0.0175 vx=0.1186 vy=0.0210 var=0.0088
[epoch 144] loss=-2.5029  blind_MSE=0.0413  density=0.0173 vx=0.1182 vy=0.0211 var=0.0088
[2026-09-12T13:07:17.003] error: *** JOB 20204270 ON gpu52 CANCELLED AT 2026-09-12T13:07:17 DUE TO TIME LIMIT ***
