Submitted batch job 20084606
[chain] submitted successor (afterany:20083852)
NVIDIA H200
[obs] obs_every_k = 1  (每帧观测,对齐 EnKF 项目)
[data] 6298 windows of (4, 200, 36, 12)  device=cuda
[model] params=3,945,942 (GENN prior 9,420 = 0.24%; the rest is the solver's ConvLSTM)  loss=nll  n_iter=15  amp=True
[seed] init=1  data=0
[var] AUGMENTED STATE: log sigma^2 iterated with x over 15 steps; prior term of J is a Gaussian log-likelihood of the prior residual   eps=1e-06
[schedule] ep0→5it@lr0.001  ep25→10it@lr0.0007  ep50→15it@lr0.0005  ep75→20it@lr0.0003
[resume] loaded runs/varnet_aug0_s1/varnet_last.pt: continuing from epoch 125 (step 24625)
[best] previous best blind MSE = 0.0486
[schedule] epoch 125: n_iter -> 20, lr -> 0.0003
[epoch 125] loss=-2.3679  盲区MSE=0.0502  density=0.0188 vx=0.1467 vy=0.0264 var=0.0088
[epoch 126] loss=-2.3278  盲区MSE=0.0502  density=0.0188 vx=0.1468 vy=0.0265 var=0.0088
[epoch 127] loss=-2.3551  盲区MSE=0.0500  density=0.0189 vx=0.1461 vy=0.0265 var=0.0088
[epoch 128] loss=-2.3255  盲区MSE=0.0501  density=0.0188 vx=0.1464 vy=0.0264 var=0.0088
[epoch 129] loss=-2.3350  盲区MSE=0.0500  density=0.0188 vx=0.1459 vy=0.0263 var=0.0087
[epoch 130] loss=-2.3441  盲区MSE=0.0501  density=0.0189 vx=0.1464 vy=0.0264 var=0.0088
[epoch 131] loss=-2.3384  盲区MSE=0.0502  density=0.0189 vx=0.1467 vy=0.0264 var=0.0088
[epoch 132] loss=-2.4041  盲区MSE=0.0501  density=0.0189 vx=0.1465 vy=0.0264 var=0.0088
[epoch 133] loss=-2.3202  盲区MSE=0.0501  density=0.0189 vx=0.1462 vy=0.0264 var=0.0088
[epoch 134] loss=-2.3203  盲区MSE=0.0501  density=0.0188 vx=0.1466 vy=0.0262 var=0.0088
[epoch 135] loss=-2.3299  盲区MSE=0.0500  density=0.0188 vx=0.1462 vy=0.0264 var=0.0087
[epoch 136] loss=-2.3066  盲区MSE=0.0501  density=0.0189 vx=0.1463 vy=0.0265 var=0.0088
[epoch 137] loss=-2.3522  盲区MSE=0.0500  density=0.0188 vx=0.1462 vy=0.0263 var=0.0088
[epoch 138] loss=-2.3284  盲区MSE=0.0502  density=0.0189 vx=0.1468 vy=0.0264 var=0.0088
[epoch 139] loss=-2.3940  盲区MSE=0.0501  density=0.0188 vx=0.1465 vy=0.0264 var=0.0087
[epoch 140] loss=-2.3333  盲区MSE=0.0502  density=0.0188 vx=0.1466 vy=0.0264 var=0.0088
[epoch 141] loss=-2.3233  盲区MSE=0.0501  density=0.0188 vx=0.1463 vy=0.0264 var=0.0088
[epoch 142] loss=-2.4008  盲区MSE=0.0501  density=0.0188 vx=0.1463 vy=0.0264 var=0.0088
[epoch 143] loss=-2.3648  盲区MSE=0.0503  density=0.0189 vx=0.1471 vy=0.0265 var=0.0088
[epoch 144] loss=-2.3209  盲区MSE=0.0502  density=0.0188 vx=0.1467 vy=0.0265 var=0.0088
[epoch 145] loss=-2.3599  盲区MSE=0.0505  density=0.0191 vx=0.1477 vy=0.0266 var=0.0088
[epoch 146] loss=-2.3708  盲区MSE=0.0501  density=0.0189 vx=0.1464 vy=0.0265 var=0.0088
[2026-09-06T03:12:09.006] error: *** JOB 20083852 ON gpu63 CANCELLED AT 2026-09-06T03:12:09 DUE TO TIME LIMIT ***
