Submitted batch job 20167530
[chain] submitted successor (afterany:20166675)
NVIDIA H200
[obs] obs_every_k = 1  (observed every frame, matching the EnKF project)
[data] 6298 windows of (4, 200, 36, 12)  device=cuda
[model] params=3,990,742 (GENN prior 54,220 = 1.36%; the rest is the solver's ConvLSTM)  loss=nll  n_iter=15  amp=True
[seed] init=1  data=0
[var] AUGMENTED STATE: log sigma^2 iterated with x over 15 steps; prior term of J is a Gaussian log-likelihood of the prior residual   eps=1e-06
[schedule] ep0→5it@lr0.001  ep25→10it@lr0.0007  ep50→15it@lr0.0005  ep75→20it@lr0.0003
[schedule] epoch 0: n_iter -> 5, lr -> 0.001
[epoch   0] loss=-0.9460  blind_MSE=0.0795  density=0.0228 vx=0.2479 vy=0.0382 var=0.0089
           ↑ new best (0.0795) -> varnet_best.pt
[epoch   1] loss=-1.3108  blind_MSE=0.0777  density=0.0228 vx=0.2420 vy=0.0371 var=0.0089
           ↑ new best (0.0777) -> varnet_best.pt
[epoch   2] loss=-1.6824  blind_MSE=0.0701  density=0.0196 vx=0.2228 vy=0.0296 var=0.0086
           ↑ new best (0.0701) -> varnet_best.pt
[epoch   3] loss=-1.9473  blind_MSE=0.0661  density=0.0192 vx=0.2070 vy=0.0293 var=0.0088
           ↑ new best (0.0661) -> varnet_best.pt
[epoch   4] loss=-1.9086  blind_MSE=0.0643  density=0.0190 vx=0.2007 vy=0.0285 var=0.0089
           ↑ new best (0.0643) -> varnet_best.pt
[epoch   5] loss=-1.9430  blind_MSE=0.0605  density=0.0188 vx=0.1859 vy=0.0286 var=0.0089
           ↑ new best (0.0605) -> varnet_best.pt
[epoch   6] loss=-1.9883  blind_MSE=0.0589  density=0.0187 vx=0.1800 vy=0.0280 var=0.0088
           ↑ new best (0.0589) -> varnet_best.pt
[epoch   7] loss=-2.0540  blind_MSE=0.0565  density=0.0185 vx=0.1711 vy=0.0277 var=0.0088
           ↑ new best (0.0565) -> varnet_best.pt
[epoch   8] loss=-2.0499  blind_MSE=0.0553  density=0.0185 vx=0.1664 vy=0.0275 var=0.0088
           ↑ new best (0.0553) -> varnet_best.pt
[epoch   9] loss=-2.1043  blind_MSE=0.0538  density=0.0183 vx=0.1610 vy=0.0270 var=0.0088
           ↑ new best (0.0538) -> varnet_best.pt
[epoch  10] loss=-2.0952  blind_MSE=0.0523  density=0.0183 vx=0.1559 vy=0.0264 var=0.0088
           ↑ new best (0.0523) -> varnet_best.pt
[epoch  11] loss=-2.1467  blind_MSE=0.0518  density=0.0182 vx=0.1540 vy=0.0263 var=0.0088
           ↑ new best (0.0518) -> varnet_best.pt
[epoch  12] loss=-2.1623  blind_MSE=0.0514  density=0.0182 vx=0.1524 vy=0.0261 var=0.0088
           ↑ new best (0.0514) -> varnet_best.pt
[epoch  13] loss=-2.1333  blind_MSE=0.0510  density=0.0182 vx=0.1511 vy=0.0260 var=0.0088
           ↑ new best (0.0510) -> varnet_best.pt
[epoch  14] loss=-2.1020  blind_MSE=0.0508  density=0.0182 vx=0.1505 vy=0.0259 var=0.0088
           ↑ new best (0.0508) -> varnet_best.pt
[epoch  15] loss=-2.1887  blind_MSE=0.0508  density=0.0183 vx=0.1501 vy=0.0260 var=0.0088
           ↑ new best (0.0508) -> varnet_best.pt
[epoch  16] loss=-2.1738  blind_MSE=0.0505  density=0.0183 vx=0.1489 vy=0.0259 var=0.0087
           ↑ new best (0.0505) -> varnet_best.pt
[epoch  17] loss=-2.2276  blind_MSE=0.0504  density=0.0183 vx=0.1486 vy=0.0258 var=0.0087
           ↑ new best (0.0504) -> varnet_best.pt
[epoch  18] loss=-2.2066  blind_MSE=0.0503  density=0.0184 vx=0.1482 vy=0.0260 var=0.0087
           ↑ new best (0.0503) -> varnet_best.pt
[epoch  19] loss=-2.2151  blind_MSE=0.0503  density=0.0184 vx=0.1481 vy=0.0259 var=0.0087
           ↑ new best (0.0503) -> varnet_best.pt
[epoch  20] loss=-2.2123  blind_MSE=0.0502  density=0.0184 vx=0.1478 vy=0.0260 var=0.0087
           ↑ new best (0.0502) -> varnet_best.pt
[epoch  21] loss=-2.2037  blind_MSE=0.0501  density=0.0184 vx=0.1475 vy=0.0259 var=0.0087
           ↑ new best (0.0501) -> varnet_best.pt
[epoch  22] loss=-2.2584  blind_MSE=0.0502  density=0.0184 vx=0.1477 vy=0.0261 var=0.0087
[epoch  23] loss=-2.2203  blind_MSE=0.0501  density=0.0184 vx=0.1473 vy=0.0260 var=0.0087
           ↑ new best (0.0501) -> varnet_best.pt
[epoch  24] loss=-2.2419  blind_MSE=0.0502  density=0.0185 vx=0.1478 vy=0.0260 var=0.0087
[schedule] epoch 25: n_iter -> 10, lr -> 0.0007
[epoch  25] loss=-2.2309  blind_MSE=0.0504  density=0.0185 vx=0.1485 vy=0.0260 var=0.0087
[epoch  26] loss=-2.3222  blind_MSE=0.0503  density=0.0185 vx=0.1477 vy=0.0261 var=0.0087
[epoch  27] loss=-2.2700  blind_MSE=0.0503  density=0.0185 vx=0.1481 vy=0.0261 var=0.0087
[epoch  28] loss=-2.2968  blind_MSE=0.0501  density=0.0184 vx=0.1471 vy=0.0260 var=0.0087
           ↑ new best (0.0501) -> varnet_best.pt
[epoch  29] loss=-2.2113  blind_MSE=0.0498  density=0.0184 vx=0.1462 vy=0.0260 var=0.0087
           ↑ new best (0.0498) -> varnet_best.pt
[epoch  30] loss=-2.3068  blind_MSE=0.0500  density=0.0185 vx=0.1469 vy=0.0260 var=0.0087
[epoch  31] loss=-2.3577  blind_MSE=0.0500  density=0.0185 vx=0.1468 vy=0.0260 var=0.0087
[epoch  32] loss=-2.2592  blind_MSE=0.0502  density=0.0185 vx=0.1472 vy=0.0262 var=0.0087
[epoch  33] loss=-2.2901  blind_MSE=0.0502  density=0.0185 vx=0.1474 vy=0.0262 var=0.0087
[epoch  34] loss=-2.3074  blind_MSE=0.0501  density=0.0185 vx=0.1471 vy=0.0262 var=0.0087
[epoch  35] loss=-2.3471  blind_MSE=0.0502  density=0.0185 vx=0.1474 vy=0.0263 var=0.0087
[epoch  36] loss=-2.2897  blind_MSE=0.0503  density=0.0185 vx=0.1476 vy=0.0263 var=0.0087
[epoch  37] loss=-2.3639  blind_MSE=0.0502  density=0.0184 vx=0.1475 vy=0.0262 var=0.0087
[epoch  38] loss=-2.3381  blind_MSE=0.0503  density=0.0186 vx=0.1476 vy=0.0262 var=0.0087
[epoch  39] loss=-2.2735  blind_MSE=0.0502  density=0.0185 vx=0.1475 vy=0.0262 var=0.0087
[epoch  40] loss=-2.3481  blind_MSE=0.0502  density=0.0185 vx=0.1474 vy=0.0262 var=0.0087
[epoch  41] loss=-2.3570  blind_MSE=0.0503  density=0.0185 vx=0.1478 vy=0.0262 var=0.0087
[epoch  42] loss=-2.3392  blind_MSE=0.0505  density=0.0186 vx=0.1483 vy=0.0264 var=0.0087
[epoch  43] loss=-2.3580  blind_MSE=0.0504  density=0.0186 vx=0.1478 vy=0.0263 var=0.0087
[epoch  44] loss=-2.3019  blind_MSE=0.0507  density=0.0187 vx=0.1489 vy=0.0265 var=0.0087
[epoch  45] loss=-2.3330  blind_MSE=0.0506  density=0.0187 vx=0.1486 vy=0.0263 var=0.0087
[epoch  46] loss=-2.3130  blind_MSE=0.0506  density=0.0187 vx=0.1485 vy=0.0265 var=0.0087
[epoch  47] loss=-2.3831  blind_MSE=0.0505  density=0.0186 vx=0.1483 vy=0.0265 var=0.0087
[2026-09-09T18:57:09.017] error: *** JOB 20166675 ON gpu53 CANCELLED AT 2026-09-09T18:57:09 DUE TO TIME LIMIT ***
