Submitted batch job 20199655
[chain] submitted successor (afterany:20190613)
NVIDIA H200
[obs] obs_every_k = 1  (observed every frame, matching the EnKF project)
[data] 6298 windows of (4, 200, 36, 12)  device=cuda
[model] params=2,096,342 (GENN prior 54,220 = 2.59%; the rest is the solver's ConvLSTM)  loss=supervised  n_iter=15  amp=True
[seed] init=1  data=0
[schedule] ep0→5it@lr0.001  ep25→10it@lr0.0007  ep50→15it@lr0.0005  ep75→20it@lr0.0003
[resume] loaded runs/varnet_mse5_h96_s1/varnet_last.pt: continuing from epoch 91 (step 17927)
[best] previous best blind MSE = 0.0272
[schedule] epoch 91: n_iter -> 20, lr -> 0.0003
[epoch  91] loss=0.0278  blind_MSE=0.0277  density=0.0159 vx=0.0644 vy=0.0220 var=0.0087
[epoch  92] loss=0.0275  blind_MSE=0.0278  density=0.0159 vx=0.0646 vy=0.0218 var=0.0087
[epoch  93] loss=0.0281  blind_MSE=0.0275  density=0.0159 vx=0.0637 vy=0.0218 var=0.0087
[epoch  94] loss=0.0257  blind_MSE=0.0274  density=0.0159 vx=0.0632 vy=0.0218 var=0.0087
[epoch  95] loss=0.0279  blind_MSE=0.0274  density=0.0159 vx=0.0633 vy=0.0218 var=0.0087
[epoch  96] loss=0.0235  blind_MSE=0.0275  density=0.0159 vx=0.0636 vy=0.0218 var=0.0087
[epoch  97] loss=0.0282  blind_MSE=0.0275  density=0.0159 vx=0.0637 vy=0.0218 var=0.0087
[epoch  98] loss=0.0267  blind_MSE=0.0277  density=0.0160 vx=0.0641 vy=0.0219 var=0.0087
[epoch  99] loss=0.0267  blind_MSE=0.0280  density=0.0160 vx=0.0652 vy=0.0220 var=0.0087
[epoch 100] loss=0.0268  blind_MSE=0.0276  density=0.0160 vx=0.0639 vy=0.0218 var=0.0087
[epoch 101] loss=0.0271  blind_MSE=0.0275  density=0.0160 vx=0.0637 vy=0.0219 var=0.0087
[epoch 102] loss=0.0279  blind_MSE=0.0275  density=0.0160 vx=0.0636 vy=0.0218 var=0.0087
[epoch 103] loss=0.0251  blind_MSE=0.0274  density=0.0159 vx=0.0633 vy=0.0218 var=0.0087
[epoch 104] loss=0.0264  blind_MSE=0.0274  density=0.0159 vx=0.0632 vy=0.0218 var=0.0087
[epoch 105] loss=0.0278  blind_MSE=0.0273  density=0.0159 vx=0.0630 vy=0.0217 var=0.0087
[epoch 106] loss=0.0284  blind_MSE=0.0273  density=0.0159 vx=0.0630 vy=0.0217 var=0.0087
[epoch 107] loss=0.0257  blind_MSE=0.0274  density=0.0159 vx=0.0633 vy=0.0218 var=0.0087
[epoch 108] loss=0.0251  blind_MSE=0.0275  density=0.0159 vx=0.0635 vy=0.0219 var=0.0087
[2026-09-10T15:59:47.006] error: *** JOB 20190613 ON gpu63 CANCELLED AT 2026-09-10T15:59:47 DUE TO TIME LIMIT ***
