Submitted batch job 20225048
[chain] submitted successor (afterany:20211033)
NVIDIA H200
[obs] obs_every_k = 1  (observed every frame, matching the EnKF project)
[data] 6298 windows of (4, 200, 36, 12)  device=cuda
[model] params=3,990,742 (GENN prior 54,220 = 1.36%; the rest is the solver's ConvLSTM)  loss=nll  n_iter=15  amp=True
[seed] init=2  data=0
[var] AUGMENTED STATE: log sigma^2 iterated with x over 15 steps; prior term of J is a Gaussian log-likelihood of the prior residual   eps=1e-06
[schedule] ep0→5it@lr0.001  ep25→10it@lr0.0007  ep50→15it@lr0.0005  ep75→20it@lr0.0003
[resume] loaded runs/varnet_aug0_h96_s2/varnet_last.pt: continuing from epoch 108 (step 21276)
[best] previous best blind MSE = 0.0501
[schedule] epoch 108: n_iter -> 20, lr -> 0.0003
[epoch 108] loss=-2.4236  blind_MSE=0.0518  density=0.0186 vx=0.1533 vy=0.0264 var=0.0088
[epoch 109] loss=-2.3857  blind_MSE=0.0517  density=0.0185 vx=0.1531 vy=0.0264 var=0.0088
[epoch 110] loss=-2.3489  blind_MSE=0.0517  density=0.0185 vx=0.1533 vy=0.0264 var=0.0088
[epoch 111] loss=-2.3662  blind_MSE=0.0518  density=0.0186 vx=0.1535 vy=0.0264 var=0.0088
[epoch 112] loss=-2.3555  blind_MSE=0.0518  density=0.0187 vx=0.1533 vy=0.0265 var=0.0088
[epoch 113] loss=-2.3382  blind_MSE=0.0519  density=0.0186 vx=0.1537 vy=0.0265 var=0.0088
[epoch 114] loss=-2.4152  blind_MSE=0.0519  density=0.0187 vx=0.1535 vy=0.0265 var=0.0088
[epoch 115] loss=-2.3935  blind_MSE=0.0520  density=0.0185 vx=0.1542 vy=0.0264 var=0.0088
[epoch 116] loss=-2.3474  blind_MSE=0.0519  density=0.0186 vx=0.1537 vy=0.0265 var=0.0088
[epoch 117] loss=-2.3950  blind_MSE=0.0518  density=0.0185 vx=0.1534 vy=0.0264 var=0.0088
[epoch 118] loss=-2.3940  blind_MSE=0.0518  density=0.0186 vx=0.1534 vy=0.0264 var=0.0088
[epoch 119] loss=-2.3272  blind_MSE=0.0520  density=0.0186 vx=0.1539 vy=0.0265 var=0.0088
[epoch 120] loss=-2.3773  blind_MSE=0.0519  density=0.0186 vx=0.1536 vy=0.0265 var=0.0088
[epoch 121] loss=-2.3623  blind_MSE=0.0519  density=0.0186 vx=0.1536 vy=0.0265 var=0.0088
[epoch 122] loss=-2.3722  blind_MSE=0.0517  density=0.0186 vx=0.1529 vy=0.0266 var=0.0088
[epoch 123] loss=-2.3633  blind_MSE=0.0519  density=0.0186 vx=0.1539 vy=0.0266 var=0.0088
[epoch 124] loss=-2.3594  blind_MSE=0.0521  density=0.0186 vx=0.1544 vy=0.0265 var=0.0088
[epoch 125] loss=-2.4372  blind_MSE=0.0520  density=0.0186 vx=0.1542 vy=0.0265 var=0.0088
[2026-09-12T14:54:19.004] error: *** JOB 20211033 ON gpu61 CANCELLED AT 2026-09-12T14:54:19 DUE TO TIME LIMIT ***
