Submitted batch job 20082961
[chain] submitted successor (afterany:20081738)
NVIDIA H200
[obs] obs_every_k = 1  (每帧观测,对齐 EnKF 项目)
[data] 6298 windows of (4, 200, 36, 12)  device=cuda
[model] params=3,945,942 (GENN prior 9,420 = 0.24%; the rest is the solver's ConvLSTM)  loss=nll  n_iter=15  amp=True
[seed] init=2  data=0
[var] AUGMENTED STATE: log sigma^2 iterated with x over 15 steps; prior term of J is a Gaussian log-likelihood of the prior residual   eps=1e-06
[schedule] ep0→5it@lr0.001  ep25→10it@lr0.0007  ep50→15it@lr0.0005  ep75→20it@lr0.0003
[resume] loaded runs/varnet_aug0_s2/varnet_last.pt: continuing from epoch 81 (step 15957)
[best] previous best blind MSE = 0.0475
[schedule] epoch 81: n_iter -> 20, lr -> 0.0003
[epoch  81] loss=-2.3024  盲区MSE=0.0482  density=0.0185 vx=0.1403 vy=0.0253 var=0.0088
[epoch  82] loss=-2.2886  盲区MSE=0.0481  density=0.0185 vx=0.1399 vy=0.0252 var=0.0088
[epoch  83] loss=-2.2782  盲区MSE=0.0482  density=0.0184 vx=0.1403 vy=0.0252 var=0.0088
[epoch  84] loss=-2.2745  盲区MSE=0.0482  density=0.0185 vx=0.1401 vy=0.0253 var=0.0088
[epoch  85] loss=-2.0124  盲区MSE=0.0503  density=0.0194 vx=0.1462 vy=0.0269 var=0.0088
[epoch  86] loss=-2.2899  盲区MSE=0.0486  density=0.0186 vx=0.1414 vy=0.0257 var=0.0088
[epoch  87] loss=-2.2845  盲区MSE=0.0485  density=0.0186 vx=0.1411 vy=0.0255 var=0.0088
[epoch  88] loss=-2.2990  盲区MSE=0.0483  density=0.0185 vx=0.1406 vy=0.0253 var=0.0088
[epoch  89] loss=-2.2888  盲区MSE=0.0482  density=0.0185 vx=0.1403 vy=0.0253 var=0.0088
[epoch  90] loss=-2.2959  盲区MSE=0.0482  density=0.0185 vx=0.1400 vy=0.0254 var=0.0088
[epoch  91] loss=-2.2833  盲区MSE=0.0483  density=0.0185 vx=0.1406 vy=0.0254 var=0.0088
[epoch  92] loss=-2.3388  盲区MSE=0.0481  density=0.0185 vx=0.1399 vy=0.0253 var=0.0088
[epoch  93] loss=-2.3118  盲区MSE=0.0482  density=0.0186 vx=0.1402 vy=0.0255 var=0.0088
[epoch  94] loss=-2.3691  盲区MSE=0.0482  density=0.0185 vx=0.1402 vy=0.0254 var=0.0088
[epoch  95] loss=-2.3004  盲区MSE=0.0482  density=0.0185 vx=0.1403 vy=0.0254 var=0.0088
[epoch  96] loss=-2.3050  盲区MSE=0.0482  density=0.0185 vx=0.1403 vy=0.0254 var=0.0088
[epoch  97] loss=-2.3513  盲区MSE=0.0479  density=0.0185 vx=0.1392 vy=0.0253 var=0.0088
[epoch  98] loss=-2.3455  盲区MSE=0.0482  density=0.0185 vx=0.1403 vy=0.0254 var=0.0088
[epoch  99] loss=-2.3578  盲区MSE=0.0480  density=0.0185 vx=0.1394 vy=0.0252 var=0.0088
[epoch 100] loss=-2.3496  盲区MSE=0.0482  density=0.0185 vx=0.1404 vy=0.0253 var=0.0088
[epoch 101] loss=-0.3977  盲区MSE=0.0547  density=0.0207 vx=0.1605 vy=0.0286 var=0.0089
[epoch 102] loss=0.5383  盲区MSE=0.0629  density=0.0215 vx=0.1854 vy=0.0353 var=0.0092
[2026-09-05T21:05:16.276] error: *** JOB 20081738 ON gpu58 CANCELLED AT 2026-09-05T21:05:16 DUE TO TIME LIMIT ***
