Submitted batch job 20084357
[chain] submitted successor (afterany:20083659)
NVIDIA H200
[obs] obs_every_k = 1  (每帧观测,对齐 EnKF 项目)
[data] 6298 windows of (4, 200, 36, 12)  device=cuda
[model] params=3,945,942 (GENN prior 9,420 = 0.24%; the rest is the solver's ConvLSTM)  loss=nll  n_iter=15  amp=True
[seed] init=4  data=0
[var] AUGMENTED STATE: log sigma^2 iterated with x over 15 steps; prior term of J is a Gaussian log-likelihood of the prior residual   eps=1e-06
[schedule] ep0→5it@lr0.001  ep25→10it@lr0.0007  ep50→15it@lr0.0005  ep75→20it@lr0.0003
[resume] loaded runs/varnet_aug0_s4/varnet_last.pt: continuing from epoch 81 (step 15957)
[best] previous best blind MSE = 0.0475
[schedule] epoch 81: n_iter -> 20, lr -> 0.0003
[epoch  81] loss=-2.3879  盲区MSE=0.0496  density=0.0183 vx=0.1454 vy=0.0258 var=0.0088
[epoch  82] loss=-2.3003  盲区MSE=0.0500  density=0.0183 vx=0.1470 vy=0.0259 var=0.0088
[epoch  83] loss=-2.3237  盲区MSE=0.0497  density=0.0183 vx=0.1457 vy=0.0259 var=0.0088
[epoch  84] loss=-2.3083  盲区MSE=0.0496  density=0.0183 vx=0.1455 vy=0.0258 var=0.0088
[epoch  85] loss=-2.3043  盲区MSE=0.0495  density=0.0182 vx=0.1454 vy=0.0257 var=0.0088
[epoch  86] loss=-2.3656  盲区MSE=0.0497  density=0.0183 vx=0.1458 vy=0.0259 var=0.0088
[epoch  87] loss=-2.3470  盲区MSE=0.0497  density=0.0183 vx=0.1459 vy=0.0259 var=0.0088
[epoch  88] loss=-2.3506  盲区MSE=0.0496  density=0.0183 vx=0.1456 vy=0.0258 var=0.0088
[epoch  89] loss=-2.3224  盲区MSE=0.0495  density=0.0183 vx=0.1451 vy=0.0258 var=0.0088
[epoch  90] loss=-2.3539  盲区MSE=0.0498  density=0.0183 vx=0.1461 vy=0.0259 var=0.0088
[epoch  91] loss=-2.3677  盲区MSE=0.0495  density=0.0182 vx=0.1452 vy=0.0258 var=0.0088
[epoch  92] loss=-2.4236  盲区MSE=0.0496  density=0.0183 vx=0.1454 vy=0.0258 var=0.0088
[epoch  93] loss=-2.3265  盲区MSE=0.0498  density=0.0183 vx=0.1461 vy=0.0259 var=0.0088
[epoch  94] loss=-2.2591  盲区MSE=0.0502  density=0.0185 vx=0.1472 vy=0.0261 var=0.0088
[epoch  95] loss=-2.3995  盲区MSE=0.0499  density=0.0183 vx=0.1468 vy=0.0259 var=0.0088
[epoch  96] loss=-2.1733  盲区MSE=0.0501  density=0.0188 vx=0.1469 vy=0.0261 var=0.0088
[epoch  97] loss=-2.3032  盲区MSE=0.0499  density=0.0183 vx=0.1467 vy=0.0259 var=0.0088
[epoch  98] loss=-2.3520  盲区MSE=0.0497  density=0.0183 vx=0.1460 vy=0.0258 var=0.0088
[epoch  99] loss=-2.3259  盲区MSE=0.0498  density=0.0183 vx=0.1462 vy=0.0259 var=0.0088
[epoch 100] loss=-2.3807  盲区MSE=0.0499  density=0.0183 vx=0.1466 vy=0.0259 var=0.0088
[epoch 101] loss=-2.3431  盲区MSE=0.0499  density=0.0183 vx=0.1467 vy=0.0259 var=0.0088
[epoch 102] loss=-2.3291  盲区MSE=0.0498  density=0.0183 vx=0.1462 vy=0.0259 var=0.0088
[2026-09-06T02:33:38.005] error: *** JOB 20083659 ON gpu55 CANCELLED AT 2026-09-06T02:33:38 DUE TO TIME LIMIT ***
