Submitted batch job 19958005
[chain] submitted successor (afterany:19955887)
NVIDIA H200
[obs] obs_every_k = 1  (每帧观测,对齐 EnKF 项目)
[data] 6298 windows of (4, 200, 36, 12)  device=cuda
[model] params=2,743,542 (GENN prior 9,420 = 0.34%; the rest is the solver's ConvLSTM)  loss=nll  n_iter=15  amp=True
[seed] init=4  data=0
[var read-out] 692,000 params on the last hidden state   sigma^2 = softplus(out_var(h)) + 1e-06   beta=0.0
[schedule] ep0→5it@lr0.001  ep25→10it@lr0.0007  ep50→15it@lr0.0005  ep75→20it@lr0.0003
[resume] loaded runs/varnet_vsb0_s4/varnet_last.pt: continuing from epoch 105 (step 20685)
[best] previous best blind MSE = 0.0423
[schedule] epoch 105: n_iter -> 20, lr -> 0.0003
[epoch 105] loss=-2.5287  盲区MSE=0.0426  density=0.0177 vx=0.1218 vy=0.0222 var=0.0087
[epoch 106] loss=-2.5309  盲区MSE=0.0426  density=0.0179 vx=0.1218 vy=0.0222 var=0.0087
[epoch 107] loss=-2.4656  盲区MSE=0.0425  density=0.0178 vx=0.1216 vy=0.0221 var=0.0087
[epoch 108] loss=-2.4560  盲区MSE=0.0425  density=0.0178 vx=0.1215 vy=0.0221 var=0.0087
[epoch 109] loss=-2.4862  盲区MSE=0.0426  density=0.0178 vx=0.1217 vy=0.0221 var=0.0087
[epoch 110] loss=-2.4176  盲区MSE=0.0426  density=0.0178 vx=0.1216 vy=0.0221 var=0.0087
[epoch 111] loss=-2.4966  盲区MSE=0.0426  density=0.0177 vx=0.1217 vy=0.0221 var=0.0087
[epoch 112] loss=-2.5365  盲区MSE=0.0425  density=0.0177 vx=0.1216 vy=0.0221 var=0.0087
[epoch 113] loss=-2.4877  盲区MSE=0.0426  density=0.0177 vx=0.1216 vy=0.0221 var=0.0087
[epoch 114] loss=-2.4770  盲区MSE=0.0426  density=0.0178 vx=0.1217 vy=0.0221 var=0.0087
[epoch 115] loss=-2.5554  盲区MSE=0.0425  density=0.0178 vx=0.1215 vy=0.0221 var=0.0087
[epoch 116] loss=-2.5286  盲区MSE=0.0426  density=0.0177 vx=0.1218 vy=0.0221 var=0.0087
[epoch 117] loss=-2.4944  盲区MSE=0.0427  density=0.0178 vx=0.1220 vy=0.0221 var=0.0087
[epoch 118] loss=-2.5490  盲区MSE=0.0426  density=0.0178 vx=0.1219 vy=0.0222 var=0.0087
[epoch 119] loss=-2.5414  盲区MSE=0.0426  density=0.0177 vx=0.1218 vy=0.0221 var=0.0087
[epoch 120] loss=-2.4849  盲区MSE=0.0426  density=0.0177 vx=0.1218 vy=0.0221 var=0.0087
[epoch 121] loss=-2.4794  盲区MSE=0.0426  density=0.0178 vx=0.1218 vy=0.0221 var=0.0087
[epoch 122] loss=-2.5330  盲区MSE=0.0427  density=0.0178 vx=0.1221 vy=0.0222 var=0.0087
[epoch 123] loss=-2.4718  盲区MSE=0.0426  density=0.0177 vx=0.1217 vy=0.0221 var=0.0087
[epoch 124] loss=-2.5325  盲区MSE=0.0426  density=0.0178 vx=0.1218 vy=0.0221 var=0.0087
[epoch 125] loss=-2.5486  盲区MSE=0.0426  density=0.0178 vx=0.1218 vy=0.0221 var=0.0087
[epoch 126] loss=-2.5584  盲区MSE=0.0426  density=0.0178 vx=0.1217 vy=0.0221 var=0.0087
[epoch 127] loss=-2.4309  盲区MSE=0.0426  density=0.0177 vx=0.1218 vy=0.0221 var=0.0087
[2026-08-27T02:04:03.010] error: *** JOB 19955887 ON gpu52 CANCELLED AT 2026-08-27T02:04:03 DUE TO TIME LIMIT ***
