Submitted batch job 19960393
[chain] submitted successor (afterany:19957885)
NVIDIA H200
[obs] obs_every_k = 1  (每帧观测,对齐 EnKF 项目)
[data] 6298 windows of (4, 200, 36, 12)  device=cuda
[model] params=2,743,542 (GENN prior 9,420 = 0.34%; the rest is the solver's ConvLSTM)  loss=nll  n_iter=15  amp=True
[seed] init=0  data=0
[var read-out] 692,000 params on the last hidden state   sigma^2 = softplus(out_var(h)) + 1e-06   beta=0.0
[schedule] ep0→5it@lr0.001  ep25→10it@lr0.0007  ep50→15it@lr0.0005  ep75→20it@lr0.0003
[resume] loaded runs/varnet_vsb0_s0/varnet_last.pt: continuing from epoch 126 (step 24822)
[best] previous best blind MSE = 0.0419
[schedule] epoch 126: n_iter -> 20, lr -> 0.0003
[epoch 126] loss=-2.4352  盲区MSE=0.0421  density=0.0177 vx=0.1205 vy=0.0213 var=0.0088
[epoch 127] loss=-2.4099  盲区MSE=0.0421  density=0.0177 vx=0.1206 vy=0.0213 var=0.0088
[epoch 128] loss=-2.3956  盲区MSE=0.0421  density=0.0177 vx=0.1206 vy=0.0213 var=0.0088
[epoch 129] loss=-2.4897  盲区MSE=0.0421  density=0.0177 vx=0.1207 vy=0.0213 var=0.0088
[epoch 130] loss=-2.4743  盲区MSE=0.0420  density=0.0177 vx=0.1204 vy=0.0213 var=0.0088
[epoch 131] loss=-2.4382  盲区MSE=0.0421  density=0.0178 vx=0.1206 vy=0.0213 var=0.0088
[epoch 132] loss=-2.5089  盲区MSE=0.0421  density=0.0177 vx=0.1206 vy=0.0213 var=0.0088
[epoch 133] loss=-2.3982  盲区MSE=0.0422  density=0.0178 vx=0.1209 vy=0.0213 var=0.0088
[epoch 134] loss=-2.4040  盲区MSE=0.0422  density=0.0177 vx=0.1208 vy=0.0213 var=0.0088
[epoch 135] loss=-2.4702  盲区MSE=0.0421  density=0.0177 vx=0.1207 vy=0.0213 var=0.0088
[epoch 136] loss=-2.5009  盲区MSE=0.0421  density=0.0177 vx=0.1207 vy=0.0213 var=0.0088
[epoch 137] loss=-2.4329  盲区MSE=0.0421  density=0.0177 vx=0.1208 vy=0.0213 var=0.0088
[epoch 138] loss=-2.4511  盲区MSE=0.0422  density=0.0177 vx=0.1209 vy=0.0213 var=0.0088
[epoch 139] loss=-2.5286  盲区MSE=0.0421  density=0.0178 vx=0.1207 vy=0.0213 var=0.0088
[epoch 140] loss=-2.4214  盲区MSE=0.0421  density=0.0177 vx=0.1207 vy=0.0213 var=0.0088
[epoch 141] loss=-2.4788  盲区MSE=0.0422  density=0.0178 vx=0.1208 vy=0.0213 var=0.0088
[epoch 142] loss=-2.4926  盲区MSE=0.0422  density=0.0178 vx=0.1208 vy=0.0213 var=0.0088
[epoch 143] loss=-2.4311  盲区MSE=0.0422  density=0.0178 vx=0.1208 vy=0.0213 var=0.0088
[epoch 144] loss=-2.5050  盲区MSE=0.0421  density=0.0177 vx=0.1207 vy=0.0213 var=0.0088
[epoch 145] loss=-2.5042  盲区MSE=0.0421  density=0.0177 vx=0.1208 vy=0.0213 var=0.0088
[epoch 146] loss=-2.4798  盲区MSE=0.0422  density=0.0178 vx=0.1209 vy=0.0213 var=0.0088
[epoch 147] loss=-2.4599  盲区MSE=0.0421  density=0.0178 vx=0.1207 vy=0.0213 var=0.0088
[2026-08-27T04:57:43.007] error: *** JOB 19957885 ON gpu56 CANCELLED AT 2026-08-27T04:57:43 DUE TO TIME LIMIT ***
