Submitted batch job 20190499
[chain] submitted successor (afterany:20179011)
NVIDIA H200
[obs] obs_every_k = 1  (observed every frame, matching the EnKF project)
[data] 6298 windows of (4, 200, 36, 12)  device=cuda
[model] params=2,788,342 (GENN prior 54,220 = 1.94%; the rest is the solver's ConvLSTM)  loss=nll  n_iter=15  amp=True
[seed] init=0  data=0
[var read-out] 692,000 params on the last hidden state   sigma^2 = softplus(out_var(h)) + 1e-06   beta=0.0
[schedule] ep0→5it@lr0.001  ep25→10it@lr0.0007  ep50→15it@lr0.0005  ep75→20it@lr0.0003
[resume] loaded runs/varnet_vsb0_h96_s0/varnet_last.pt: continuing from epoch 73 (step 14381)
[best] previous best blind MSE = 0.0408
[epoch  73] loss=-2.4620  blind_MSE=0.0412  density=0.0175 vx=0.1176 vy=0.0210 var=0.0088
[epoch  74] loss=-2.4621  blind_MSE=0.0414  density=0.0176 vx=0.1182 vy=0.0210 var=0.0088
[schedule] epoch 75: n_iter -> 20, lr -> 0.0003
[epoch  75] loss=-2.4921  blind_MSE=0.0413  density=0.0174 vx=0.1181 vy=0.0211 var=0.0088
[epoch  76] loss=-2.4405  blind_MSE=0.0412  density=0.0174 vx=0.1176 vy=0.0210 var=0.0088
[epoch  77] loss=-2.5052  blind_MSE=0.0411  density=0.0174 vx=0.1172 vy=0.0210 var=0.0088
[epoch  78] loss=-2.4893  blind_MSE=0.0413  density=0.0176 vx=0.1176 vy=0.0210 var=0.0088
[epoch  79] loss=-2.5136  blind_MSE=0.0412  density=0.0175 vx=0.1177 vy=0.0210 var=0.0088
[epoch  80] loss=-2.4978  blind_MSE=0.0412  density=0.0174 vx=0.1176 vy=0.0210 var=0.0088
[epoch  81] loss=-2.5078  blind_MSE=0.0412  density=0.0175 vx=0.1174 vy=0.0210 var=0.0088
[epoch  82] loss=-2.4547  blind_MSE=0.0412  density=0.0174 vx=0.1175 vy=0.0210 var=0.0088
[epoch  83] loss=-2.5065  blind_MSE=0.0412  density=0.0175 vx=0.1175 vy=0.0210 var=0.0088
[epoch  84] loss=-2.4874  blind_MSE=0.0412  density=0.0175 vx=0.1174 vy=0.0210 var=0.0088
[epoch  85] loss=-2.4950  blind_MSE=0.0412  density=0.0172 vx=0.1178 vy=0.0210 var=0.0088
[epoch  86] loss=-2.4658  blind_MSE=0.0412  density=0.0174 vx=0.1177 vy=0.0210 var=0.0088
[epoch  87] loss=-2.5023  blind_MSE=0.0413  density=0.0175 vx=0.1178 vy=0.0210 var=0.0088
[epoch  88] loss=-2.4834  blind_MSE=0.0413  density=0.0175 vx=0.1180 vy=0.0210 var=0.0088
[epoch  89] loss=-2.4643  blind_MSE=0.0412  density=0.0172 vx=0.1179 vy=0.0211 var=0.0088
[epoch  90] loss=-2.4822  blind_MSE=0.0412  density=0.0174 vx=0.1175 vy=0.0210 var=0.0088
[2026-09-10T06:44:56.004] error: *** JOB 20179011 ON gpu61 CANCELLED AT 2026-09-10T06:44:56 DUE TO TIME LIMIT ***
