Submitted batch job 20190305
[chain] submitted successor (afterany:20178976)
NVIDIA H200
[obs] obs_every_k = 1  (observed every frame, matching the EnKF project)
[data] 6298 windows of (4, 200, 36, 12)  device=cuda
[model] params=3,990,742 (GENN prior 54,220 = 1.36%; the rest is the solver's ConvLSTM)  loss=nll  n_iter=15  amp=True
[seed] init=4  data=0
[var] AUGMENTED STATE: log sigma^2 iterated with x over 15 steps; prior term of J is a Gaussian log-likelihood of the prior residual   eps=1e-06
[schedule] ep0→5it@lr0.001  ep25→10it@lr0.0007  ep50→15it@lr0.0005  ep75→20it@lr0.0003
[resume] loaded runs/varnet_aug0_h96_s4/varnet_last.pt: continuing from epoch 48 (step 9456)
[best] previous best blind MSE = 0.0493
[schedule] epoch 48: n_iter -> 10, lr -> 0.0007
[epoch  48] loss=-2.3173  blind_MSE=0.0489  density=0.0182 vx=0.1432 vy=0.0253 var=0.0087
           ↑ new best (0.0489) -> varnet_best.pt
[epoch  49] loss=-2.2608  blind_MSE=0.0491  density=0.0182 vx=0.1442 vy=0.0253 var=0.0087
[schedule] epoch 50: n_iter -> 15, lr -> 0.0005
[epoch  50] loss=-2.2299  blind_MSE=0.0497  density=0.0183 vx=0.1462 vy=0.0254 var=0.0087
[epoch  51] loss=-2.2723  blind_MSE=0.0492  density=0.0184 vx=0.1445 vy=0.0254 var=0.0087
[epoch  52] loss=-2.3219  blind_MSE=0.0492  density=0.0182 vx=0.1447 vy=0.0253 var=0.0087
[epoch  53] loss=-2.1964  blind_MSE=0.0495  density=0.0185 vx=0.1451 vy=0.0258 var=0.0087
[epoch  54] loss=-2.2764  blind_MSE=0.0494  density=0.0183 vx=0.1450 vy=0.0254 var=0.0087
[epoch  55] loss=-2.1827  blind_MSE=0.0492  density=0.0183 vx=0.1442 vy=0.0254 var=0.0087
[epoch  56] loss=-2.2781  blind_MSE=0.0488  density=0.0182 vx=0.1432 vy=0.0252 var=0.0087
           ↑ new best (0.0488) -> varnet_best.pt
[epoch  57] loss=-2.2037  blind_MSE=0.0494  density=0.0184 vx=0.1449 vy=0.0257 var=0.0087
[epoch  58] loss=-2.2692  blind_MSE=0.0490  density=0.0184 vx=0.1436 vy=0.0253 var=0.0087
[epoch  59] loss=-2.3133  blind_MSE=0.0490  density=0.0183 vx=0.1439 vy=0.0253 var=0.0087
[epoch  60] loss=-2.3683  blind_MSE=0.0490  density=0.0182 vx=0.1439 vy=0.0254 var=0.0087
[epoch  61] loss=-2.2613  blind_MSE=0.0497  density=0.0185 vx=0.1458 vy=0.0256 var=0.0087
[epoch  62] loss=-2.3242  blind_MSE=0.0491  density=0.0183 vx=0.1440 vy=0.0254 var=0.0087
[epoch  63] loss=-2.2794  blind_MSE=0.0496  density=0.0184 vx=0.1458 vy=0.0255 var=0.0087
[epoch  64] loss=-2.3264  blind_MSE=0.0491  density=0.0183 vx=0.1439 vy=0.0254 var=0.0087
[epoch  65] loss=-1.7983  blind_MSE=0.0543  density=0.0201 vx=0.1585 vy=0.0297 var=0.0089
[epoch  66] loss=-2.2450  blind_MSE=0.0497  density=0.0185 vx=0.1458 vy=0.0258 var=0.0087
[epoch  67] loss=-2.2245  blind_MSE=0.0493  density=0.0183 vx=0.1447 vy=0.0254 var=0.0087
[epoch  68] loss=-2.3000  blind_MSE=0.0497  density=0.0185 vx=0.1462 vy=0.0256 var=0.0087
[epoch  69] loss=-2.2924  blind_MSE=0.0489  density=0.0184 vx=0.1431 vy=0.0253 var=0.0087
[epoch  70] loss=-2.2254  blind_MSE=0.0495  density=0.0186 vx=0.1448 vy=0.0257 var=0.0087
[epoch  71] loss=-2.2756  blind_MSE=0.0495  density=0.0183 vx=0.1454 vy=0.0255 var=0.0087
[2026-09-10T06:39:26.007] error: *** JOB 20178976 ON gpu63 CANCELLED AT 2026-09-10T06:39:26 DUE TO TIME LIMIT ***
