Submitted batch job 20228360
[chain] submitted successor (afterany:20224583)
NVIDIA H200
[obs] obs_every_k = 1  (observed every frame, matching the EnKF project)
[data] 6298 windows of (4, 200, 36, 12)  device=cuda
[model] params=3,990,742 (GENN prior 54,220 = 1.36%; the rest is the solver's ConvLSTM)  loss=nll  n_iter=15  amp=True
[seed] init=4  data=0
[var] AUGMENTED STATE: log sigma^2 iterated with x over 15 steps; prior term of J is a Gaussian log-likelihood of the prior residual   eps=1e-06
[schedule] ep0→5it@lr0.001  ep25→10it@lr0.0007  ep50→15it@lr0.0005  ep75→20it@lr0.0003
[resume] loaded runs/varnet_aug0_h96_s4/varnet_last.pt: continuing from epoch 109 (step 21473)
[best] previous best blind MSE = 0.0483
[schedule] epoch 109: n_iter -> 20, lr -> 0.0003
[epoch 109] loss=-2.4047  blind_MSE=0.0489  density=0.0182 vx=0.1435 vy=0.0253 var=0.0087
[epoch 110] loss=-2.3441  blind_MSE=0.0487  density=0.0181 vx=0.1426 vy=0.0252 var=0.0087
[epoch 111] loss=-2.3240  blind_MSE=0.0489  density=0.0183 vx=0.1433 vy=0.0252 var=0.0087
[epoch 112] loss=-2.3157  blind_MSE=0.0488  density=0.0181 vx=0.1432 vy=0.0252 var=0.0087
[epoch 113] loss=-2.3756  blind_MSE=0.0487  density=0.0181 vx=0.1427 vy=0.0252 var=0.0087
[epoch 114] loss=-2.3067  blind_MSE=0.0484  density=0.0180 vx=0.1420 vy=0.0249 var=0.0087
[epoch 115] loss=-2.3540  blind_MSE=0.0488  density=0.0182 vx=0.1430 vy=0.0253 var=0.0087
[epoch 116] loss=-2.2436  blind_MSE=0.0489  density=0.0182 vx=0.1431 vy=0.0257 var=0.0087
[epoch 117] loss=-2.3143  blind_MSE=0.0488  density=0.0183 vx=0.1431 vy=0.0253 var=0.0087
[epoch 118] loss=-2.3109  blind_MSE=0.0486  density=0.0182 vx=0.1425 vy=0.0252 var=0.0087
[epoch 119] loss=-2.3223  blind_MSE=0.0488  density=0.0182 vx=0.1428 vy=0.0253 var=0.0087
[epoch 120] loss=-2.3521  blind_MSE=0.0489  density=0.0182 vx=0.1431 vy=0.0254 var=0.0087
[epoch 121] loss=-2.3932  blind_MSE=0.0487  density=0.0182 vx=0.1426 vy=0.0252 var=0.0087
[epoch 122] loss=-2.1861  blind_MSE=0.0486  density=0.0180 vx=0.1426 vy=0.0251 var=0.0087
[epoch 123] loss=-2.3777  blind_MSE=0.0487  density=0.0182 vx=0.1428 vy=0.0252 var=0.0087
[epoch 124] loss=-2.3428  blind_MSE=0.0488  density=0.0181 vx=0.1431 vy=0.0254 var=0.0087
[epoch 125] loss=-2.3933  blind_MSE=0.0486  density=0.0181 vx=0.1425 vy=0.0252 var=0.0087
[epoch 126] loss=-2.3113  blind_MSE=0.0487  density=0.0181 vx=0.1428 vy=0.0251 var=0.0087
[2026-09-12T21:18:08.006] error: *** JOB 20224583 ON gpu60 CANCELLED AT 2026-09-12T21:18:08 DUE TO TIME LIMIT ***
