Submitted batch job 20228718
[chain] submitted successor (afterany:20224651)
NVIDIA H200
[obs] obs_every_k = 1  (observed every frame, matching the EnKF project)
[data] 6298 windows of (4, 200, 36, 12)  device=cuda
[model] params=2,788,342 (GENN prior 54,220 = 1.94%; the rest is the solver's ConvLSTM)  loss=nll  n_iter=15  amp=True
[seed] init=1  data=0
[var read-out] 692,000 params on the last hidden state   sigma^2 = softplus(out_var(h)) + 1e-06   beta=0.0
[schedule] ep0→5it@lr0.001  ep25→10it@lr0.0007  ep50→15it@lr0.0005  ep75→20it@lr0.0003
[resume] loaded runs/varnet_vsb0_h96_s1/varnet_last.pt: continuing from epoch 130 (step 25610)
[best] previous best blind MSE = 0.0409
[schedule] epoch 130: n_iter -> 20, lr -> 0.0003
[epoch 130] loss=-2.5339  blind_MSE=0.0415  density=0.0178 vx=0.1180 vy=0.0215 var=0.0088
[epoch 131] loss=-2.4983  blind_MSE=0.0414  density=0.0177 vx=0.1176 vy=0.0215 var=0.0088
[epoch 132] loss=-2.4379  blind_MSE=0.0414  density=0.0176 vx=0.1177 vy=0.0216 var=0.0088
[epoch 133] loss=-2.5465  blind_MSE=0.0413  density=0.0175 vx=0.1174 vy=0.0215 var=0.0088
[epoch 134] loss=-2.5021  blind_MSE=0.0414  density=0.0179 vx=0.1174 vy=0.0216 var=0.0088
[epoch 135] loss=-2.5223  blind_MSE=0.0414  density=0.0176 vx=0.1175 vy=0.0215 var=0.0088
[epoch 136] loss=-2.5026  blind_MSE=0.0414  density=0.0177 vx=0.1175 vy=0.0215 var=0.0088
[epoch 137] loss=-2.5278  blind_MSE=0.0413  density=0.0177 vx=0.1173 vy=0.0215 var=0.0088
[epoch 138] loss=-2.4039  blind_MSE=0.0415  density=0.0177 vx=0.1180 vy=0.0215 var=0.0088
[epoch 139] loss=-2.5363  blind_MSE=0.0415  density=0.0178 vx=0.1180 vy=0.0216 var=0.0088
[epoch 140] loss=-2.5047  blind_MSE=0.0414  density=0.0177 vx=0.1175 vy=0.0216 var=0.0088
[epoch 141] loss=-2.5336  blind_MSE=0.0414  density=0.0177 vx=0.1176 vy=0.0215 var=0.0088
[epoch 142] loss=-2.4848  blind_MSE=0.0415  density=0.0177 vx=0.1178 vy=0.0215 var=0.0088
[epoch 143] loss=-2.5121  blind_MSE=0.0414  density=0.0178 vx=0.1175 vy=0.0215 var=0.0088
[epoch 144] loss=-2.4384  blind_MSE=0.0415  density=0.0178 vx=0.1178 vy=0.0216 var=0.0088
[epoch 145] loss=-2.4082  blind_MSE=0.0415  density=0.0179 vx=0.1179 vy=0.0216 var=0.0088
[epoch 146] loss=-2.5204  blind_MSE=0.0414  density=0.0178 vx=0.1175 vy=0.0215 var=0.0088
[epoch 147] loss=-2.5041  blind_MSE=0.0415  density=0.0178 vx=0.1179 vy=0.0215 var=0.0088
[2026-09-12T22:16:39.008] error: *** JOB 20224651 ON gpu57 CANCELLED AT 2026-09-12T22:16:39 DUE TO TIME LIMIT ***
