Submitted batch job 20168318
[chain] submitted successor (afterany:20166677)
NVIDIA H200
[obs] obs_every_k = 1  (observed every frame, matching the EnKF project)
[data] 6298 windows of (4, 200, 36, 12)  device=cuda
[model] params=2,788,342 (GENN prior 54,220 = 1.94%; the rest is the solver's ConvLSTM)  loss=nll  n_iter=15  amp=True
[seed] init=2  data=0
[var read-out] 692,000 params on the last hidden state   sigma^2 = softplus(out_var(h)) + 1e-06   beta=0.0
[schedule] ep0→5it@lr0.001  ep25→10it@lr0.0007  ep50→15it@lr0.0005  ep75→20it@lr0.0003
[schedule] epoch 0: n_iter -> 5, lr -> 0.001
[epoch   0] loss=-1.1264  blind_MSE=0.0794  density=0.0228 vx=0.2479 vy=0.0382 var=0.0089
           ↑ new best (0.0794) -> varnet_best.pt
[epoch   1] loss=-1.1962  blind_MSE=0.0794  density=0.0228 vx=0.2479 vy=0.0382 var=0.0089
           ↑ new best (0.0794) -> varnet_best.pt
[epoch   2] loss=-1.6469  blind_MSE=0.0758  density=0.0227 vx=0.2342 vy=0.0373 var=0.0090
           ↑ new best (0.0758) -> varnet_best.pt
[epoch   3] loss=-1.8250  blind_MSE=0.0711  density=0.0225 vx=0.2171 vy=0.0358 var=0.0089
           ↑ new best (0.0711) -> varnet_best.pt
[epoch   4] loss=-1.8830  blind_MSE=0.0660  density=0.0219 vx=0.1994 vy=0.0337 var=0.0089
           ↑ new best (0.0660) -> varnet_best.pt
[epoch   5] loss=-1.9346  blind_MSE=0.0617  density=0.0206 vx=0.1864 vy=0.0310 var=0.0089
           ↑ new best (0.0617) -> varnet_best.pt
[epoch   6] loss=-2.0191  blind_MSE=0.0562  density=0.0195 vx=0.1681 vy=0.0286 var=0.0088
           ↑ new best (0.0562) -> varnet_best.pt
[epoch   7] loss=-2.0483  blind_MSE=0.0515  density=0.0183 vx=0.1529 vy=0.0262 var=0.0086
           ↑ new best (0.0515) -> varnet_best.pt
[epoch   8] loss=-2.0705  blind_MSE=0.0486  density=0.0177 vx=0.1434 vy=0.0248 var=0.0085
           ↑ new best (0.0486) -> varnet_best.pt
[epoch   9] loss=-2.1001  blind_MSE=0.0474  density=0.0176 vx=0.1390 vy=0.0243 var=0.0085
           ↑ new best (0.0474) -> varnet_best.pt
[epoch  10] loss=-2.0623  blind_MSE=0.0470  density=0.0179 vx=0.1372 vy=0.0244 var=0.0086
           ↑ new best (0.0470) -> varnet_best.pt
[epoch  11] loss=-2.1181  blind_MSE=0.0463  density=0.0179 vx=0.1346 vy=0.0241 var=0.0087
           ↑ new best (0.0463) -> varnet_best.pt
[epoch  12] loss=-2.1234  blind_MSE=0.0464  density=0.0181 vx=0.1344 vy=0.0243 var=0.0087
[epoch  13] loss=-2.1416  blind_MSE=0.0457  density=0.0179 vx=0.1320 vy=0.0242 var=0.0088
           ↑ new best (0.0457) -> varnet_best.pt
[epoch  14] loss=-2.1776  blind_MSE=0.0454  density=0.0180 vx=0.1309 vy=0.0238 var=0.0088
           ↑ new best (0.0454) -> varnet_best.pt
[epoch  15] loss=-2.2275  blind_MSE=0.0451  density=0.0183 vx=0.1293 vy=0.0240 var=0.0088
           ↑ new best (0.0451) -> varnet_best.pt
[epoch  16] loss=-2.2705  blind_MSE=0.0447  density=0.0181 vx=0.1282 vy=0.0239 var=0.0088
           ↑ new best (0.0447) -> varnet_best.pt
[epoch  17] loss=-2.2628  blind_MSE=0.0445  density=0.0182 vx=0.1274 vy=0.0238 var=0.0088
           ↑ new best (0.0445) -> varnet_best.pt
[epoch  18] loss=-2.2434  blind_MSE=0.0445  density=0.0183 vx=0.1271 vy=0.0239 var=0.0088
           ↑ new best (0.0445) -> varnet_best.pt
[epoch  19] loss=-2.2540  blind_MSE=0.0444  density=0.0183 vx=0.1265 vy=0.0239 var=0.0088
           ↑ new best (0.0444) -> varnet_best.pt
[epoch  20] loss=-2.2623  blind_MSE=0.0442  density=0.0182 vx=0.1263 vy=0.0235 var=0.0088
           ↑ new best (0.0442) -> varnet_best.pt
[epoch  21] loss=-2.2335  blind_MSE=0.0443  density=0.0184 vx=0.1263 vy=0.0238 var=0.0088
[epoch  22] loss=-2.2914  blind_MSE=0.0442  density=0.0184 vx=0.1262 vy=0.0235 var=0.0088
[epoch  23] loss=-2.3100  blind_MSE=0.0440  density=0.0184 vx=0.1254 vy=0.0236 var=0.0088
           ↑ new best (0.0440) -> varnet_best.pt
[epoch  24] loss=-2.3002  blind_MSE=0.0440  density=0.0184 vx=0.1255 vy=0.0235 var=0.0088
[schedule] epoch 25: n_iter -> 10, lr -> 0.0007
[epoch  25] loss=-2.3024  blind_MSE=0.0440  density=0.0184 vx=0.1248 vy=0.0239 var=0.0088
           ↑ new best (0.0440) -> varnet_best.pt
[epoch  26] loss=-2.2861  blind_MSE=0.0437  density=0.0183 vx=0.1244 vy=0.0233 var=0.0088
           ↑ new best (0.0437) -> varnet_best.pt
[epoch  27] loss=-2.2537  blind_MSE=0.0436  density=0.0185 vx=0.1237 vy=0.0233 var=0.0088
           ↑ new best (0.0436) -> varnet_best.pt
[epoch  28] loss=-2.3054  blind_MSE=0.0435  density=0.0183 vx=0.1238 vy=0.0231 var=0.0088
           ↑ new best (0.0435) -> varnet_best.pt
[epoch  29] loss=-2.2920  blind_MSE=0.0435  density=0.0182 vx=0.1239 vy=0.0230 var=0.0088
           ↑ new best (0.0435) -> varnet_best.pt
[epoch  30] loss=-2.3627  blind_MSE=0.0435  density=0.0183 vx=0.1237 vy=0.0230 var=0.0088
           ↑ new best (0.0435) -> varnet_best.pt
[epoch  31] loss=-2.3272  blind_MSE=0.0434  density=0.0183 vx=0.1236 vy=0.0229 var=0.0088
           ↑ new best (0.0434) -> varnet_best.pt
[epoch  32] loss=-2.4328  blind_MSE=0.0436  density=0.0183 vx=0.1242 vy=0.0230 var=0.0088
[epoch  33] loss=-2.4165  blind_MSE=0.0433  density=0.0182 vx=0.1233 vy=0.0228 var=0.0088
           ↑ new best (0.0433) -> varnet_best.pt
[epoch  34] loss=-2.3995  blind_MSE=0.0432  density=0.0181 vx=0.1232 vy=0.0228 var=0.0088
           ↑ new best (0.0432) -> varnet_best.pt
[epoch  35] loss=-2.3676  blind_MSE=0.0436  density=0.0184 vx=0.1241 vy=0.0229 var=0.0088
[epoch  36] loss=-2.3865  blind_MSE=0.0436  density=0.0184 vx=0.1241 vy=0.0229 var=0.0088
[epoch  37] loss=-2.3726  blind_MSE=0.0435  density=0.0184 vx=0.1240 vy=0.0228 var=0.0088
[epoch  38] loss=-2.4389  blind_MSE=0.0434  density=0.0184 vx=0.1236 vy=0.0228 var=0.0088
[epoch  39] loss=-2.3250  blind_MSE=0.0434  density=0.0184 vx=0.1237 vy=0.0227 var=0.0088
[epoch  40] loss=-2.4339  blind_MSE=0.0434  density=0.0184 vx=0.1237 vy=0.0226 var=0.0088
[epoch  41] loss=-2.4397  blind_MSE=0.0434  density=0.0184 vx=0.1237 vy=0.0227 var=0.0088
[epoch  42] loss=-2.4337  blind_MSE=0.0435  density=0.0186 vx=0.1239 vy=0.0228 var=0.0088
[epoch  43] loss=-2.4260  blind_MSE=0.0434  density=0.0184 vx=0.1238 vy=0.0226 var=0.0088
[epoch  44] loss=-2.4107  blind_MSE=0.0435  density=0.0185 vx=0.1240 vy=0.0228 var=0.0088
[epoch  45] loss=-2.3948  blind_MSE=0.0435  density=0.0186 vx=0.1239 vy=0.0228 var=0.0088
[epoch  46] loss=-2.3983  blind_MSE=0.0434  density=0.0184 vx=0.1240 vy=0.0225 var=0.0088
[epoch  47] loss=-2.4071  blind_MSE=0.0436  density=0.0186 vx=0.1242 vy=0.0227 var=0.0088
[2026-09-09T19:01:39.005] error: *** JOB 20166677 ON gpu53 CANCELLED AT 2026-09-09T19:01:39 DUE TO TIME LIMIT ***
