Submitted batch job 19940946
[chain] submitted successor (afterany:19938754)
NVIDIA H200
[obs] obs_every_k = 1  (每帧观测,对齐 EnKF 项目)
[data] 6298 windows of (4, 200, 36, 12)  device=cuda
[model] params=2,103,542 (GENN prior 9,420 = 0.45%; the rest is the solver's ConvLSTM)  loss=nll  n_iter=15  amp=True
[seed] init=0  data=0
[var read-out] 52,000 params on the last hidden state   sigma^2 = softplus(out_var(h)) + 1e-06   beta=1.0
[schedule] ep0→5it@lr0.001  ep25→10it@lr0.0007  ep50→15it@lr0.0005  ep75→20it@lr0.0003
[resume] loaded runs/varnet_vrb1_s0/varnet_last.pt: continuing from epoch 54 (step 10638)
[best] previous best blind MSE = 0.0316
[epoch  54] loss=-0.0176  盲区MSE=0.0315  density=0.0168 vx=0.0780 vy=0.0228 var=0.0085
           ↑ new best (0.0315) -> varnet_best.pt
[epoch  55] loss=-0.0176  盲区MSE=0.0315  density=0.0168 vx=0.0778 vy=0.0227 var=0.0085
           ↑ new best (0.0315) -> varnet_best.pt
[epoch  56] loss=-0.0174  盲区MSE=0.0314  density=0.0168 vx=0.0776 vy=0.0227 var=0.0085
           ↑ new best (0.0314) -> varnet_best.pt
[epoch  57] loss=-0.0171  盲区MSE=0.0315  density=0.0168 vx=0.0779 vy=0.0227 var=0.0085
[epoch  58] loss=-0.0181  盲区MSE=0.0314  density=0.0168 vx=0.0776 vy=0.0227 var=0.0085
           ↑ new best (0.0314) -> varnet_best.pt
[epoch  59] loss=-0.0173  盲区MSE=0.0313  density=0.0167 vx=0.0773 vy=0.0227 var=0.0085
           ↑ new best (0.0313) -> varnet_best.pt
[epoch  60] loss=-0.0189  盲区MSE=0.0313  density=0.0167 vx=0.0774 vy=0.0227 var=0.0085
[epoch  61] loss=-0.0163  盲区MSE=0.0313  density=0.0168 vx=0.0773 vy=0.0227 var=0.0086
[epoch  62] loss=-0.0182  盲区MSE=0.0313  density=0.0168 vx=0.0772 vy=0.0227 var=0.0086
           ↑ new best (0.0313) -> varnet_best.pt
[epoch  63] loss=-0.0182  盲区MSE=0.0313  density=0.0167 vx=0.0771 vy=0.0227 var=0.0086
           ↑ new best (0.0313) -> varnet_best.pt
[epoch  64] loss=-0.0175  盲区MSE=0.0312  density=0.0168 vx=0.0770 vy=0.0227 var=0.0086
           ↑ new best (0.0312) -> varnet_best.pt
[epoch  65] loss=-0.0196  盲区MSE=0.0312  density=0.0167 vx=0.0769 vy=0.0226 var=0.0086
           ↑ new best (0.0312) -> varnet_best.pt
[epoch  66] loss=-0.0187  盲区MSE=0.0312  density=0.0168 vx=0.0770 vy=0.0226 var=0.0086
[epoch  67] loss=-0.0160  盲区MSE=0.0312  density=0.0167 vx=0.0768 vy=0.0226 var=0.0086
           ↑ new best (0.0312) -> varnet_best.pt
[epoch  68] loss=-0.0178  盲区MSE=0.0312  density=0.0168 vx=0.0768 vy=0.0226 var=0.0086
[epoch  69] loss=-0.0170  盲区MSE=0.0312  density=0.0167 vx=0.0768 vy=0.0226 var=0.0086
           ↑ new best (0.0312) -> varnet_best.pt
[epoch  70] loss=-0.0186  盲区MSE=0.0311  density=0.0167 vx=0.0766 vy=0.0226 var=0.0086
           ↑ new best (0.0311) -> varnet_best.pt
[epoch  71] loss=-0.0179  盲区MSE=0.0312  density=0.0167 vx=0.0769 vy=0.0226 var=0.0086
[epoch  72] loss=-0.0178  盲区MSE=0.0311  density=0.0167 vx=0.0765 vy=0.0226 var=0.0086
           ↑ new best (0.0311) -> varnet_best.pt
[epoch  73] loss=-0.0176  盲区MSE=0.0311  density=0.0167 vx=0.0765 vy=0.0226 var=0.0086
[epoch  74] loss=-0.0179  盲区MSE=0.0311  density=0.0167 vx=0.0763 vy=0.0226 var=0.0086
           ↑ new best (0.0311) -> varnet_best.pt
[schedule] epoch 75: n_iter -> 20, lr -> 0.0003
[epoch  75] loss=-0.0199  盲区MSE=0.0314  density=0.0170 vx=0.0770 vy=0.0227 var=0.0087
[epoch  76] loss=-0.0181  盲区MSE=0.0311  density=0.0168 vx=0.0763 vy=0.0226 var=0.0087
[epoch  77] loss=-0.0167  盲区MSE=0.0310  density=0.0167 vx=0.0762 vy=0.0226 var=0.0086
           ↑ new best (0.0310) -> varnet_best.pt
[epoch  78] loss=-0.0176  盲区MSE=0.0310  density=0.0167 vx=0.0761 vy=0.0226 var=0.0086
           ↑ new best (0.0310) -> varnet_best.pt
[epoch  79] loss=-0.0179  盲区MSE=0.0309  density=0.0167 vx=0.0759 vy=0.0225 var=0.0086
           ↑ new best (0.0309) -> varnet_best.pt
[2026-08-26T01:13:24.005] error: *** JOB 19938754 ON gpu50 CANCELLED AT 2026-08-26T01:13:24 DUE TO TIME LIMIT ***
