[chain] NOCHAIN=1 — 只跑这一段，不排后继
NVIDIA H200
[obs] obs_every_k = 1  (每帧观测,对齐 EnKF 项目)
[data] 6298 windows of (4, 200, 36, 12)  device=cuda
[model] params=3,945,942 (GENN prior 9,420 = 0.24%; the rest is the solver's ConvLSTM)  loss=nll  n_iter=15  amp=True
[seed] init=0  data=0
[var] AUGMENTED STATE: log sigma^2 iterated with x over 15 steps; prior term of J is a Gaussian log-likelihood of the prior residual   eps=1e-06
[schedule] ep0→5it@lr0.001  ep25→10it@lr0.0007  ep50→15it@lr0.0005  ep75→20it@lr0.0003
[schedule] epoch 0: n_iter -> 5, lr -> 0.001
[epoch   0] loss=-1.3624  盲区MSE=0.0766  density=0.0229 vx=0.2368 vy=0.0377 var=0.0090
           ↑ new best (0.0766) -> varnet_best.pt
[epoch   1] loss=-1.7023  盲区MSE=0.0737  density=0.0215 vx=0.2301 vy=0.0348 var=0.0084
           ↑ new best (0.0737) -> varnet_best.pt
[epoch   2] loss=-1.8707  盲区MSE=0.0687  density=0.0192 vx=0.2186 vy=0.0290 var=0.0083
           ↑ new best (0.0687) -> varnet_best.pt
[epoch   3] loss=-1.9371  盲区MSE=0.0627  density=0.0186 vx=0.1958 vy=0.0282 var=0.0084
           ↑ new best (0.0627) -> varnet_best.pt
[epoch   4] loss=-2.0092  盲区MSE=0.0600  density=0.0185 vx=0.1854 vy=0.0277 var=0.0085
           ↑ new best (0.0600) -> varnet_best.pt
[epoch   5] loss=-2.0314  盲区MSE=0.0573  density=0.0183 vx=0.1753 vy=0.0271 var=0.0086
           ↑ new best (0.0573) -> varnet_best.pt
[epoch   6] loss=-2.0363  盲区MSE=0.0545  density=0.0183 vx=0.1643 vy=0.0269 var=0.0086
           ↑ new best (0.0545) -> varnet_best.pt
[epoch   7] loss=-2.0786  盲区MSE=0.0531  density=0.0182 vx=0.1590 vy=0.0267 var=0.0086
           ↑ new best (0.0531) -> varnet_best.pt
[epoch   8] loss=-2.0800  盲区MSE=0.0524  density=0.0183 vx=0.1558 vy=0.0267 var=0.0087
           ↑ new best (0.0524) -> varnet_best.pt
[epoch   9] loss=-2.0599  盲区MSE=0.0517  density=0.0183 vx=0.1530 vy=0.0267 var=0.0087
           ↑ new best (0.0517) -> varnet_best.pt
[epoch  10] loss=-2.1047  盲区MSE=0.0512  density=0.0183 vx=0.1511 vy=0.0266 var=0.0087
           ↑ new best (0.0512) -> varnet_best.pt
[epoch  11] loss=-2.1662  盲区MSE=0.0505  density=0.0183 vx=0.1483 vy=0.0267 var=0.0087
           ↑ new best (0.0505) -> varnet_best.pt
[epoch  12] loss=-2.1740  盲区MSE=0.0504  density=0.0185 vx=0.1477 vy=0.0267 var=0.0087
           ↑ new best (0.0504) -> varnet_best.pt
[epoch  13] loss=-2.1415  盲区MSE=0.0498  density=0.0184 vx=0.1456 vy=0.0266 var=0.0087
           ↑ new best (0.0498) -> varnet_best.pt
[epoch  14] loss=-2.1614  盲区MSE=0.0496  density=0.0185 vx=0.1447 vy=0.0267 var=0.0087
           ↑ new best (0.0496) -> varnet_best.pt
[epoch  15] loss=-2.2620  盲区MSE=0.0497  density=0.0186 vx=0.1445 vy=0.0268 var=0.0087
[epoch  16] loss=-2.1926  盲区MSE=0.0494  density=0.0185 vx=0.1436 vy=0.0266 var=0.0087
           ↑ new best (0.0494) -> varnet_best.pt
[epoch  17] loss=-2.2402  盲区MSE=0.0494  density=0.0186 vx=0.1435 vy=0.0268 var=0.0087
[epoch  18] loss=-2.1513  盲区MSE=0.0491  density=0.0185 vx=0.1426 vy=0.0267 var=0.0088
           ↑ new best (0.0491) -> varnet_best.pt
[2026-09-03T16:06:51.014] error: *** JOB 20052073 ON gpu52 CANCELLED AT 2026-09-03T16:06:51 DUE TO TIME LIMIT ***
