Submitted batch job 19756572
[chain] submitted successor (afterany:19752984)
NVIDIA H200
[obs] obs_every_k = 1  (每帧观测,对齐 EnKF 项目)
[data] 6298 windows of (4, 200, 36, 12)  device=cuda
[model] params=2,051,542 (GENN prior 9,420 = 0.46%; the rest is the solver's ConvLSTM)  loss=nll  n_iter=15  amp=True
[seed] init=2  data=0
[var-head] 548 params   sigma^2 = obs_var + softplus(head),  obs_var = [0.003239, 0.099055, 0.007424, 4.2e-05]   beta=1.0
[schedule] ep0→5it@lr0.001  ep25→10it@lr0.0007  ep50→15it@lr0.0005  ep75→20it@lr0.0003
[resume] loaded runs/varnet_ml5_s2/varnet_last.pt: continuing from epoch 81 (step 15957)
[best] previous best blind MSE = 0.0285
[schedule] epoch 81: n_iter -> 20, lr -> 0.0003
[epoch  81] loss=-0.0307  盲区MSE=0.0285  density=0.0197 vx=0.0631 vy=0.0224 var=0.0088
           ↑ new best (0.0285) -> varnet_best.pt
[epoch  82] loss=-0.0303  盲区MSE=0.0285  density=0.0197 vx=0.0632 vy=0.0224 var=0.0088
[epoch  83] loss=-0.0311  盲区MSE=0.0285  density=0.0196 vx=0.0630 vy=0.0224 var=0.0088
           ↑ new best (0.0285) -> varnet_best.pt
[epoch  84] loss=-0.0315  盲区MSE=0.0284  density=0.0197 vx=0.0628 vy=0.0224 var=0.0088
           ↑ new best (0.0284) -> varnet_best.pt
[epoch  85] loss=-0.0311  盲区MSE=0.0285  density=0.0196 vx=0.0630 vy=0.0224 var=0.0088
[epoch  86] loss=-0.0309  盲区MSE=0.0285  density=0.0196 vx=0.0630 vy=0.0224 var=0.0088
[epoch  87] loss=-0.0305  盲区MSE=0.0284  density=0.0196 vx=0.0628 vy=0.0224 var=0.0088
           ↑ new best (0.0284) -> varnet_best.pt
[epoch  88] loss=-0.0309  盲区MSE=0.0284  density=0.0196 vx=0.0629 vy=0.0224 var=0.0088
[epoch  89] loss=-0.0312  盲区MSE=0.0284  density=0.0196 vx=0.0628 vy=0.0224 var=0.0088
           ↑ new best (0.0284) -> varnet_best.pt
[epoch  90] loss=-0.0306  盲区MSE=0.0284  density=0.0196 vx=0.0629 vy=0.0224 var=0.0088
[epoch  91] loss=-0.0311  盲区MSE=0.0284  density=0.0196 vx=0.0627 vy=0.0224 var=0.0088
           ↑ new best (0.0284) -> varnet_best.pt
[epoch  92] loss=-0.0297  盲区MSE=0.0284  density=0.0196 vx=0.0627 vy=0.0224 var=0.0088
           ↑ new best (0.0284) -> varnet_best.pt
[epoch  93] loss=-0.0312  盲区MSE=0.0284  density=0.0196 vx=0.0628 vy=0.0224 var=0.0088
[epoch  94] loss=-0.0308  盲区MSE=0.0283  density=0.0195 vx=0.0626 vy=0.0224 var=0.0088
           ↑ new best (0.0283) -> varnet_best.pt
[epoch  95] loss=-0.0297  盲区MSE=0.0284  density=0.0195 vx=0.0627 vy=0.0224 var=0.0088
[epoch  96] loss=-0.0311  盲区MSE=0.0284  density=0.0195 vx=0.0627 vy=0.0224 var=0.0088
[epoch  97] loss=-0.0310  盲区MSE=0.0284  density=0.0195 vx=0.0629 vy=0.0224 var=0.0088
[epoch  98] loss=-0.0312  盲区MSE=0.0283  density=0.0195 vx=0.0626 vy=0.0224 var=0.0088
[epoch  99] loss=-0.0310  盲区MSE=0.0283  density=0.0195 vx=0.0625 vy=0.0224 var=0.0088
           ↑ new best (0.0283) -> varnet_best.pt
[epoch 100] loss=-0.0305  盲区MSE=0.0283  density=0.0195 vx=0.0625 vy=0.0224 var=0.0088
           ↑ new best (0.0283) -> varnet_best.pt
[epoch 101] loss=-0.0313  盲区MSE=0.0283  density=0.0195 vx=0.0623 vy=0.0224 var=0.0088
           ↑ new best (0.0283) -> varnet_best.pt
[epoch 102] loss=-0.0313  盲区MSE=0.0283  density=0.0195 vx=0.0624 vy=0.0224 var=0.0088
[2026-08-15T21:01:39.023] error: *** JOB 19752984 ON gpu54 CANCELLED AT 2026-08-15T21:01:39 DUE TO TIME LIMIT ***
