Submitted batch job 19615785
[chain] submitted successor (afterany:19613968)
NVIDIA H200
[obs] obs_every_k = 1  (每帧观测,对齐 EnKF 项目)
[data] 6298 windows of (4, 200, 36, 12)  device=cuda
[model] params=2,074,198 (GENN prior 32,076 = 1.55%; the rest is the solver's ConvLSTM)  loss=supervised  n_iter=15  bilinear=False  amp=True
[schedule] ep0→5it@lr0.001  ep25→10it@lr0.0007  ep50→15it@lr0.0005  ep75→20it@lr0.0003
[resume] loaded runs/varnet_a2_k1/varnet_last.pt: continuing from epoch 67 (step 13199)
[best] previous best blind MSE = 0.0269
[epoch  67] loss=0.0256  盲区MSE=0.0268  density=0.0159 vx=0.0610 vy=0.0218 var=0.0087
           ↑ new best (0.0268) -> varnet_best.pt
[epoch  68] loss=0.0286  盲区MSE=0.0269  density=0.0159 vx=0.0611 vy=0.0218 var=0.0087
[epoch  69] loss=0.0279  盲区MSE=0.0268  density=0.0159 vx=0.0609 vy=0.0218 var=0.0087
           ↑ new best (0.0268) -> varnet_best.pt
[epoch  70] loss=0.0270  盲区MSE=0.0269  density=0.0159 vx=0.0611 vy=0.0218 var=0.0087
[epoch  71] loss=0.0252  盲区MSE=0.0269  density=0.0159 vx=0.0613 vy=0.0218 var=0.0087
[epoch  72] loss=0.0284  盲区MSE=0.0268  density=0.0159 vx=0.0610 vy=0.0218 var=0.0087
[epoch  73] loss=0.0263  盲区MSE=0.0268  density=0.0159 vx=0.0609 vy=0.0218 var=0.0087
           ↑ new best (0.0268) -> varnet_best.pt
[epoch  74] loss=0.0259  盲区MSE=0.0274  density=0.0161 vx=0.0632 vy=0.0218 var=0.0087
[schedule] epoch 75: n_iter -> 20, lr -> 0.0003
[epoch  75] loss=0.0270  盲区MSE=0.0268  density=0.0159 vx=0.0607 vy=0.0218 var=0.0087
           ↑ new best (0.0268) -> varnet_best.pt
[epoch  76] loss=0.0275  盲区MSE=0.0266  density=0.0159 vx=0.0602 vy=0.0217 var=0.0087
           ↑ new best (0.0266) -> varnet_best.pt
[epoch  77] loss=0.0267  盲区MSE=0.0265  density=0.0159 vx=0.0599 vy=0.0217 var=0.0087
           ↑ new best (0.0265) -> varnet_best.pt
[epoch  78] loss=0.0272  盲区MSE=0.0265  density=0.0159 vx=0.0596 vy=0.0217 var=0.0087
           ↑ new best (0.0265) -> varnet_best.pt
[epoch  79] loss=0.0266  盲区MSE=0.0265  density=0.0159 vx=0.0596 vy=0.0217 var=0.0087
           ↑ new best (0.0265) -> varnet_best.pt
[epoch  80] loss=0.0261  盲区MSE=0.0265  density=0.0159 vx=0.0595 vy=0.0217 var=0.0087
           ↑ new best (0.0265) -> varnet_best.pt
[epoch  81] loss=0.0266  盲区MSE=0.0265  density=0.0159 vx=0.0598 vy=0.0218 var=0.0087
[epoch  82] loss=0.0259  盲区MSE=0.0265  density=0.0159 vx=0.0597 vy=0.0217 var=0.0087
[epoch  83] loss=0.0264  盲区MSE=0.0264  density=0.0159 vx=0.0595 vy=0.0217 var=0.0087
           ↑ new best (0.0264) -> varnet_best.pt
[epoch  84] loss=0.0272  盲区MSE=0.0264  density=0.0159 vx=0.0593 vy=0.0217 var=0.0087
           ↑ new best (0.0264) -> varnet_best.pt
[2026-08-08T03:24:07.009] error: *** JOB 19613968 ON gpu55 CANCELLED AT 2026-08-08T03:24:07 DUE TO TIME LIMIT ***
