Submitted batch job 20225718
[chain] submitted successor (afterany:20211080)
NVIDIA H200
[obs] obs_every_k = 1  (observed every frame, matching the EnKF project)
[data] 6298 windows of (4, 200, 36, 12)  device=cuda
[model] params=2,788,342 (GENN prior 54,220 = 1.94%; the rest is the solver's ConvLSTM)  loss=nll  n_iter=15  amp=True
[seed] init=3  data=0
[var read-out] 692,000 params on the last hidden state   sigma^2 = softplus(out_var(h)) + 1e-06   beta=0.0
[schedule] ep0→5it@lr0.001  ep25→10it@lr0.0007  ep50→15it@lr0.0005  ep75→20it@lr0.0003
[resume] loaded runs/varnet_vsb0_h96_s3/varnet_last.pt: continuing from epoch 110 (step 21670)
[best] previous best blind MSE = 0.0402
[schedule] epoch 110: n_iter -> 20, lr -> 0.0003
[epoch 110] loss=-2.5450  blind_MSE=0.0405  density=0.0176 vx=0.1139 vy=0.0218 var=0.0088
[epoch 111] loss=-2.5022  blind_MSE=0.0405  density=0.0175 vx=0.1138 vy=0.0218 var=0.0088
[epoch 112] loss=-2.4599  blind_MSE=0.0405  density=0.0176 vx=0.1137 vy=0.0218 var=0.0088
[epoch 113] loss=-2.4734  blind_MSE=0.0406  density=0.0177 vx=0.1138 vy=0.0219 var=0.0088
[epoch 114] loss=-2.4971  blind_MSE=0.0406  density=0.0177 vx=0.1139 vy=0.0219 var=0.0088
[epoch 115] loss=-2.5455  blind_MSE=0.0405  density=0.0176 vx=0.1138 vy=0.0218 var=0.0088
[epoch 116] loss=-2.4878  blind_MSE=0.0405  density=0.0177 vx=0.1137 vy=0.0218 var=0.0088
[epoch 117] loss=-2.4940  blind_MSE=0.0406  density=0.0176 vx=0.1141 vy=0.0218 var=0.0088
[epoch 118] loss=-2.4546  blind_MSE=0.0405  density=0.0176 vx=0.1139 vy=0.0219 var=0.0088
[epoch 119] loss=-2.5040  blind_MSE=0.0405  density=0.0176 vx=0.1139 vy=0.0218 var=0.0088
[epoch 120] loss=-2.4712  blind_MSE=0.0406  density=0.0177 vx=0.1141 vy=0.0219 var=0.0088
[epoch 121] loss=-2.5077  blind_MSE=0.0406  density=0.0176 vx=0.1140 vy=0.0218 var=0.0088
[epoch 122] loss=-2.4744  blind_MSE=0.0405  density=0.0176 vx=0.1139 vy=0.0218 var=0.0088
[epoch 123] loss=-2.4641  blind_MSE=0.0406  density=0.0176 vx=0.1142 vy=0.0218 var=0.0088
[epoch 124] loss=-2.5231  blind_MSE=0.0407  density=0.0177 vx=0.1142 vy=0.0220 var=0.0088
[epoch 125] loss=-2.4712  blind_MSE=0.0407  density=0.0178 vx=0.1142 vy=0.0219 var=0.0088
[epoch 126] loss=-2.4970  blind_MSE=0.0406  density=0.0176 vx=0.1143 vy=0.0219 var=0.0088
[epoch 127] loss=-2.5675  blind_MSE=0.0406  density=0.0176 vx=0.1140 vy=0.0218 var=0.0088
[2026-09-12T16:29:54.005] error: *** JOB 20211080 ON gpu63 CANCELLED AT 2026-09-12T16:29:54 DUE TO TIME LIMIT ***
