Submitted batch job 20197110
[chain] submitted successor (afterany:20190382)
NVIDIA H200
[obs] obs_every_k = 1  (observed every frame, matching the EnKF project)
[data] 6298 windows of (4, 200, 36, 12)  device=cuda
[model] params=2,096,342 (GENN prior 54,220 = 2.59%; the rest is the solver's ConvLSTM)  loss=supervised  n_iter=15  amp=True
[seed] init=0  data=0
[schedule] ep0→5it@lr0.001  ep25→10it@lr0.0007  ep50→15it@lr0.0005  ep75→20it@lr0.0003
[resume] loaded runs/varnet_mse5_h96_s0/varnet_last.pt: continuing from epoch 92 (step 18124)
[best] previous best blind MSE = 0.0274
[schedule] epoch 92: n_iter -> 20, lr -> 0.0003
[epoch  92] loss=0.0283  blind_MSE=0.0311  density=0.0175 vx=0.0747 vy=0.0235 var=0.0088
[epoch  93] loss=0.0287  blind_MSE=0.0308  density=0.0173 vx=0.0735 vy=0.0234 var=0.0088
[epoch  94] loss=0.0307  blind_MSE=0.0305  density=0.0172 vx=0.0727 vy=0.0233 var=0.0088
[epoch  95] loss=0.0287  blind_MSE=0.0310  density=0.0173 vx=0.0745 vy=0.0235 var=0.0088
[epoch  96] loss=0.0302  blind_MSE=0.0315  density=0.0178 vx=0.0757 vy=0.0236 var=0.0088
[epoch  97] loss=0.0277  blind_MSE=0.0310  density=0.0173 vx=0.0746 vy=0.0232 var=0.0088
[epoch  98] loss=0.0277  blind_MSE=0.0308  density=0.0173 vx=0.0736 vy=0.0233 var=0.0088
[epoch  99] loss=0.0253  blind_MSE=0.0304  density=0.0171 vx=0.0725 vy=0.0232 var=0.0088
[epoch 100] loss=0.0274  blind_MSE=0.0301  density=0.0171 vx=0.0715 vy=0.0231 var=0.0088
[epoch 101] loss=0.0299  blind_MSE=0.0324  density=0.0175 vx=0.0788 vy=0.0245 var=0.0090
[epoch 102] loss=0.0313  blind_MSE=0.0320  density=0.0176 vx=0.0766 vy=0.0248 var=0.0091
[epoch 103] loss=0.0295  blind_MSE=0.0307  density=0.0172 vx=0.0733 vy=0.0234 var=0.0088
[epoch 104] loss=0.0266  blind_MSE=0.0303  density=0.0171 vx=0.0721 vy=0.0233 var=0.0087
[epoch 105] loss=0.0276  blind_MSE=0.0300  density=0.0170 vx=0.0712 vy=0.0231 var=0.0087
[epoch 106] loss=0.0298  blind_MSE=0.0299  density=0.0169 vx=0.0709 vy=0.0230 var=0.0087
[epoch 107] loss=0.0270  blind_MSE=0.0298  density=0.0169 vx=0.0706 vy=0.0230 var=0.0087
[epoch 108] loss=0.0284  blind_MSE=0.0296  density=0.0168 vx=0.0700 vy=0.0229 var=0.0087
[epoch 109] loss=0.0291  blind_MSE=0.0295  density=0.0168 vx=0.0699 vy=0.0228 var=0.0087
[2026-09-10T11:41:38.004] error: *** JOB 20190382 ON gpu63 CANCELLED AT 2026-09-10T11:41:38 DUE TO TIME LIMIT ***
