Submitted batch job 20204293
[chain] submitted successor (afterany:20204215)
NVIDIA H200
[obs] obs_every_k = 1  (observed every frame, matching the EnKF project)
[data] 6298 windows of (4, 200, 36, 12)  device=cuda
[model] params=2,096,342 (GENN prior 54,220 = 2.59%; the rest is the solver's ConvLSTM)  loss=supervised  n_iter=15  amp=True
[seed] init=1  data=0
[schedule] ep0→5it@lr0.001  ep25→10it@lr0.0007  ep50→15it@lr0.0005  ep75→20it@lr0.0003
[resume] loaded runs/varnet_mse5_h96_s1/varnet_last.pt: continuing from epoch 109 (step 21473)
[best] previous best blind MSE = 0.0272
[schedule] epoch 109: n_iter -> 20, lr -> 0.0003
[epoch 109] loss=0.0278  blind_MSE=0.0277  density=0.0160 vx=0.0642 vy=0.0219 var=0.0087
[epoch 110] loss=0.0275  blind_MSE=0.0276  density=0.0159 vx=0.0640 vy=0.0219 var=0.0087
[epoch 111] loss=0.0282  blind_MSE=0.0278  density=0.0161 vx=0.0645 vy=0.0219 var=0.0087
[epoch 112] loss=0.0259  blind_MSE=0.0277  density=0.0160 vx=0.0644 vy=0.0219 var=0.0087
[epoch 113] loss=0.0281  blind_MSE=0.0276  density=0.0160 vx=0.0638 vy=0.0218 var=0.0087
[epoch 114] loss=0.0235  blind_MSE=0.0275  density=0.0159 vx=0.0634 vy=0.0219 var=0.0087
[epoch 115] loss=0.0283  blind_MSE=0.0276  density=0.0160 vx=0.0638 vy=0.0218 var=0.0087
[epoch 116] loss=0.0267  blind_MSE=0.0278  density=0.0159 vx=0.0647 vy=0.0218 var=0.0087
[epoch 117] loss=0.0266  blind_MSE=0.0276  density=0.0160 vx=0.0637 vy=0.0219 var=0.0087
[epoch 118] loss=0.0267  blind_MSE=0.0274  density=0.0159 vx=0.0633 vy=0.0218 var=0.0087
[epoch 119] loss=0.0270  blind_MSE=0.0274  density=0.0159 vx=0.0631 vy=0.0218 var=0.0087
[epoch 120] loss=0.0278  blind_MSE=0.0274  density=0.0159 vx=0.0631 vy=0.0218 var=0.0087
[epoch 121] loss=0.0251  blind_MSE=0.0273  density=0.0159 vx=0.0629 vy=0.0218 var=0.0087
[epoch 122] loss=0.0263  blind_MSE=0.0273  density=0.0159 vx=0.0629 vy=0.0217 var=0.0087
[epoch 123] loss=0.0278  blind_MSE=0.0274  density=0.0159 vx=0.0632 vy=0.0218 var=0.0087
[epoch 124] loss=0.0287  blind_MSE=0.0280  density=0.0161 vx=0.0653 vy=0.0219 var=0.0087
[epoch 125] loss=0.0259  blind_MSE=0.0277  density=0.0160 vx=0.0642 vy=0.0219 var=0.0087
[epoch 126] loss=0.0252  blind_MSE=0.0276  density=0.0160 vx=0.0639 vy=0.0218 var=0.0087
[2026-09-10T22:00:20.004] error: *** JOB 20204215 ON gpu50 CANCELLED AT 2026-09-10T22:00:20 DUE TO TIME LIMIT ***
