Submitted batch job 20359869
[chain] submitted successor (afterany:20357033)
NVIDIA H200
[obs] obs_every_k = 1  (observed every frame, matching the EnKF project)
[obs] trajectory_mode = per_day  (base data seed 0)
[data] 6298 windows of (4, 200, 36, 12)  device=cuda
[model] params=4,630,742 (GENN prior 54,220 = 1.17%; the rest is the solver's ConvLSTM)  loss=nll  n_iter=15  amp=True
[seed] init=0  data=0
[var] AUGMENTED STATE: log sigma^2 iterated with x over 15 steps; prior term of J is a Gaussian log-likelihood of the prior residual; observation term too (shared sigma); sigma^2 update from its own head on [h, x]   eps=1e-06
[schedule] ep0→5it@lr0.001  ep25→10it@lr0.0007  ep50→15it@lr0.0005  ep75→20it@lr0.0003
[resume] loaded runs/varnet_aughead_obs_h96_s0/varnet_last.pt: continuing from epoch 72 (step 14184)
[best] previous best blind MSE = 0.0493
[epoch  72] loss=-2.0769  blind_MSE=0.0502  density=0.0187 vx=0.1491 vy=0.0238 var=0.0091
[epoch  73] loss=-2.0982  blind_MSE=0.0505  density=0.0186 vx=0.1506 vy=0.0236 var=0.0091
[epoch  74] loss=-2.0589  blind_MSE=0.0509  density=0.0189 vx=0.1519 vy=0.0238 var=0.0091
[schedule] epoch 75: n_iter -> 20, lr -> 0.0003
[epoch  75] loss=-2.1373  blind_MSE=0.0508  density=0.0190 vx=0.1516 vy=0.0237 var=0.0091
[epoch  76] loss=-2.1260  blind_MSE=0.0508  density=0.0188 vx=0.1518 vy=0.0236 var=0.0091
[epoch  77] loss=-1.5981  blind_MSE=0.0548  density=0.0199 vx=0.1642 vy=0.0257 var=0.0094
[epoch  78] loss=-1.9969  blind_MSE=0.0514  density=0.0189 vx=0.1535 vy=0.0239 var=0.0091
[epoch  79] loss=-2.1679  blind_MSE=0.0501  density=0.0187 vx=0.1488 vy=0.0236 var=0.0091
[epoch  80] loss=-2.1353  blind_MSE=0.0505  density=0.0189 vx=0.1499 vy=0.0241 var=0.0091
[epoch  81] loss=-2.1382  blind_MSE=0.0500  density=0.0187 vx=0.1488 vy=0.0236 var=0.0091
[epoch  82] loss=-2.1107  blind_MSE=0.0502  density=0.0190 vx=0.1491 vy=0.0235 var=0.0091
[epoch  83] loss=-2.1350  blind_MSE=0.0494  density=0.0188 vx=0.1462 vy=0.0235 var=0.0091
[epoch  84] loss=-2.1144  blind_MSE=0.0498  density=0.0191 vx=0.1475 vy=0.0235 var=0.0091
[epoch  85] loss=-2.1799  blind_MSE=0.0495  density=0.0188 vx=0.1467 vy=0.0235 var=0.0091
[epoch  86] loss=-2.1557  blind_MSE=0.0496  density=0.0187 vx=0.1473 vy=0.0233 var=0.0091
[epoch  87] loss=-2.0786  blind_MSE=0.0493  density=0.0187 vx=0.1461 vy=0.0233 var=0.0091
           ↑ new best (0.0493) -> varnet_best.pt
[epoch  88] loss=-2.1305  blind_MSE=0.0493  density=0.0188 vx=0.1461 vy=0.0234 var=0.0091
[epoch  89] loss=-2.0762  blind_MSE=0.0496  density=0.0188 vx=0.1470 vy=0.0235 var=0.0091
[2026-09-20T22:18:46.004] error: *** JOB 20357033 ON gpu60 CANCELLED AT 2026-09-20T22:18:46 DUE TO TIME LIMIT ***
