Submitted batch job 19951169
[chain] submitted successor (afterany:19950740)
NVIDIA H200
[obs] obs_every_k = 1  (每帧观测,对齐 EnKF 项目)
[data] 6298 windows of (4, 200, 36, 12)  device=cuda
[model] params=2,743,542 (GENN prior 9,420 = 0.34%; the rest is the solver's ConvLSTM)  loss=nll  n_iter=15  amp=True
[seed] init=2  data=0
[var read-out] 692,000 params on the last hidden state   sigma^2 = softplus(out_var(h)) + 1e-06   beta=0.0
[schedule] ep0→5it@lr0.001  ep25→10it@lr0.0007  ep50→15it@lr0.0005  ep75→20it@lr0.0003
[resume] loaded runs/varnet_vsb0_s2/varnet_last.pt: continuing from epoch 54 (step 10638)
[best] previous best blind MSE = 0.0414
[epoch  54] loss=-2.2883  盲区MSE=0.0414  density=0.0172 vx=0.1181 vy=0.0214 var=0.0088
[epoch  55] loss=-2.3201  盲区MSE=0.0414  density=0.0173 vx=0.1182 vy=0.0214 var=0.0088
[epoch  56] loss=-2.2521  盲区MSE=0.0414  density=0.0173 vx=0.1180 vy=0.0214 var=0.0088
           ↑ new best (0.0414) -> varnet_best.pt
[epoch  57] loss=-2.2892  盲区MSE=0.0415  density=0.0172 vx=0.1186 vy=0.0214 var=0.0088
[epoch  58] loss=-2.2639  盲区MSE=0.0414  density=0.0173 vx=0.1182 vy=0.0214 var=0.0088
[epoch  59] loss=-2.2975  盲区MSE=0.0418  density=0.0173 vx=0.1196 vy=0.0216 var=0.0088
[epoch  60] loss=-2.3421  盲区MSE=0.0413  density=0.0172 vx=0.1180 vy=0.0214 var=0.0088
           ↑ new best (0.0413) -> varnet_best.pt
[epoch  61] loss=-2.3939  盲区MSE=0.0415  density=0.0173 vx=0.1184 vy=0.0214 var=0.0088
[epoch  62] loss=-2.3199  盲区MSE=0.0413  density=0.0172 vx=0.1178 vy=0.0213 var=0.0088
           ↑ new best (0.0413) -> varnet_best.pt
[epoch  63] loss=-2.3339  盲区MSE=0.0414  density=0.0173 vx=0.1181 vy=0.0214 var=0.0088
[epoch  64] loss=-2.3488  盲区MSE=0.0413  density=0.0173 vx=0.1178 vy=0.0214 var=0.0088
[epoch  65] loss=-2.3359  盲区MSE=0.0413  density=0.0173 vx=0.1178 vy=0.0213 var=0.0088
[epoch  66] loss=-2.2685  盲区MSE=0.0413  density=0.0172 vx=0.1179 vy=0.0214 var=0.0088
[epoch  67] loss=-2.3182  盲区MSE=0.0413  density=0.0173 vx=0.1178 vy=0.0214 var=0.0088
[epoch  68] loss=-2.3419  盲区MSE=0.0413  density=0.0172 vx=0.1181 vy=0.0213 var=0.0088
[epoch  69] loss=-2.3367  盲区MSE=0.0414  density=0.0173 vx=0.1181 vy=0.0213 var=0.0088
[epoch  70] loss=-2.2682  盲区MSE=0.0416  density=0.0174 vx=0.1188 vy=0.0214 var=0.0088
[epoch  71] loss=-2.3011  盲区MSE=0.0414  density=0.0172 vx=0.1184 vy=0.0213 var=0.0088
[epoch  72] loss=-2.3424  盲区MSE=0.0414  density=0.0173 vx=0.1183 vy=0.0213 var=0.0088
[epoch  73] loss=-2.3470  盲区MSE=0.0414  density=0.0173 vx=0.1182 vy=0.0213 var=0.0088
[epoch  74] loss=-2.4317  盲区MSE=0.0414  density=0.0173 vx=0.1182 vy=0.0213 var=0.0088
[schedule] epoch 75: n_iter -> 20, lr -> 0.0003
[epoch  75] loss=-2.3518  盲区MSE=0.0414  density=0.0172 vx=0.1183 vy=0.0213 var=0.0088
[epoch  76] loss=-2.3406  盲区MSE=0.0413  density=0.0172 vx=0.1180 vy=0.0213 var=0.0088
[epoch  77] loss=-2.3633  盲区MSE=0.0413  density=0.0172 vx=0.1180 vy=0.0213 var=0.0087
[epoch  78] loss=-2.3507  盲区MSE=0.0413  density=0.0172 vx=0.1180 vy=0.0213 var=0.0088
[epoch  79] loss=-2.3333  盲区MSE=0.0414  density=0.0173 vx=0.1181 vy=0.0213 var=0.0088
[epoch  80] loss=-2.3352  盲区MSE=0.0413  density=0.0173 vx=0.1179 vy=0.0213 var=0.0088
[epoch  81] loss=-2.3849  盲区MSE=0.0413  density=0.0173 vx=0.1179 vy=0.0213 var=0.0088
[2026-08-26T19:47:39.006] error: *** JOB 19950740 ON gpu60 CANCELLED AT 2026-08-26T19:47:39 DUE TO TIME LIMIT ***
