Submitted batch job 20195193
[chain] submitted successor (afterany:20185819)
NVIDIA H200
[obs] obs_every_k = 1  (observed every frame, matching the EnKF project)
[data] 6298 windows of (4, 200, 36, 12)  device=cuda
[model] params=3,990,742 (GENN prior 54,220 = 1.36%; the rest is the solver's ConvLSTM)  loss=nll  n_iter=15  amp=True
[seed] init=2  data=0
[var] AUGMENTED STATE: log sigma^2 iterated with x over 15 steps; prior term of J is a Gaussian log-likelihood of the prior residual   eps=1e-06
[schedule] ep0→5it@lr0.001  ep25→10it@lr0.0007  ep50→15it@lr0.0005  ep75→20it@lr0.0003
[resume] loaded runs/varnet_aug0_h96_s2/varnet_last.pt: continuing from epoch 72 (step 14184)
[best] previous best blind MSE = 0.0501
[epoch  72] loss=-2.3850  blind_MSE=0.0515  density=0.0185 vx=0.1522 vy=0.0264 var=0.0087
[epoch  73] loss=-2.3677  blind_MSE=0.0514  density=0.0186 vx=0.1521 vy=0.0264 var=0.0087
[epoch  74] loss=-2.3045  blind_MSE=0.0514  density=0.0185 vx=0.1523 vy=0.0263 var=0.0088
[schedule] epoch 75: n_iter -> 20, lr -> 0.0003
[epoch  75] loss=-2.3255  blind_MSE=0.0515  density=0.0186 vx=0.1523 vy=0.0264 var=0.0087
[epoch  76] loss=-2.3290  blind_MSE=0.0515  density=0.0185 vx=0.1524 vy=0.0262 var=0.0087
[epoch  77] loss=-2.3479  blind_MSE=0.0512  density=0.0184 vx=0.1515 vy=0.0263 var=0.0087
[epoch  78] loss=-2.3924  blind_MSE=0.0515  density=0.0185 vx=0.1525 vy=0.0264 var=0.0087
[epoch  79] loss=-2.3723  blind_MSE=0.0516  density=0.0184 vx=0.1528 vy=0.0263 var=0.0087
[epoch  80] loss=-2.3280  blind_MSE=0.0514  density=0.0184 vx=0.1520 vy=0.0264 var=0.0087
[epoch  81] loss=-2.3549  blind_MSE=0.0513  density=0.0184 vx=0.1515 vy=0.0263 var=0.0087
[epoch  82] loss=-2.3749  blind_MSE=0.0515  density=0.0185 vx=0.1524 vy=0.0263 var=0.0087
[epoch  83] loss=-2.3136  blind_MSE=0.0513  density=0.0185 vx=0.1518 vy=0.0262 var=0.0087
[epoch  84] loss=-2.3377  blind_MSE=0.0515  density=0.0185 vx=0.1522 vy=0.0265 var=0.0087
[epoch  85] loss=-2.3168  blind_MSE=0.0517  density=0.0185 vx=0.1530 vy=0.0264 var=0.0088
[epoch  86] loss=-2.3850  blind_MSE=0.0516  density=0.0186 vx=0.1528 vy=0.0263 var=0.0087
[epoch  87] loss=-2.3406  blind_MSE=0.0515  density=0.0185 vx=0.1523 vy=0.0264 var=0.0087
[epoch  88] loss=-2.3673  blind_MSE=0.0514  density=0.0185 vx=0.1522 vy=0.0263 var=0.0087
[epoch  89] loss=-2.4369  blind_MSE=0.0515  density=0.0184 vx=0.1524 vy=0.0263 var=0.0087
[2026-09-10T09:05:02.006] error: *** JOB 20185819 ON gpu50 CANCELLED AT 2026-09-10T09:05:02 DUE TO TIME LIMIT ***
