Submitted batch job 20083866
[chain] submitted successor (afterany:20082961)
NVIDIA H200
[obs] obs_every_k = 1  (每帧观测,对齐 EnKF 项目)
[data] 6298 windows of (4, 200, 36, 12)  device=cuda
[model] params=3,945,942 (GENN prior 9,420 = 0.24%; the rest is the solver's ConvLSTM)  loss=nll  n_iter=15  amp=True
[seed] init=2  data=0
[var] AUGMENTED STATE: log sigma^2 iterated with x over 15 steps; prior term of J is a Gaussian log-likelihood of the prior residual   eps=1e-06
[schedule] ep0→5it@lr0.001  ep25→10it@lr0.0007  ep50→15it@lr0.0005  ep75→20it@lr0.0003
[resume] loaded runs/varnet_aug0_s2/varnet_last.pt: continuing from epoch 103 (step 20291)
[best] previous best blind MSE = 0.0475
[schedule] epoch 103: n_iter -> 20, lr -> 0.0003
[epoch 103] loss=-1.9975  盲区MSE=0.0518  density=0.0191 vx=0.1517 vy=0.0277 var=0.0088
[epoch 104] loss=-2.0940  盲区MSE=0.0495  density=0.0187 vx=0.1442 vy=0.0262 var=0.0088
[epoch 105] loss=-1.9026  盲区MSE=0.0505  density=0.0193 vx=0.1472 vy=0.0265 var=0.0088
[epoch 106] loss=-1.4486  盲区MSE=0.0556  density=0.0203 vx=0.1629 vy=0.0301 var=0.0090
[epoch 107] loss=-1.9991  盲区MSE=0.0512  density=0.0194 vx=0.1496 vy=0.0270 var=0.0088
[epoch 108] loss=-2.1326  盲区MSE=0.0496  density=0.0189 vx=0.1442 vy=0.0265 var=0.0088
[epoch 109] loss=-2.1311  盲区MSE=0.0498  density=0.0190 vx=0.1452 vy=0.0262 var=0.0088
[epoch 110] loss=-2.1666  盲区MSE=0.0499  density=0.0189 vx=0.1459 vy=0.0262 var=0.0088
[epoch 111] loss=-2.1265  盲区MSE=0.0501  density=0.0192 vx=0.1463 vy=0.0262 var=0.0088
[epoch 112] loss=-2.1698  盲区MSE=0.0501  density=0.0190 vx=0.1467 vy=0.0258 var=0.0088
[epoch 113] loss=-2.1305  盲区MSE=0.0503  density=0.0192 vx=0.1471 vy=0.0264 var=0.0088
[epoch 114] loss=-2.2181  盲区MSE=0.0495  density=0.0189 vx=0.1446 vy=0.0259 var=0.0088
[epoch 115] loss=-2.1210  盲区MSE=0.0502  density=0.0195 vx=0.1460 vy=0.0264 var=0.0088
[epoch 116] loss=-2.2357  盲区MSE=0.0497  density=0.0190 vx=0.1451 vy=0.0259 var=0.0088
[epoch 117] loss=-2.1894  盲区MSE=0.0499  density=0.0190 vx=0.1457 vy=0.0260 var=0.0088
[epoch 118] loss=-2.2155  盲区MSE=0.0494  density=0.0188 vx=0.1441 vy=0.0258 var=0.0088
[epoch 119] loss=-2.2099  盲区MSE=0.0500  density=0.0191 vx=0.1460 vy=0.0260 var=0.0088
[epoch 120] loss=-2.2037  盲区MSE=0.0500  density=0.0191 vx=0.1462 vy=0.0259 var=0.0088
[epoch 121] loss=-2.2655  盲区MSE=0.0497  density=0.0191 vx=0.1450 vy=0.0260 var=0.0088
[epoch 122] loss=-2.2533  盲区MSE=0.0494  density=0.0189 vx=0.1440 vy=0.0258 var=0.0088
[epoch 123] loss=-2.2333  盲区MSE=0.0492  density=0.0188 vx=0.1436 vy=0.0258 var=0.0088
[epoch 124] loss=-2.2287  盲区MSE=0.0495  density=0.0189 vx=0.1446 vy=0.0258 var=0.0088
[2026-09-06T00:10:57.009] error: *** JOB 20082961 ON gpu58 CANCELLED AT 2026-09-06T00:10:57 DUE TO TIME LIMIT ***
