Submitted batch job 19907715
[chain] submitted successor (afterany:19906230)
NVIDIA H200
[obs] obs_every_k = 1  (每帧观测,对齐 EnKF 项目)
[data] 6298 windows of (4, 200, 36, 12)  device=cuda
[model] params=2,051,542 (GENN prior 9,420 = 0.46%; the rest is the solver's ConvLSTM)  loss=nll  n_iter=15  amp=True
[seed] init=0  data=0
[var-head] 548 params   sigma^2 = softplus(head) + 1e-12   beta=1.0
[schedule] ep0→5it@lr0.001  ep25→10it@lr0.0007  ep50→15it@lr0.0005  ep75→20it@lr0.0003
[resume] loaded runs/varnet_nf5_s0/varnet_last.pt: continuing from epoch 104 (step 20488)
[best] previous best blind MSE = 0.0299
[schedule] epoch 104: n_iter -> 20, lr -> 0.0003
[epoch 104] loss=-0.0151  盲区MSE=0.0298  density=0.0225 vx=0.0649 vy=0.0228 var=0.0092
           ↑ new best (0.0298) -> varnet_best.pt
[epoch 105] loss=-0.0151  盲区MSE=0.0298  density=0.0225 vx=0.0649 vy=0.0228 var=0.0092
[epoch 106] loss=-0.0150  盲区MSE=0.0298  density=0.0225 vx=0.0649 vy=0.0228 var=0.0092
[epoch 107] loss=-0.0139  盲区MSE=0.0299  density=0.0225 vx=0.0650 vy=0.0228 var=0.0091
[epoch 108] loss=-0.0151  盲区MSE=0.0298  density=0.0225 vx=0.0648 vy=0.0228 var=0.0091
           ↑ new best (0.0298) -> varnet_best.pt
[epoch 109] loss=-0.0151  盲区MSE=0.0298  density=0.0225 vx=0.0649 vy=0.0228 var=0.0091
[epoch 110] loss=-0.0143  盲区MSE=0.0298  density=0.0225 vx=0.0649 vy=0.0228 var=0.0091
[epoch 111] loss=-0.0149  盲区MSE=0.0298  density=0.0225 vx=0.0647 vy=0.0228 var=0.0092
           ↑ new best (0.0298) -> varnet_best.pt
[epoch 112] loss=-0.0146  盲区MSE=0.0298  density=0.0225 vx=0.0646 vy=0.0228 var=0.0092
           ↑ new best (0.0298) -> varnet_best.pt
[epoch 113] loss=-0.0149  盲区MSE=0.0298  density=0.0225 vx=0.0647 vy=0.0228 var=0.0091
[epoch 114] loss=-0.0147  盲区MSE=0.0298  density=0.0225 vx=0.0646 vy=0.0228 var=0.0092
           ↑ new best (0.0298) -> varnet_best.pt
[epoch 115] loss=-0.0145  盲区MSE=0.0298  density=0.0225 vx=0.0646 vy=0.0228 var=0.0092
[epoch 116] loss=-0.0144  盲区MSE=0.0298  density=0.0225 vx=0.0649 vy=0.0228 var=0.0091
[epoch 117] loss=-0.0152  盲区MSE=0.0298  density=0.0225 vx=0.0646 vy=0.0228 var=0.0091
[epoch 118] loss=-0.0134  盲区MSE=0.0298  density=0.0226 vx=0.0645 vy=0.0228 var=0.0091
           ↑ new best (0.0298) -> varnet_best.pt
[epoch 119] loss=-0.0147  盲区MSE=0.0298  density=0.0225 vx=0.0645 vy=0.0228 var=0.0091
[epoch 120] loss=-0.0145  盲区MSE=0.0297  density=0.0226 vx=0.0644 vy=0.0228 var=0.0091
           ↑ new best (0.0297) -> varnet_best.pt
[epoch 121] loss=-0.0140  盲区MSE=0.0298  density=0.0226 vx=0.0646 vy=0.0228 var=0.0091
[epoch 122] loss=-0.0132  盲区MSE=0.0297  density=0.0226 vx=0.0644 vy=0.0228 var=0.0091
[epoch 123] loss=-0.0148  盲区MSE=0.0297  density=0.0226 vx=0.0645 vy=0.0228 var=0.0091
[epoch 124] loss=-0.0150  盲区MSE=0.0297  density=0.0226 vx=0.0644 vy=0.0228 var=0.0091
           ↑ new best (0.0297) -> varnet_best.pt
[epoch 125] loss=-0.0142  盲区MSE=0.0297  density=0.0226 vx=0.0643 vy=0.0228 var=0.0091
           ↑ new best (0.0297) -> varnet_best.pt
[2026-08-24T11:14:48.005] error: *** JOB 19906230 ON gpu50 CANCELLED AT 2026-08-24T11:14:48 DUE TO TIME LIMIT ***
