Submitted batch job 20190905
[chain] submitted successor (afterany:20185521)
NVIDIA H200
[obs] obs_every_k = 1  (observed every frame, matching the EnKF project)
[data] 6298 windows of (4, 200, 36, 12)  device=cuda
[model] params=3,990,742 (GENN prior 54,220 = 1.36%; the rest is the solver's ConvLSTM)  loss=nll  n_iter=15  amp=True
[seed] init=1  data=0
[var] AUGMENTED STATE: log sigma^2 iterated with x over 15 steps; prior term of J is a Gaussian log-likelihood of the prior residual   eps=1e-06
[schedule] ep0→5it@lr0.001  ep25→10it@lr0.0007  ep50→15it@lr0.0005  ep75→20it@lr0.0003
[resume] loaded runs/varnet_aug0_h96_s1/varnet_last.pt: continuing from epoch 73 (step 14381)
[best] previous best blind MSE = 0.0498
[epoch  73] loss=-2.4269  blind_MSE=0.0513  density=0.0189 vx=0.1508 vy=0.0268 var=0.0087
[epoch  74] loss=-2.3111  blind_MSE=0.0513  density=0.0189 vx=0.1508 vy=0.0268 var=0.0087
[schedule] epoch 75: n_iter -> 20, lr -> 0.0003
[epoch  75] loss=-2.0152  blind_MSE=0.0547  density=0.0197 vx=0.1616 vy=0.0286 var=0.0087
[epoch  76] loss=-2.4754  blind_MSE=0.0513  density=0.0188 vx=0.1509 vy=0.0267 var=0.0087
[epoch  77] loss=-2.3832  blind_MSE=0.0514  density=0.0188 vx=0.1514 vy=0.0267 var=0.0087
[epoch  78] loss=-2.3145  blind_MSE=0.0512  density=0.0187 vx=0.1505 vy=0.0267 var=0.0087
[epoch  79] loss=-2.3444  blind_MSE=0.0513  density=0.0188 vx=0.1511 vy=0.0268 var=0.0087
[epoch  80] loss=-2.3841  blind_MSE=0.0513  density=0.0188 vx=0.1508 vy=0.0268 var=0.0087
[epoch  81] loss=-2.3381  blind_MSE=0.0516  density=0.0188 vx=0.1520 vy=0.0267 var=0.0087
[epoch  82] loss=-2.4154  blind_MSE=0.0513  density=0.0188 vx=0.1511 vy=0.0267 var=0.0087
[epoch  83] loss=-2.3840  blind_MSE=0.0513  density=0.0188 vx=0.1510 vy=0.0266 var=0.0087
[epoch  84] loss=-2.4203  blind_MSE=0.0512  density=0.0188 vx=0.1508 vy=0.0267 var=0.0087
[epoch  85] loss=-2.4218  blind_MSE=0.0514  density=0.0188 vx=0.1514 vy=0.0267 var=0.0087
[epoch  86] loss=-2.4063  blind_MSE=0.0513  density=0.0188 vx=0.1510 vy=0.0267 var=0.0087
[epoch  87] loss=-2.3648  blind_MSE=0.0516  density=0.0189 vx=0.1519 vy=0.0269 var=0.0087
[epoch  88] loss=-2.4287  blind_MSE=0.0513  density=0.0187 vx=0.1509 vy=0.0267 var=0.0087
[epoch  89] loss=-2.3760  blind_MSE=0.0513  density=0.0188 vx=0.1509 vy=0.0267 var=0.0087
[epoch  90] loss=-2.4471  blind_MSE=0.0514  density=0.0187 vx=0.1513 vy=0.0267 var=0.0087
[2026-09-10T07:02:56.004] error: *** JOB 20185521 ON gpu55 CANCELLED AT 2026-09-10T07:02:56 DUE TO TIME LIMIT ***
