Submitted batch job 20225743
[chain] submitted successor (afterany:20217924)
NVIDIA H200
[obs] obs_every_k = 1  (observed every frame, matching the EnKF project)
[data] 6298 windows of (4, 200, 36, 12)  device=cuda
[model] params=2,096,342 (GENN prior 54,220 = 2.59%; the rest is the solver's ConvLSTM)  loss=supervised  n_iter=15  amp=True
[seed] init=0  data=0
[schedule] ep0→5it@lr0.001  ep25→10it@lr0.0007  ep50→15it@lr0.0005  ep75→20it@lr0.0003
[resume] loaded runs/varnet_mse5_h96_s0/varnet_last.pt: continuing from epoch 128 (step 25216)
[best] previous best blind MSE = 0.0274
[schedule] epoch 128: n_iter -> 20, lr -> 0.0003
[epoch 128] loss=0.0278  blind_MSE=0.0299  density=0.0168 vx=0.0716 vy=0.0225 var=0.0088
[epoch 129] loss=0.0281  blind_MSE=0.0295  density=0.0167 vx=0.0699 vy=0.0226 var=0.0087
[epoch 130] loss=0.0300  blind_MSE=0.0293  density=0.0166 vx=0.0696 vy=0.0224 var=0.0087
[epoch 131] loss=0.0277  blind_MSE=0.0293  density=0.0166 vx=0.0693 vy=0.0225 var=0.0087
[epoch 132] loss=0.0287  blind_MSE=0.0291  density=0.0165 vx=0.0689 vy=0.0223 var=0.0087
[epoch 133] loss=0.0267  blind_MSE=0.0291  density=0.0165 vx=0.0688 vy=0.0224 var=0.0087
[epoch 134] loss=0.0268  blind_MSE=0.0290  density=0.0165 vx=0.0687 vy=0.0223 var=0.0087
[epoch 135] loss=0.0249  blind_MSE=0.0296  density=0.0166 vx=0.0705 vy=0.0224 var=0.0088
[epoch 136] loss=0.0274  blind_MSE=0.0298  density=0.0167 vx=0.0709 vy=0.0228 var=0.0088
[epoch 137] loss=0.0278  blind_MSE=0.0293  density=0.0166 vx=0.0693 vy=0.0226 var=0.0087
[epoch 138] loss=0.0293  blind_MSE=0.0293  density=0.0166 vx=0.0691 vy=0.0226 var=0.0087
[epoch 139] loss=0.0285  blind_MSE=0.0292  density=0.0166 vx=0.0689 vy=0.0226 var=0.0087
[epoch 140] loss=0.0261  blind_MSE=0.0293  density=0.0166 vx=0.0693 vy=0.0226 var=0.0087
[epoch 141] loss=0.0271  blind_MSE=0.0290  density=0.0164 vx=0.0685 vy=0.0224 var=0.0087
[epoch 142] loss=0.0296  blind_MSE=0.0294  density=0.0167 vx=0.0692 vy=0.0227 var=0.0088
[epoch 143] loss=0.0266  blind_MSE=0.0290  density=0.0165 vx=0.0683 vy=0.0225 var=0.0087
[epoch 144] loss=0.0280  blind_MSE=0.0289  density=0.0164 vx=0.0681 vy=0.0224 var=0.0087
[epoch 145] loss=0.0287  blind_MSE=0.0288  density=0.0164 vx=0.0679 vy=0.0223 var=0.0087
[2026-09-12T16:31:55.004] error: *** JOB 20217924 ON gpu60 CANCELLED AT 2026-09-12T16:31:55 DUE TO TIME LIMIT ***
