Submitted batch job 19611341
[chain] submitted successor (afterany:19611301)
NVIDIA H200
[obs] obs_every_k = 1  (每帧观测,对齐 EnKF 项目)
[data] 6298 windows of (4, 200, 36, 12)  device=cuda
[model] params=2,074,198 (GENN prior 32,076 = 1.55%; the rest is the solver's ConvLSTM)  loss=supervised  n_iter=15  bilinear=False  amp=True
[schedule] ep0→5it@lr0.001  ep25→10it@lr0.0007  ep50→15it@lr0.0005  ep75→20it@lr0.0003
[schedule] epoch 0: n_iter -> 5, lr -> 0.001
[epoch   0] loss=0.0515  盲区MSE=0.0724  density=0.0228 vx=0.2200 vy=0.0376 var=0.0091
           ↑ new best (0.0724) -> varnet_best.pt
[epoch   1] loss=0.0413  盲区MSE=0.0452  density=0.0227 vx=0.1140 vy=0.0349 var=0.0091
           ↑ new best (0.0452) -> varnet_best.pt
[epoch   2] loss=0.0370  盲区MSE=0.0398  density=0.0224 vx=0.0979 vy=0.0299 var=0.0089
           ↑ new best (0.0398) -> varnet_best.pt
[epoch   3] loss=0.0342  盲区MSE=0.0374  density=0.0222 vx=0.0913 vy=0.0271 var=0.0089
           ↑ new best (0.0374) -> varnet_best.pt
[epoch   4] loss=0.0308  盲区MSE=0.0356  density=0.0220 vx=0.0865 vy=0.0251 var=0.0089
           ↑ new best (0.0356) -> varnet_best.pt
[epoch   5] loss=0.0335  盲区MSE=0.0344  density=0.0219 vx=0.0828 vy=0.0241 var=0.0089
           ↑ new best (0.0344) -> varnet_best.pt
[epoch   6] loss=0.0301  盲区MSE=0.0333  density=0.0218 vx=0.0791 vy=0.0235 var=0.0089
           ↑ new best (0.0333) -> varnet_best.pt
[epoch   7] loss=0.0293  盲区MSE=0.0327  density=0.0214 vx=0.0774 vy=0.0233 var=0.0088
           ↑ new best (0.0327) -> varnet_best.pt
[epoch   8] loss=0.0302  盲区MSE=0.0321  density=0.0203 vx=0.0764 vy=0.0230 var=0.0088
           ↑ new best (0.0321) -> varnet_best.pt
[epoch   9] loss=0.0303  盲区MSE=0.0314  density=0.0193 vx=0.0750 vy=0.0225 var=0.0087
           ↑ new best (0.0314) -> varnet_best.pt
[epoch  10] loss=0.0290  盲区MSE=0.0312  density=0.0183 vx=0.0750 vy=0.0225 var=0.0087
           ↑ new best (0.0312) -> varnet_best.pt
[epoch  11] loss=0.0296  盲区MSE=0.0305  density=0.0176 vx=0.0734 vy=0.0223 var=0.0087
           ↑ new best (0.0305) -> varnet_best.pt
[epoch  12] loss=0.0288  盲区MSE=0.0304  density=0.0175 vx=0.0732 vy=0.0223 var=0.0087
           ↑ new best (0.0304) -> varnet_best.pt
[epoch  13] loss=0.0280  盲区MSE=0.0302  density=0.0173 vx=0.0725 vy=0.0222 var=0.0087
           ↑ new best (0.0302) -> varnet_best.pt
[epoch  14] loss=0.0285  盲区MSE=0.0300  density=0.0171 vx=0.0722 vy=0.0222 var=0.0087
           ↑ new best (0.0300) -> varnet_best.pt
[epoch  15] loss=0.0277  盲区MSE=0.0298  density=0.0169 vx=0.0714 vy=0.0222 var=0.0087
           ↑ new best (0.0298) -> varnet_best.pt
[epoch  16] loss=0.0281  盲区MSE=0.0297  density=0.0166 vx=0.0712 vy=0.0221 var=0.0087
           ↑ new best (0.0297) -> varnet_best.pt
[epoch  17] loss=0.0289  盲区MSE=0.0296  density=0.0166 vx=0.0708 vy=0.0222 var=0.0087
           ↑ new best (0.0296) -> varnet_best.pt
[epoch  18] loss=0.0274  盲区MSE=0.0296  density=0.0166 vx=0.0709 vy=0.0221 var=0.0087
           ↑ new best (0.0296) -> varnet_best.pt
[epoch  19] loss=0.0281  盲区MSE=0.0294  density=0.0165 vx=0.0702 vy=0.0221 var=0.0087
           ↑ new best (0.0294) -> varnet_best.pt
[epoch  20] loss=0.0289  盲区MSE=0.0292  density=0.0164 vx=0.0697 vy=0.0220 var=0.0087
           ↑ new best (0.0292) -> varnet_best.pt
[epoch  21] loss=0.0283  盲区MSE=0.0293  density=0.0164 vx=0.0699 vy=0.0220 var=0.0087
[epoch  22] loss=0.0304  盲区MSE=0.0292  density=0.0164 vx=0.0696 vy=0.0221 var=0.0087
           ↑ new best (0.0292) -> varnet_best.pt
[epoch  23] loss=0.0270  盲区MSE=0.0290  density=0.0163 vx=0.0692 vy=0.0220 var=0.0087
           ↑ new best (0.0290) -> varnet_best.pt
[epoch  24] loss=0.0286  盲区MSE=0.0290  density=0.0163 vx=0.0689 vy=0.0220 var=0.0087
           ↑ new best (0.0290) -> varnet_best.pt
[schedule] epoch 25: n_iter -> 10, lr -> 0.0007
[epoch  25] loss=0.0299  盲区MSE=0.0286  density=0.0162 vx=0.0678 vy=0.0219 var=0.0087
           ↑ new best (0.0286) -> varnet_best.pt
[epoch  26] loss=0.0284  盲区MSE=0.0286  density=0.0161 vx=0.0676 vy=0.0219 var=0.0087
           ↑ new best (0.0286) -> varnet_best.pt
[epoch  27] loss=0.0259  盲区MSE=0.0285  density=0.0162 vx=0.0670 vy=0.0219 var=0.0087
           ↑ new best (0.0285) -> varnet_best.pt
[epoch  28] loss=0.0259  盲区MSE=0.0283  density=0.0161 vx=0.0665 vy=0.0219 var=0.0087
           ↑ new best (0.0283) -> varnet_best.pt
[epoch  29] loss=0.0267  盲区MSE=0.0283  density=0.0162 vx=0.0664 vy=0.0219 var=0.0087
           ↑ new best (0.0283) -> varnet_best.pt
[epoch  30] loss=0.0271  盲区MSE=0.0283  density=0.0161 vx=0.0663 vy=0.0219 var=0.0087
           ↑ new best (0.0283) -> varnet_best.pt
[epoch  31] loss=0.0280  盲区MSE=0.0282  density=0.0161 vx=0.0662 vy=0.0219 var=0.0087
           ↑ new best (0.0282) -> varnet_best.pt
[epoch  32] loss=0.0251  盲区MSE=0.0281  density=0.0161 vx=0.0658 vy=0.0218 var=0.0087
           ↑ new best (0.0281) -> varnet_best.pt
[epoch  33] loss=0.0275  盲区MSE=0.0281  density=0.0161 vx=0.0657 vy=0.0219 var=0.0087
           ↑ new best (0.0281) -> varnet_best.pt
[epoch  34] loss=0.0278  盲区MSE=0.0280  density=0.0161 vx=0.0655 vy=0.0219 var=0.0087
           ↑ new best (0.0280) -> varnet_best.pt
[epoch  35] loss=0.0272  盲区MSE=0.0281  density=0.0161 vx=0.0657 vy=0.0219 var=0.0087
[epoch  36] loss=0.0272  盲区MSE=0.0280  density=0.0161 vx=0.0654 vy=0.0218 var=0.0087
           ↑ new best (0.0280) -> varnet_best.pt
[epoch  37] loss=0.0265  盲区MSE=0.0280  density=0.0161 vx=0.0653 vy=0.0219 var=0.0087
           ↑ new best (0.0280) -> varnet_best.pt
[epoch  38] loss=0.0270  盲区MSE=0.0280  density=0.0161 vx=0.0653 vy=0.0219 var=0.0087
[epoch  39] loss=0.0282  盲区MSE=0.0279  density=0.0161 vx=0.0649 vy=0.0219 var=0.0087
           ↑ new best (0.0279) -> varnet_best.pt
[epoch  40] loss=0.0262  盲区MSE=0.0279  density=0.0161 vx=0.0651 vy=0.0219 var=0.0087
[epoch  41] loss=0.0247  盲区MSE=0.0278  density=0.0161 vx=0.0646 vy=0.0219 var=0.0087
           ↑ new best (0.0278) -> varnet_best.pt
[epoch  42] loss=0.0273  盲区MSE=0.0278  density=0.0161 vx=0.0645 vy=0.0219 var=0.0087
           ↑ new best (0.0278) -> varnet_best.pt
[epoch  43] loss=0.0276  盲区MSE=0.0278  density=0.0161 vx=0.0644 vy=0.0219 var=0.0087
           ↑ new best (0.0278) -> varnet_best.pt
[2026-08-07T21:12:50.005] error: *** JOB 19611301 ON gpu61 CANCELLED AT 2026-08-07T21:12:50 DUE TO TIME LIMIT ***
