Submitted batch job 20200643
[chain] submitted successor (afterany:20190893)
NVIDIA H200
[obs] obs_every_k = 1  (observed every frame, matching the EnKF project)
[data] 6298 windows of (4, 200, 36, 12)  device=cuda
[model] params=2,788,342 (GENN prior 54,220 = 1.94%; the rest is the solver's ConvLSTM)  loss=nll  n_iter=15  amp=True
[seed] init=1  data=0
[var read-out] 692,000 params on the last hidden state   sigma^2 = softplus(out_var(h)) + 1e-06   beta=0.0
[schedule] ep0→5it@lr0.001  ep25→10it@lr0.0007  ep50→15it@lr0.0005  ep75→20it@lr0.0003
[resume] loaded runs/varnet_vsb0_h96_s1/varnet_last.pt: continuing from epoch 86 (step 16942)
[best] previous best blind MSE = 0.0409
[schedule] epoch 86: n_iter -> 20, lr -> 0.0003
[epoch  86] loss=-2.4981  blind_MSE=0.0411  density=0.0175 vx=0.1166 vy=0.0215 var=0.0088
[epoch  87] loss=-2.4601  blind_MSE=0.0411  density=0.0176 vx=0.1167 vy=0.0214 var=0.0088
[epoch  88] loss=-2.4173  blind_MSE=0.0412  density=0.0176 vx=0.1168 vy=0.0214 var=0.0088
[epoch  89] loss=-2.5079  blind_MSE=0.0412  density=0.0176 vx=0.1169 vy=0.0214 var=0.0088
[epoch  90] loss=-2.4618  blind_MSE=0.0412  density=0.0175 vx=0.1169 vy=0.0215 var=0.0088
[epoch  91] loss=-2.3727  blind_MSE=0.0412  density=0.0175 vx=0.1168 vy=0.0214 var=0.0088
[epoch  92] loss=-2.4555  blind_MSE=0.0412  density=0.0178 vx=0.1168 vy=0.0215 var=0.0088
[epoch  93] loss=-2.4691  blind_MSE=0.0411  density=0.0175 vx=0.1167 vy=0.0215 var=0.0088
[epoch  94] loss=-2.4335  blind_MSE=0.0413  density=0.0177 vx=0.1172 vy=0.0214 var=0.0088
[epoch  95] loss=-2.5058  blind_MSE=0.0411  density=0.0176 vx=0.1167 vy=0.0214 var=0.0088
[epoch  96] loss=-2.4499  blind_MSE=0.0411  density=0.0176 vx=0.1166 vy=0.0214 var=0.0088
[epoch  97] loss=-2.4910  blind_MSE=0.0412  density=0.0175 vx=0.1170 vy=0.0215 var=0.0088
[epoch  98] loss=-2.4417  blind_MSE=0.0412  density=0.0176 vx=0.1171 vy=0.0214 var=0.0088
[2026-09-10T17:38:47.005] error: *** JOB 20190893 ON gpu50 CANCELLED AT 2026-09-10T17:38:47 DUE TO TIME LIMIT ***
