Submitted batch job 20181772
[chain] submitted successor (afterany:20167402)
NVIDIA H200
[obs] obs_every_k = 1  (observed every frame, matching the EnKF project)
[data] 6298 windows of (4, 200, 36, 12)  device=cuda
[model] params=2,788,342 (GENN prior 54,220 = 1.94%; the rest is the solver's ConvLSTM)  loss=nll  n_iter=15  amp=True
[seed] init=1  data=0
[var read-out] 692,000 params on the last hidden state   sigma^2 = softplus(out_var(h)) + 1e-06   beta=0.0
[schedule] ep0→5it@lr0.001  ep25→10it@lr0.0007  ep50→15it@lr0.0005  ep75→20it@lr0.0003
[resume] loaded runs/varnet_vsb0_h96_s1/varnet_last.pt: continuing from epoch 39 (step 7683)
[best] previous best blind MSE = 0.0419
[schedule] epoch 39: n_iter -> 10, lr -> 0.0007
[epoch  39] loss=-2.2879  blind_MSE=0.0419  density=0.0178 vx=0.1191 vy=0.0218 var=0.0088
           ↑ new best (0.0419) -> varnet_best.pt
[epoch  40] loss=-2.2547  blind_MSE=0.0417  density=0.0176 vx=0.1187 vy=0.0216 var=0.0088
           ↑ new best (0.0417) -> varnet_best.pt
[epoch  41] loss=-2.2223  blind_MSE=0.0418  density=0.0178 vx=0.1189 vy=0.0219 var=0.0088
[epoch  42] loss=-2.3079  blind_MSE=0.0416  density=0.0177 vx=0.1182 vy=0.0218 var=0.0088
           ↑ new best (0.0416) -> varnet_best.pt
[epoch  43] loss=-2.3002  blind_MSE=0.0418  density=0.0176 vx=0.1189 vy=0.0218 var=0.0088
[epoch  44] loss=-2.3109  blind_MSE=0.0416  density=0.0177 vx=0.1181 vy=0.0217 var=0.0088
           ↑ new best (0.0416) -> varnet_best.pt
[epoch  45] loss=-2.3239  blind_MSE=0.0417  density=0.0179 vx=0.1182 vy=0.0217 var=0.0088
[epoch  46] loss=-2.3386  blind_MSE=0.0414  density=0.0177 vx=0.1176 vy=0.0217 var=0.0088
           ↑ new best (0.0414) -> varnet_best.pt
[epoch  47] loss=-2.2868  blind_MSE=0.0415  density=0.0177 vx=0.1178 vy=0.0216 var=0.0088
[epoch  48] loss=-2.2945  blind_MSE=0.0414  density=0.0176 vx=0.1177 vy=0.0216 var=0.0088
           ↑ new best (0.0414) -> varnet_best.pt
[epoch  49] loss=-2.3091  blind_MSE=0.0414  density=0.0176 vx=0.1177 vy=0.0217 var=0.0088
[schedule] epoch 50: n_iter -> 15, lr -> 0.0005
[epoch  50] loss=-2.3614  blind_MSE=0.0413  density=0.0178 vx=0.1172 vy=0.0215 var=0.0088
           ↑ new best (0.0413) -> varnet_best.pt
[epoch  51] loss=-2.3080  blind_MSE=0.0414  density=0.0176 vx=0.1176 vy=0.0216 var=0.0088
[epoch  52] loss=-2.3572  blind_MSE=0.0412  density=0.0175 vx=0.1169 vy=0.0215 var=0.0088
           ↑ new best (0.0412) -> varnet_best.pt
[epoch  53] loss=-2.3659  blind_MSE=0.0411  density=0.0175 vx=0.1167 vy=0.0215 var=0.0088
           ↑ new best (0.0411) -> varnet_best.pt
[epoch  54] loss=-2.3016  blind_MSE=0.0412  density=0.0175 vx=0.1172 vy=0.0215 var=0.0088
[epoch  55] loss=-2.4155  blind_MSE=0.0412  density=0.0177 vx=0.1168 vy=0.0215 var=0.0088
[epoch  56] loss=-2.3608  blind_MSE=0.0413  density=0.0176 vx=0.1172 vy=0.0215 var=0.0088
[epoch  57] loss=-2.3732  blind_MSE=0.0413  density=0.0175 vx=0.1173 vy=0.0216 var=0.0088
[epoch  58] loss=-2.3208  blind_MSE=0.0412  density=0.0176 vx=0.1168 vy=0.0216 var=0.0088
[epoch  59] loss=-2.4032  blind_MSE=0.0412  density=0.0175 vx=0.1171 vy=0.0215 var=0.0088
[epoch  60] loss=-2.4625  blind_MSE=0.0412  density=0.0175 vx=0.1167 vy=0.0216 var=0.0088
[epoch  61] loss=-2.2796  blind_MSE=0.0411  density=0.0176 vx=0.1164 vy=0.0215 var=0.0088
           ↑ new best (0.0411) -> varnet_best.pt
[epoch  62] loss=-2.3776  blind_MSE=0.0412  density=0.0176 vx=0.1167 vy=0.0215 var=0.0088
[epoch  63] loss=-2.4278  blind_MSE=0.0412  density=0.0176 vx=0.1170 vy=0.0214 var=0.0088
[epoch  64] loss=-2.4100  blind_MSE=0.0413  density=0.0177 vx=0.1170 vy=0.0215 var=0.0088
[epoch  65] loss=-2.3609  blind_MSE=0.0411  density=0.0176 vx=0.1167 vy=0.0215 var=0.0088
[2026-09-10T01:44:22.007] error: *** JOB 20167402 ON gpu50 CANCELLED AT 2026-09-10T01:44:22 DUE TO TIME LIMIT ***
