Submitted batch job 19620134
[chain] submitted successor (afterany:19618940)
NVIDIA H200
[obs] obs_every_k = 4  (每 4 帧观测)
[data] 6298 windows of (4, 200, 36, 12)  device=cuda
[model] params=2,096,342 (GENN prior 54,220 = 2.59%; the rest is the solver's ConvLSTM)  loss=supervised  n_iter=15  bilinear=False  amp=True
[schedule] ep0→5it@lr0.001  ep25→10it@lr0.0007  ep50→15it@lr0.0005  ep75→20it@lr0.0003
[resume] loaded runs/varnet_a4_k4/varnet_last.pt: continuing from epoch 73 (step 14381)
[best] previous best blind MSE = 0.0348
[epoch  73] loss=0.0343  盲区MSE=0.0348  density=0.0246 vx=0.0706 vy=0.0313 var=0.0126
[epoch  74] loss=0.0355  盲区MSE=0.0348  density=0.0246 vx=0.0706 vy=0.0313 var=0.0126
[schedule] epoch 75: n_iter -> 20, lr -> 0.0003
[epoch  75] loss=0.0394  盲区MSE=0.0347  density=0.0246 vx=0.0701 vy=0.0313 var=0.0126
           ↑ new best (0.0347) -> varnet_best.pt
[epoch  76] loss=0.0354  盲区MSE=0.0346  density=0.0246 vx=0.0700 vy=0.0313 var=0.0126
           ↑ new best (0.0346) -> varnet_best.pt
[epoch  77] loss=0.0357  盲区MSE=0.0346  density=0.0246 vx=0.0699 vy=0.0313 var=0.0126
           ↑ new best (0.0346) -> varnet_best.pt
[epoch  78] loss=0.0335  盲区MSE=0.0346  density=0.0246 vx=0.0700 vy=0.0313 var=0.0126
[epoch  79] loss=0.0326  盲区MSE=0.0346  density=0.0246 vx=0.0698 vy=0.0313 var=0.0126
           ↑ new best (0.0346) -> varnet_best.pt
[epoch  80] loss=0.0298  盲区MSE=0.0346  density=0.0246 vx=0.0699 vy=0.0313 var=0.0126
[epoch  81] loss=0.0334  盲区MSE=0.0346  density=0.0246 vx=0.0699 vy=0.0313 var=0.0126
[epoch  82] loss=0.0355  盲区MSE=0.0345  density=0.0246 vx=0.0697 vy=0.0313 var=0.0126
           ↑ new best (0.0345) -> varnet_best.pt
[epoch  83] loss=0.0382  盲区MSE=0.0346  density=0.0246 vx=0.0698 vy=0.0313 var=0.0126
[epoch  84] loss=0.0357  盲区MSE=0.0346  density=0.0246 vx=0.0698 vy=0.0313 var=0.0126
[2026-08-08T19:07:21.752] error: *** JOB 19618940 ON gpu58 CANCELLED AT 2026-08-08T19:07:21 DUE to SIGNAL Terminated ***
