Submitted batch job 20044846
[chain] submitted successor (afterany:20043329)
NVIDIA H200
[obs] obs_every_k = 1  (每帧观测,对齐 EnKF 项目)
[data] 6298 windows of (4, 200, 36, 12)  device=cuda
[model] params=2,051,542 (GENN prior 9,420 = 0.46%; the rest is the solver's ConvLSTM)  loss=supervised  n_iter=15  amp=True
[seed] init=3  data=0
[schedule] ep0→5it@lr0.001  ep25→10it@lr0.0007  ep50→15it@lr0.0005  ep75→20it@lr0.0003
[resume] loaded runs/varnet_mse5_s3/varnet_last.pt: continuing from epoch 125 (step 24625)
[best] previous best blind MSE = 0.0283
[schedule] epoch 125: n_iter -> 20, lr -> 0.0003
[epoch 125] loss=0.0285  盲区MSE=0.0289  density=0.0165 vx=0.0684 vy=0.0219 var=0.0088
[epoch 126] loss=0.0293  盲区MSE=0.0291  density=0.0166 vx=0.0690 vy=0.0220 var=0.0088
[epoch 127] loss=0.0271  盲区MSE=0.0292  density=0.0166 vx=0.0693 vy=0.0220 var=0.0088
[epoch 128] loss=0.0294  盲区MSE=0.0288  density=0.0165 vx=0.0680 vy=0.0219 var=0.0088
[epoch 129] loss=0.0272  盲区MSE=0.0288  density=0.0165 vx=0.0680 vy=0.0219 var=0.0087
[epoch 130] loss=0.0293  盲区MSE=0.0287  density=0.0165 vx=0.0677 vy=0.0219 var=0.0087
[epoch 131] loss=0.0267  盲区MSE=0.0287  density=0.0165 vx=0.0676 vy=0.0219 var=0.0087
[epoch 132] loss=0.0267  盲区MSE=0.0286  density=0.0165 vx=0.0675 vy=0.0219 var=0.0087
[epoch 133] loss=0.0261  盲区MSE=0.0286  density=0.0164 vx=0.0673 vy=0.0219 var=0.0087
[epoch 134] loss=0.0273  盲区MSE=0.0286  density=0.0165 vx=0.0672 vy=0.0219 var=0.0087
[epoch 135] loss=0.0260  盲区MSE=0.0286  density=0.0165 vx=0.0673 vy=0.0219 var=0.0087
[epoch 136] loss=0.0294  盲区MSE=0.0286  density=0.0165 vx=0.0673 vy=0.0218 var=0.0087
[epoch 137] loss=0.0268  盲区MSE=0.0289  density=0.0164 vx=0.0685 vy=0.0219 var=0.0088
[epoch 138] loss=0.0279  盲区MSE=0.0288  density=0.0165 vx=0.0679 vy=0.0219 var=0.0087
[epoch 139] loss=0.0298  盲区MSE=0.0286  density=0.0164 vx=0.0673 vy=0.0219 var=0.0087
[epoch 140] loss=0.0286  盲区MSE=0.0288  density=0.0165 vx=0.0680 vy=0.0219 var=0.0087
[epoch 141] loss=0.0307  盲区MSE=0.0286  density=0.0165 vx=0.0673 vy=0.0219 var=0.0088
[epoch 142] loss=0.0266  盲区MSE=0.0285  density=0.0164 vx=0.0669 vy=0.0218 var=0.0087
[epoch 143] loss=0.0272  盲区MSE=0.0286  density=0.0164 vx=0.0673 vy=0.0219 var=0.0087
[epoch 144] loss=0.0298  盲区MSE=0.0285  density=0.0165 vx=0.0671 vy=0.0218 var=0.0088
[epoch 145] loss=0.0284  盲区MSE=0.0286  density=0.0165 vx=0.0672 vy=0.0219 var=0.0087
[epoch 146] loss=0.0267  盲区MSE=0.0285  density=0.0164 vx=0.0668 vy=0.0219 var=0.0087
[epoch 147] loss=0.0269  盲区MSE=0.0290  density=0.0164 vx=0.0689 vy=0.0220 var=0.0088
[2026-09-03T05:48:05.004] error: *** JOB 20043329 ON gpu53 CANCELLED AT 2026-09-03T05:48:05 DUE TO TIME LIMIT ***
