Submitted batch job 20178976
[chain] submitted successor (afterany:20166684)
NVIDIA H200
[obs] obs_every_k = 1  (observed every frame, matching the EnKF project)
[data] 6298 windows of (4, 200, 36, 12)  device=cuda
[model] params=3,990,742 (GENN prior 54,220 = 1.36%; the rest is the solver's ConvLSTM)  loss=nll  n_iter=15  amp=True
[seed] init=4  data=0
[var] AUGMENTED STATE: log sigma^2 iterated with x over 15 steps; prior term of J is a Gaussian log-likelihood of the prior residual   eps=1e-06
[schedule] ep0→5it@lr0.001  ep25→10it@lr0.0007  ep50→15it@lr0.0005  ep75→20it@lr0.0003
[schedule] epoch 0: n_iter -> 5, lr -> 0.001
[epoch   0] loss=-1.7372  blind_MSE=0.0776  density=0.0227 vx=0.2412 vy=0.0376 var=0.0089
           ↑ new best (0.0776) -> varnet_best.pt
[epoch   1] loss=-1.8233  blind_MSE=0.0743  density=0.0213 vx=0.2320 vy=0.0353 var=0.0085
           ↑ new best (0.0743) -> varnet_best.pt
[epoch   2] loss=-1.8331  blind_MSE=0.0726  density=0.0200 vx=0.2290 vy=0.0330 var=0.0086
           ↑ new best (0.0726) -> varnet_best.pt
[epoch   3] loss=-1.8969  blind_MSE=0.0700  density=0.0192 vx=0.2219 vy=0.0304 var=0.0084
           ↑ new best (0.0700) -> varnet_best.pt
[epoch   4] loss=-1.9637  blind_MSE=0.0660  density=0.0189 vx=0.2077 vy=0.0290 var=0.0083
           ↑ new best (0.0660) -> varnet_best.pt
[epoch   5] loss=-1.9579  blind_MSE=0.0625  density=0.0188 vx=0.1945 vy=0.0286 var=0.0083
           ↑ new best (0.0625) -> varnet_best.pt
[epoch   6] loss=-2.0190  blind_MSE=0.0595  density=0.0187 vx=0.1828 vy=0.0281 var=0.0083
           ↑ new best (0.0595) -> varnet_best.pt
[epoch   7] loss=-1.9565  blind_MSE=0.0576  density=0.0186 vx=0.1757 vy=0.0277 var=0.0084
           ↑ new best (0.0576) -> varnet_best.pt
[epoch   8] loss=-2.0441  blind_MSE=0.0552  density=0.0185 vx=0.1664 vy=0.0274 var=0.0084
           ↑ new best (0.0552) -> varnet_best.pt
[epoch   9] loss=-2.0395  blind_MSE=0.0538  density=0.0186 vx=0.1609 vy=0.0274 var=0.0085
           ↑ new best (0.0538) -> varnet_best.pt
[epoch  10] loss=-2.0623  blind_MSE=0.0533  density=0.0187 vx=0.1586 vy=0.0274 var=0.0085
           ↑ new best (0.0533) -> varnet_best.pt
[epoch  11] loss=-2.1200  blind_MSE=0.0524  density=0.0185 vx=0.1552 vy=0.0271 var=0.0085
           ↑ new best (0.0524) -> varnet_best.pt
[epoch  12] loss=-2.1861  blind_MSE=0.0522  density=0.0185 vx=0.1547 vy=0.0272 var=0.0085
           ↑ new best (0.0522) -> varnet_best.pt
[epoch  13] loss=-2.0896  blind_MSE=0.0521  density=0.0186 vx=0.1542 vy=0.0272 var=0.0085
           ↑ new best (0.0521) -> varnet_best.pt
[epoch  14] loss=-2.1555  blind_MSE=0.0519  density=0.0186 vx=0.1534 vy=0.0271 var=0.0086
           ↑ new best (0.0519) -> varnet_best.pt
[epoch  15] loss=-2.1249  blind_MSE=0.0515  density=0.0184 vx=0.1521 vy=0.0270 var=0.0086
           ↑ new best (0.0515) -> varnet_best.pt
[epoch  16] loss=-2.1854  blind_MSE=0.0517  density=0.0185 vx=0.1526 vy=0.0270 var=0.0086
[epoch  17] loss=-2.1149  blind_MSE=0.0517  density=0.0185 vx=0.1528 vy=0.0269 var=0.0086
[epoch  18] loss=-2.1234  blind_MSE=0.0514  density=0.0185 vx=0.1519 vy=0.0268 var=0.0086
           ↑ new best (0.0514) -> varnet_best.pt
[epoch  19] loss=-2.0962  blind_MSE=0.0519  density=0.0186 vx=0.1531 vy=0.0271 var=0.0087
[epoch  20] loss=-2.1986  blind_MSE=0.0516  density=0.0185 vx=0.1523 vy=0.0268 var=0.0086
[epoch  21] loss=-2.1765  blind_MSE=0.0512  density=0.0185 vx=0.1511 vy=0.0267 var=0.0087
           ↑ new best (0.0512) -> varnet_best.pt
[epoch  22] loss=-2.1063  blind_MSE=0.0516  density=0.0186 vx=0.1522 vy=0.0269 var=0.0087
[epoch  23] loss=-2.1619  blind_MSE=0.0512  density=0.0182 vx=0.1514 vy=0.0265 var=0.0087
           ↑ new best (0.0512) -> varnet_best.pt
[epoch  24] loss=-2.1511  blind_MSE=0.0511  density=0.0186 vx=0.1504 vy=0.0266 var=0.0087
           ↑ new best (0.0511) -> varnet_best.pt
[schedule] epoch 25: n_iter -> 10, lr -> 0.0007
[epoch  25] loss=-2.0786  blind_MSE=0.0531  density=0.0187 vx=0.1577 vy=0.0273 var=0.0087
[epoch  26] loss=-2.1910  blind_MSE=0.0509  density=0.0184 vx=0.1503 vy=0.0263 var=0.0087
           ↑ new best (0.0509) -> varnet_best.pt
[epoch  27] loss=-2.1991  blind_MSE=0.0506  density=0.0184 vx=0.1491 vy=0.0261 var=0.0087
           ↑ new best (0.0506) -> varnet_best.pt
[epoch  28] loss=-2.1884  blind_MSE=0.0504  density=0.0185 vx=0.1485 vy=0.0260 var=0.0087
           ↑ new best (0.0504) -> varnet_best.pt
[epoch  29] loss=-2.2303  blind_MSE=0.0505  density=0.0185 vx=0.1485 vy=0.0262 var=0.0087
[epoch  30] loss=-2.2626  blind_MSE=0.0504  density=0.0184 vx=0.1484 vy=0.0260 var=0.0087
           ↑ new best (0.0504) -> varnet_best.pt
[epoch  31] loss=-2.2218  blind_MSE=0.0501  density=0.0183 vx=0.1475 vy=0.0259 var=0.0087
           ↑ new best (0.0501) -> varnet_best.pt
[epoch  32] loss=-2.2275  blind_MSE=0.0500  density=0.0184 vx=0.1470 vy=0.0259 var=0.0087
           ↑ new best (0.0500) -> varnet_best.pt
[epoch  33] loss=-2.2192  blind_MSE=0.0501  density=0.0185 vx=0.1474 vy=0.0260 var=0.0087
[epoch  34] loss=-2.1862  blind_MSE=0.0505  density=0.0187 vx=0.1484 vy=0.0260 var=0.0087
[epoch  35] loss=-2.2298  blind_MSE=0.0501  density=0.0185 vx=0.1473 vy=0.0258 var=0.0087
[epoch  36] loss=-2.2932  blind_MSE=0.0496  density=0.0184 vx=0.1458 vy=0.0256 var=0.0087
           ↑ new best (0.0496) -> varnet_best.pt
[epoch  37] loss=-2.2491  blind_MSE=0.0499  density=0.0184 vx=0.1467 vy=0.0257 var=0.0087
[epoch  38] loss=-2.2313  blind_MSE=0.0496  density=0.0184 vx=0.1456 vy=0.0256 var=0.0087
           ↑ new best (0.0496) -> varnet_best.pt
[epoch  39] loss=-2.2470  blind_MSE=0.0493  density=0.0182 vx=0.1449 vy=0.0254 var=0.0087
           ↑ new best (0.0493) -> varnet_best.pt
[epoch  40] loss=-2.2834  blind_MSE=0.0497  density=0.0184 vx=0.1458 vy=0.0258 var=0.0087
[epoch  41] loss=-2.1324  blind_MSE=0.0498  density=0.0180 vx=0.1468 vy=0.0258 var=0.0087
[epoch  42] loss=-2.2555  blind_MSE=0.0498  density=0.0182 vx=0.1469 vy=0.0255 var=0.0087
[epoch  43] loss=-2.2711  blind_MSE=0.0495  density=0.0184 vx=0.1453 vy=0.0255 var=0.0087
[epoch  44] loss=-2.1279  blind_MSE=0.0497  density=0.0185 vx=0.1461 vy=0.0255 var=0.0087
[epoch  45] loss=-2.1893  blind_MSE=0.0495  density=0.0184 vx=0.1456 vy=0.0254 var=0.0087
[epoch  46] loss=-2.2364  blind_MSE=0.0494  density=0.0182 vx=0.1453 vy=0.0255 var=0.0087
[epoch  47] loss=-2.2982  blind_MSE=0.0493  density=0.0183 vx=0.1446 vy=0.0255 var=0.0087
           ↑ new best (0.0493) -> varnet_best.pt
[2026-09-09T22:51:45.007] error: *** JOB 20166684 ON gpu61 CANCELLED AT 2026-09-09T22:51:45 DUE TO TIME LIMIT ***
