输出平均使用 1 个 checkpoint: epochs [110]
test split: 7 天
  atc-20130811_corridor_1.0s  density 0.02138  vx 0.47933  vy 0.09085  var 0.04062
  atc-20130818_corridor_1.0s  density 0.03155  vx 0.52256  vy 0.10295  var 0.05292
  atc-20130825_corridor_1.0s  density 0.02643  vx 0.58423  vy 0.11058  var 0.06371
  atc-20130901_corridor_1.0s  density 0.02855  vx 0.56327  vy 0.10895  var 0.06032
  atc-20130915_corridor_1.0s  density 0.02150  vx 0.58577  vy 0.11545  var 0.05172
  atc-20130922_corridor_1.0s  density 0.01927  vx 0.62298  vy 0.11624  var 0.05023
  atc-20130929_corridor_1.0s  density 0.02237  vx 0.64219  vy 0.11352  var 0.05941

=== MSE（两套口径）===
口径                 density         vx         vy        var   四通道合并
ours_blind         0.02447    0.56885    0.10798    0.05453   0.10943
ours_all           0.01358    0.23845    0.04425    0.02370   0.05236
ours_blind_noclip   0.02470    0.56885    0.10807    0.05490   0.10963
ours_all_noclip    0.01375    0.23845    0.04436   55.88857   7.94970
v4dvar_blind       0.01446    0.82979    2.00646    0.01325   0.71599
v4dvar_all         0.00975    0.53209    1.54436    0.00801   0.52355

=== 变率保持（重建 SD / 真值 SD，1 最好；<1 = 被抹平）===
  density  truth 0.2039  rec 0.1804  ratio 0.885
  vx       truth 0.8981  rec 0.7588  ratio 0.845
  vy       truth 0.3317  rec 0.2821  ratio 0.851
  var      truth 0.2326  rec 0.1690  ratio 0.727

=== σ̂ 校准（盲区、归一化空间；理想是 actual ≈ pred）===
  density  平均预测SD 0.5030  实际RMS 0.8071  全局调整因子 1.605  (n=4,000,000)
      pred 0.0365 -> actual 0.0883  (n=1,501,527)
      pred 0.1941 -> actual 0.2507  (n=329,595)
      pred 0.3253 -> actual 0.4184  (n=266,516)
      pred 0.4533 -> actual 0.5446  (n=236,725)
      pred 0.5831 -> actual 0.6722  (n=220,062)
      pred 0.7099 -> actual 0.8063  (n=227,062)
      pred 0.8375 -> actual 0.9541  (n=212,064)
      pred 0.9657 -> actual 1.1237  (n=203,017)
      pred 1.0944 -> actual 1.2637  (n=204,714)
      pred 1.2215 -> actual 1.3923  (n=198,718)
  vx       平均预测SD 0.7908  实际RMS 0.8884  全局调整因子 1.123  (n=4,000,000)
      pred 0.4493 -> actual 0.5485  (n=309,027)
      pred 0.5192 -> actual 0.6269  (n=274,370)
      pred 0.5896 -> actual 0.6739  (n=267,393)
      pred 0.6585 -> actual 0.7599  (n=243,905)
      pred 0.7290 -> actual 0.8184  (n=243,517)
      pred 0.7989 -> actual 0.8733  (n=282,330)
      pred 0.8689 -> actual 0.9318  (n=317,104)
      pred 0.9371 -> actual 0.9942  (n=379,444)
      pred 1.0069 -> actual 1.0342  (n=436,765)
      pred 1.0766 -> actual 1.1081  (n=446,145)
  vy       平均预测SD 0.9209  实际RMS 0.9765  全局调整因子 1.060  (n=4,000,000)
      pred 0.5690 -> actual 0.7006  (n=207,199)
      pred 0.6353 -> actual 0.7694  (n=182,561)
      pred 0.7019 -> actual 0.8315  (n=172,078)
      pred 0.7693 -> actual 0.9191  (n=190,366)
      pred 0.8364 -> actual 0.8967  (n=213,489)
      pred 0.9089 -> actual 0.9177  (n=533,547)
      pred 0.9625 -> actual 0.9222  (n=691,368)
      pred 1.0339 -> actual 1.0020  (n=406,695)
      pred 1.0979 -> actual 1.0675  (n=339,599)
      pred 1.1661 -> actual 1.1322  (n=263,098)
  var      平均预测SD 0.7912  实际RMS 1.0088  全局调整因子 1.275  (n=4,000,000)
      pred 0.4246 -> actual 0.6183  (n=199,798)
      pred 0.5020 -> actual 0.7033  (n=237,981)
      pred 0.5776 -> actual 0.7743  (n=321,894)
      pred 0.6506 -> actual 0.8456  (n=278,503)
      pred 0.7272 -> actual 0.9127  (n=296,120)
      pred 0.8029 -> actual 0.9663  (n=333,054)
      pred 0.8791 -> actual 1.0261  (n=363,122)
      pred 0.9538 -> actual 1.1033  (n=428,118)
      pred 1.0271 -> actual 1.2013  (n=386,073)
      pred 1.1038 -> actual 1.2783  (n=355,337)

wrote check_outputs/eval_single_00110/dincae_metrics_test.json
