observation config (from 4dvarnet_enkf/config.yaml): num_agents=3 range=7 every_k=1 seed=0 trajectory_mode=per_day
train 32 days, dev 7 days, per-cell statistics from 32 days, walkable=290
n_in=30 n_var=4 levels=2 params=319,696
  [cache] wrote atc-20121111_corridor_1.0s x(9685, 30, 36, 12)
  [cache] wrote atc-20130120_corridor_1.0s x(9817, 30, 36, 12)
  [cache] wrote atc-20130428_corridor_1.0s x(10001, 30, 36, 12)
  [cache] wrote atc-20130331_corridor_1.0s x(9920, 30, 36, 12)
  [cache] wrote atc-20130113_corridor_1.0s x(9701, 30, 36, 12)
  [cache] wrote atc-20121125_corridor_1.0s x(9959, 30, 36, 12)
  [cache] wrote atc-20130526_corridor_1.0s x(10246, 30, 36, 12)
  [cache] wrote atc-20130224_corridor_1.0s x(9871, 30, 36, 12)
  [cache] wrote atc-20130414_corridor_1.0s x(9906, 30, 36, 12)
  [cache] wrote atc-20121209_corridor_1.0s x(9294, 30, 36, 12)
  [cache] wrote atc-20130310_corridor_1.0s x(9930, 30, 36, 12)
  [cache] wrote atc-20130505_corridor_1.0s x(9925, 30, 36, 12)
  [cache] wrote atc-20121118_corridor_1.0s x(9820, 30, 36, 12)
  [cache] wrote atc-20130602_corridor_1.0s x(10011, 30, 36, 12)
  [cache] wrote atc-20121223_corridor_1.0s x(9993, 30, 36, 12)
  [cache] wrote atc-20121028_corridor_1.0s x(10111, 30, 36, 12)
  [cache] wrote atc-20130317_corridor_1.0s x(9704, 30, 36, 12)
  [cache] wrote atc-20130127_corridor_1.0s x(10378, 30, 36, 12)
  [cache] wrote atc-20130324_corridor_1.0s x(10354, 30, 36, 12)
  [cache] wrote atc-20130203_corridor_1.0s x(9645, 30, 36, 12)
  [cache] wrote atc-20121216_corridor_1.0s x(10175, 30, 36, 12)
  [cache] wrote atc-20121202_corridor_1.0s x(9598, 30, 36, 12)
  [cache] wrote atc-20130303_corridor_1.0s x(8797, 30, 36, 12)
  [cache] wrote atc-20130210_corridor_1.0s x(9788, 30, 36, 12)
  [cache] wrote atc-20130512_corridor_1.0s x(9535, 30, 36, 12)
  [cache] wrote atc-20130407_corridor_1.0s x(9703, 30, 36, 12)
  [cache] wrote atc-20130106_corridor_1.0s x(9611, 30, 36, 12)
  [cache] wrote atc-20130519_corridor_1.0s x(10080, 30, 36, 12)
  [cache] wrote atc-20130421_corridor_1.0s x(10206, 30, 36, 12)
  [cache] wrote atc-20121104_corridor_1.0s x(10070, 30, 36, 12)
  [cache] wrote atc-20130217_corridor_1.0s x(9776, 30, 36, 12)
  [cache] wrote atc-20130609_corridor_1.0s x(10013, 30, 36, 12)
  [cache] wrote atc-20130616_corridor_1.0s x(2196, 30, 36, 12)
  [cache] wrote atc-20130623_corridor_1.0s x(2539, 30, 36, 12)
  [cache] wrote atc-20130630_corridor_1.0s x(2545, 30, 36, 12)
  [cache] wrote atc-20130707_corridor_1.0s x(2403, 30, 36, 12)
  [cache] wrote atc-20130714_corridor_1.0s x(2529, 30, 36, 12)
  [cache] wrote atc-20130721_corridor_1.0s x(2339, 30, 36, 12)
  [cache] wrote atc-20130728_corridor_1.0s x(2312, 30, 36, 12)
{"epoch": 0, "lr": 0.001, "train_nll": -10.867019304094724, "train_nll_per_level": [-9.638253114972644, -11.393633425380655], "dev_nll": -13.012618576805547, "dev_resid_mse": {"density": 0.010669221503816197, "vx": 0.06621626143596757, "vy": 0.013695565792898266, "var": 0.002145390008529613}, "dev_resid_mse_norm": {"density": 0.28083952221105685, "vx": 0.09183103648840256, "vy": 0.1208485992519923, "var": 0.09667723283769106}, "batches": 4936, "sec": 388.3}
{"epoch": 1, "lr": 0.001, "train_nll": -12.832247841300223, "train_nll_per_level": [-11.525225962290309, -13.392400125147265], "dev_nll": -13.563683776135715, "dev_resid_mse": {"density": 0.010517259822713204, "vx": 0.06495953426548148, "vy": 0.013058379639378368, "var": 0.0019813444435350215}, "dev_resid_mse_norm": {"density": 0.2768395259695233, "vx": 0.09008816311944205, "vy": 0.11522611856882302, "var": 0.08928488402469259}, "batches": 4936, "sec": 49.1}
{"epoch": 2, "lr": 0.001, "train_nll": -13.268045986411298, "train_nll_per_level": [-11.935216504341442, -13.839258653801142], "dev_nll": -13.691611187075669, "dev_resid_mse": {"density": 0.01053328618749648, "vx": 0.06245092094998495, "vy": 0.012338092791949437, "var": 0.0019450231892447073}, "dev_resid_mse_norm": {"density": 0.277261378363056, "vx": 0.08660913008563924, "vy": 0.10887036387509895, "var": 0.08764814742014937}, "batches": 4935, "sec": 48.4}
{"epoch": 3, "lr": 0.001, "train_nll": -13.545811258961486, "train_nll_per_level": [-12.109435998390994, -14.161400708601468], "dev_nll": -13.786314985662136, "dev_resid_mse": {"density": 0.01001676494286654, "vx": 0.06312006829098558, "vy": 0.012121682740720988, "var": 0.001992682334495744}, "dev_resid_mse_norm": {"density": 0.26366529925814214, "vx": 0.08753712711469182, "vy": 0.10696077854284701, "var": 0.0897958008836041}, "batches": 4935, "sec": 48.5}
{"epoch": 4, "lr": 0.001, "train_nll": -13.663406059556495, "train_nll_per_level": [-12.141948184182617, -14.315459490015595], "dev_nll": -13.641766271388756, "dev_resid_mse": {"density": 0.010137987032400278, "vx": 0.06561707035545622, "vy": 0.012212636434039682, "var": 0.0019655216417474863}, "dev_resid_mse_norm": {"density": 0.266856155656981, "vx": 0.09100005725785247, "vy": 0.10776334680476278, "var": 0.08857186462659881}, "batches": 4936, "sec": 48.6}
{"epoch": 5, "lr": 0.001, "train_nll": -13.829661252553198, "train_nll_per_level": [-12.259027405719127, -14.502790099917236], "dev_nll": -14.034356042349113, "dev_resid_mse": {"density": 0.01028082817142502, "vx": 0.06193171978681777, "vy": 0.01217659948157632, "var": 0.0018969097977633703}, "dev_resid_mse_norm": {"density": 0.2706160773365003, "vx": 0.08588908368124153, "vy": 0.10744535956039744, "var": 0.08548002435983915}, "batches": 4937, "sec": 48.6}
{"epoch": 6, "lr": 0.001, "train_nll": -13.897969178370792, "train_nll_per_level": [-12.262721265413116, -14.598789766421797], "dev_nll": -14.309718597160195, "dev_resid_mse": {"density": 0.010129435693240419, "vx": 0.06245388152703908, "vy": 0.01204416510432147, "var": 0.0018854560472348516}, "dev_resid_mse_norm": {"density": 0.2666310638821912, "vx": 0.08661323591785611, "vy": 0.1062767689942189, "var": 0.08496388654699022}, "batches": 4935, "sec": 48.4}
{"epoch": 7, "lr": 0.001, "train_nll": -13.972650404034415, "train_nll_per_level": [-12.319044221135982, -14.681338814906436], "dev_nll": -14.166953658157924, "dev_resid_mse": {"density": 0.010113640746377748, "vx": 0.06434560086041302, "vy": 0.012080154222903561, "var": 0.0019019141745391418}, "dev_resid_mse_norm": {"density": 0.26621530296386414, "vx": 0.08923673871553169, "vy": 0.10659433415616458, "var": 0.08570553547755447}, "batches": 4935, "sec": 48.6}
{"epoch": 8, "lr": 0.001, "train_nll": -14.045666088402948, "train_nll_per_level": [-12.362649824621226, -14.766958822549066], "dev_nll": -14.660163057075357, "dev_resid_mse": {"density": 0.009891624551470704, "vx": 0.06157956168543007, "vy": 0.01188582881657068, "var": 0.0018532427150605233}, "dev_resid_mse_norm": {"density": 0.26037130374812856, "vx": 0.08540069846049794, "vy": 0.10487962199972485, "var": 0.08351226432319238}, "batches": 4936, "sec": 48.6}
{"epoch": 9, "lr": 0.001, "train_nll": -14.183685916003968, "train_nll_per_level": [-12.44557331688136, -14.928591356354765], "dev_nll": -14.607730017518097, "dev_resid_mse": {"density": 0.009790001013341564, "vx": 0.061930315096550254, "vy": 0.011848533192589546, "var": 0.0018539857628345822}, "dev_resid_mse_norm": {"density": 0.2576963282699855, "vx": 0.08588713560745401, "vy": 0.10455052833652721, "var": 0.08354574811978722}, "batches": 4935, "sec": 48.2}
{"epoch": 10, "lr": 0.001, "train_nll": -14.25104476748158, "train_nll_per_level": [-12.502950196134792, -15.0002282080233], "dev_nll": -14.415235007484004, "dev_resid_mse": {"density": 0.00965718144528758, "vx": 0.061123124076662816, "vy": 0.011672462435605876, "var": 0.0018609518678334464}, "dev_resid_mse_norm": {"density": 0.25420019839591573, "vx": 0.08476769475723213, "vy": 0.10299689377535064, "var": 0.08385966016014793}, "batches": 4936, "sec": 48.3}
{"epoch": 11, "lr": 0.001, "train_nll": -14.269555411005454, "train_nll_per_level": [-12.543267816274966, -15.009392984249189], "dev_nll": -14.342247716885693, "dev_resid_mse": {"density": 0.010428025251811624, "vx": 0.06062534788903029, "vy": 0.012007632781634634, "var": 0.001926768434431048}, "dev_resid_mse_norm": {"density": 0.27449065784941307, "vx": 0.0840773612612261, "vy": 0.10595441064182318, "var": 0.08682553746368525}, "batches": 4935, "sec": 48.3}
{"epoch": 12, "lr": 0.001, "train_nll": -14.30859431149338, "train_nll_per_level": [-12.569471896889965, -15.053932529725309], "dev_nll": -14.809708239447396, "dev_resid_mse": {"density": 0.009940639884916589, "vx": 0.06104794353853973, "vy": 0.011609707760822926, "var": 0.0018745057941822046}, "dev_resid_mse_norm": {"density": 0.2616615049892439, "vx": 0.0846634317470609, "vy": 0.10244315144307209, "var": 0.08447043772892289}, "batches": 4937, "sec": 48.4}
{"epoch": 13, "lr": 0.001, "train_nll": -14.326577581759524, "train_nll_per_level": [-12.566237071131752, -15.081009276028658], "dev_nll": -14.261428563099987, "dev_resid_mse": {"density": 0.010045690275018419, "vx": 0.06216927793105629, "vy": 0.011945693687670742, "var": 0.0018878861060122956}, "dev_resid_mse_norm": {"density": 0.2644266834377118, "vx": 0.08621853765732837, "vy": 0.10540786493077593, "var": 0.08507339174525355}, "batches": 4937, "sec": 48.2}
{"epoch": 14, "lr": 0.001, "train_nll": -14.393176523457907, "train_nll_per_level": [-12.614734880733394, -15.155365845739178], "dev_nll": -14.59217000682399, "dev_resid_mse": {"density": 0.009997240418899498, "vx": 0.06119866103047423, "vy": 0.011633560991190037, "var": 0.00182729905117704}, "dev_resid_mse_norm": {"density": 0.263151366917311, "vx": 0.08487245205719517, "vy": 0.10265363047848333, "var": 0.08234317076726343}, "batches": 4935, "sec": 48.3}
{"epoch": 15, "lr": 0.001, "train_nll": -14.416535590943836, "train_nll_per_level": [-12.666718374366335, -15.166457302157278], "dev_nll": -15.132464116474367, "dev_resid_mse": {"density": 0.009826598810105565, "vx": 0.061800030720442996, "vy": 0.011594598726452186, "var": 0.0018688202739381569}, "dev_resid_mse_norm": {"density": 0.2586596701364472, "vx": 0.08570645265984085, "vy": 0.102309830507861, "var": 0.0842142323945772}, "batches": 4935, "sec": 48.3}
{"epoch": 16, "lr": 0.001, "train_nll": -14.477891329163356, "train_nll_per_level": [-12.751980642997022, -15.21756739370004], "dev_nll": -14.910348515240651, "dev_resid_mse": {"density": 0.009838192196937346, "vx": 0.060874189955386494, "vy": 0.011976003410270893, "var": 0.0018956816153430627}, "dev_resid_mse_norm": {"density": 0.25896483590861535, "vx": 0.08442246417673129, "vy": 0.10567531554766421, "var": 0.08542467904857026}, "batches": 4935, "sec": 48.2}
{"epoch": 17, "lr": 0.001, "train_nll": -14.472891898562798, "train_nll_per_level": [-12.732836552155943, -15.21862993410345], "dev_nll": -14.710012360788742, "dev_resid_mse": {"density": 0.010169169688701593, "vx": 0.061035526924800014, "vy": 0.011590782682786434, "var": 0.001967288577941185}, "dev_resid_mse_norm": {"density": 0.2676769580270322, "vx": 0.08464621195112759, "vy": 0.10227615803761303, "var": 0.08865148767934374}, "batches": 4937, "sec": 48.7}
{"epoch": 18, "lr": 0.001, "train_nll": -14.525097472202841, "train_nll_per_level": [-12.793076318480681, -15.267392291537556], "dev_nll": -14.32425088792477, "dev_resid_mse": {"density": 0.010105076135599519, "vx": 0.06134186942472972, "vy": 0.012874613604952729, "var": 0.0019678458358612268}, "dev_resid_mse_norm": {"density": 0.2659898618482194, "vx": 0.08507105848699245, "vy": 0.11360458148256787, "var": 0.0886765992690651}, "batches": 4934, "sec": 48.3}
[2026-10-06T15:51:44.176] error: *** JOB 20794843 ON gpu48 CANCELLED AT 2026-10-06T15:51:44 DUE to SIGNAL Terminated ***
