Tesla V100-SXM2-16GB
[new_cov_sweep_alpha0.125_f0.125_d0.125_blindg1_emptyg1] mode=full history=5
  frame 10/35127: 55.0 ms/frame
  frame 100/35127: 13.6 ms/frame
  frame 1000/35127: 9.5 ms/frame
  frame 5000/35127: 8.8 ms/frame
  frame 10000/35127: 8.7 ms/frame
  frame 15000/35127: 8.7 ms/frame
  frame 20000/35127: 8.7 ms/frame
  frame 25000/35127: 8.7 ms/frame
  frame 30000/35127: 8.7 ms/frame
  frame 35000/35127: 8.7 ms/frame
{"variant": "new_cov_sweep_alpha0.125_f0.125_d0.125_blindg1_emptyg1", "rmse": 0.663279607733208, "crps": 0.22851481319544178, "spread_skill": 0.22809965568962912}
[new_cov_sweep_alpha0.25_f0.25_d0.25_blindg1_emptyg1] mode=full history=5
  frame 10/35127: 9.1 ms/frame
  frame 100/35127: 9.4 ms/frame
  frame 1000/35127: 9.3 ms/frame
  frame 5000/35127: 8.9 ms/frame
  frame 10000/35127: 8.8 ms/frame
  frame 15000/35127: 8.8 ms/frame
  frame 20000/35127: 8.8 ms/frame
  frame 25000/35127: 8.8 ms/frame
  frame 30000/35127: 8.8 ms/frame
  frame 35000/35127: 8.8 ms/frame
{"variant": "new_cov_sweep_alpha0.25_f0.25_d0.25_blindg1_emptyg1", "rmse": 0.6728567389571515, "crps": 0.2158621373107522, "spread_skill": 0.31576996287120984}
[new_cov_sweep_alpha0.5_f0.5_d0.5_blindg1_emptyg1] mode=full history=5
  frame 10/35127: 8.6 ms/frame
  frame 100/35127: 9.3 ms/frame
  frame 1000/35127: 9.4 ms/frame
  frame 5000/35127: 8.8 ms/frame
  frame 10000/35127: 8.6 ms/frame
  frame 15000/35127: 8.5 ms/frame
  frame 20000/35127: 8.5 ms/frame
  frame 25000/35127: 8.5 ms/frame
  frame 30000/35127: 8.5 ms/frame
  frame 35000/35127: 8.5 ms/frame
{"variant": "new_cov_sweep_alpha0.5_f0.5_d0.5_blindg1_emptyg1", "rmse": 0.6781020969036232, "crps": 0.20496409768115664, "spread_skill": 0.4331857055771313}
[new_cov_sweep_alpha1_f1_d1_blindg1_emptyg1] mode=full history=5
  frame 10/35127: 8.8 ms/frame
  frame 100/35127: 9.3 ms/frame
  frame 1000/35127: 9.2 ms/frame
  frame 5000/35127: 8.9 ms/frame
  frame 10000/35127: 8.7 ms/frame
  frame 15000/35127: 8.7 ms/frame
  frame 20000/35127: 8.7 ms/frame
  frame 25000/35127: 8.8 ms/frame
  frame 30000/35127: 8.9 ms/frame
  frame 35000/35127: 8.9 ms/frame
{"variant": "new_cov_sweep_alpha1_f1_d1_blindg1_emptyg1", "rmse": 0.6705435134649335, "crps": 0.19862443925070797, "spread_skill": 0.6073700722433303}
[new_cov_sweep_alpha2_f2_d2_blindg1_emptyg1] mode=full history=5
  frame 10/35127: 8.8 ms/frame
  frame 100/35127: 9.6 ms/frame
  frame 1000/35127: 9.4 ms/frame
  frame 5000/35127: 8.9 ms/frame
  frame 10000/35127: 8.7 ms/frame
  frame 15000/35127: 8.7 ms/frame
  frame 20000/35127: 8.6 ms/frame
  frame 25000/35127: 8.6 ms/frame
  frame 30000/35127: 8.6 ms/frame
  frame 35000/35127: 8.6 ms/frame
{"variant": "new_cov_sweep_alpha2_f2_d2_blindg1_emptyg1", "rmse": 0.6605568475224167, "crps": 0.20255530843921257, "spread_skill": 0.8693783996262936}
[new_cov_sweep_alpha4_f4_d4_blindg1_emptyg1] mode=full history=5
  frame 10/35127: 8.5 ms/frame
  frame 100/35127: 9.0 ms/frame
  frame 1000/35127: 9.0 ms/frame
  frame 5000/35127: 8.8 ms/frame
  frame 10000/35127: 8.6 ms/frame
  frame 15000/35127: 8.5 ms/frame
  frame 20000/35127: 8.4 ms/frame
  frame 25000/35127: 8.4 ms/frame
  frame 30000/35127: 8.4 ms/frame
  frame 35000/35127: 8.4 ms/frame
{"variant": "new_cov_sweep_alpha4_f4_d4_blindg1_emptyg1", "rmse": 0.6491617564986059, "crps": 0.22361704279457867, "spread_skill": 1.2764412836302859}
[done] check_outputs/eval/ev_clean_atc-20130616.json
