Tesla V100-SXM2-16GB
[new_cov_sweep_alpha0.125_f0.125_d0.125_blindg1_emptyg1] mode=full history=5
  frame 10/35127: 51.9 ms/frame
  frame 100/35127: 12.5 ms/frame
  frame 1000/35127: 8.7 ms/frame
  frame 5000/35127: 8.3 ms/frame
  frame 10000/35127: 8.3 ms/frame
  frame 15000/35127: 8.4 ms/frame
  frame 20000/35127: 8.5 ms/frame
  frame 25000/35127: 8.4 ms/frame
  frame 30000/35127: 8.4 ms/frame
  frame 35000/35127: 8.4 ms/frame
{"variant": "new_cov_sweep_alpha0.125_f0.125_d0.125_blindg1_emptyg1", "rmse": 0.6179786151146319, "crps": 0.21168774702658905, "spread_skill": 0.2503310942549707}
[new_cov_sweep_alpha0.25_f0.25_d0.25_blindg1_emptyg1] mode=full history=5
  frame 10/35127: 7.7 ms/frame
  frame 100/35127: 8.2 ms/frame
  frame 1000/35127: 8.2 ms/frame
  frame 5000/35127: 8.3 ms/frame
  frame 10000/35127: 8.3 ms/frame
  frame 15000/35127: 8.3 ms/frame
  frame 20000/35127: 8.3 ms/frame
  frame 25000/35127: 8.3 ms/frame
  frame 30000/35127: 8.3 ms/frame
  frame 35000/35127: 8.3 ms/frame
{"variant": "new_cov_sweep_alpha0.25_f0.25_d0.25_blindg1_emptyg1", "rmse": 0.6199941892051891, "crps": 0.2040008869088815, "spread_skill": 0.35977635849460626}
[new_cov_sweep_alpha0.5_f0.5_d0.5_blindg1_emptyg1] mode=full history=5
  frame 10/35127: 7.9 ms/frame
  frame 100/35127: 8.4 ms/frame
  frame 1000/35127: 8.3 ms/frame
  frame 5000/35127: 8.3 ms/frame
  frame 10000/35127: 8.3 ms/frame
  frame 15000/35127: 8.3 ms/frame
  frame 20000/35127: 8.4 ms/frame
  frame 25000/35127: 8.4 ms/frame
  frame 30000/35127: 8.4 ms/frame
  frame 35000/35127: 8.4 ms/frame
{"variant": "new_cov_sweep_alpha0.5_f0.5_d0.5_blindg1_emptyg1", "rmse": 0.6197296929224232, "crps": 0.19709001051563071, "spread_skill": 0.5095883068913185}
[new_cov_sweep_alpha1_f1_d1_blindg1_emptyg1] mode=full history=5
  frame 10/35127: 7.8 ms/frame
  frame 100/35127: 8.3 ms/frame
  frame 1000/35127: 8.3 ms/frame
  frame 5000/35127: 8.4 ms/frame
  frame 10000/35127: 8.4 ms/frame
  frame 15000/35127: 8.4 ms/frame
  frame 20000/35127: 8.4 ms/frame
  frame 25000/35127: 8.3 ms/frame
  frame 30000/35127: 8.4 ms/frame
  frame 35000/35127: 8.4 ms/frame
{"variant": "new_cov_sweep_alpha1_f1_d1_blindg1_emptyg1", "rmse": 0.6169075548321328, "crps": 0.1966882284177375, "spread_skill": 0.7242250807624603}
[new_cov_sweep_alpha2_f2_d2_blindg1_emptyg1] mode=full history=5
  frame 10/35127: 7.8 ms/frame
  frame 100/35127: 8.5 ms/frame
  frame 1000/35127: 8.5 ms/frame
  frame 5000/35127: 8.6 ms/frame
  frame 10000/35127: 8.6 ms/frame
  frame 15000/35127: 8.6 ms/frame
  frame 20000/35127: 8.7 ms/frame
  frame 25000/35127: 8.7 ms/frame
  frame 30000/35127: 8.8 ms/frame
  frame 35000/35127: 8.8 ms/frame
{"variant": "new_cov_sweep_alpha2_f2_d2_blindg1_emptyg1", "rmse": 0.6156908584202211, "crps": 0.20804058413151, "spread_skill": 1.0344798668039585}
[new_cov_sweep_alpha4_f4_d4_blindg1_emptyg1] mode=full history=5
  frame 10/35127: 8.3 ms/frame
  frame 100/35127: 8.8 ms/frame
  frame 1000/35127: 8.8 ms/frame
  frame 5000/35127: 8.9 ms/frame
  frame 10000/35127: 8.9 ms/frame
  frame 15000/35127: 8.9 ms/frame
  frame 20000/35127: 8.9 ms/frame
  frame 25000/35127: 8.8 ms/frame
  frame 30000/35127: 8.7 ms/frame
  frame 35000/35127: 8.7 ms/frame
{"variant": "new_cov_sweep_alpha4_f4_d4_blindg1_emptyg1", "rmse": 0.6168817235773691, "crps": 0.2362017194324256, "spread_skill": 1.4803864511063671}
[done] check_outputs/eval/ev_w25_atc-20130616.json
