Tesla V100-SXM2-16GB
[new_cov_sweep_alpha0.125_f0.125_d0.125_blindg1_emptyg1] mode=full history=5
  frame 10/40620: 57.3 ms/frame
  frame 100/40620: 14.2 ms/frame
  frame 1000/40620: 10.0 ms/frame
  frame 5000/40620: 9.2 ms/frame
  frame 10000/40620: 9.1 ms/frame
  frame 15000/40620: 9.1 ms/frame
  frame 20000/40620: 9.2 ms/frame
  frame 25000/40620: 9.2 ms/frame
  frame 30000/40620: 9.2 ms/frame
  frame 35000/40620: 9.2 ms/frame
  frame 40000/40620: 9.2 ms/frame
{"variant": "new_cov_sweep_alpha0.125_f0.125_d0.125_blindg1_emptyg1", "rmse": 0.5881787148290465, "crps": 0.18148573363162618, "spread_skill": 0.21525205855953763}
[new_cov_sweep_alpha0.25_f0.25_d0.25_blindg1_emptyg1] mode=full history=5
  frame 10/40620: 7.9 ms/frame
  frame 100/40620: 8.4 ms/frame
  frame 1000/40620: 8.4 ms/frame
  frame 5000/40620: 8.4 ms/frame
  frame 10000/40620: 8.4 ms/frame
  frame 15000/40620: 8.4 ms/frame
  frame 20000/40620: 8.4 ms/frame
  frame 25000/40620: 8.5 ms/frame
  frame 30000/40620: 8.5 ms/frame
  frame 35000/40620: 8.5 ms/frame
  frame 40000/40620: 8.5 ms/frame
{"variant": "new_cov_sweep_alpha0.25_f0.25_d0.25_blindg1_emptyg1", "rmse": 0.5700910222609651, "crps": 0.1655658517979346, "spread_skill": 0.2989669112122402}
[new_cov_sweep_alpha0.5_f0.5_d0.5_blindg1_emptyg1] mode=full history=5
  frame 10/40620: 8.0 ms/frame
  frame 100/40620: 8.4 ms/frame
  frame 1000/40620: 8.4 ms/frame
  frame 5000/40620: 8.4 ms/frame
  frame 10000/40620: 8.4 ms/frame
  frame 15000/40620: 8.4 ms/frame
  frame 20000/40620: 8.4 ms/frame
  frame 25000/40620: 8.4 ms/frame
  frame 30000/40620: 8.4 ms/frame
  frame 35000/40620: 8.4 ms/frame
  frame 40000/40620: 8.4 ms/frame
{"variant": "new_cov_sweep_alpha0.5_f0.5_d0.5_blindg1_emptyg1", "rmse": 0.5562385375688954, "crps": 0.1545960034196753, "spread_skill": 0.4246251045022055}
[new_cov_sweep_alpha1_f1_d1_blindg1_emptyg1] mode=full history=5
  frame 10/40620: 8.8 ms/frame
  frame 100/40620: 9.4 ms/frame
  frame 1000/40620: 9.7 ms/frame
  frame 5000/40620: 9.6 ms/frame
  frame 10000/40620: 9.6 ms/frame
  frame 15000/40620: 9.6 ms/frame
  frame 20000/40620: 9.6 ms/frame
  frame 25000/40620: 9.6 ms/frame
  frame 30000/40620: 9.6 ms/frame
  frame 35000/40620: 9.7 ms/frame
  frame 40000/40620: 9.7 ms/frame
{"variant": "new_cov_sweep_alpha1_f1_d1_blindg1_emptyg1", "rmse": 0.546599120017547, "crps": 0.149649988035645, "spread_skill": 0.60218353349864}
[new_cov_sweep_alpha2_f2_d2_blindg1_emptyg1] mode=full history=5
  frame 10/40620: 9.0 ms/frame
  frame 100/40620: 9.5 ms/frame
  frame 1000/40620: 9.5 ms/frame
  frame 5000/40620: 11.5 ms/frame
  frame 10000/40620: 11.7 ms/frame
  frame 15000/40620: 11.8 ms/frame
  frame 20000/40620: 11.9 ms/frame
  frame 25000/40620: 11.9 ms/frame
  frame 30000/40620: 11.9 ms/frame
  frame 35000/40620: 12.0 ms/frame
  frame 40000/40620: 12.0 ms/frame
{"variant": "new_cov_sweep_alpha2_f2_d2_blindg1_emptyg1", "rmse": 0.5396835723355782, "crps": 0.15164814701858925, "spread_skill": 0.8471167424700496}
[new_cov_sweep_alpha4_f4_d4_blindg1_emptyg1] mode=full history=5
  frame 10/40620: 11.3 ms/frame
  frame 100/40620: 11.9 ms/frame
  frame 1000/40620: 11.9 ms/frame
  frame 5000/40620: 11.4 ms/frame
  frame 10000/40620: 11.4 ms/frame
  frame 15000/40620: 11.3 ms/frame
  frame 20000/40620: 11.3 ms/frame
  frame 25000/40620: 11.3 ms/frame
  frame 30000/40620: 11.2 ms/frame
  frame 35000/40620: 11.2 ms/frame
  frame 40000/40620: 11.2 ms/frame
{"variant": "new_cov_sweep_alpha4_f4_d4_blindg1_emptyg1", "rmse": 0.5332334926608027, "crps": 0.1613636163239528, "spread_skill": 1.176977154717555}
[done] check_outputs/eval/ev_A2_atc-20130623.json
