Tesla V100-SXM2-16GB, 16384 MiB
[eval] 1,024/4,096
[eval] 2,048/4,096
[eval] 3,072/4,096
[eval] 4,096/4,096
{
  "config": {
    "mean_ckpt": "/scratch/work/zhangx29/Thesis_Project/methods/enkf/runs/surrogate_mean_s0/best.pt",
    "sigma_ckpt": "/scratch/work/zhangx29/Thesis_Project/methods/enkf/runs/surrogate_sigma_s0/best.pt",
    "bias_file": "/scratch/work/zhangx29/Thesis_Project/methods/enkf/runs/local_unetkf_bias/bias_maps.npz",
    "covariance": "/scratch/work/zhangx29/Thesis_Project/methods/enkf/runs/local_unetkf_static/static_covariance.npz",
    "std_scales": "0.3,0.5,1.0",
    "pairs": 4096,
    "batch": 128,
    "seed": 0,
    "days": 0,
    "max_frames": 0,
    "out": "methods/enkf/check_outputs/eval/sigma_diagonal_gate_4096.json",
    "allow_cpu": false
  },
  "pairs": 4096,
  "normalized_rmse": {
    "mean": {
      "all": 0.38599752244918006,
      "observed": 0.43066896436479213,
      "blind": 0.34617885405540594,
      "occupied": 0.8580829843551999,
      "walkable_blind": 0.4490639795462762
    },
    "mean_bias_corrected": {
      "all": 0.36698193594395706,
      "observed": 0.410031887586634,
      "blind": 0.32854814388425674,
      "occupied": 0.8338081119783336,
      "walkable_blind": 0.42559505620185256
    },
    "static_raw": {
      "all": 0.2815762167321489,
      "observed": 0.1689316120636402,
      "blind": 0.34617885405540594,
      "occupied": 0.6044880509982831,
      "walkable_blind": 0.4490639795462762
    },
    "static_centered": {
      "all": 0.2695691315076198,
      "observed": 0.16889375459683786,
      "blind": 0.32854814388425674,
      "occupied": 0.589442086848565,
      "walkable_blind": 0.42559505620185256
    },
    "sigma_raw_s0.3": {
      "all": 0.2979987311118574,
      "observed": 0.223531284106322,
      "blind": 0.34617885405540594,
      "occupied": 0.660858119251264,
      "walkable_blind": 0.4490639795462762
    },
    "sigma_raw_s0.5": {
      "all": 0.28635760281518285,
      "observed": 0.18614887530764726,
      "blind": 0.34617885405540594,
      "occupied": 0.6314087012629924,
      "walkable_blind": 0.4490639795462762
    },
    "sigma_raw_s1": {
      "all": 0.27918236401945234,
      "observed": 0.15973654051296596,
      "blind": 0.34617885405540594,
      "occupied": 0.6068514881235655,
      "walkable_blind": 0.4490639795462762
    },
    "sigma_centered_s0.3": {
      "all": 0.28635339062566895,
      "observed": 0.22255719112840336,
      "blind": 0.32854814388425674,
      "occupied": 0.6479373235295048,
      "walkable_blind": 0.42559505620185256
    },
    "sigma_centered_s0.5": {
      "all": 0.27440830965377555,
      "observed": 0.18561118750362526,
      "blind": 0.32854814388425674,
      "occupied": 0.6175241108141861,
      "walkable_blind": 0.42559505620185256
    },
    "sigma_centered_s1": {
      "all": 0.26705860159162326,
      "observed": 0.15966233752182096,
      "blind": 0.32854814388425674,
      "occupied": 0.5918066461808393,
      "walkable_blind": 0.42559505620185256
    }
  },
  "verdict": {
    "raw": {
      "best": "sigma_raw_s1",
      "all_improvement_vs_static": 0.008501615443514925,
      "passes_one_percent_gate": false
    },
    "centered": {
      "best": "sigma_centered_s1",
      "all_improvement_vs_static": 0.009313120912457203,
      "passes_one_percent_gate": false
    }
  }
}
