Tesla V100-SXM2-16GB
[new_cov_sweep_alpha0.125_f0.125_d0.125_blindg1_emptyg1] mode=full history=5
  frame 10/35127: 53.4 ms/frame
  frame 100/35127: 12.8 ms/frame
  frame 1000/35127: 8.9 ms/frame
  frame 5000/35127: 8.5 ms/frame
  frame 10000/35127: 8.4 ms/frame
  frame 15000/35127: 8.4 ms/frame
  frame 20000/35127: 8.4 ms/frame
  frame 25000/35127: 8.4 ms/frame
  frame 30000/35127: 8.4 ms/frame
  frame 35000/35127: 8.4 ms/frame
{"variant": "new_cov_sweep_alpha0.125_f0.125_d0.125_blindg1_emptyg1", "rmse": 0.6132990989278345, "crps": 0.20346602693389418, "spread_skill": 0.2462277472056913}
[new_cov_sweep_alpha0.25_f0.25_d0.25_blindg1_emptyg1] mode=full history=5
  frame 10/35127: 7.9 ms/frame
  frame 100/35127: 8.5 ms/frame
  frame 1000/35127: 8.3 ms/frame
  frame 5000/35127: 8.4 ms/frame
  frame 10000/35127: 8.4 ms/frame
  frame 15000/35127: 8.4 ms/frame
  frame 20000/35127: 8.4 ms/frame
  frame 25000/35127: 8.4 ms/frame
  frame 30000/35127: 8.4 ms/frame
  frame 35000/35127: 8.4 ms/frame
{"variant": "new_cov_sweep_alpha0.25_f0.25_d0.25_blindg1_emptyg1", "rmse": 0.608130577292117, "crps": 0.19286892370361625, "spread_skill": 0.34988256193085643}
[new_cov_sweep_alpha0.5_f0.5_d0.5_blindg1_emptyg1] mode=full history=5
  frame 10/35127: 8.1 ms/frame
  frame 100/35127: 8.4 ms/frame
  frame 1000/35127: 8.4 ms/frame
  frame 5000/35127: 8.4 ms/frame
  frame 10000/35127: 8.4 ms/frame
  frame 15000/35127: 8.5 ms/frame
  frame 20000/35127: 8.5 ms/frame
  frame 25000/35127: 8.5 ms/frame
  frame 30000/35127: 8.5 ms/frame
  frame 35000/35127: 8.5 ms/frame
{"variant": "new_cov_sweep_alpha0.5_f0.5_d0.5_blindg1_emptyg1", "rmse": 0.6044260722521839, "crps": 0.18591393531927652, "spread_skill": 0.49601849279361593}
[new_cov_sweep_alpha1_f1_d1_blindg1_emptyg1] mode=full history=5
  frame 10/35127: 7.9 ms/frame
  frame 100/35127: 8.3 ms/frame
  frame 1000/35127: 8.4 ms/frame
  frame 5000/35127: 8.4 ms/frame
  frame 10000/35127: 8.4 ms/frame
  frame 15000/35127: 8.4 ms/frame
  frame 20000/35127: 8.4 ms/frame
  frame 25000/35127: 8.4 ms/frame
  frame 30000/35127: 8.4 ms/frame
  frame 35000/35127: 8.4 ms/frame
{"variant": "new_cov_sweep_alpha1_f1_d1_blindg1_emptyg1", "rmse": 0.601019269921813, "crps": 0.18506068687136837, "spread_skill": 0.7023228866530649}
[new_cov_sweep_alpha2_f2_d2_blindg1_emptyg1] mode=full history=5
  frame 10/35127: 7.8 ms/frame
  frame 100/35127: 8.3 ms/frame
  frame 1000/35127: 8.4 ms/frame
  frame 5000/35127: 8.4 ms/frame
  frame 10000/35127: 8.4 ms/frame
  frame 15000/35127: 8.4 ms/frame
  frame 20000/35127: 8.4 ms/frame
  frame 25000/35127: 8.5 ms/frame
  frame 30000/35127: 8.5 ms/frame
  frame 35000/35127: 8.5 ms/frame
{"variant": "new_cov_sweep_alpha2_f2_d2_blindg1_emptyg1", "rmse": 0.5996080862184732, "crps": 0.19426301051984896, "spread_skill": 0.9956291628952391}
[new_cov_sweep_alpha4_f4_d4_blindg1_emptyg1] mode=full history=5
  frame 10/35127: 8.0 ms/frame
  frame 100/35127: 8.4 ms/frame
  frame 1000/35127: 8.4 ms/frame
  frame 5000/35127: 8.4 ms/frame
  frame 10000/35127: 8.4 ms/frame
  frame 15000/35127: 8.4 ms/frame
  frame 20000/35127: 8.4 ms/frame
  frame 25000/35127: 8.4 ms/frame
  frame 30000/35127: 8.4 ms/frame
  frame 35000/35127: 8.4 ms/frame
{"variant": "new_cov_sweep_alpha4_f4_d4_blindg1_emptyg1", "rmse": 0.5998824622886447, "crps": 0.21767551728923154, "spread_skill": 1.4144683818520423}
[done] check_outputs/eval/ev_w50_atc-20130616.json
