NVIDIA H200
/appl/scibuilder-mamba/aalto-rhel9/prod/software/scicomp-pytorch-env/2026.1/354b404/bin/python3 -u -m methods.enkf.lcskf.checks.eval_sequential --calibration /scratch/work/zhangx29/Thesis_Project/methods/enkf/check_outputs/eval/controlled_grid_calibration_4096.json --new-checkpoint /scratch/work/zhangx29/Thesis_Project/methods/enkf/runs/joint_j4_5f_r32_nofcst_s0/best.pt --old-checkpoint /scratch/work/zhangx29/Thesis_Project/methods/enkf/runs/joint_j4_5f_r32_nofcst_s0/best.pt --obs /scratch/work/zhangx29/Thesis_Project/methods/enkf/check_outputs/enkf_k1_full/obs_atc-20130811.npz --frames 99999 --warmup 100 --new-alphas 2 --blind-gammas 1 --blind-empty-gammas 1 --skip-old --skip-mean --out /tmp/_lcskf_regress.json --device cuda
[new_cov_sweep_alpha2_f2_d2_blindg1_emptyg1] mode=full history=5
  frame 10/39821: 36.3 ms/frame
  frame 100/39821: 6.4 ms/frame
  frame 1000/39821: 3.6 ms/frame
  frame 5000/39821: 3.3 ms/frame
  frame 10000/39821: 3.3 ms/frame
  frame 15000/39821: 3.3 ms/frame
  frame 20000/39821: 3.3 ms/frame
  frame 25000/39821: 3.3 ms/frame
  frame 30000/39821: 3.3 ms/frame
  frame 35000/39821: 3.3 ms/frame
{"variant": "new_cov_sweep_alpha2_f2_d2_blindg1_emptyg1", "rmse": 0.7612217326940968, "crps": 0.23343473492018318, "spread_skill": 0.7709678352075884}
[done] /tmp/_lcskf_regress.json

[new_cov_sweep_alpha2_f2_d2_blindg1_emptyg1]
  all                rmse                   published=0.44600189  rerun=0.44516208  rel=1.88e-03  <-- CHANGED
  all                crps                   published=0.10366468  rerun=0.10357888  rel=8.28e-04
  all                marginal_gaussian_nll  published=1.55066  rerun=1.551929  rel=8.18e-04
  all                spread_skill           published=0.77174108  rerun=0.77299715  rel=1.63e-03  <-- CHANGED
  all                coverage90             published=0.95844913  rerun=0.95844777  rel=1.41e-06
  walkable           rmse                   published=0.536609  rerun=0.53558417  rel=1.91e-03  <-- CHANGED
  walkable           crps                   published=0.14340055  rerun=0.1432693  rel=9.15e-04
  walkable           marginal_gaussian_nll  published=3.2197897  rerun=3.2218741  rel=6.47e-04
  walkable           spread_skill           published=0.76524754  rerun=0.76648316  rel=1.61e-03  <-- CHANGED
  walkable           coverage90             published=0.94392797  rerun=0.94395069  rel=2.41e-05
  observed           rmse                   published=0.2225538  rerun=0.22255022  rel=1.61e-05
  observed           crps                   published=0.063022967  rerun=0.06301059  rel=1.96e-04
  observed           marginal_gaussian_nll  published=3.6449417  rerun=3.647459  rel=6.91e-04
  observed           spread_skill           published=0.7355557  rerun=0.73544741  rel=1.47e-04
  observed           coverage90             published=0.95720387  rerun=0.95719987  rel=4.19e-06
  blind              rmse                   published=0.57518502  rerun=0.57395985  rel=2.13e-03  <-- CHANGED
  blind              crps                   published=0.13955429  rerun=0.13940366  rel=1.08e-03  <-- CHANGED
  blind              marginal_gaussian_nll  published=-0.29874437  rerun=-0.29857762  rel=5.58e-04
  blind              spread_skill           published=0.7763988  rerun=0.77784622  rel=1.86e-03  <-- CHANGED
  blind              coverage90             published=0.95954878  rerun=0.95954977  rel=1.03e-06
  walkable_blind     rmse                   published=0.76286753  rerun=0.76122173  rel=2.16e-03  <-- CHANGED
  walkable_blind     crps                   published=0.23371598  rerun=0.23343473  rel=1.20e-03  <-- CHANGED
  walkable_blind     marginal_gaussian_nll  published=0.99423464  rerun=0.99467063  rel=4.39e-04
  walkable_blind     spread_skill           published=0.76954581  rerun=0.77096784  rel=1.85e-03  <-- CHANGED
  walkable_blind     coverage90             published=0.93552743  rerun=0.93557647  rel=5.24e-05
  defined            rmse                   published=0.78995969  rerun=0.78846403  rel=1.89e-03  <-- CHANGED
  defined            crps                   published=0.2436946  rerun=0.24346515  rel=9.42e-04
  defined            marginal_gaussian_nll  published=8.8912123  rerun=8.896737  rel=6.21e-04
  defined            spread_skill           published=0.61946879  rerun=0.62044426  rel=1.57e-03  <-- CHANGED
  defined            coverage90             published=0.88577941  rerun=0.88580741  rel=3.16e-05
  defined_blind      rmse                   published=1.1753862  rerun=1.1728719  rel=2.14e-03  <-- CHANGED
  defined_blind      crps                   published=0.43888036  rerun=0.43832282  rel=1.27e-03  <-- CHANGED
  defined_blind      marginal_gaussian_nll  published=3.7709901  rerun=3.7730487  rel=5.46e-04
  defined_blind      spread_skill           published=0.6244921  rerun=0.62560929  rel=1.79e-03  <-- CHANGED
  defined_blind      coverage90             published=0.85288652  rerun=0.85295875  rel=8.47e-05

worst relative change across every metric: 2.157e-03
VERDICT: INVESTIGATE
