Tesla V100-SXM2-32GB
[new_cov_components_f1.1_d0.75_blindg1_emptyg0.4] mode=full history=5
  frame 10/5000: 46.7 ms/frame
  frame 100/5000: 11.6 ms/frame
  frame 1000/5000: 8.3 ms/frame
  frame 5000/5000: 8.0 ms/frame
{"variant": "new_cov_components_f1.1_d0.75_blindg1_emptyg0.4", "rmse": 0.6913162703803499, "crps": 0.19141558826197358, "spread_skill": 0.46633219299849993}
[new_cov_components_f1.1_d0.75_blindg1_emptyg0.5] mode=full history=5
  frame 10/5000: 7.1 ms/frame
  frame 100/5000: 7.8 ms/frame
  frame 1000/5000: 7.9 ms/frame
  frame 5000/5000: 7.9 ms/frame
{"variant": "new_cov_components_f1.1_d0.75_blindg1_emptyg0.5", "rmse": 0.6914229831892404, "crps": 0.19441004961754393, "spread_skill": 0.47329718790434006}
[new_cov_components_f1.1_d0.75_blindg1_emptyg0.65] mode=full history=5
  frame 10/5000: 7.1 ms/frame
  frame 100/5000: 7.8 ms/frame
  frame 1000/5000: 7.9 ms/frame
  frame 5000/5000: 7.9 ms/frame
{"variant": "new_cov_components_f1.1_d0.75_blindg1_emptyg0.65", "rmse": 0.6913157409216903, "crps": 0.19893653212362306, "spread_skill": 0.4878381430294862}
[new_cov_components_f1.1_d0.75_blindg1_emptyg1] mode=full history=5
  frame 10/5000: 7.0 ms/frame
  frame 100/5000: 7.7 ms/frame
  frame 1000/5000: 7.8 ms/frame
  frame 5000/5000: 7.7 ms/frame
{"variant": "new_cov_components_f1.1_d0.75_blindg1_emptyg1", "rmse": 0.6914229244596889, "crps": 0.20986109140039882, "spread_skill": 0.531576641094402}
[done] /scratch/work/zhangx29/Thesis_Project/methods/enkf/check_outputs/eval/covonly_pedpred5_emptygate_atc-20130616_5000.json
