Tesla V100-SXM2-32GB
[blind-sweep] 512/4,096
[blind-sweep] 1,024/4,096
[blind-sweep] 1,536/4,096
[blind-sweep] 2,048/4,096
[blind-sweep] 2,560/4,096
[blind-sweep] 3,072/4,096
[blind-sweep] 3,584/4,096
[blind-sweep] 4,096/4,096
{
  "selection": {
    "best_crps": "gamma0.5",
    "best_nll": "gamma0.65",
    "best_coverage90": "gamma0.5",
    "best_spread_skill": "gamma1.1"
  },
  "selected_metrics": {
    "best_crps": {
      "rmse": 0.3700432239126514,
      "mean_spread": 0.14991444902176404,
      "rms_spread": 0.19352671232103985,
      "mean_sigma_skill": 0.4051268590643111,
      "spread_skill": 0.5229840727112511,
      "crps": 0.09909339085476393,
      "marginal_gaussian_nll": -0.2783778915022773,
      "coverage50": 0.8345113271292227,
      "coverage90": 0.9237510050731405,
      "count": 2218744
    },
    "best_nll": {
      "rmse": 0.3700432239126514,
      "mean_spread": 0.1875756186864148,
      "rms_spread": 0.2395592310054364,
      "mean_sigma_skill": 0.5069019146009062,
      "spread_skill": 0.6473817530624053,
      "crps": 0.102165321121904,
      "marginal_gaussian_nll": -0.34020002249576725,
      "coverage50": 0.8535211813530538,
      "coverage90": 0.943150719506171,
      "count": 2218744
    },
    "best_coverage90": {
      "rmse": 0.3700432239126514,
      "mean_spread": 0.14991444902176404,
      "rms_spread": 0.19352671232103985,
      "mean_sigma_skill": 0.4051268590643111,
      "spread_skill": 0.5229840727112511,
      "crps": 0.09909339085476393,
      "marginal_gaussian_nll": -0.2783778915022773,
      "coverage50": 0.8345113271292227,
      "coverage90": 0.9237510050731405,
      "count": 2218744
    },
    "best_spread_skill": {
      "rmse": 0.3700432239126514,
      "mean_spread": 0.30386525472414877,
      "rms_spread": 0.38522845469809863,
      "mean_sigma_skill": 0.8211615159743504,
      "spread_skill": 1.0410363703593495,
      "crps": 0.11637252404328693,
      "marginal_gaussian_nll": -0.17953906115764018,
      "coverage50": 0.8992010795296799,
      "coverage90": 0.9762221328823875,
      "count": 2218744
    }
  }
}
