Tesla V100-SXM2-32GB, 32768 MiB
[new_cov_best_crps_alpha0.1] mode=full history=5
  frame 10/5000: 64.7 ms/frame
  frame 100/5000: 17.7 ms/frame
  frame 1000/5000: 12.5 ms/frame
  frame 5000/5000: 11.9 ms/frame
{"variant": "new_cov_best_crps_alpha0.1", "rmse": 0.7935806125315666, "crps": 0.2469866541469809, "spread_skill": 0.17260273419353536}
[new_cov_best_calibrated_alpha1] mode=full history=5
  frame 10/5000: 11.0 ms/frame
  frame 100/5000: 11.7 ms/frame
  frame 1000/5000: 11.7 ms/frame
  frame 5000/5000: 11.7 ms/frame
{"variant": "new_cov_best_calibrated_alpha1", "rmse": 0.6935370683120003, "crps": 0.2112248206170982, "spread_skill": 0.607994053136093}
[old_cov_best_crps_alpha0.1] mode=full history=1
  frame 10/5000: 8.0 ms/frame
  frame 100/5000: 8.6 ms/frame
  frame 1000/5000: 8.7 ms/frame
  frame 5000/5000: 8.7 ms/frame
{"variant": "old_cov_best_crps_alpha0.1", "rmse": 1.7370413817239898, "crps": 0.4918295391018544, "spread_skill": 0.10439577249042137}
[old_cov_best_calibrated_alpha1] mode=full history=1
  frame 10/5000: 8.0 ms/frame
  frame 100/5000: 8.6 ms/frame
  frame 1000/5000: 8.7 ms/frame
  frame 5000/5000: 8.7 ms/frame
{"variant": "old_cov_best_calibrated_alpha1", "rmse": 1.1691084031832701, "crps": 0.3241111287834734, "spread_skill": 0.46244962333781947}
[new_mean_only] mode=mean history=5
  frame 10/5000: 8.2 ms/frame
  frame 100/5000: 8.7 ms/frame
  frame 1000/5000: 8.9 ms/frame
  frame 5000/5000: 8.9 ms/frame
{"variant": "new_mean_only", "rmse": 5.428157138300782, "crps": 2.023060003213049, "spread_skill": 0.14451991583464413}
[done] /scratch/work/zhangx29/Thesis_Project/methods/enkf/check_outputs/eval/covonly_pedpred5_sequential_5000.json
