Tesla V100-SXM2-32GB
[sweep] 512/4,096
[sweep] 1,024/4,096
[sweep] 1,536/4,096
[sweep] 2,048/4,096
[sweep] 2,560/4,096
[sweep] 3,072/4,096
[sweep] 3,584/4,096
[sweep] 4,096/4,096
{
  "selection": {
    "best_all": "a32_bias0_alpha1.25",
    "best_blind": "a32_bias0_alpha2",
    "best_calibrated_within_1pct_all": "a32_bias0_alpha2.5",
    "reference": "a32_bias0_alpha1.25"
  },
  "selected_metrics": {
    "best_all": {
      "all": {
        "rmse": 0.21432002383987075,
        "mean_spread": 0.11331740002112978,
        "spread_skill": 0.528729877828844,
        "crps": 0.052148777564176525,
        "coverage50": 0.7588492499457465,
        "coverage90": 0.9665970978913484
      },
      "observed": {
        "rmse": 0.12177399140338209,
        "mean_spread": 0.0914466619296239,
        "spread_skill": 0.7509539670643013,
        "crps": 0.044009324761482845,
        "coverage50": 0.6999257499446465,
        "coverage90": 0.9570030463518855
      },
      "blind": {
        "rmse": 0.26605212747749857,
        "mean_spread": 0.1307910172074596,
        "spread_skill": 0.49159921571580467,
        "crps": 0.058651790027011805,
        "coverage50": 0.8059261559920863,
        "coverage90": 0.9742622614155553
      },
      "walkable_blind": {
        "rmse": 0.3439318128799928,
        "mean_spread": 0.20048374213784548,
        "spread_skill": 0.5829171208648841,
        "crps": 0.0908135660011802,
        "coverage50": 0.8332479997692388,
        "coverage90": 0.971783585668288
      }
    },
    "best_blind": {
      "all": {
        "rmse": 0.21518344550426508,
        "mean_spread": 0.13629809731237896,
        "spread_skill": 0.6334041960940598,
        "crps": 0.055804766533565205,
        "coverage50": 0.7887987207483362,
        "coverage90": 0.9736395941840278
      },
      "observed": {
        "rmse": 0.12521556457730795,
        "mean_spread": 0.10132678866410526,
        "spread_skill": 0.8092187980476357,
        "crps": 0.047144814239906935,
        "coverage50": 0.7089490085995179,
        "coverage90": 0.9600761206223007
      },
      "blind": {
        "rmse": 0.266029563129474,
        "mean_spread": 0.16423840994692368,
        "spread_skill": 0.6173690172433597,
        "crps": 0.06272363185023384,
        "coverage50": 0.8525946153674104,
        "coverage90": 0.9844761257973148
      },
      "walkable_blind": {
        "rmse": 0.3439013244272244,
        "mean_spread": 0.25278558626216646,
        "spread_skill": 0.73505266861995,
        "crps": 0.09714165250565736,
        "coverage50": 0.8781364591859178,
        "coverage90": 0.9832851378978377
      }
    },
    "best_calibrated_within_1pct_all": {
      "all": {
        "rmse": 0.2158794455858135,
        "mean_spread": 0.14893414783394096,
        "spread_skill": 0.689894989445573,
        "crps": 0.058148073488685774,
        "coverage50": 0.8004348189742477,
        "coverage90": 0.9756731103967737
      },
      "observed": {
        "rmse": 0.12787358028357998,
        "mean_spread": 0.10613100802562365,
        "spread_skill": 0.829968221662843,
        "crps": 0.04899497952306579,
        "coverage50": 0.7099682767115687,
        "coverage90": 0.9603376182465535
      },
      "blind": {
        "rmse": 0.26603380172043817,
        "mean_spread": 0.18313169874668173,
        "spread_skill": 0.688377557898172,
        "crps": 0.06546093414096826,
        "coverage50": 0.872713025638106,
        "coverage90": 0.9879253955311739
      },
      "walkable_blind": {
        "rmse": 0.3439035991932132,
        "mean_spread": 0.2822957918912424,
        "spread_skill": 0.8208573348854132,
        "crps": 0.10139391911884846,
        "coverage50": 0.8971309894246474,
        "coverage90": 0.9869800211290712
      }
    }
  }
}
