Tesla V100-SXM2-16GB, 16384 MiB
[new_cov_sweep_alpha0.5_alpha0.5] mode=full history=5
  frame 10/5000: 51.5 ms/frame
  frame 100/5000: 12.9 ms/frame
  frame 1000/5000: 9.0 ms/frame
  frame 5000/5000: 8.7 ms/frame
{"variant": "new_cov_sweep_alpha0.5_alpha0.5", "rmse": 0.731721875577157, "crps": 0.22940185078227376, "spread_skill": 0.43234139324110205}
[new_cov_sweep_alpha0.75_alpha0.75] mode=full history=5
  frame 10/5000: 8.0 ms/frame
  frame 100/5000: 8.5 ms/frame
  frame 1000/5000: 8.5 ms/frame
  frame 5000/5000: 8.5 ms/frame
{"variant": "new_cov_sweep_alpha0.75_alpha0.75", "rmse": 0.7302724188968776, "crps": 0.22895001184159683, "spread_skill": 0.53201958395228}
[new_cov_sweep_alpha1.1_alpha1.1] mode=full history=5
  frame 10/5000: 7.9 ms/frame
  frame 100/5000: 8.5 ms/frame
  frame 1000/5000: 8.5 ms/frame
  frame 5000/5000: 8.5 ms/frame
{"variant": "new_cov_sweep_alpha1.1_alpha1.1", "rmse": 0.7184952840361839, "crps": 0.23000623539423176, "spread_skill": 0.6579435829853779}
[done] /scratch/work/zhangx29/Thesis_Project/methods/enkf/check_outputs/eval/covonly_pedpred5_alpha3_atc-20130721_5000.json
