NVIDIA H200
[data] train=1,262,486, valid=269,736, load=165s, device=cuda
[mask] 290 legal centers, random-union coverage proxy; static walkable cells=290
{"epoch": 0, "lr": 0.001, "skipped": 0, "seconds": 105.2, "train": {"loss": 0.06282359400442762, "analysis_mse_norm": 0.06282359400442762, "forecast_nll": 0.0, "blind_mse_norm": 0.0983686595953925}, "valid": {"loss": 0.04487054965284187, "analysis_mse_norm": 0.04487054965284187, "forecast_nll": 0.0, "blind_mse_norm": 0.07064335563336499}}
{"epoch": 1, "lr": 0.001, "skipped": 0, "seconds": 104.6, "train": {"loss": 0.061380127947887844, "analysis_mse_norm": 0.061380127947887844, "forecast_nll": 0.0, "blind_mse_norm": 0.09665773848894062}, "valid": {"loss": 0.0439603450067807, "analysis_mse_norm": 0.0439603450067807, "forecast_nll": 0.0, "blind_mse_norm": 0.06918667527497746}}
{"epoch": 2, "lr": 0.001, "skipped": 0, "seconds": 104.5, "train": {"loss": 0.0607385954621404, "analysis_mse_norm": 0.0607385954621404, "forecast_nll": 0.0, "blind_mse_norm": 0.09576533403573519}, "valid": {"loss": 0.04410927783465013, "analysis_mse_norm": 0.04410927783465013, "forecast_nll": 0.0, "blind_mse_norm": 0.0695186857774388}}
{"epoch": 3, "lr": 0.001, "skipped": 0, "seconds": 104.6, "train": {"loss": 0.060116647471854835, "analysis_mse_norm": 0.060116647471854835, "forecast_nll": 0.0, "blind_mse_norm": 0.0947934797654811}, "valid": {"loss": 0.04329869820503518, "analysis_mse_norm": 0.04329869820503518, "forecast_nll": 0.0, "blind_mse_norm": 0.06821513175964355}}
{"epoch": 4, "lr": 0.001, "skipped": 0, "seconds": 104.4, "train": {"loss": 0.0599005395252604, "analysis_mse_norm": 0.0599005395252604, "forecast_nll": 0.0, "blind_mse_norm": 0.09447075004681545}, "valid": {"loss": 0.043284896048135124, "analysis_mse_norm": 0.043284896048135124, "forecast_nll": 0.0, "blind_mse_norm": 0.06819639314198866}}
{"epoch": 5, "lr": 0.001, "skipped": 0, "seconds": 104.5, "train": {"loss": 0.05969126865063231, "analysis_mse_norm": 0.05969126865063231, "forecast_nll": 0.0, "blind_mse_norm": 0.09413994340697406}, "valid": {"loss": 0.04314781313587446, "analysis_mse_norm": 0.04314781313587446, "forecast_nll": 0.0, "blind_mse_norm": 0.06796213402412832}}
{"epoch": 6, "lr": 0.001, "skipped": 0, "seconds": 104.6, "train": {"loss": 0.059518983304470884, "analysis_mse_norm": 0.059518983304470884, "forecast_nll": 0.0, "blind_mse_norm": 0.09388723928074567}, "valid": {"loss": 0.04307696818432305, "analysis_mse_norm": 0.04307696818432305, "forecast_nll": 0.0, "blind_mse_norm": 0.06791954324580729}}
{"epoch": 7, "lr": 0.001, "skipped": 0, "seconds": 104.5, "train": {"loss": 0.059388709401866156, "analysis_mse_norm": 0.059388709401866156, "forecast_nll": 0.0, "blind_mse_norm": 0.09367168242814228}, "valid": {"loss": 0.04318287030037027, "analysis_mse_norm": 0.04318287030037027, "forecast_nll": 0.0, "blind_mse_norm": 0.06815042300149798}}
{"epoch": 8, "lr": 0.001, "skipped": 0, "seconds": 104.4, "train": {"loss": 0.05936135616644172, "analysis_mse_norm": 0.05936135616644172, "forecast_nll": 0.0, "blind_mse_norm": 0.09363674164008436}, "valid": {"loss": 0.04286220917128958, "analysis_mse_norm": 0.04286220917128958, "forecast_nll": 0.0, "blind_mse_norm": 0.06757408124394715}}
{"epoch": 9, "lr": 0.001, "skipped": 0, "seconds": 104.5, "train": {"loss": 0.05895699611387013, "analysis_mse_norm": 0.05895699611387013, "forecast_nll": 0.0, "blind_mse_norm": 0.09293427239681543}, "valid": {"loss": 0.0427308515063487, "analysis_mse_norm": 0.0427308515063487, "forecast_nll": 0.0, "blind_mse_norm": 0.06735238575492986}}
{"epoch": 10, "lr": 0.001, "skipped": 0, "seconds": 104.5, "train": {"loss": 0.05901168094799892, "analysis_mse_norm": 0.05901168094799892, "forecast_nll": 0.0, "blind_mse_norm": 0.09303762425713993}, "valid": {"loss": 0.04273413939517923, "analysis_mse_norm": 0.04273413939517923, "forecast_nll": 0.0, "blind_mse_norm": 0.06735291602672078}}
{"epoch": 11, "lr": 0.001, "skipped": 0, "seconds": 104.5, "train": {"loss": 0.058591082008390825, "analysis_mse_norm": 0.058591082008390825, "forecast_nll": 0.0, "blind_mse_norm": 0.09232769812445966}, "valid": {"loss": 0.043001558442483656, "analysis_mse_norm": 0.043001558442483656, "forecast_nll": 0.0, "blind_mse_norm": 0.06783206018735655}}
{"epoch": 12, "lr": 0.001, "skipped": 0, "seconds": 104.4, "train": {"loss": 0.058688413648791585, "analysis_mse_norm": 0.058688413648791585, "forecast_nll": 0.0, "blind_mse_norm": 0.09250084353018984}, "valid": {"loss": 0.04243670236610342, "analysis_mse_norm": 0.04243670236610342, "forecast_nll": 0.0, "blind_mse_norm": 0.06687955904635601}}
{"epoch": 13, "lr": 0.001, "skipped": 0, "seconds": 104.4, "train": {"loss": 0.05887128013266487, "analysis_mse_norm": 0.05887128013266487, "forecast_nll": 0.0, "blind_mse_norm": 0.09283115551692976}, "valid": {"loss": 0.04236134159145877, "analysis_mse_norm": 0.04236134159145877, "forecast_nll": 0.0, "blind_mse_norm": 0.06673945009242743}}
{"epoch": 14, "lr": 0.001, "skipped": 0, "seconds": 104.6, "train": {"loss": 0.05825187252324847, "analysis_mse_norm": 0.05825187252324847, "forecast_nll": 0.0, "blind_mse_norm": 0.09174840858902836}, "valid": {"loss": 0.04222069418756291, "analysis_mse_norm": 0.04222069418756291, "forecast_nll": 0.0, "blind_mse_norm": 0.06647948690806516}}
{"epoch": 15, "lr": 0.001, "skipped": 0, "seconds": 104.5, "train": {"loss": 0.05848258848531504, "analysis_mse_norm": 0.05848258848531504, "forecast_nll": 0.0, "blind_mse_norm": 0.09214559836338065}, "valid": {"loss": 0.04287476951139979, "analysis_mse_norm": 0.04287476951139979, "forecast_nll": 0.0, "blind_mse_norm": 0.06757752504199743}}
{"epoch": 16, "lr": 0.001, "skipped": 0, "seconds": 104.6, "train": {"loss": 0.05841116416259811, "analysis_mse_norm": 0.05841116416259811, "forecast_nll": 0.0, "blind_mse_norm": 0.09203572646736756}, "valid": {"loss": 0.04241786414058879, "analysis_mse_norm": 0.04241786414058879, "forecast_nll": 0.0, "blind_mse_norm": 0.06683054409222677}}
{"epoch": 17, "lr": 0.001, "skipped": 0, "seconds": 104.6, "train": {"loss": 0.058272862688003656, "analysis_mse_norm": 0.058272862688003656, "forecast_nll": 0.0, "blind_mse_norm": 0.09182158860250304}, "valid": {"loss": 0.04269379816832952, "analysis_mse_norm": 0.04269379816832952, "forecast_nll": 0.0, "blind_mse_norm": 0.06735458216280676}}
{"epoch": 18, "lr": 0.001, "skipped": 0, "seconds": 104.4, "train": {"loss": 0.05830617972300543, "analysis_mse_norm": 0.05830617972300543, "forecast_nll": 0.0, "blind_mse_norm": 0.09188449444282855}, "valid": {"loss": 0.04227047009044327, "analysis_mse_norm": 0.04227047009044327, "forecast_nll": 0.0, "blind_mse_norm": 0.06658323606825434}}
{"epoch": 19, "lr": 0.001, "skipped": 0, "seconds": 104.5, "train": {"loss": 0.05823861304577948, "analysis_mse_norm": 0.05823861304577948, "forecast_nll": 0.0, "blind_mse_norm": 0.09178459578613696}, "valid": {"loss": 0.042197065326035954, "analysis_mse_norm": 0.042197065326035954, "forecast_nll": 0.0, "blind_mse_norm": 0.06643391741090454}}
[done] best validation loss=0.0421971 -> runs/lowrank_a_r16_s0/best.pt
