Tesla V100-SXM2-16GB
[sweep] 512/4,096
[sweep] 1,024/4,096
[sweep] 1,536/4,096
[sweep] 2,048/4,096
[sweep] 2,560/4,096
[sweep] 3,072/4,096
[sweep] 3,584/4,096
[sweep] 4,096/4,096
{
  "selection": {
    "best_all": "a32_bias0_factor2_diag1",
    "best_blind": "a32_bias0_factor2_diag2",
    "best_calibrated_within_1pct_all": "a32_bias0_factor4_diag2",
    "reference": "a32_bias0_factor1_diag1"
  },
  "selected_metrics": {
    "best_all": {
      "all": {
        "rmse": 0.21419859034929467,
        "mean_spread": 0.1047175929048956,
        "spread_skill": 0.48888086860950913,
        "crps": 0.050936330175017364,
        "coverage50": 0.7444247493037471,
        "coverage90": 0.9628855387369791
      },
      "observed": {
        "rmse": 0.12107900212507233,
        "mean_spread": 0.08717329709096266,
        "spread_skill": 0.7199703958652904,
        "crps": 0.04291906725111182,
        "coverage50": 0.6932744210786173,
        "coverage90": 0.9547647284878439
      },
      "blind": {
        "rmse": 0.2661296119707226,
        "mean_spread": 0.11873460081627721,
        "spread_skill": 0.44615328575062674,
        "crps": 0.05734171908454342,
        "coverage50": 0.7852912829626256,
        "coverage90": 0.9693736567393306
      },
      "walkable_blind": {
        "rmse": 0.34398506092659936,
        "mean_spread": 0.18142024393851774,
        "spread_skill": 0.5274073340563757,
        "crps": 0.08878274122926406,
        "coverage50": 0.8127634373321122,
        "coverage90": 0.9661033449555244
      }
    },
    "best_blind": {
      "all": {
        "rmse": 0.21518334020655228,
        "mean_spread": 0.13629809941274657,
        "spread_skill": 0.6334045158045944,
        "crps": 0.055804754634781815,
        "coverage50": 0.7887991446035879,
        "coverage90": 0.9736400180392795
      },
      "observed": {
        "rmse": 0.12521557764377308,
        "mean_spread": 0.10132678819416072,
        "spread_skill": 0.8092187098511513,
        "crps": 0.047144810890454976,
        "coverage50": 0.7089502810940399,
        "coverage90": 0.9600770749931922
      },
      "blind": {
        "rmse": 0.266029404995291,
        "mean_spread": 0.16423841410084114,
        "spread_skill": 0.6173693998366396,
        "crps": 0.06272361312096562,
        "coverage50": 0.8525943612026669,
        "coverage90": 0.9844761257973148
      },
      "walkable_blind": {
        "rmse": 0.3439011076821393,
        "mean_spread": 0.25278559157056374,
        "spread_skill": 0.7350531473257372,
        "crps": 0.09714162659037845,
        "coverage50": 0.8781328535423645,
        "coverage90": 0.9832846871923935
      }
    },
    "best_calibrated_within_1pct_all": {
      "all": {
        "rmse": 0.21541212996865125,
        "mean_spread": 0.13731333117645156,
        "spread_skill": 0.637444749264745,
        "crps": 0.05592695782872745,
        "coverage50": 0.7894845185456453,
        "coverage90": 0.9741338094075521
      },
      "observed": {
        "rmse": 0.12526672036309897,
        "mean_spread": 0.10155839425256574,
        "spread_skill": 0.8107372329872443,
        "crps": 0.047212265580638915,
        "coverage50": 0.708747318217795,
        "coverage90": 0.960272084778675
      },
      "blind": {
        "rmse": 0.26634307673132285,
        "mean_spread": 0.16587972329890108,
        "spread_skill": 0.6228047123831737,
        "crps": 0.06288955760943243,
        "coverage50": 0.8539894714796658,
        "coverage90": 0.9852086285880437
      },
      "walkable_blind": {
        "rmse": 0.34423818143992696,
        "mean_spread": 0.2551224700276998,
        "spread_skill": 0.741121943418764,
        "crps": 0.09737049057586163,
        "coverage50": 0.8798130834381974,
        "coverage90": 0.9841486895288506
      }
    }
  }
}
