Tesla V100-SXM2-16GB
[new_cov_sweep_alpha0.125_f0.125_d0.125_blindg1_emptyg1] mode=full history=5
  frame 10/35127: 60.4 ms/frame
  frame 100/35127: 14.9 ms/frame
  frame 1000/35127: 10.5 ms/frame
  frame 5000/35127: 10.1 ms/frame
  frame 10000/35127: 10.0 ms/frame
  frame 15000/35127: 10.0 ms/frame
  frame 20000/35127: 10.1 ms/frame
  frame 25000/35127: 10.1 ms/frame
  frame 30000/35127: 10.1 ms/frame
  frame 35000/35127: 10.1 ms/frame
{"variant": "new_cov_sweep_alpha0.125_f0.125_d0.125_blindg1_emptyg1", "rmse": 0.6218442750044183, "crps": 0.1947046844849217, "spread_skill": 0.16918369917755138}
[new_cov_sweep_alpha0.25_f0.25_d0.25_blindg1_emptyg1] mode=full history=5
  frame 10/35127: 9.6 ms/frame
  frame 100/35127: 10.0 ms/frame
  frame 1000/35127: 10.0 ms/frame
  frame 5000/35127: 10.0 ms/frame
  frame 10000/35127: 10.0 ms/frame
  frame 15000/35127: 10.0 ms/frame
  frame 20000/35127: 10.0 ms/frame
  frame 25000/35127: 10.0 ms/frame
  frame 30000/35127: 10.0 ms/frame
  frame 35000/35127: 10.0 ms/frame
{"variant": "new_cov_sweep_alpha0.25_f0.25_d0.25_blindg1_emptyg1", "rmse": 0.6179086655798516, "crps": 0.18489631065177817, "spread_skill": 0.24131878451356345}
[new_cov_sweep_alpha0.5_f0.5_d0.5_blindg1_emptyg1] mode=full history=5
  frame 10/35127: 9.5 ms/frame
  frame 100/35127: 9.9 ms/frame
  frame 1000/35127: 9.9 ms/frame
  frame 5000/35127: 10.0 ms/frame
  frame 10000/35127: 10.0 ms/frame
  frame 15000/35127: 10.0 ms/frame
  frame 20000/35127: 10.0 ms/frame
  frame 25000/35127: 10.0 ms/frame
  frame 30000/35127: 10.0 ms/frame
  frame 35000/35127: 10.0 ms/frame
{"variant": "new_cov_sweep_alpha0.5_f0.5_d0.5_blindg1_emptyg1", "rmse": 0.6146935919683032, "crps": 0.17711730062347644, "spread_skill": 0.3467584791462753}
[new_cov_sweep_alpha1_f1_d1_blindg1_emptyg1] mode=full history=5
  frame 10/35127: 9.1 ms/frame
  frame 100/35127: 9.9 ms/frame
  frame 1000/35127: 10.0 ms/frame
  frame 5000/35127: 10.0 ms/frame
  frame 10000/35127: 10.0 ms/frame
  frame 15000/35127: 10.0 ms/frame
  frame 20000/35127: 10.0 ms/frame
  frame 25000/35127: 10.0 ms/frame
  frame 30000/35127: 10.0 ms/frame
  frame 35000/35127: 10.0 ms/frame
{"variant": "new_cov_sweep_alpha1_f1_d1_blindg1_emptyg1", "rmse": 0.6106876061980151, "crps": 0.1725587294876909, "spread_skill": 0.4973266806040942}
[new_cov_sweep_alpha2_f2_d2_blindg1_emptyg1] mode=full history=5
  frame 10/35127: 9.4 ms/frame
  frame 100/35127: 9.9 ms/frame
  frame 1000/35127: 9.9 ms/frame
  frame 5000/35127: 10.0 ms/frame
  frame 10000/35127: 10.0 ms/frame
  frame 15000/35127: 10.0 ms/frame
  frame 20000/35127: 10.0 ms/frame
  frame 25000/35127: 10.0 ms/frame
  frame 30000/35127: 10.0 ms/frame
  frame 35000/35127: 10.0 ms/frame
{"variant": "new_cov_sweep_alpha2_f2_d2_blindg1_emptyg1", "rmse": 0.6087125256186378, "crps": 0.17438375387269675, "spread_skill": 0.7124279527426951}
[new_cov_sweep_alpha4_f4_d4_blindg1_emptyg1] mode=full history=5
  frame 10/35127: 9.5 ms/frame
  frame 100/35127: 10.0 ms/frame
  frame 1000/35127: 10.0 ms/frame
  frame 5000/35127: 10.0 ms/frame
  frame 10000/35127: 10.0 ms/frame
  frame 15000/35127: 10.0 ms/frame
  frame 20000/35127: 10.0 ms/frame
  frame 25000/35127: 10.0 ms/frame
  frame 30000/35127: 10.0 ms/frame
  frame 35000/35127: 10.0 ms/frame
{"variant": "new_cov_sweep_alpha4_f4_d4_blindg1_emptyg1", "rmse": 0.6086761709139352, "crps": 0.18498212092050434, "spread_skill": 1.0158388464769879}
[done] check_outputs/eval/seq_pp5obs_atc-20130616.json
