[seq] day=atc-20130811 methods=['enkf'] frames [8533, 13533) = 5000 frames
[seq] loading EnKF export ...
[seq] spread colour scale: vmin=0 vmax=0.2537 (p99 over all models and frames); density scale vmax=0.9177
[seq] rendering 5000 frames (6 panels each) -> methods/enkf/check_outputs/figs/seq_base_vs_pp5obs
  rendered 0/5000
  rendered 200/5000
  rendered 400/5000
  rendered 600/5000
  rendered 800/5000
  rendered 1000/5000
  rendered 1200/5000
  rendered 1400/5000
  rendered 1600/5000
  rendered 1800/5000
  rendered 2000/5000
  rendered 2200/5000
  rendered 2400/5000
  rendered 2600/5000
  rendered 2800/5000
  rendered 3000/5000
  rendered 3200/5000
  rendered 3400/5000
  rendered 3600/5000
  rendered 3800/5000
  rendered 4000/5000
  rendered 4200/5000
  rendered 4400/5000
  rendered 4600/5000
  rendered 4800/5000
[done] 5000 PNGs (6 panels) -> methods/enkf/check_outputs/figs/seq_base_vs_pp5obs
