Tesla V100-PCIE-32GB
[new_cov_sweep_alpha0.5_f0.5_d0.5_blindg1_emptyg1] mode=full history=5
  frame 10/39383: 44.5 ms/frame
  frame 100/39383: 9.2 ms/frame
  frame 1000/39383: 5.7 ms/frame
  frame 5000/39383: 5.4 ms/frame
  frame 10000/39383: 5.4 ms/frame
  frame 15000/39383: 5.3 ms/frame
  frame 20000/39383: 5.3 ms/frame
  frame 25000/39383: 5.3 ms/frame
  frame 30000/39383: 5.3 ms/frame
  frame 35000/39383: 5.3 ms/frame
{"variant": "new_cov_sweep_alpha0.5_f0.5_d0.5_blindg1_emptyg1", "rmse": 0.7690188361666646, "crps": 0.23607093845801264, "spread_skill": 0.36275000246285616}
[new_cov_sweep_alpha2_f2_d2_blindg1_emptyg1] mode=full history=5
  frame 10/39383: 5.2 ms/frame
  frame 100/39383: 5.3 ms/frame
  frame 1000/39383: 5.3 ms/frame
  frame 5000/39383: 5.3 ms/frame
  frame 10000/39383: 5.3 ms/frame
  frame 15000/39383: 5.3 ms/frame
  frame 20000/39383: 5.3 ms/frame
  frame 25000/39383: 5.3 ms/frame
  frame 30000/39383: 5.3 ms/frame
  frame 35000/39383: 5.3 ms/frame
{"variant": "new_cov_sweep_alpha2_f2_d2_blindg1_emptyg1", "rmse": 0.7553639564116444, "crps": 0.22383087100789287, "spread_skill": 0.7283742269012745}
[new_cov_sweep_alpha8_f8_d8_blindg1_emptyg1] mode=full history=5
  frame 10/39383: 5.1 ms/frame
  frame 100/39383: 5.3 ms/frame
  frame 1000/39383: 5.4 ms/frame
  frame 5000/39383: 5.3 ms/frame
  frame 10000/39383: 5.3 ms/frame
  frame 15000/39383: 5.3 ms/frame
  frame 20000/39383: 5.3 ms/frame
  frame 25000/39383: 5.3 ms/frame
  frame 30000/39383: 5.3 ms/frame
  frame 35000/39383: 5.3 ms/frame
{"variant": "new_cov_sweep_alpha8_f8_d8_blindg1_emptyg1", "rmse": 0.7558494437356574, "crps": 0.28196780425188445, "spread_skill": 1.5509708431780365}
[new_cov_sweep_alpha32_f32_d32_blindg1_emptyg1] mode=full history=5
  frame 10/39383: 5.1 ms/frame
  frame 100/39383: 5.3 ms/frame
  frame 1000/39383: 5.3 ms/frame
  frame 5000/39383: 5.3 ms/frame
  frame 10000/39383: 5.3 ms/frame
  frame 15000/39383: 5.3 ms/frame
  frame 20000/39383: 5.3 ms/frame
  frame 25000/39383: 5.3 ms/frame
  frame 30000/39383: 5.3 ms/frame
  frame 35000/39383: 5.3 ms/frame
{"variant": "new_cov_sweep_alpha32_f32_d32_blindg1_emptyg1", "rmse": 0.7563471365718953, "crps": 0.45195564080709266, "spread_skill": 3.1634694049716483}
[done] /scratch/work/zhangx29/Thesis_Project/methods/enkf/check_outputs/eval/j4nofcst_alphasweep_atc-20130915.json
