Tesla V100-SXM2-16GB
[new_cov_sweep_alpha0.125_f0.125_d0.125_blindg1_emptyg1] mode=full history=5
  frame 10/35127: 85.4 ms/frame
  frame 100/35127: 16.5 ms/frame
  frame 1000/35127: 9.7 ms/frame
  frame 5000/35127: 8.9 ms/frame
  frame 10000/35127: 8.9 ms/frame
  frame 15000/35127: 8.9 ms/frame
  frame 20000/35127: 8.9 ms/frame
  frame 25000/35127: 8.9 ms/frame
  frame 30000/35127: 8.9 ms/frame
  frame 35000/35127: 8.9 ms/frame
{"variant": "new_cov_sweep_alpha0.125_f0.125_d0.125_blindg1_emptyg1", "rmse": 0.6397342522935509, "crps": 0.2001495263253823, "spread_skill": 0.19672360476552084}
[new_cov_sweep_alpha0.25_f0.25_d0.25_blindg1_emptyg1] mode=full history=5
  frame 10/35127: 8.4 ms/frame
  frame 100/35127: 8.7 ms/frame
  frame 1000/35127: 8.8 ms/frame
  frame 5000/35127: 8.7 ms/frame
  frame 10000/35127: 8.7 ms/frame
  frame 15000/35127: 8.7 ms/frame
  frame 20000/35127: 8.7 ms/frame
  frame 25000/35127: 8.7 ms/frame
  frame 30000/35127: 8.7 ms/frame
  frame 35000/35127: 8.6 ms/frame
{"variant": "new_cov_sweep_alpha0.25_f0.25_d0.25_blindg1_emptyg1", "rmse": 0.6290685901101802, "crps": 0.18647686592643237, "spread_skill": 0.27426451641060745}
[new_cov_sweep_alpha0.5_f0.5_d0.5_blindg1_emptyg1] mode=full history=5
  frame 10/35127: 8.1 ms/frame
  frame 100/35127: 8.5 ms/frame
  frame 1000/35127: 8.5 ms/frame
  frame 5000/35127: 8.5 ms/frame
  frame 10000/35127: 8.5 ms/frame
  frame 15000/35127: 8.5 ms/frame
  frame 20000/35127: 8.5 ms/frame
  frame 25000/35127: 8.5 ms/frame
  frame 30000/35127: 8.5 ms/frame
  frame 35000/35127: 8.5 ms/frame
{"variant": "new_cov_sweep_alpha0.5_f0.5_d0.5_blindg1_emptyg1", "rmse": 0.6154446503759621, "crps": 0.17460506299602072, "spread_skill": 0.3837875242549269}
[new_cov_sweep_alpha1_f1_d1_blindg1_emptyg1] mode=full history=5
  frame 10/35127: 8.0 ms/frame
  frame 100/35127: 8.4 ms/frame
  frame 1000/35127: 8.4 ms/frame
  frame 5000/35127: 8.5 ms/frame
  frame 10000/35127: 8.6 ms/frame
  frame 15000/35127: 8.6 ms/frame
  frame 20000/35127: 8.6 ms/frame
  frame 25000/35127: 8.6 ms/frame
  frame 30000/35127: 8.6 ms/frame
  frame 35000/35127: 8.7 ms/frame
{"variant": "new_cov_sweep_alpha1_f1_d1_blindg1_emptyg1", "rmse": 0.6050430837417645, "crps": 0.1690887423219788, "spread_skill": 0.5423583428023342}
[new_cov_sweep_alpha2_f2_d2_blindg1_emptyg1] mode=full history=5
  frame 10/35127: 8.1 ms/frame
  frame 100/35127: 8.5 ms/frame
  frame 1000/35127: 8.5 ms/frame
  frame 5000/35127: 8.5 ms/frame
  frame 10000/35127: 8.6 ms/frame
  frame 15000/35127: 8.6 ms/frame
  frame 20000/35127: 8.6 ms/frame
  frame 25000/35127: 8.6 ms/frame
  frame 30000/35127: 8.6 ms/frame
  frame 35000/35127: 8.6 ms/frame
{"variant": "new_cov_sweep_alpha2_f2_d2_blindg1_emptyg1", "rmse": 0.5981105459358629, "crps": 0.1712474341474152, "spread_skill": 0.7716526338295926}
[new_cov_sweep_alpha4_f4_d4_blindg1_emptyg1] mode=full history=5
  frame 10/35127: 8.1 ms/frame
  frame 100/35127: 8.5 ms/frame
  frame 1000/35127: 8.5 ms/frame
  frame 5000/35127: 8.5 ms/frame
  frame 10000/35127: 8.5 ms/frame
  frame 15000/35127: 8.5 ms/frame
  frame 20000/35127: 8.5 ms/frame
  frame 25000/35127: 8.5 ms/frame
  frame 30000/35127: 8.6 ms/frame
  frame 35000/35127: 8.6 ms/frame
{"variant": "new_cov_sweep_alpha4_f4_d4_blindg1_emptyg1", "rmse": 0.5956345935149354, "crps": 0.18344217380787226, "spread_skill": 1.096399242068623}
[done] check_outputs/eval/ev_B1_atc-20130616.json
