Tesla V100-SXM2-32GB, 32768 MiB
[new_cov_sweep_alpha0.5_alpha0.5] mode=full history=5
  frame 10/5000: 59.8 ms/frame
  frame 100/5000: 14.2 ms/frame
  frame 1000/5000: 9.8 ms/frame
  frame 5000/5000: 9.3 ms/frame
{"variant": "new_cov_sweep_alpha0.5_alpha0.5", "rmse": 0.7109918753086185, "crps": 0.204234288135956, "spread_skill": 0.4191613970383388}
[new_cov_sweep_alpha0.75_alpha0.75] mode=full history=5
  frame 10/5000: 8.3 ms/frame
  frame 100/5000: 9.1 ms/frame
  frame 1000/5000: 9.2 ms/frame
  frame 5000/5000: 9.2 ms/frame
{"variant": "new_cov_sweep_alpha0.75_alpha0.75", "rmse": 0.7160429638895167, "crps": 0.20984971375691072, "spread_skill": 0.5157924084822575}
[new_cov_sweep_alpha1.1_alpha1.1] mode=full history=5
  frame 10/5000: 8.5 ms/frame
  frame 100/5000: 9.2 ms/frame
  frame 1000/5000: 9.3 ms/frame
  frame 5000/5000: 9.2 ms/frame
{"variant": "new_cov_sweep_alpha1.1_alpha1.1", "rmse": 0.714263509416326, "crps": 0.21464257290361669, "spread_skill": 0.6336468582538177}
[done] /scratch/work/zhangx29/Thesis_Project/methods/enkf/check_outputs/eval/covonly_pedpred5_alpha3_atc-20130728_5000.json
