Tesla V100-SXM2-16GB
[sweep] 512/4,096
[sweep] 1,024/4,096
[sweep] 1,536/4,096
[sweep] 2,048/4,096
[sweep] 2,560/4,096
[sweep] 3,072/4,096
[sweep] 3,584/4,096
[sweep] 4,096/4,096
{
  "selection": {
    "best_all": "a32_bias0_alpha1",
    "best_blind": "a32_bias0_alpha2",
    "best_calibrated_within_1pct_all": "a32_bias0_alpha2",
    "reference": "a32_bias0_alpha1"
  },
  "selected_metrics": {
    "best_all": {
      "all": {
        "rmse": 0.21426573480244873,
        "mean_spread": 0.10389969379956698,
        "spread_skill": 0.4849104496123081,
        "crps": 0.05099507012403483,
        "coverage50": 0.741777914541739,
        "coverage90": 0.9615429065845631
      },
      "observed": {
        "rmse": 0.12147935563750495,
        "mean_spread": 0.0868790723653111,
        "spread_skill": 0.7151756107808039,
        "crps": 0.04296868569315811,
        "coverage50": 0.6920556894502569,
        "coverage90": 0.9539446057684722
      },
      "blind": {
        "rmse": 0.2660810761508491,
        "mean_spread": 0.11749831228108663,
        "spread_skill": 0.44158838343871337,
        "crps": 0.057407746657796965,
        "coverage50": 0.7815034657904422,
        "coverage90": 0.9676135658906848
      },
      "walkable_blind": {
        "rmse": 0.34396639505095056,
        "mean_spread": 0.17967011553233417,
        "spread_skill": 0.5223478750176169,
        "crps": 0.08887423367797737,
        "coverage50": 0.809488611574837,
        "coverage90": 0.9641743256545144
      }
    },
    "best_blind": {
      "all": {
        "rmse": 0.2151834179413605,
        "mean_spread": 0.13629809841279084,
        "spread_skill": 0.6334042823408137,
        "crps": 0.05580478075484572,
        "coverage50": 0.7888015464500144,
        "coverage90": 0.973639170328776
      },
      "observed": {
        "rmse": 0.12521557483685838,
        "mean_spread": 0.10132678872024832,
        "spread_skill": 0.8092187321925852,
        "crps": 0.04714482381716101,
        "coverage50": 0.7089525079594532,
        "coverage90": 0.9600777112404532
      },
      "blind": {
        "rmse": 0.2660295191640951,
        "mean_spread": 0.1642384118816537,
        "spread_skill": 0.6173691265454885,
        "crps": 0.06272364978185736,
        "coverage50": 0.8525969028501018,
        "coverage90": 0.9844740924793669
      },
      "walkable_blind": {
        "rmse": 0.34390128411792986,
        "mean_spread": 0.2527855907755586,
        "spread_skill": 0.7350527679009013,
        "crps": 0.09714167277262914,
        "coverage50": 0.8781373605968061,
        "coverage90": 0.983283335076061
      }
    },
    "best_calibrated_within_1pct_all": {
      "all": {
        "rmse": 0.2151834179413605,
        "mean_spread": 0.13629809841279084,
        "spread_skill": 0.6334042823408137,
        "crps": 0.05580478075484572,
        "coverage50": 0.7888015464500144,
        "coverage90": 0.973639170328776
      },
      "observed": {
        "rmse": 0.12521557483685838,
        "mean_spread": 0.10132678872024832,
        "spread_skill": 0.8092187321925852,
        "crps": 0.04714482381716101,
        "coverage50": 0.7089525079594532,
        "coverage90": 0.9600777112404532
      },
      "blind": {
        "rmse": 0.2660295191640951,
        "mean_spread": 0.1642384118816537,
        "spread_skill": 0.6173691265454885,
        "crps": 0.06272364978185736,
        "coverage50": 0.8525969028501018,
        "coverage90": 0.9844740924793669
      },
      "walkable_blind": {
        "rmse": 0.34390128411792986,
        "mean_spread": 0.2527855907755586,
        "spread_skill": 0.7350527679009013,
        "crps": 0.09714167277262914,
        "coverage50": 0.8781373605968061,
        "coverage90": 0.983283335076061
      }
    }
  }
}
