Tesla V100-SXM2-16GB, 16384 MiB
[eval] 200/512 pairs, 0.8s
[eval] 400/512 pairs, 1.3s
[eval] 512/512 pairs, 1.5s
{
  "mean": {
    "all": 0.3698388983945418,
    "observed": 0.42495732661515884,
    "blind": 0.3193991611086832,
    "walkable_blind": 0.4118386356374662
  },
  "mean_bias_corrected": {
    "all": 0.34942873335780567,
    "observed": 0.40210327592805667,
    "blind": 0.3011401559503165,
    "walkable_blind": 0.38753487879832005
  },
  "raw_diagonal": {
    "all": 0.2634257911492626,
    "observed": 0.1681808193890617,
    "blind": 0.3193991611086832,
    "walkable_blind": 0.4118386356374662
  },
  "raw_r32": {
    "all": 0.26056246949737605,
    "observed": 0.16698098216658078,
    "blind": 0.3156643222755875,
    "walkable_blind": 0.40694696353196513
  },
  "raw_r128": {
    "all": 0.2612164711046527,
    "observed": 0.1653252161101049,
    "blind": 0.3173210611057187,
    "walkable_blind": 0.40925112019475857
  },
  "raw_r256": {
    "all": 0.2612137620183833,
    "observed": 0.16305424652806233,
    "blind": 0.31824820470160814,
    "walkable_blind": 0.4105253200262645
  },
  "centered_bc_diagonal": {
    "all": 0.25113182828730984,
    "observed": 0.16812215605451175,
    "blind": 0.3011401559503165,
    "walkable_blind": 0.38753487879832005
  },
  "centered_bc_r32": {
    "all": 0.25071232617571043,
    "observed": 0.16697988207874861,
    "blind": 0.30101755015250153,
    "walkable_blind": 0.3873726993581347
  },
  "centered_bc_r128": {
    "all": 0.24982170497496534,
    "observed": 0.16542309309164213,
    "blind": 0.30037089554171303,
    "walkable_blind": 0.3866550605506836
  },
  "centered_bc_r256": {
    "all": 0.24926134433497973,
    "observed": 0.16313232412950468,
    "blind": 0.30053012032286025,
    "walkable_blind": 0.38687556683937335
  }
}
[done] methods/enkf/check_outputs/eval/static_local_covariance_smoke512.json
