[01/32] atc-20121028_corridor_1.0s.h5: 2 samples, total=2/64
[02/32] atc-20121104_corridor_1.0s.h5: 2 samples, total=4/64
[03/32] atc-20121111_corridor_1.0s.h5: 2 samples, total=6/64
[04/32] atc-20121118_corridor_1.0s.h5: 2 samples, total=8/64
[05/32] atc-20121125_corridor_1.0s.h5: 2 samples, total=10/64
[06/32] atc-20121202_corridor_1.0s.h5: 2 samples, total=12/64
[07/32] atc-20121209_corridor_1.0s.h5: 2 samples, total=14/64
[08/32] atc-20121216_corridor_1.0s.h5: 2 samples, total=16/64
[09/32] atc-20121223_corridor_1.0s.h5: 2 samples, total=18/64
[10/32] atc-20130106_corridor_1.0s.h5: 2 samples, total=20/64
[11/32] atc-20130113_corridor_1.0s.h5: 2 samples, total=22/64
[12/32] atc-20130120_corridor_1.0s.h5: 2 samples, total=24/64
[13/32] atc-20130127_corridor_1.0s.h5: 2 samples, total=26/64
[14/32] atc-20130203_corridor_1.0s.h5: 2 samples, total=28/64
[15/32] atc-20130210_corridor_1.0s.h5: 2 samples, total=30/64
[16/32] atc-20130217_corridor_1.0s.h5: 2 samples, total=32/64
[17/32] atc-20130224_corridor_1.0s.h5: 2 samples, total=34/64
[18/32] atc-20130303_corridor_1.0s.h5: 2 samples, total=36/64
[19/32] atc-20130310_corridor_1.0s.h5: 2 samples, total=38/64
[20/32] atc-20130317_corridor_1.0s.h5: 2 samples, total=40/64
[21/32] atc-20130324_corridor_1.0s.h5: 2 samples, total=42/64
[22/32] atc-20130331_corridor_1.0s.h5: 2 samples, total=44/64
[23/32] atc-20130407_corridor_1.0s.h5: 2 samples, total=46/64
[24/32] atc-20130414_corridor_1.0s.h5: 2 samples, total=48/64
[25/32] atc-20130421_corridor_1.0s.h5: 2 samples, total=50/64
[26/32] atc-20130428_corridor_1.0s.h5: 2 samples, total=52/64
[27/32] atc-20130505_corridor_1.0s.h5: 2 samples, total=54/64
[28/32] atc-20130512_corridor_1.0s.h5: 2 samples, total=56/64
[29/32] atc-20130519_corridor_1.0s.h5: 2 samples, total=58/64
[30/32] atc-20130526_corridor_1.0s.h5: 2 samples, total=60/64
[31/32] atc-20130602_corridor_1.0s.h5: 2 samples, total=62/64
[32/32] atc-20130609_corridor_1.0s.h5: 2 samples, total=64/64
[check] max |centered coordinate mean|=1.397e-08
[check] residual channel std=[0.060114523102458906, 0.21220537844105122, 0.12691604944628376, 0.12363925964117484]
[check] density log-residual std=0.04178146
[out] methods/enkf/enkf_opt/experiments/outputs/pedpred3_5to5_train_residual_q_smoke64.npz
