Tesla V100-SXM2-16GB, 16384 MiB
[eval] 200/4,096 pairs, 1.1s
[eval] 400/4,096 pairs, 1.9s
[eval] 600/4,096 pairs, 2.7s
[eval] 800/4,096 pairs, 3.5s
[eval] 1,000/4,096 pairs, 4.3s
[eval] 1,200/4,096 pairs, 5.0s
[eval] 1,400/4,096 pairs, 5.8s
[eval] 1,600/4,096 pairs, 6.6s
[eval] 1,800/4,096 pairs, 7.4s
[eval] 2,000/4,096 pairs, 8.1s
[eval] 2,200/4,096 pairs, 8.9s
[eval] 2,400/4,096 pairs, 9.7s
[eval] 2,600/4,096 pairs, 10.4s
[eval] 2,800/4,096 pairs, 11.2s
[eval] 3,000/4,096 pairs, 12.0s
[eval] 3,200/4,096 pairs, 12.7s
[eval] 3,400/4,096 pairs, 13.5s
[eval] 3,600/4,096 pairs, 14.3s
[eval] 3,800/4,096 pairs, 15.0s
[eval] 4,000/4,096 pairs, 15.8s
[eval] 4,096/4,096 pairs, 16.2s
{
  "mean": {
    "all": 0.3859975063748888,
    "observed": 0.4442894608801631,
    "blind": 0.3330032242223069,
    "walkable_blind": 0.4307386559261586
  },
  "mean_bias_corrected": {
    "all": 0.36698192532118623,
    "observed": 0.42415824265704766,
    "blind": 0.3147446003172256,
    "walkable_blind": 0.40638406489701057
  },
  "raw_diagonal": {
    "all": 0.27325885381189646,
    "observed": 0.16929894584100041,
    "blind": 0.3330032242223069,
    "walkable_blind": 0.4307386559261586
  },
  "raw_r8": {
    "all": 0.27102642725978615,
    "observed": 0.1689953565410741,
    "blind": 0.32984895918478674,
    "walkable_blind": 0.4265681649840714
  },
  "raw_r16": {
    "all": 0.27091540775850265,
    "observed": 0.1686337742640246,
    "blind": 0.32983164345155613,
    "walkable_blind": 0.42654771209257775
  },
  "raw_r32": {
    "all": 0.2711340916914193,
    "observed": 0.16795781007173358,
    "blind": 0.3304238080098454,
    "walkable_blind": 0.42737182026538767
  },
  "raw_r64": {
    "all": 0.2714984787867963,
    "observed": 0.1673297393599334,
    "blind": 0.33120850206259406,
    "walkable_blind": 0.4284193905215142
  },
  "raw_r128": {
    "all": 0.27169746889108953,
    "observed": 0.16633273585297326,
    "blind": 0.3318947913640863,
    "walkable_blind": 0.42944181280571714
  },
  "raw_r256": {
    "all": 0.2720291229803272,
    "observed": 0.16411151948198263,
    "blind": 0.3332480947489716,
    "walkable_blind": 0.4313879788157835
  },
  "centered_bc_diagonal": {
    "all": 0.2608487261853068,
    "observed": 0.16922529448947043,
    "blind": 0.3147446003172256,
    "walkable_blind": 0.40638406489701057
  },
  "centered_bc_r8": {
    "all": 0.26071263361791547,
    "observed": 0.16875965779140972,
    "blind": 0.3147398936861298,
    "walkable_blind": 0.406382025775453
  },
  "centered_bc_r16": {
    "all": 0.260586298305691,
    "observed": 0.16841043174789366,
    "blind": 0.31470016450110405,
    "walkable_blind": 0.4063345205065862
  },
  "centered_bc_r32": {
    "all": 0.2603799301103352,
    "observed": 0.16792798586911262,
    "blind": 0.31459782074247217,
    "walkable_blind": 0.40619928006816913
  },
  "centered_bc_r64": {
    "all": 0.25991952368866167,
    "observed": 0.1674222445345831,
    "blind": 0.31412922713851166,
    "walkable_blind": 0.4056273892966485
  },
  "centered_bc_r128": {
    "all": 0.25975893729253424,
    "observed": 0.1664101437204533,
    "blind": 0.31431514962058243,
    "walkable_blind": 0.4059640340748234
  },
  "centered_bc_r256": {
    "all": 0.2591448470520929,
    "observed": 0.16413004312799048,
    "blind": 0.3143530324483756,
    "walkable_blind": 0.4061162341663672
  }
}
[done] methods/enkf/check_outputs/eval/static_local_covariance_4096.json
