Tesla V100-SXM2-16GB
[new_cov_sweep_alpha0.125_f0.125_d0.125_blindg1_emptyg1] mode=full history=5
  frame 10/40620: 48.6 ms/frame
  frame 100/40620: 12.1 ms/frame
  frame 1000/40620: 8.5 ms/frame
  frame 5000/40620: 8.2 ms/frame
  frame 10000/40620: 8.2 ms/frame
  frame 15000/40620: 8.2 ms/frame
  frame 20000/40620: 8.3 ms/frame
  frame 25000/40620: 8.3 ms/frame
  frame 30000/40620: 8.2 ms/frame
  frame 35000/40620: 8.2 ms/frame
  frame 40000/40620: 8.2 ms/frame
{"variant": "new_cov_sweep_alpha0.125_f0.125_d0.125_blindg1_emptyg1", "rmse": 0.5602505961716715, "crps": 0.1704419111900706, "spread_skill": 0.23085086708493716}
[new_cov_sweep_alpha0.25_f0.25_d0.25_blindg1_emptyg1] mode=full history=5
  frame 10/40620: 7.6 ms/frame
  frame 100/40620: 8.1 ms/frame
  frame 1000/40620: 8.1 ms/frame
  frame 5000/40620: 8.2 ms/frame
  frame 10000/40620: 8.2 ms/frame
  frame 15000/40620: 8.2 ms/frame
  frame 20000/40620: 8.2 ms/frame
  frame 25000/40620: 8.2 ms/frame
  frame 30000/40620: 8.2 ms/frame
  frame 35000/40620: 8.2 ms/frame
  frame 40000/40620: 8.2 ms/frame
{"variant": "new_cov_sweep_alpha0.25_f0.25_d0.25_blindg1_emptyg1", "rmse": 0.5503268619075772, "crps": 0.15774364651713707, "spread_skill": 0.31636227778246867}
[new_cov_sweep_alpha0.5_f0.5_d0.5_blindg1_emptyg1] mode=full history=5
  frame 10/40620: 7.7 ms/frame
  frame 100/40620: 8.1 ms/frame
  frame 1000/40620: 8.1 ms/frame
  frame 5000/40620: 8.1 ms/frame
  frame 10000/40620: 8.2 ms/frame
  frame 15000/40620: 8.2 ms/frame
  frame 20000/40620: 8.2 ms/frame
  frame 25000/40620: 8.2 ms/frame
  frame 30000/40620: 8.2 ms/frame
  frame 35000/40620: 8.2 ms/frame
  frame 40000/40620: 8.2 ms/frame
{"variant": "new_cov_sweep_alpha0.5_f0.5_d0.5_blindg1_emptyg1", "rmse": 0.5412739318405204, "crps": 0.14971724247797075, "spread_skill": 0.439543203606176}
[new_cov_sweep_alpha1_f1_d1_blindg1_emptyg1] mode=full history=5
  frame 10/40620: 7.5 ms/frame
  frame 100/40620: 8.3 ms/frame
  frame 1000/40620: 8.6 ms/frame
  frame 5000/40620: 8.5 ms/frame
  frame 10000/40620: 8.5 ms/frame
  frame 15000/40620: 8.5 ms/frame
  frame 20000/40620: 8.5 ms/frame
  frame 25000/40620: 8.5 ms/frame
  frame 30000/40620: 8.5 ms/frame
  frame 35000/40620: 8.5 ms/frame
  frame 40000/40620: 8.5 ms/frame
{"variant": "new_cov_sweep_alpha1_f1_d1_blindg1_emptyg1", "rmse": 0.5352235855169237, "crps": 0.14809803974025845, "spread_skill": 0.615809705557442}
[new_cov_sweep_alpha2_f2_d2_blindg1_emptyg1] mode=full history=5
  frame 10/40620: 7.9 ms/frame
  frame 100/40620: 8.2 ms/frame
  frame 1000/40620: 8.3 ms/frame
  frame 5000/40620: 8.4 ms/frame
  frame 10000/40620: 8.4 ms/frame
  frame 15000/40620: 8.4 ms/frame
  frame 20000/40620: 8.4 ms/frame
  frame 25000/40620: 8.5 ms/frame
  frame 30000/40620: 8.5 ms/frame
  frame 35000/40620: 8.5 ms/frame
  frame 40000/40620: 8.6 ms/frame
{"variant": "new_cov_sweep_alpha2_f2_d2_blindg1_emptyg1", "rmse": 0.532163852266932, "crps": 0.15414464231719688, "spread_skill": 0.8670232039243911}
[new_cov_sweep_alpha4_f4_d4_blindg1_emptyg1] mode=full history=5
  frame 10/40620: 8.2 ms/frame
  frame 100/40620: 8.6 ms/frame
  frame 1000/40620: 8.6 ms/frame
  frame 5000/40620: 8.7 ms/frame
  frame 10000/40620: 8.7 ms/frame
  frame 15000/40620: 8.5 ms/frame
  frame 20000/40620: 8.4 ms/frame
  frame 25000/40620: 8.4 ms/frame
  frame 30000/40620: 8.4 ms/frame
  frame 35000/40620: 8.4 ms/frame
  frame 40000/40620: 8.3 ms/frame
{"variant": "new_cov_sweep_alpha4_f4_d4_blindg1_emptyg1", "rmse": 0.5311397007536579, "crps": 0.1700411420104202, "spread_skill": 1.225677168463069}
[done] check_outputs/eval/ev_w75_atc-20130623.json
