##### 第一段: epochs=3
{"epoch": 0, "lr": 0.0001, "mean_lr": 1e-05, "skipped": 0, "seconds": 1.2, "train": {"loss
{"epoch": 1, "lr": 0.0001, "mean_lr": 1e-05, "skipped": 0, "seconds": 0.5, "train": {"loss
{"epoch": 2, "lr": 0.0001, "mean_lr": 1e-05, "skipped": 0, "seconds": 0.5, "train": {"loss
[done] best validation loss=0.0646783 -> runs/_smoke_resume/best.pt
##### 目录内容:
best.pt
ckpt_002.pt
last.pt
metrics.jsonl
run_config.json
##### 第二段: 同目录 --resume --epochs 6 (模拟把已训完的 run 续到更大轮数)
{"epoch": 3, "lr": 0.0001, "mean_lr": 1e-05, "skipped": 0, "seconds": 1.3, "train": {"loss
{"epoch": 4, "lr": 0.0001, "mean_lr": 1e-05, "skipped": 0, "seconds": 0.5, "train": {"loss
{"epoch": 5, "lr": 0.0001, "mean_lr": 1e-05, "skipped": 0, "seconds": 0.5, "train": {"loss
[done] best validation loss=0.0634725 -> runs/_smoke_resume/best.pt
##### 目录内容:
best.pt
ckpt_002.pt
ckpt_004.pt
ckpt_006.pt
last.pt
metrics.jsonl
run_config.json
