Tesla V100-SXM2-16GB
[new_cov_sweep_alpha0.125_f0.125_d0.125_blindg1_emptyg1] mode=full history=5
  frame 10/35127: 59.6 ms/frame
  frame 100/35127: 14.8 ms/frame
  frame 1000/35127: 10.5 ms/frame
  frame 5000/35127: 9.9 ms/frame
  frame 10000/35127: 9.9 ms/frame
  frame 15000/35127: 9.9 ms/frame
  frame 20000/35127: 9.8 ms/frame
  frame 25000/35127: 9.8 ms/frame
  frame 30000/35127: 9.9 ms/frame
  frame 35000/35127: 9.9 ms/frame
{"variant": "new_cov_sweep_alpha0.125_f0.125_d0.125_blindg1_emptyg1", "rmse": 0.808694518527725, "crps": 0.27779951838835587, "spread_skill": 0.1878745272546356}
[new_cov_sweep_alpha0.25_f0.25_d0.25_blindg1_emptyg1] mode=full history=5
  frame 10/35127: 9.2 ms/frame
  frame 100/35127: 9.7 ms/frame
  frame 1000/35127: 9.7 ms/frame
  frame 5000/35127: 9.8 ms/frame
  frame 10000/35127: 9.8 ms/frame
  frame 15000/35127: 9.8 ms/frame
  frame 20000/35127: 9.8 ms/frame
  frame 25000/35127: 9.8 ms/frame
  frame 30000/35127: 9.8 ms/frame
  frame 35000/35127: 9.8 ms/frame
{"variant": "new_cov_sweep_alpha0.25_f0.25_d0.25_blindg1_emptyg1", "rmse": 0.7968816084831604, "crps": 0.26144853977538646, "spread_skill": 0.26562663265209385}
[new_cov_sweep_alpha0.5_f0.5_d0.5_blindg1_emptyg1] mode=full history=5
  frame 10/35127: 8.9 ms/frame
  frame 100/35127: 9.6 ms/frame
  frame 1000/35127: 9.7 ms/frame
  frame 5000/35127: 9.8 ms/frame
  frame 10000/35127: 9.8 ms/frame
  frame 15000/35127: 9.8 ms/frame
  frame 20000/35127: 9.8 ms/frame
  frame 25000/35127: 9.8 ms/frame
  frame 30000/35127: 9.8 ms/frame
  frame 35000/35127: 9.8 ms/frame
{"variant": "new_cov_sweep_alpha0.5_f0.5_d0.5_blindg1_emptyg1", "rmse": 0.7811604143087361, "crps": 0.242423253272525, "spread_skill": 0.3712849642675988}
[new_cov_sweep_alpha1_f1_d1_blindg1_emptyg1] mode=full history=5
  frame 10/35127: 9.0 ms/frame
  frame 100/35127: 9.6 ms/frame
  frame 1000/35127: 9.7 ms/frame
  frame 5000/35127: 9.8 ms/frame
  frame 10000/35127: 9.9 ms/frame
  frame 15000/35127: 10.0 ms/frame
  frame 20000/35127: 10.0 ms/frame
  frame 25000/35127: 10.0 ms/frame
  frame 30000/35127: 9.9 ms/frame
  frame 35000/35127: 9.9 ms/frame
{"variant": "new_cov_sweep_alpha1_f1_d1_blindg1_emptyg1", "rmse": 0.7745300647312697, "crps": 0.2317013787761389, "spread_skill": 0.5214305536638179}
[new_cov_sweep_alpha2_f2_d2_blindg1_emptyg1] mode=full history=5
  frame 10/35127: 9.3 ms/frame
  frame 100/35127: 9.6 ms/frame
  frame 1000/35127: 9.7 ms/frame
  frame 5000/35127: 9.8 ms/frame
  frame 10000/35127: 9.8 ms/frame
  frame 15000/35127: 9.9 ms/frame
  frame 20000/35127: 9.8 ms/frame
  frame 25000/35127: 9.8 ms/frame
  frame 30000/35127: 9.9 ms/frame
  frame 35000/35127: 9.9 ms/frame
{"variant": "new_cov_sweep_alpha2_f2_d2_blindg1_emptyg1", "rmse": 0.7702463447796232, "crps": 0.2332524287091459, "spread_skill": 0.7508958886562792}
[new_cov_sweep_alpha4_f4_d4_blindg1_emptyg1] mode=full history=5
  frame 10/35127: 9.3 ms/frame
  frame 100/35127: 9.7 ms/frame
  frame 1000/35127: 9.9 ms/frame
  frame 5000/35127: 9.9 ms/frame
  frame 10000/35127: 9.8 ms/frame
  frame 15000/35127: 9.8 ms/frame
  frame 20000/35127: 9.8 ms/frame
  frame 25000/35127: 9.8 ms/frame
  frame 30000/35127: 9.8 ms/frame
  frame 35000/35127: 9.8 ms/frame
{"variant": "new_cov_sweep_alpha4_f4_d4_blindg1_emptyg1", "rmse": 0.7703330495407783, "crps": 0.25208213182047295, "spread_skill": 1.0921447299773235}
[done] check_outputs/eval/seq_base_atc-20130616.json
