Tesla V100-SXM2-16GB
[new_cov_sweep_alpha0.125_f0.125_d0.125_blindg1_emptyg1] mode=full history=5
  frame 10/40620: 50.6 ms/frame
  frame 100/40620: 12.4 ms/frame
  frame 1000/40620: 8.6 ms/frame
  frame 5000/40620: 8.2 ms/frame
  frame 10000/40620: 8.2 ms/frame
  frame 15000/40620: 8.2 ms/frame
  frame 20000/40620: 8.2 ms/frame
  frame 25000/40620: 8.2 ms/frame
  frame 30000/40620: 8.2 ms/frame
  frame 35000/40620: 8.2 ms/frame
  frame 40000/40620: 8.2 ms/frame
{"variant": "new_cov_sweep_alpha0.125_f0.125_d0.125_blindg1_emptyg1", "rmse": 0.6013737289215753, "crps": 0.18473029219112488, "spread_skill": 0.21124698434399225}
[new_cov_sweep_alpha0.25_f0.25_d0.25_blindg1_emptyg1] mode=full history=5
  frame 10/40620: 7.8 ms/frame
  frame 100/40620: 8.2 ms/frame
  frame 1000/40620: 8.2 ms/frame
  frame 5000/40620: 8.2 ms/frame
  frame 10000/40620: 8.2 ms/frame
  frame 15000/40620: 8.2 ms/frame
  frame 20000/40620: 8.2 ms/frame
  frame 25000/40620: 8.2 ms/frame
  frame 30000/40620: 8.2 ms/frame
  frame 35000/40620: 8.2 ms/frame
  frame 40000/40620: 8.2 ms/frame
{"variant": "new_cov_sweep_alpha0.25_f0.25_d0.25_blindg1_emptyg1", "rmse": 0.6128782785065782, "crps": 0.17564884460617872, "spread_skill": 0.28855926423546546}
[new_cov_sweep_alpha0.5_f0.5_d0.5_blindg1_emptyg1] mode=full history=5
  frame 10/40620: 7.7 ms/frame
  frame 100/40620: 8.2 ms/frame
  frame 1000/40620: 8.2 ms/frame
  frame 5000/40620: 8.2 ms/frame
  frame 10000/40620: 8.2 ms/frame
  frame 15000/40620: 8.2 ms/frame
  frame 20000/40620: 8.2 ms/frame
  frame 25000/40620: 8.2 ms/frame
  frame 30000/40620: 8.3 ms/frame
  frame 35000/40620: 8.4 ms/frame
  frame 40000/40620: 8.4 ms/frame
{"variant": "new_cov_sweep_alpha0.5_f0.5_d0.5_blindg1_emptyg1", "rmse": 0.6079707881114242, "crps": 0.16418529530453055, "spread_skill": 0.3991854695547581}
[new_cov_sweep_alpha1_f1_d1_blindg1_emptyg1] mode=full history=5
  frame 10/40620: 8.7 ms/frame
  frame 100/40620: 9.3 ms/frame
  frame 1000/40620: 9.5 ms/frame
  frame 5000/40620: 9.3 ms/frame
  frame 10000/40620: 9.3 ms/frame
  frame 15000/40620: 9.3 ms/frame
  frame 20000/40620: 9.3 ms/frame
  frame 25000/40620: 9.3 ms/frame
  frame 30000/40620: 9.3 ms/frame
  frame 35000/40620: 9.3 ms/frame
  frame 40000/40620: 9.3 ms/frame
{"variant": "new_cov_sweep_alpha1_f1_d1_blindg1_emptyg1", "rmse": 0.5963831118203305, "crps": 0.15715701308931362, "spread_skill": 0.5562489491793566}
[new_cov_sweep_alpha2_f2_d2_blindg1_emptyg1] mode=full history=5
  frame 10/40620: 8.7 ms/frame
  frame 100/40620: 9.2 ms/frame
  frame 1000/40620: 9.2 ms/frame
  frame 5000/40620: 9.2 ms/frame
  frame 10000/40620: 9.2 ms/frame
  frame 15000/40620: 9.2 ms/frame
  frame 20000/40620: 9.2 ms/frame
  frame 25000/40620: 9.2 ms/frame
  frame 30000/40620: 9.2 ms/frame
  frame 35000/40620: 9.3 ms/frame
  frame 40000/40620: 9.3 ms/frame
{"variant": "new_cov_sweep_alpha2_f2_d2_blindg1_emptyg1", "rmse": 0.5861135732085082, "crps": 0.15816596131519767, "spread_skill": 0.783964631616055}
[new_cov_sweep_alpha4_f4_d4_blindg1_emptyg1] mode=full history=5
  frame 10/40620: 9.2 ms/frame
  frame 100/40620: 9.6 ms/frame
  frame 1000/40620: 9.4 ms/frame
  frame 5000/40620: 9.3 ms/frame
  frame 10000/40620: 9.2 ms/frame
  frame 15000/40620: 9.2 ms/frame
  frame 20000/40620: 9.2 ms/frame
  frame 25000/40620: 9.1 ms/frame
  frame 30000/40620: 9.0 ms/frame
  frame 35000/40620: 9.0 ms/frame
  frame 40000/40620: 8.9 ms/frame
{"variant": "new_cov_sweep_alpha4_f4_d4_blindg1_emptyg1", "rmse": 0.5697043866966286, "crps": 0.1663324503643014, "spread_skill": 1.1110580677185327}
[done] check_outputs/eval/ev_B2_atc-20130623.json
