Tesla V100-SXM2-16GB
[new_cov_sweep_alpha0.125_f0.125_d0.125_blindg1_emptyg1] mode=full history=5
  frame 10/40620: 49.7 ms/frame
  frame 100/40620: 12.5 ms/frame
  frame 1000/40620: 9.9 ms/frame
  frame 5000/40620: 9.4 ms/frame
  frame 10000/40620: 9.5 ms/frame
  frame 15000/40620: 9.4 ms/frame
  frame 20000/40620: 9.4 ms/frame
  frame 25000/40620: 9.4 ms/frame
  frame 30000/40620: 9.4 ms/frame
  frame 35000/40620: 9.4 ms/frame
  frame 40000/40620: 9.4 ms/frame
{"variant": "new_cov_sweep_alpha0.125_f0.125_d0.125_blindg1_emptyg1", "rmse": 0.5495408266032962, "crps": 0.15744436439550832, "spread_skill": 0.2210062566928907}
[new_cov_sweep_alpha0.25_f0.25_d0.25_blindg1_emptyg1] mode=full history=5
  frame 10/40620: 8.2 ms/frame
  frame 100/40620: 8.6 ms/frame
  frame 1000/40620: 8.5 ms/frame
  frame 5000/40620: 8.5 ms/frame
  frame 10000/40620: 8.5 ms/frame
  frame 15000/40620: 8.6 ms/frame
  frame 20000/40620: 8.6 ms/frame
  frame 25000/40620: 8.6 ms/frame
  frame 30000/40620: 8.6 ms/frame
  frame 35000/40620: 8.6 ms/frame
  frame 40000/40620: 8.6 ms/frame
{"variant": "new_cov_sweep_alpha0.25_f0.25_d0.25_blindg1_emptyg1", "rmse": 0.5455569749303818, "crps": 0.15478582659385398, "spread_skill": 0.32966887389750327}
[new_cov_sweep_alpha0.5_f0.5_d0.5_blindg1_emptyg1] mode=full history=5
  frame 10/40620: 8.1 ms/frame
  frame 100/40620: 8.5 ms/frame
  frame 1000/40620: 8.6 ms/frame
  frame 5000/40620: 8.6 ms/frame
  frame 10000/40620: 8.6 ms/frame
  frame 15000/40620: 8.6 ms/frame
  frame 20000/40620: 8.6 ms/frame
  frame 25000/40620: 8.6 ms/frame
  frame 30000/40620: 8.6 ms/frame
  frame 35000/40620: 8.6 ms/frame
  frame 40000/40620: 8.6 ms/frame
{"variant": "new_cov_sweep_alpha0.5_f0.5_d0.5_blindg1_emptyg1", "rmse": 0.5434140873736344, "crps": 0.15352018556063943, "spread_skill": 0.48526126724379703}
[new_cov_sweep_alpha1_f1_d1_blindg1_emptyg1] mode=full history=5
  frame 10/40620: 7.9 ms/frame
  frame 100/40620: 8.5 ms/frame
  frame 1000/40620: 8.6 ms/frame
  frame 5000/40620: 8.6 ms/frame
  frame 10000/40620: 8.6 ms/frame
  frame 15000/40620: 8.6 ms/frame
  frame 20000/40620: 8.6 ms/frame
  frame 25000/40620: 8.6 ms/frame
  frame 30000/40620: 8.6 ms/frame
  frame 35000/40620: 8.6 ms/frame
  frame 40000/40620: 8.6 ms/frame
{"variant": "new_cov_sweep_alpha1_f1_d1_blindg1_emptyg1", "rmse": 0.5402432640251026, "crps": 0.1553638673275215, "spread_skill": 0.6986821929119651}
[new_cov_sweep_alpha2_f2_d2_blindg1_emptyg1] mode=full history=5
  frame 10/40620: 8.1 ms/frame
  frame 100/40620: 8.5 ms/frame
  frame 1000/40620: 8.5 ms/frame
  frame 5000/40620: 8.5 ms/frame
  frame 10000/40620: 8.5 ms/frame
  frame 15000/40620: 8.5 ms/frame
  frame 20000/40620: 8.5 ms/frame
  frame 25000/40620: 8.5 ms/frame
  frame 30000/40620: 8.5 ms/frame
  frame 35000/40620: 8.5 ms/frame
  frame 40000/40620: 8.5 ms/frame
{"variant": "new_cov_sweep_alpha2_f2_d2_blindg1_emptyg1", "rmse": 0.5385645354900668, "crps": 0.16401329663241124, "spread_skill": 0.9925080381185897}
[new_cov_sweep_alpha4_f4_d4_blindg1_emptyg1] mode=full history=5
  frame 10/40620: 8.0 ms/frame
  frame 100/40620: 8.4 ms/frame
  frame 1000/40620: 8.3 ms/frame
  frame 5000/40620: 8.3 ms/frame
  frame 10000/40620: 8.3 ms/frame
  frame 15000/40620: 8.3 ms/frame
  frame 20000/40620: 8.3 ms/frame
  frame 25000/40620: 8.3 ms/frame
  frame 30000/40620: 8.3 ms/frame
  frame 35000/40620: 8.3 ms/frame
  frame 40000/40620: 8.3 ms/frame
{"variant": "new_cov_sweep_alpha4_f4_d4_blindg1_emptyg1", "rmse": 0.5378085084582641, "crps": 0.18274641479317416, "spread_skill": 1.4038064737087943}
[done] check_outputs/eval/ev_D_atc-20130623.json
