Tesla V100-SXM2-16GB
[sweep] 256/256
{
  "selection": {
    "best_all": "a32_bias0_alpha1",
    "best_blind": "a32_bias0_alpha2",
    "best_calibrated_within_1pct_all": "a32_bias0_alpha4",
    "reference": "a32_bias0_alpha1"
  },
  "selected_metrics": {
    "best_all": {
      "all": {
        "rmse": 0.3256920264011682,
        "mean_spread": 0.10261849807411257,
        "spread_skill": 0.31507832478438746,
        "crps": 0.05010832559610029,
        "coverage50": 0.7615921585648148,
        "coverage90": 0.9635168004918981
      },
      "observed": {
        "rmse": 0.11819727275694186,
        "mean_spread": 0.08601960905985118,
        "spread_skill": 0.7277630613080212,
        "crps": 0.042074685654274566,
        "coverage50": 0.708451546224618,
        "coverage90": 0.9557968224374823
      },
      "blind": {
        "rmse": 0.4245988701720533,
        "mean_spread": 0.11599224945865594,
        "spread_skill": 0.273180777451561,
        "crps": 0.056581042125658655,
        "coverage50": 0.8044076347843124,
        "coverage90": 0.9697367991379029
      },
      "walkable_blind": {
        "rmse": 0.5585068370337922,
        "mean_spread": 0.17656052590700225,
        "spread_skill": 0.316129569415315,
        "crps": 0.08754014048286167,
        "coverage50": 0.8255102628321387,
        "coverage90": 0.9646414485994761
      }
    },
    "best_blind": {
      "all": {
        "rmse": 0.32641485942555276,
        "mean_spread": 0.13455797793257582,
        "spread_skill": 0.41222994005046265,
        "crps": 0.05506876552676574,
        "coverage50": 0.8033921983506944,
        "coverage90": 0.9743720160590278
      },
      "observed": {
        "rmse": 0.12263598901721794,
        "mean_spread": 0.100373406237256,
        "spread_skill": 0.8184661537092811,
        "crps": 0.04630485897994696,
        "coverage50": 0.721877153163377,
        "coverage90": 0.9613950472176063
      },
      "blind": {
        "rmse": 0.4245869246958019,
        "mean_spread": 0.16210054193475149,
        "spread_skill": 0.38178411181853866,
        "crps": 0.0621298590260852,
        "coverage50": 0.8690690004245175,
        "coverage90": 0.9848275805766907
      },
      "walkable_blind": {
        "rmse": 0.5585098703235165,
        "mean_spread": 0.24836997689793908,
        "spread_skill": 0.4447011415466497,
        "crps": 0.09614129697683581,
        "coverage50": 0.8886993695483202,
        "coverage90": 0.9820220514149178
      }
    },
    "best_calibrated_within_1pct_all": {
      "all": {
        "rmse": 0.3282176381077315,
        "mean_spread": 0.17755823194889225,
        "spread_skill": 0.5409771180262164,
        "crps": 0.06381221116186471,
        "coverage50": 0.8297458224826388,
        "coverage90": 0.9776249638310185
      },
      "observed": {
        "rmse": 0.13275260364981759,
        "mean_spread": 0.11544924930370452,
        "spread_skill": 0.8696571376350791,
        "crps": 0.052646634542757254,
        "coverage50": 0.7163853199854091,
        "coverage90": 0.9601842094597333
      },
      "blind": {
        "rmse": 0.42464503236603324,
        "mean_spread": 0.22759953844416433,
        "spread_skill": 0.5359759825189225,
        "crps": 0.07280833407350754,
        "coverage50": 0.9210805603631258,
        "coverage90": 0.9916770074780393
      },
      "walkable_blind": {
        "rmse": 0.5585924432368605,
        "mean_spread": 0.35015221506038924,
        "spread_skill": 0.6268473898991037,
        "crps": 0.1126612148609476,
        "coverage50": 0.9368828626536546,
        "coverage90": 0.9904496646227365
      }
    }
  }
}
