Tesla V100-PCIE-32GB
[new_cov_sweep_alpha0.5_f0.5_d0.5_blindg1_emptyg1] mode=full history=5
  frame 10/38885: 47.4 ms/frame
  frame 100/38885: 9.4 ms/frame
  frame 1000/38885: 5.7 ms/frame
  frame 5000/38885: 5.4 ms/frame
  frame 10000/38885: 5.3 ms/frame
  frame 15000/38885: 5.3 ms/frame
  frame 20000/38885: 5.3 ms/frame
  frame 25000/38885: 5.3 ms/frame
  frame 30000/38885: 5.3 ms/frame
  frame 35000/38885: 5.3 ms/frame
{"variant": "new_cov_sweep_alpha0.5_f0.5_d0.5_blindg1_emptyg1", "rmse": 0.8612965332226812, "crps": 0.2881363774017156, "spread_skill": 0.35793259642977165}
[new_cov_sweep_alpha2_f2_d2_blindg1_emptyg1] mode=full history=5
  frame 10/38885: 5.0 ms/frame
  frame 100/38885: 5.2 ms/frame
  frame 1000/38885: 5.2 ms/frame
  frame 5000/38885: 5.2 ms/frame
  frame 10000/38885: 5.2 ms/frame
  frame 15000/38885: 5.2 ms/frame
  frame 20000/38885: 5.2 ms/frame
  frame 25000/38885: 5.2 ms/frame
  frame 30000/38885: 5.2 ms/frame
  frame 35000/38885: 5.2 ms/frame
{"variant": "new_cov_sweep_alpha2_f2_d2_blindg1_emptyg1", "rmse": 0.8441276084531056, "crps": 0.26819065164080713, "spread_skill": 0.7160007471834605}
[new_cov_sweep_alpha8_f8_d8_blindg1_emptyg1] mode=full history=5
  frame 10/38885: 5.1 ms/frame
  frame 100/38885: 5.2 ms/frame
  frame 1000/38885: 5.2 ms/frame
  frame 5000/38885: 5.2 ms/frame
  frame 10000/38885: 5.2 ms/frame
  frame 15000/38885: 5.2 ms/frame
  frame 20000/38885: 5.2 ms/frame
  frame 25000/38885: 5.2 ms/frame
  frame 30000/38885: 5.2 ms/frame
  frame 35000/38885: 5.2 ms/frame
{"variant": "new_cov_sweep_alpha8_f8_d8_blindg1_emptyg1", "rmse": 0.841730616253557, "crps": 0.3198220430005374, "spread_skill": 1.488965687941505}
[new_cov_sweep_alpha32_f32_d32_blindg1_emptyg1] mode=full history=5
  frame 10/38885: 5.0 ms/frame
  frame 100/38885: 5.3 ms/frame
  frame 1000/38885: 5.3 ms/frame
  frame 5000/38885: 5.2 ms/frame
  frame 10000/38885: 5.2 ms/frame
  frame 15000/38885: 5.2 ms/frame
  frame 20000/38885: 5.2 ms/frame
  frame 25000/38885: 5.2 ms/frame
  frame 30000/38885: 5.2 ms/frame
  frame 35000/38885: 5.2 ms/frame
{"variant": "new_cov_sweep_alpha32_f32_d32_blindg1_emptyg1", "rmse": 0.8421514008776674, "crps": 0.4939759999038457, "spread_skill": 3.014916443203212}
[done] /scratch/work/zhangx29/Thesis_Project/methods/enkf/check_outputs/eval/j4nofcst_alphasweep_atc-20130818.json
