Tesla V100-SXM2-32GB, 32768 MiB
[new_cov_sweep_alpha0.5_alpha0.5] mode=full history=5
  frame 10/5000: 60.5 ms/frame
  frame 100/5000: 14.4 ms/frame
  frame 1000/5000: 10.0 ms/frame
  frame 5000/5000: 9.6 ms/frame
{"variant": "new_cov_sweep_alpha0.5_alpha0.5", "rmse": 0.5183483804031292, "crps": 0.13286968795814436, "spread_skill": 0.4734119567744311}
[new_cov_sweep_alpha0.75_alpha0.75] mode=full history=5
  frame 10/5000: 9.0 ms/frame
  frame 100/5000: 9.4 ms/frame
  frame 1000/5000: 9.5 ms/frame
  frame 5000/5000: 9.5 ms/frame
{"variant": "new_cov_sweep_alpha0.75_alpha0.75", "rmse": 0.46506547937312476, "crps": 0.12243636783229304, "spread_skill": 0.6119054074460274}
[new_cov_sweep_alpha1.1_alpha1.1] mode=full history=5
  frame 10/5000: 8.5 ms/frame
  frame 100/5000: 9.4 ms/frame
  frame 1000/5000: 9.4 ms/frame
  frame 5000/5000: 9.5 ms/frame
{"variant": "new_cov_sweep_alpha1.1_alpha1.1", "rmse": 0.47476887388128836, "crps": 0.13204772036647208, "spread_skill": 0.7439244857719604}
[done] /scratch/work/zhangx29/Thesis_Project/methods/enkf/check_outputs/eval/covonly_pedpred5_alpha3_atc-20130623_5000.json
