Tesla V100-SXM2-32GB
[data] train 2 days / 5,998 pairs, valid 2 days / 5,998 pairs, 3s  dev=cuda
[check] mean_forecast == PedPred3.forward (bit-identical)
{"epoch": 0, "train_loss": 0.14313996796132564, "valid_loss": 0.07816514718275183, "lr": 0.001, "skipped": 0, "train_s": 1.0, "valid_rmse": {"density": 0.08532378934481008, "vx": 0.9711522741253177, "vy": 0.5091145140805945, "var": 0.6359613382978121}}
{"epoch": 1, "train_loss": 0.03592914150094302, "valid_loss": 0.05965517674457554, "lr": 0.001, "skipped": 0, "train_s": 0.7, "valid_rmse": {"density": 0.07698490240482157, "vx": 0.8560923400961638, "vy": 0.42786440703129125, "var": 0.4887894711213134}}
[done] best valid loss 0.0596552 -> runs/smoke_mean/best.pt
[data] train 2 days / 5,998 pairs, valid 2 days / 5,998 pairs, 3s  dev=cuda
[sigma] frozen mean network: runs/smoke_mean/best.pt
[check] mean_forecast == PedPred3.forward (bit-identical)
{"epoch": 0, "train_loss": -0.6248741442459986, "valid_loss": -0.9069230198343423, "lr": 0.001, "skipped": 0, "train_s": 1.1, "valid_rmse": {"density": 0.07698490241876745, "vx": 0.8560923399058135, "vy": 0.4278644069041613, "var": 0.4887894710487451}, "valid_spread_skill": {"density": 1.0576627503123832, "vx": 1.2124544015335925, "vy": 1.48600512541853, "var": 1.0867333917811228}}
{"epoch": 1, "train_loss": -0.54884513913492, "valid_loss": 0.02749824554731783, "lr": 0.001, "skipped": 0, "train_s": 0.7, "valid_rmse": {"density": 0.07698490240116368, "vx": 0.8560923400233771, "vy": 0.42786440702046613, "var": 0.4887894710422892}, "valid_spread_skill": {"density": 9.412922215278508, "vx": 1.2149630924985113, "vy": 2.2297984518592413, "var": 1.8105999356140112}}
[done] best valid loss -0.906923 -> runs/smoke_sigma/best.pt

one-step RMSE, all cells, valid (1 days, 2,999 pairs)
model                                          density        vx        vy       var
original (apt-ibex)                             0.0875    0.3465    0.1793    0.3988
runs/smoke_mean/best.pt                         0.0979    0.8080    0.3814    0.5319

one-step RMSE, walkable cells, valid (1 days, 2,999 pairs)
model                                          density        vx        vy       var
original (apt-ibex)                             0.1055    0.3940    0.1960    0.3931
runs/smoke_mean/best.pt                         0.1173    0.6785    0.3162    0.5082

[out] runs/smoke_eval.json
