Tesla V100-SXM2-32GB
{
  "config": {
    "checkpoint": "/scratch/work/zhangx29/Thesis_Project/methods/enkf/runs/covonly_pedpred5_raw_floor05_r32_s0/best.pt",
    "pairs": 4096,
    "batch": 64,
    "seed": 2,
    "out": "/scratch/work/zhangx29/Thesis_Project/methods/enkf/check_outputs/eval/covonly_pedpred5_conditional_4096_s2.json",
    "device": "cuda"
  },
  "checkpoint": "/scratch/work/zhangx29/Thesis_Project/methods/enkf/runs/covonly_pedpred5_raw_floor05_r32_s0/best.pt",
  "mean_checkpoint": "/scratch/work/zhangx29/Thesis_Project/methods/enkf/runs/pedpred3_5to5_s0/best.pt",
  "pairs": 4096,
  "input_frames": 5,
  "walkable_gaussian_nll": {
    "diagonal": -1.2216154243797064,
    "shuffled": -0.48497704270266695,
    "full": -1.3202443784102798
  },
  "analysis_normalized_mse_walkable_blind": {
    "mean": 0.1942732734402645,
    "diagonal": 0.1942732734402645,
    "shuffled": 0.19428637679502386,
    "full": 0.13799763609257482
  },
  "within_location_temporal_variance_error_correlation": {
    "density": 0.47352599459478667,
    "vx": 0.4979195596324938,
    "vy": 0.4000898699410902,
    "var": 0.1935536991650202
  },
  "predicted_variance_temporal_cv": {
    "density": 1.2095178492276488,
    "vx": 0.9603020861016505,
    "vy": 1.300886041536201,
    "var": 2.146335150077138
  },
  "relative": {
    "shuffle_nll_increase": 0.8352673357076128,
    "shuffle_analysis_mse_increase_fraction": 0.40789641254932874,
    "diagonal_analysis_mse_increase_fraction": 0.40780145907671583
  }
}
