Tesla V100-SXM2-16GB
[new_cov_sweep_alpha0.125_f0.125_d0.125_blindg1_emptyg1] mode=full history=5
  frame 10/40620: 60.7 ms/frame
  frame 100/40620: 14.6 ms/frame
  frame 1000/40620: 10.0 ms/frame
  frame 5000/40620: 9.5 ms/frame
  frame 10000/40620: 9.5 ms/frame
  frame 15000/40620: 9.5 ms/frame
  frame 20000/40620: 9.5 ms/frame
  frame 25000/40620: 9.5 ms/frame
  frame 30000/40620: 9.5 ms/frame
  frame 35000/40620: 9.5 ms/frame
  frame 40000/40620: 9.5 ms/frame
{"variant": "new_cov_sweep_alpha0.125_f0.125_d0.125_blindg1_emptyg1", "rmse": 0.7370427213169408, "crps": 0.23937722229195443, "spread_skill": 0.18915720317700382}
[new_cov_sweep_alpha0.25_f0.25_d0.25_blindg1_emptyg1] mode=full history=5
  frame 10/40620: 8.9 ms/frame
  frame 100/40620: 9.5 ms/frame
  frame 1000/40620: 9.5 ms/frame
  frame 5000/40620: 9.4 ms/frame
  frame 10000/40620: 9.4 ms/frame
  frame 15000/40620: 9.5 ms/frame
  frame 20000/40620: 9.7 ms/frame
  frame 25000/40620: 9.7 ms/frame
  frame 30000/40620: 9.6 ms/frame
  frame 35000/40620: 9.6 ms/frame
  frame 40000/40620: 9.6 ms/frame
{"variant": "new_cov_sweep_alpha0.25_f0.25_d0.25_blindg1_emptyg1", "rmse": 0.7401992067715671, "crps": 0.23276262609932713, "spread_skill": 0.26848986828859783}
[new_cov_sweep_alpha0.5_f0.5_d0.5_blindg1_emptyg1] mode=full history=5
  frame 10/40620: 9.1 ms/frame
  frame 100/40620: 9.5 ms/frame
  frame 1000/40620: 9.4 ms/frame
  frame 5000/40620: 9.5 ms/frame
  frame 10000/40620: 9.5 ms/frame
  frame 15000/40620: 9.5 ms/frame
  frame 20000/40620: 9.7 ms/frame
  frame 25000/40620: 9.7 ms/frame
  frame 30000/40620: 9.7 ms/frame
  frame 35000/40620: 9.7 ms/frame
  frame 40000/40620: 9.6 ms/frame
{"variant": "new_cov_sweep_alpha0.5_f0.5_d0.5_blindg1_emptyg1", "rmse": 0.7156054806749194, "crps": 0.21084630449582734, "spread_skill": 0.37353748718698077}
[new_cov_sweep_alpha1_f1_d1_blindg1_emptyg1] mode=full history=5
  frame 10/40620: 8.9 ms/frame
  frame 100/40620: 9.5 ms/frame
  frame 1000/40620: 9.6 ms/frame
  frame 5000/40620: 9.5 ms/frame
  frame 10000/40620: 9.5 ms/frame
  frame 15000/40620: 9.5 ms/frame
  frame 20000/40620: 9.6 ms/frame
  frame 25000/40620: 9.7 ms/frame
  frame 30000/40620: 9.7 ms/frame
  frame 35000/40620: 9.6 ms/frame
  frame 40000/40620: 9.6 ms/frame
{"variant": "new_cov_sweep_alpha1_f1_d1_blindg1_emptyg1", "rmse": 0.7034603750463359, "crps": 0.19980640970398933, "spread_skill": 0.5243913030405334}
[new_cov_sweep_alpha2_f2_d2_blindg1_emptyg1] mode=full history=5
  frame 10/40620: 8.8 ms/frame
  frame 100/40620: 9.4 ms/frame
  frame 1000/40620: 9.4 ms/frame
  frame 5000/40620: 9.4 ms/frame
  frame 10000/40620: 9.4 ms/frame
  frame 15000/40620: 9.5 ms/frame
  frame 20000/40620: 9.5 ms/frame
  frame 25000/40620: 9.7 ms/frame
  frame 30000/40620: 9.7 ms/frame
  frame 35000/40620: 9.6 ms/frame
  frame 40000/40620: 9.6 ms/frame
{"variant": "new_cov_sweep_alpha2_f2_d2_blindg1_emptyg1", "rmse": 0.7008783779140199, "crps": 0.20158007428703073, "spread_skill": 0.7508852664170476}
[new_cov_sweep_alpha4_f4_d4_blindg1_emptyg1] mode=full history=5
  frame 10/40620: 8.8 ms/frame
  frame 100/40620: 9.3 ms/frame
  frame 1000/40620: 9.4 ms/frame
  frame 5000/40620: 9.4 ms/frame
  frame 10000/40620: 9.4 ms/frame
  frame 15000/40620: 9.4 ms/frame
  frame 20000/40620: 9.4 ms/frame
  frame 25000/40620: 9.6 ms/frame
  frame 30000/40620: 9.7 ms/frame
  frame 35000/40620: 9.6 ms/frame
  frame 40000/40620: 9.6 ms/frame
{"variant": "new_cov_sweep_alpha4_f4_d4_blindg1_emptyg1", "rmse": 0.6989118458140757, "crps": 0.22229427284185638, "spread_skill": 1.1134904208604541}
[done] check_outputs/eval/seq_base_atc-20130623.json
