Tesla V100-SXM2-16GB
[new_cov_sweep_alpha0.125_f0.125_d0.125_blindg1_emptyg1] mode=full history=5
  frame 10/40620: 50.8 ms/frame
  frame 100/40620: 12.7 ms/frame
  frame 1000/40620: 8.8 ms/frame
  frame 5000/40620: 8.5 ms/frame
  frame 10000/40620: 8.4 ms/frame
  frame 15000/40620: 8.5 ms/frame
  frame 20000/40620: 8.5 ms/frame
  frame 25000/40620: 8.5 ms/frame
  frame 30000/40620: 8.5 ms/frame
  frame 35000/40620: 8.5 ms/frame
  frame 40000/40620: 8.5 ms/frame
{"variant": "new_cov_sweep_alpha0.125_f0.125_d0.125_blindg1_emptyg1", "rmse": 0.5826589228078026, "crps": 0.1714604924482959, "spread_skill": 0.1891885051406198}
[new_cov_sweep_alpha0.25_f0.25_d0.25_blindg1_emptyg1] mode=full history=5
  frame 10/40620: 8.5 ms/frame
  frame 100/40620: 8.6 ms/frame
  frame 1000/40620: 8.4 ms/frame
  frame 5000/40620: 8.4 ms/frame
  frame 10000/40620: 8.4 ms/frame
  frame 15000/40620: 8.4 ms/frame
  frame 20000/40620: 8.4 ms/frame
  frame 25000/40620: 8.5 ms/frame
  frame 30000/40620: 8.5 ms/frame
  frame 35000/40620: 8.5 ms/frame
  frame 40000/40620: 8.5 ms/frame
{"variant": "new_cov_sweep_alpha0.25_f0.25_d0.25_blindg1_emptyg1", "rmse": 0.5698237096500495, "crps": 0.15820300450175764, "spread_skill": 0.2591050909474311}
[new_cov_sweep_alpha0.5_f0.5_d0.5_blindg1_emptyg1] mode=full history=5
  frame 10/40620: 7.9 ms/frame
  frame 100/40620: 8.3 ms/frame
  frame 1000/40620: 8.3 ms/frame
  frame 5000/40620: 8.4 ms/frame
  frame 10000/40620: 8.4 ms/frame
  frame 15000/40620: 8.4 ms/frame
  frame 20000/40620: 8.4 ms/frame
  frame 25000/40620: 8.4 ms/frame
  frame 30000/40620: 8.4 ms/frame
  frame 35000/40620: 8.5 ms/frame
  frame 40000/40620: 8.5 ms/frame
{"variant": "new_cov_sweep_alpha0.5_f0.5_d0.5_blindg1_emptyg1", "rmse": 0.5547424686447598, "crps": 0.14720554890230936, "spread_skill": 0.36166670025343}
[new_cov_sweep_alpha1_f1_d1_blindg1_emptyg1] mode=full history=5
  frame 10/40620: 8.0 ms/frame
  frame 100/40620: 8.3 ms/frame
  frame 1000/40620: 8.5 ms/frame
  frame 5000/40620: 8.4 ms/frame
  frame 10000/40620: 8.4 ms/frame
  frame 15000/40620: 8.4 ms/frame
  frame 20000/40620: 8.4 ms/frame
  frame 25000/40620: 8.4 ms/frame
  frame 30000/40620: 8.4 ms/frame
  frame 35000/40620: 8.4 ms/frame
  frame 40000/40620: 8.5 ms/frame
{"variant": "new_cov_sweep_alpha1_f1_d1_blindg1_emptyg1", "rmse": 0.5446555745773378, "crps": 0.14224765826910651, "spread_skill": 0.5109100142219698}
[new_cov_sweep_alpha2_f2_d2_blindg1_emptyg1] mode=full history=5
  frame 10/40620: 7.8 ms/frame
  frame 100/40620: 8.3 ms/frame
  frame 1000/40620: 8.4 ms/frame
  frame 5000/40620: 8.4 ms/frame
  frame 10000/40620: 8.4 ms/frame
  frame 15000/40620: 8.4 ms/frame
  frame 20000/40620: 8.4 ms/frame
  frame 25000/40620: 8.4 ms/frame
  frame 30000/40620: 8.4 ms/frame
  frame 35000/40620: 8.4 ms/frame
  frame 40000/40620: 8.5 ms/frame
{"variant": "new_cov_sweep_alpha2_f2_d2_blindg1_emptyg1", "rmse": 0.5411547112951838, "crps": 0.14508306747736727, "spread_skill": 0.7251071682150442}
[new_cov_sweep_alpha4_f4_d4_blindg1_emptyg1] mode=full history=5
  frame 10/40620: 8.0 ms/frame
  frame 100/40620: 8.3 ms/frame
  frame 1000/40620: 8.4 ms/frame
  frame 5000/40620: 8.4 ms/frame
  frame 10000/40620: 8.5 ms/frame
  frame 15000/40620: 8.5 ms/frame
  frame 20000/40620: 8.5 ms/frame
  frame 25000/40620: 8.5 ms/frame
  frame 30000/40620: 8.5 ms/frame
  frame 35000/40620: 8.5 ms/frame
  frame 40000/40620: 8.5 ms/frame
{"variant": "new_cov_sweep_alpha4_f4_d4_blindg1_emptyg1", "rmse": 0.5368887958987578, "crps": 0.15464125226520867, "spread_skill": 1.0307574639137114}
[done] check_outputs/eval/ev_B1_atc-20130623.json
