Tesla V100-SXM2-16GB
[compare] 512/4,096
[compare] 1,024/4,096
[compare] 1,536/4,096
[compare] 2,048/4,096
[compare] 2,560/4,096
[compare] 3,072/4,096
[compare] 3,584/4,096
[compare] 4,096/4,096
{
  "pairs": 4096,
  "input_frames": {
    "a32": 1,
    "nll0": 1,
    "nll001": 1,
    "nll003": 1,
    "j4": 5,
    "j4frozen": 5,
    "j4nofcst": 5
  },
  "covariance": {
    "a32": {
      "lowrank_trace_fraction": 0.9551604805639402,
      "lowrank_variance_mean": 0.2037515549777723,
      "diagonal_variance_mean": 0.009565012367512442
    },
    "nll0": {
      "lowrank_trace_fraction": 0.9568973981102666,
      "lowrank_variance_mean": 0.21067207894967954,
      "diagonal_variance_mean": 0.009489538550510422
    },
    "nll001": {
      "lowrank_trace_fraction": 0.9561019508102061,
      "lowrank_variance_mean": 0.2105557137891024,
      "diagonal_variance_mean": 0.009667363478626552
    },
    "nll003": {
      "lowrank_trace_fraction": 0.953647593248533,
      "lowrank_variance_mean": 0.21029330621521172,
      "diagonal_variance_mean": 0.010221386742658031
    },
    "j4": {
      "lowrank_trace_fraction": 0.956388271443256,
      "lowrank_variance_mean": 0.2033181773286699,
      "diagonal_variance_mean": 0.009271398892134982
    },
    "j4frozen": {
      "lowrank_trace_fraction": 0.9549642318121194,
      "lowrank_variance_mean": 0.197543003832979,
      "diagonal_variance_mean": 0.00931605669761876
    },
    "j4nofcst": {
      "lowrank_trace_fraction": 0.9580535791545773,
      "lowrank_variance_mean": 0.2017974273942282,
      "diagonal_variance_mean": 0.008835288546671332
    }
  },
  "selection": {
    "a32": {
      "prior": {
        "best_crps_walkable_blind": "alpha0.02",
        "best_calibrated_walkable_blind": "alpha0.25"
      },
      "posterior": {
        "best_crps_walkable_blind": "alpha0.5",
        "best_calibrated_walkable_blind": "alpha2"
      }
    },
    "nll0": {
      "prior": {
        "best_crps_walkable_blind": "alpha0.02",
        "best_calibrated_walkable_blind": "alpha0.25"
      },
      "posterior": {
        "best_crps_walkable_blind": "alpha0.5",
        "best_calibrated_walkable_blind": "alpha1"
      }
    },
    "nll001": {
      "prior": {
        "best_crps_walkable_blind": "alpha0.02",
        "best_calibrated_walkable_blind": "alpha0.25"
      },
      "posterior": {
        "best_crps_walkable_blind": "alpha0.5",
        "best_calibrated_walkable_blind": "alpha1"
      }
    },
    "nll003": {
      "prior": {
        "best_crps_walkable_blind": "alpha0.02",
        "best_calibrated_walkable_blind": "alpha0.25"
      },
      "posterior": {
        "best_crps_walkable_blind": "alpha0.25",
        "best_calibrated_walkable_blind": "alpha1"
      }
    },
    "j4": {
      "prior": {
        "best_crps_walkable_blind": "alpha0.02",
        "best_calibrated_walkable_blind": "alpha0.1"
      },
      "posterior": {
        "best_crps_walkable_blind": "alpha0.25",
        "best_calibrated_walkable_blind": "alpha1"
      }
    },
    "j4frozen": {
      "prior": {
        "best_crps_walkable_blind": "alpha0.02",
        "best_calibrated_walkable_blind": "alpha0.5"
      },
      "posterior": {
        "best_crps_walkable_blind": "alpha0.5",
        "best_calibrated_walkable_blind": "alpha2"
      }
    },
    "j4nofcst": {
      "prior": {
        "best_crps_walkable_blind": "alpha0.02",
        "best_calibrated_walkable_blind": "alpha0.1"
      },
      "posterior": {
        "best_crps_walkable_blind": "alpha0.5",
        "best_calibrated_walkable_blind": "alpha1"
      }
    }
  }
}
