NVIDIA H200
[data] train=1,262,486, valid=269,736, load=185s, device=cuda
[mask] 290 legal centers, random-union coverage proxy; static walkable cells=290
{"epoch": 0, "lr": 0.001, "skipped": 0, "seconds": 117.7, "train": {"loss": 0.03765067022196024, "analysis_mse_norm": 0.06340218325135619, "forecast_nll": -2.5751513610207506, "blind_mse_norm": 0.09928673807943032}, "valid": {"loss": 0.015525502036325634, "analysis_mse_norm": 0.04527448248700239, "forecast_nll": -2.974898114800453, "blind_mse_norm": 0.07125210014055483}}
{"epoch": 1, "lr": 0.001, "skipped": 0, "seconds": 117.4, "train": {"loss": 0.03458286696995635, "analysis_mse_norm": 0.06181896997744357, "forecast_nll": -2.7236103620955414, "blind_mse_norm": 0.09749188405921246}, "valid": {"loss": 0.014111841097474098, "analysis_mse_norm": 0.04435053071938455, "forecast_nll": -3.023869015276432, "blind_mse_norm": 0.0699086366512347}}
{"epoch": 2, "lr": 0.001, "skipped": 0, "seconds": 117.1, "train": {"loss": 0.033554985679698904, "analysis_mse_norm": 0.06124994264167123, "forecast_nll": -2.7694957587636715, "blind_mse_norm": 0.09676328349591426}, "valid": {"loss": 0.014352001599036157, "analysis_mse_norm": 0.04456831110292114, "forecast_nll": -3.0216310173273087, "blind_mse_norm": 0.07037212557042949}}
{"epoch": 3, "lr": 0.001, "skipped": 0, "seconds": 116.7, "train": {"loss": 0.032857334534614695, "analysis_mse_norm": 0.06074448191709991, "forecast_nll": -2.7887147983454468, "blind_mse_norm": 0.09599091073523221}, "valid": {"loss": 0.013744441617745906, "analysis_mse_norm": 0.0437622610188555, "forecast_nll": -3.00178200006485, "blind_mse_norm": 0.06907823783694766}}
Traceback (most recent call last):
  File "<frozen runpy>", line 198, in _run_module_as_main
  File "<frozen runpy>", line 88, in _run_code
  File "/scratch/work/zhangx29/Thesis_Project/methods/enkf/lowrank/train.py", line 180, in <module>
    main()
  File "/scratch/work/zhangx29/Thesis_Project/methods/enkf/lowrank/train.py", line 130, in main
    metrics = batch_loss(cov_net, mean_net, x, target, obs_std, static_mask,
              ^^^^^^^^^^^^^^^^^^^^^^^^^^^^^^^^^^^^^^^^^^^^^^^^^^^^^^^^^^^^^^
  File "/scratch/work/zhangx29/Thesis_Project/methods/enkf/lowrank/train.py", line 76, in batch_loss
    nll = gaussian_nll(target_grid, mean, factor, diagonal)
          ^^^^^^^^^^^^^^^^^^^^^^^^^^^^^^^^^^^^^^^^^^^^^^^^^
  File "/scratch/work/zhangx29/Thesis_Project/methods/enkf/lowrank/kalman.py", line 105, in gaussian_nll
    chol, latent = _latent_system(u, precision, residual, jitter)
                   ^^^^^^^^^^^^^^^^^^^^^^^^^^^^^^^^^^^^^^^^^^^^^^
  File "/scratch/work/zhangx29/Thesis_Project/methods/enkf/lowrank/kalman.py", line 54, in _latent_system
    chol = torch.linalg.cholesky(system + jitter * eye)
           ^^^^^^^^^^^^^^^^^^^^^^^^^^^^^^^^^^^^^^^^^^^^
torch._C._LinAlgError: linalg.cholesky: (Batch element 28): The factorization could not be completed because the input is not positive-definite (the leading minor of order 8 is not positive-definite).
