Tesla V100-SXM2-16GB
[new_cov_sweep_alpha0.125_f0.125_d0.125_blindg1_emptyg1] mode=full history=5
  frame 10/40620: 49.9 ms/frame
  frame 100/40620: 12.3 ms/frame
  frame 1000/40620: 8.6 ms/frame
  frame 5000/40620: 8.2 ms/frame
  frame 10000/40620: 8.2 ms/frame
  frame 15000/40620: 8.2 ms/frame
  frame 20000/40620: 8.2 ms/frame
  frame 25000/40620: 8.2 ms/frame
  frame 30000/40620: 8.2 ms/frame
  frame 35000/40620: 8.2 ms/frame
  frame 40000/40620: 8.2 ms/frame
{"variant": "new_cov_sweep_alpha0.125_f0.125_d0.125_blindg1_emptyg1", "rmse": 0.556413544819247, "crps": 0.1823817303010419, "spread_skill": 0.2591693560598751}
[new_cov_sweep_alpha0.25_f0.25_d0.25_blindg1_emptyg1] mode=full history=5
  frame 10/40620: 7.9 ms/frame
  frame 100/40620: 8.3 ms/frame
  frame 1000/40620: 8.2 ms/frame
  frame 5000/40620: 8.2 ms/frame
  frame 10000/40620: 8.3 ms/frame
  frame 15000/40620: 8.2 ms/frame
  frame 20000/40620: 8.2 ms/frame
  frame 25000/40620: 8.2 ms/frame
  frame 30000/40620: 8.2 ms/frame
  frame 35000/40620: 8.2 ms/frame
  frame 40000/40620: 8.2 ms/frame
{"variant": "new_cov_sweep_alpha0.25_f0.25_d0.25_blindg1_emptyg1", "rmse": 0.5644882170105884, "crps": 0.1793054250651208, "spread_skill": 0.37296043444764554}
[new_cov_sweep_alpha0.5_f0.5_d0.5_blindg1_emptyg1] mode=full history=5
  frame 10/40620: 7.7 ms/frame
  frame 100/40620: 8.1 ms/frame
  frame 1000/40620: 8.1 ms/frame
  frame 5000/40620: 8.2 ms/frame
  frame 10000/40620: 8.2 ms/frame
  frame 15000/40620: 8.2 ms/frame
  frame 20000/40620: 8.2 ms/frame
  frame 25000/40620: 8.2 ms/frame
  frame 30000/40620: 8.2 ms/frame
  frame 35000/40620: 8.2 ms/frame
  frame 40000/40620: 8.2 ms/frame
{"variant": "new_cov_sweep_alpha0.5_f0.5_d0.5_blindg1_emptyg1", "rmse": 0.5659244519494747, "crps": 0.1734758433522825, "spread_skill": 0.5231300474459125}
[new_cov_sweep_alpha1_f1_d1_blindg1_emptyg1] mode=full history=5
  frame 10/40620: 7.6 ms/frame
  frame 100/40620: 8.1 ms/frame
  frame 1000/40620: 8.2 ms/frame
  frame 5000/40620: 8.2 ms/frame
  frame 10000/40620: 8.2 ms/frame
  frame 15000/40620: 8.3 ms/frame
  frame 20000/40620: 8.3 ms/frame
  frame 25000/40620: 8.3 ms/frame
  frame 30000/40620: 8.3 ms/frame
  frame 35000/40620: 8.2 ms/frame
  frame 40000/40620: 8.2 ms/frame
{"variant": "new_cov_sweep_alpha1_f1_d1_blindg1_emptyg1", "rmse": 0.5618168779736522, "crps": 0.17275665175944008, "spread_skill": 0.7377844855699699}
[new_cov_sweep_alpha2_f2_d2_blindg1_emptyg1] mode=full history=5
  frame 10/40620: 7.8 ms/frame
  frame 100/40620: 8.1 ms/frame
  frame 1000/40620: 8.1 ms/frame
  frame 5000/40620: 8.1 ms/frame
  frame 10000/40620: 8.2 ms/frame
  frame 15000/40620: 8.5 ms/frame
  frame 20000/40620: 8.4 ms/frame
  frame 25000/40620: 8.4 ms/frame
  frame 30000/40620: 8.3 ms/frame
  frame 35000/40620: 8.3 ms/frame
  frame 40000/40620: 8.3 ms/frame
{"variant": "new_cov_sweep_alpha2_f2_d2_blindg1_emptyg1", "rmse": 0.5577633659864873, "crps": 0.18425466931852175, "spread_skill": 1.060096352924005}
[new_cov_sweep_alpha4_f4_d4_blindg1_emptyg1] mode=full history=5
  frame 10/40620: 7.8 ms/frame
  frame 100/40620: 8.4 ms/frame
  frame 1000/40620: 8.1 ms/frame
  frame 5000/40620: 8.1 ms/frame
  frame 10000/40620: 8.1 ms/frame
  frame 15000/40620: 8.1 ms/frame
  frame 20000/40620: 8.1 ms/frame
  frame 25000/40620: 8.0 ms/frame
  frame 30000/40620: 8.0 ms/frame
  frame 35000/40620: 8.0 ms/frame
  frame 40000/40620: 8.0 ms/frame
{"variant": "new_cov_sweep_alpha4_f4_d4_blindg1_emptyg1", "rmse": 0.5564327491127421, "crps": 0.2129904600055731, "spread_skill": 1.5336304235358251}
[done] check_outputs/eval/ev_w25_atc-20130623.json
