Tesla V100-SXM2-16GB
[new_cov_sweep_alpha0.125_f0.125_d0.125_blindg1_emptyg1] mode=full history=5
  frame 10/40620: 51.2 ms/frame
  frame 100/40620: 12.6 ms/frame
  frame 1000/40620: 8.8 ms/frame
  frame 5000/40620: 8.5 ms/frame
  frame 10000/40620: 8.5 ms/frame
  frame 15000/40620: 8.5 ms/frame
  frame 20000/40620: 8.5 ms/frame
  frame 25000/40620: 8.5 ms/frame
  frame 30000/40620: 8.5 ms/frame
  frame 35000/40620: 8.5 ms/frame
  frame 40000/40620: 8.5 ms/frame
{"variant": "new_cov_sweep_alpha0.125_f0.125_d0.125_blindg1_emptyg1", "rmse": 0.5923808150733022, "crps": 0.17784477529250464, "spread_skill": 0.20458669716783628}
[new_cov_sweep_alpha0.25_f0.25_d0.25_blindg1_emptyg1] mode=full history=5
  frame 10/40620: 7.8 ms/frame
  frame 100/40620: 8.4 ms/frame
  frame 1000/40620: 8.4 ms/frame
  frame 5000/40620: 8.5 ms/frame
  frame 10000/40620: 8.5 ms/frame
  frame 15000/40620: 8.6 ms/frame
  frame 20000/40620: 8.6 ms/frame
  frame 25000/40620: 8.6 ms/frame
  frame 30000/40620: 8.6 ms/frame
  frame 35000/40620: 8.6 ms/frame
  frame 40000/40620: 8.6 ms/frame
{"variant": "new_cov_sweep_alpha0.25_f0.25_d0.25_blindg1_emptyg1", "rmse": 0.5752722023357878, "crps": 0.1630355170147467, "spread_skill": 0.28410327625115317}
[new_cov_sweep_alpha0.5_f0.5_d0.5_blindg1_emptyg1] mode=full history=5
  frame 10/40620: 8.0 ms/frame
  frame 100/40620: 8.4 ms/frame
  frame 1000/40620: 8.5 ms/frame
  frame 5000/40620: 8.5 ms/frame
  frame 10000/40620: 8.5 ms/frame
  frame 15000/40620: 8.5 ms/frame
  frame 20000/40620: 8.5 ms/frame
  frame 25000/40620: 8.5 ms/frame
  frame 30000/40620: 8.5 ms/frame
  frame 35000/40620: 8.5 ms/frame
  frame 40000/40620: 8.6 ms/frame
{"variant": "new_cov_sweep_alpha0.5_f0.5_d0.5_blindg1_emptyg1", "rmse": 0.5642336875928796, "crps": 0.15376951879997897, "spread_skill": 0.40016106363576176}
[new_cov_sweep_alpha1_f1_d1_blindg1_emptyg1] mode=full history=5
  frame 10/40620: 8.0 ms/frame
  frame 100/40620: 8.5 ms/frame
  frame 1000/40620: 8.7 ms/frame
  frame 5000/40620: 8.5 ms/frame
  frame 10000/40620: 8.5 ms/frame
  frame 15000/40620: 8.5 ms/frame
  frame 20000/40620: 8.5 ms/frame
  frame 25000/40620: 8.5 ms/frame
  frame 30000/40620: 8.5 ms/frame
  frame 35000/40620: 8.5 ms/frame
  frame 40000/40620: 8.6 ms/frame
{"variant": "new_cov_sweep_alpha1_f1_d1_blindg1_emptyg1", "rmse": 0.5570363277864042, "crps": 0.15043168125969408, "spread_skill": 0.5667415830735403}
[new_cov_sweep_alpha2_f2_d2_blindg1_emptyg1] mode=full history=5
  frame 10/40620: 8.1 ms/frame
  frame 100/40620: 8.6 ms/frame
  frame 1000/40620: 8.5 ms/frame
  frame 5000/40620: 8.5 ms/frame
  frame 10000/40620: 8.5 ms/frame
  frame 15000/40620: 8.5 ms/frame
  frame 20000/40620: 8.5 ms/frame
  frame 25000/40620: 8.6 ms/frame
  frame 30000/40620: 8.6 ms/frame
  frame 35000/40620: 8.6 ms/frame
  frame 40000/40620: 8.7 ms/frame
{"variant": "new_cov_sweep_alpha2_f2_d2_blindg1_emptyg1", "rmse": 0.5534924580491768, "crps": 0.15413878894378066, "spread_skill": 0.8045032703430066}
[new_cov_sweep_alpha4_f4_d4_blindg1_emptyg1] mode=full history=5
  frame 10/40620: 8.1 ms/frame
  frame 100/40620: 8.6 ms/frame
  frame 1000/40620: 8.6 ms/frame
  frame 5000/40620: 8.6 ms/frame
  frame 10000/40620: 8.6 ms/frame
  frame 15000/40620: 8.7 ms/frame
  frame 20000/40620: 8.7 ms/frame
  frame 25000/40620: 8.7 ms/frame
  frame 30000/40620: 8.7 ms/frame
  frame 35000/40620: 8.7 ms/frame
  frame 40000/40620: 8.8 ms/frame
{"variant": "new_cov_sweep_alpha4_f4_d4_blindg1_emptyg1", "rmse": 0.5522995222779477, "crps": 0.16678338207935403, "spread_skill": 1.1411450926010458}
[done] check_outputs/eval/ev_A1_atc-20130623.json
