Tesla V100-SXM2-32GB
[data] train 2 days / 5,998 pairs, valid 2 days / 5,998 pairs, 44s  dev=cuda
Traceback (most recent call last):
  File "<frozen runpy>", line 198, in _run_module_as_main
  File "<frozen runpy>", line 88, in _run_code
  File "/scratch/work/zhangx29/Thesis_Project/methods/enkf/surrogate/train.py", line 176, in <module>
    main()
  File "/scratch/work/zhangx29/Thesis_Project/methods/enkf/surrogate/train.py", line 130, in main
    loss, _, _ = losses(x, y)
                 ^^^^^^^^^^^^
  File "/scratch/work/zhangx29/Thesis_Project/methods/enkf/surrogate/train.py", line 102, in losses
    return original_loss(pred, y), pred.as_subclass(torch.Tensor), None
           ^^^^^^^^^^^^^^^^^^^^^^
  File "/scratch/work/zhangx29/Thesis_Project/methods/enkf/surrogate/model.py", line 59, in original_loss
    return metrics.Metrics(pred, target)["mean total weighted NLLL"]
           ~~~~~~~~~~~~~~~~~~~~~~~~~~~~~^^^^^^^^^^^^^^^^^^^^^^^^^^^^
  File "/scratch/work/zhangx29/Thesis_Project/methods/enkf/enkf_lab/pedpred/metrics.py", line 16, in __missing__
    value = self.calculate(key)
            ^^^^^^^^^^^^^^^^^^^
  File "/scratch/work/zhangx29/Thesis_Project/methods/enkf/enkf_lab/pedpred/metrics.py", line 80, in calculate
    if prefix == 'mean':    return self[remainder].mean()
                                   ~~~~^^^^^^^^^^^
  File "/scratch/work/zhangx29/Thesis_Project/methods/enkf/enkf_lab/pedpred/metrics.py", line 16, in __missing__
    value = self.calculate(key)
            ^^^^^^^^^^^^^^^^^^^
  File "/scratch/work/zhangx29/Thesis_Project/methods/enkf/enkf_lab/pedpred/metrics.py", line 86, in calculate
    return self[remainder+_+'density'] + self[remainder+_+'vel_est'] + self[remainder+_+'vel_unc']
           ~~~~^^^^^^^^^^^^^^^^^^^^^^^
  File "/scratch/work/zhangx29/Thesis_Project/methods/enkf/enkf_lab/pedpred/metrics.py", line 16, in __missing__
    value = self.calculate(key)
            ^^^^^^^^^^^^^^^^^^^
  File "/scratch/work/zhangx29/Thesis_Project/methods/enkf/enkf_lab/pedpred/metrics.py", line 75, in calculate
    if 'density' in remainder:  return self[remainder]  # don't weight density
                                       ~~~~^^^^^^^^^^^
  File "/scratch/work/zhangx29/Thesis_Project/methods/enkf/enkf_lab/pedpred/metrics.py", line 16, in __missing__
    value = self.calculate(key)
            ^^^^^^^^^^^^^^^^^^^
  File "/scratch/work/zhangx29/Thesis_Project/methods/enkf/enkf_lab/pedpred/metrics.py", line 101, in calculate
    if remainder == 'density': return self['prediction density'] - self['target density'] * self['prediction logdensity']
                                                                   ~~~~~~~~~~~~~~~~~~~~~~~^~~~~~~~~~~~~~~~~~~~~~~~~~~~~~~
RuntimeError: Expected all tensors to be on the same device, but found at least two devices, cuda:0 and cpu!
