Tesla V100-SXM2-16GB
[new_cov_sweep_alpha0.125_f0.125_d0.125_blindg1_emptyg1] mode=full history=5
  frame 10/35127: 51.2 ms/frame
  frame 100/35127: 12.8 ms/frame
  frame 1000/35127: 9.0 ms/frame
  frame 5000/35127: 8.7 ms/frame
  frame 10000/35127: 8.7 ms/frame
  frame 15000/35127: 8.7 ms/frame
  frame 20000/35127: 8.7 ms/frame
  frame 25000/35127: 8.7 ms/frame
  frame 30000/35127: 8.7 ms/frame
  frame 35000/35127: 8.7 ms/frame
{"variant": "new_cov_sweep_alpha0.125_f0.125_d0.125_blindg1_emptyg1", "rmse": 0.6642153071158998, "crps": 0.21520245697786125, "spread_skill": 0.213405741049721}
[new_cov_sweep_alpha0.25_f0.25_d0.25_blindg1_emptyg1] mode=full history=5
  frame 10/35127: 8.2 ms/frame
  frame 100/35127: 8.6 ms/frame
  frame 1000/35127: 8.7 ms/frame
  frame 5000/35127: 8.7 ms/frame
  frame 10000/35127: 8.8 ms/frame
  frame 15000/35127: 8.7 ms/frame
  frame 20000/35127: 8.8 ms/frame
  frame 25000/35127: 8.8 ms/frame
  frame 30000/35127: 8.8 ms/frame
  frame 35000/35127: 8.8 ms/frame
{"variant": "new_cov_sweep_alpha0.25_f0.25_d0.25_blindg1_emptyg1", "rmse": 0.6494084726553256, "crps": 0.19816919745213943, "spread_skill": 0.2961456180825125}
[new_cov_sweep_alpha0.5_f0.5_d0.5_blindg1_emptyg1] mode=full history=5
  frame 10/35127: 8.0 ms/frame
  frame 100/35127: 8.4 ms/frame
  frame 1000/35127: 8.5 ms/frame
  frame 5000/35127: 8.5 ms/frame
  frame 10000/35127: 8.5 ms/frame
  frame 15000/35127: 8.5 ms/frame
  frame 20000/35127: 8.5 ms/frame
  frame 25000/35127: 8.5 ms/frame
  frame 30000/35127: 8.5 ms/frame
  frame 35000/35127: 8.6 ms/frame
{"variant": "new_cov_sweep_alpha0.5_f0.5_d0.5_blindg1_emptyg1", "rmse": 0.6376745908183032, "crps": 0.18605064232794205, "spread_skill": 0.41571549292127646}
[new_cov_sweep_alpha1_f1_d1_blindg1_emptyg1] mode=full history=5
  frame 10/35127: 7.9 ms/frame
  frame 100/35127: 8.6 ms/frame
  frame 1000/35127: 8.5 ms/frame
  frame 5000/35127: 8.6 ms/frame
  frame 10000/35127: 8.6 ms/frame
  frame 15000/35127: 8.6 ms/frame
  frame 20000/35127: 8.6 ms/frame
  frame 25000/35127: 8.9 ms/frame
  frame 30000/35127: 8.9 ms/frame
  frame 35000/35127: 9.0 ms/frame
{"variant": "new_cov_sweep_alpha1_f1_d1_blindg1_emptyg1", "rmse": 0.6299006094352979, "crps": 0.18070346280139404, "spread_skill": 0.5879655648096085}
[new_cov_sweep_alpha2_f2_d2_blindg1_emptyg1] mode=full history=5
  frame 10/35127: 8.3 ms/frame
  frame 100/35127: 8.8 ms/frame
  frame 1000/35127: 8.8 ms/frame
  frame 5000/35127: 8.8 ms/frame
  frame 10000/35127: 8.8 ms/frame
  frame 15000/35127: 8.8 ms/frame
  frame 20000/35127: 8.8 ms/frame
  frame 25000/35127: 8.8 ms/frame
  frame 30000/35127: 8.8 ms/frame
  frame 35000/35127: 8.9 ms/frame
{"variant": "new_cov_sweep_alpha2_f2_d2_blindg1_emptyg1", "rmse": 0.6268642688057927, "crps": 0.18428779800875342, "spread_skill": 0.8331622459448488}
[new_cov_sweep_alpha4_f4_d4_blindg1_emptyg1] mode=full history=5
  frame 10/35127: 8.1 ms/frame
  frame 100/35127: 8.8 ms/frame
  frame 1000/35127: 8.8 ms/frame
  frame 5000/35127: 8.7 ms/frame
  frame 10000/35127: 8.7 ms/frame
  frame 15000/35127: 8.7 ms/frame
  frame 20000/35127: 8.7 ms/frame
  frame 25000/35127: 8.7 ms/frame
  frame 30000/35127: 8.7 ms/frame
  frame 35000/35127: 8.9 ms/frame
{"variant": "new_cov_sweep_alpha4_f4_d4_blindg1_emptyg1", "rmse": 0.625919745755741, "crps": 0.19883832078165722, "spread_skill": 1.183635171083083}
[done] check_outputs/eval/ev_A1_atc-20130616.json
