NVIDIA H200
[data] train=1,262,358, valid=269,708, load=205.4s, device=cuda, frames=5->1
Traceback (most recent call last):
  File "<frozen runpy>", line 198, in _run_module_as_main
  File "<frozen runpy>", line 88, in _run_code
  File "/scratch/work/zhangx29/Thesis_Project/methods/enkf/covariance_only/train.py", line 294, in <module>
    main()
  File "/scratch/work/zhangx29/Thesis_Project/methods/enkf/covariance_only/train.py", line 186, in main
    mean_net = load_pedpred3(args.mean_ckpt, device).eval()
               ^^^^^^^^^^^^^^^^^^^^^^^^^^^^^^^^^^^^^
  File "/scratch/work/zhangx29/Thesis_Project/methods/enkf/surrogate/model.py", line 38, in load_pedpred3
    net.load_state_dict(torch.load(ckpt, map_location=device)["model"])
                        ^^^^^^^^^^^^^^^^^^^^^^^^^^^^^^^^^^^^^
  File "/appl/scibuilder-mamba/aalto-rhel9/prod/software/scicomp-pytorch-env/2026.1/354b404/lib/python3.12/site-packages/torch/serialization.py", line 1500, in load
    with _open_file_like(f, "rb") as opened_file:
         ^^^^^^^^^^^^^^^^^^^^^^^^
  File "/appl/scibuilder-mamba/aalto-rhel9/prod/software/scicomp-pytorch-env/2026.1/354b404/lib/python3.12/site-packages/torch/serialization.py", line 768, in _open_file_like
    return _open_file(name_or_buffer, mode)
           ^^^^^^^^^^^^^^^^^^^^^^^^^^^^^^^^
  File "/appl/scibuilder-mamba/aalto-rhel9/prod/software/scicomp-pytorch-env/2026.1/354b404/lib/python3.12/site-packages/torch/serialization.py", line 749, in __init__
    super().__init__(open(name, mode))  # noqa: SIM115
                     ^^^^^^^^^^^^^^^^
FileNotFoundError: [Errno 2] No such file or directory: 'methods/enkf/runs/pedpred3_5to5_s0/best.pt'
