Tesla V100-SXM2-16GB
[new_cov_sweep_alpha0.125_f0.125_d0.125_blindg1_emptyg1] mode=full history=5
  frame 10/40620: 55.6 ms/frame
  frame 100/40620: 12.7 ms/frame
  frame 1000/40620: 8.4 ms/frame
  frame 5000/40620: 8.0 ms/frame
  frame 10000/40620: 8.0 ms/frame
  frame 15000/40620: 8.0 ms/frame
  frame 20000/40620: 8.0 ms/frame
  frame 25000/40620: 8.0 ms/frame
  frame 30000/40620: 8.0 ms/frame
  frame 35000/40620: 8.0 ms/frame
  frame 40000/40620: 8.0 ms/frame
{"variant": "new_cov_sweep_alpha0.125_f0.125_d0.125_blindg1_emptyg1", "rmse": 0.5492218771506187, "crps": 0.1713255082052777, "spread_skill": 0.24906364451444904}
[new_cov_sweep_alpha0.25_f0.25_d0.25_blindg1_emptyg1] mode=full history=5
  frame 10/40620: 8.2 ms/frame
  frame 100/40620: 8.3 ms/frame
  frame 1000/40620: 8.3 ms/frame
  frame 5000/40620: 8.3 ms/frame
  frame 10000/40620: 8.3 ms/frame
  frame 15000/40620: 8.3 ms/frame
  frame 20000/40620: 8.3 ms/frame
  frame 25000/40620: 8.3 ms/frame
  frame 30000/40620: 8.3 ms/frame
  frame 35000/40620: 8.3 ms/frame
  frame 40000/40620: 8.4 ms/frame
{"variant": "new_cov_sweep_alpha0.25_f0.25_d0.25_blindg1_emptyg1", "rmse": 0.5480323947406092, "crps": 0.16474631348552918, "spread_skill": 0.35438273401175135}
[new_cov_sweep_alpha0.5_f0.5_d0.5_blindg1_emptyg1] mode=full history=5
  frame 10/40620: 7.9 ms/frame
  frame 100/40620: 8.3 ms/frame
  frame 1000/40620: 8.3 ms/frame
  frame 5000/40620: 8.3 ms/frame
  frame 10000/40620: 8.3 ms/frame
  frame 15000/40620: 8.3 ms/frame
  frame 20000/40620: 8.3 ms/frame
  frame 25000/40620: 8.3 ms/frame
  frame 30000/40620: 8.3 ms/frame
  frame 35000/40620: 8.3 ms/frame
  frame 40000/40620: 8.3 ms/frame
{"variant": "new_cov_sweep_alpha0.5_f0.5_d0.5_blindg1_emptyg1", "rmse": 0.5463310007133091, "crps": 0.16022368518008598, "spread_skill": 0.5005404393410361}
[new_cov_sweep_alpha1_f1_d1_blindg1_emptyg1] mode=full history=5
  frame 10/40620: 7.9 ms/frame
  frame 100/40620: 8.3 ms/frame
  frame 1000/40620: 8.4 ms/frame
  frame 5000/40620: 8.3 ms/frame
  frame 10000/40620: 8.3 ms/frame
  frame 15000/40620: 8.3 ms/frame
  frame 20000/40620: 8.4 ms/frame
  frame 25000/40620: 8.4 ms/frame
  frame 30000/40620: 8.4 ms/frame
  frame 35000/40620: 8.4 ms/frame
  frame 40000/40620: 8.4 ms/frame
{"variant": "new_cov_sweep_alpha1_f1_d1_blindg1_emptyg1", "rmse": 0.5423101410763329, "crps": 0.15995325514763045, "spread_skill": 0.7036465502273119}
[new_cov_sweep_alpha2_f2_d2_blindg1_emptyg1] mode=full history=5
  frame 10/40620: 7.9 ms/frame
  frame 100/40620: 8.3 ms/frame
  frame 1000/40620: 8.3 ms/frame
  frame 5000/40620: 8.3 ms/frame
  frame 10000/40620: 8.3 ms/frame
  frame 15000/40620: 8.3 ms/frame
  frame 20000/40620: 8.3 ms/frame
  frame 25000/40620: 8.4 ms/frame
  frame 30000/40620: 8.4 ms/frame
  frame 35000/40620: 8.4 ms/frame
  frame 40000/40620: 8.4 ms/frame
{"variant": "new_cov_sweep_alpha2_f2_d2_blindg1_emptyg1", "rmse": 0.5391982902818471, "crps": 0.1688503833168535, "spread_skill": 0.9954570047877151}
[new_cov_sweep_alpha4_f4_d4_blindg1_emptyg1] mode=full history=5
  frame 10/40620: 7.9 ms/frame
  frame 100/40620: 8.3 ms/frame
  frame 1000/40620: 8.3 ms/frame
  frame 5000/40620: 8.3 ms/frame
  frame 10000/40620: 8.3 ms/frame
  frame 15000/40620: 8.3 ms/frame
  frame 20000/40620: 8.3 ms/frame
  frame 25000/40620: 8.3 ms/frame
  frame 30000/40620: 8.3 ms/frame
  frame 35000/40620: 8.3 ms/frame
  frame 40000/40620: 8.3 ms/frame
{"variant": "new_cov_sweep_alpha4_f4_d4_blindg1_emptyg1", "rmse": 0.5378512314442839, "crps": 0.19043546735705458, "spread_skill": 1.4132091521862227}
[done] check_outputs/eval/ev_w50_atc-20130623.json
