Tesla V100-SXM2-32GB
[new_cov_sweep_alpha0.5_f0.5_d0.5_blindg1_emptyg1] mode=full history=5
  frame 10/39821: 64.7 ms/frame
  frame 100/39821: 16.2 ms/frame
  frame 1000/39821: 11.7 ms/frame
  frame 5000/39821: 11.1 ms/frame
  frame 10000/39821: 11.1 ms/frame
  frame 15000/39821: 11.0 ms/frame
  frame 20000/39821: 11.0 ms/frame
  frame 25000/39821: 11.0 ms/frame
  frame 30000/39821: 11.1 ms/frame
  frame 35000/39821: 11.1 ms/frame
{"variant": "new_cov_sweep_alpha0.5_f0.5_d0.5_blindg1_emptyg1", "rmse": 0.7798234276955095, "crps": 0.24567142684177562, "spread_skill": 0.38064758146711747}
[new_cov_sweep_alpha2_f2_d2_blindg1_emptyg1] mode=full history=5
  frame 10/39821: 10.5 ms/frame
  frame 100/39821: 11.1 ms/frame
  frame 1000/39821: 11.0 ms/frame
  frame 5000/39821: 11.1 ms/frame
  frame 10000/39821: 11.1 ms/frame
  frame 15000/39821: 11.1 ms/frame
  frame 20000/39821: 11.1 ms/frame
  frame 25000/39821: 11.0 ms/frame
  frame 30000/39821: 11.1 ms/frame
  frame 35000/39821: 11.1 ms/frame
{"variant": "new_cov_sweep_alpha2_f2_d2_blindg1_emptyg1", "rmse": 0.7633142336279041, "crps": 0.2339162674627395, "spread_skill": 0.7694598577551923}
[new_cov_sweep_alpha8_f8_d8_blindg1_emptyg1] mode=full history=5
  frame 10/39821: 10.2 ms/frame
  frame 100/39821: 10.7 ms/frame
  frame 1000/39821: 11.0 ms/frame
  frame 5000/39821: 11.1 ms/frame
  frame 10000/39821: 11.1 ms/frame
  frame 15000/39821: 11.1 ms/frame
  frame 20000/39821: 11.0 ms/frame
  frame 25000/39821: 11.0 ms/frame
  frame 30000/39821: 11.0 ms/frame
  frame 35000/39821: 11.1 ms/frame
{"variant": "new_cov_sweep_alpha8_f8_d8_blindg1_emptyg1", "rmse": 0.7611460729671913, "crps": 0.2924211372840747, "spread_skill": 1.6111320017388198}
[new_cov_sweep_alpha32_f32_d32_blindg1_emptyg1] mode=full history=5
  frame 10/39821: 10.2 ms/frame
  frame 100/39821: 11.2 ms/frame
  frame 1000/39821: 11.0 ms/frame
  frame 5000/39821: 11.0 ms/frame
  frame 10000/39821: 11.0 ms/frame
  frame 15000/39821: 11.0 ms/frame
  frame 20000/39821: 11.0 ms/frame
  frame 25000/39821: 11.0 ms/frame
  frame 30000/39821: 11.1 ms/frame
  frame 35000/39821: 11.1 ms/frame
{"variant": "new_cov_sweep_alpha32_f32_d32_blindg1_emptyg1", "rmse": 0.7616716368239114, "crps": 0.4707742914824785, "spread_skill": 3.26765166434579}
[done] /scratch/work/zhangx29/Thesis_Project/methods/enkf/check_outputs/eval/j4nofcst_alphasweep_atc-20130811.json
