Tesla V100-SXM2-32GB, 32768 MiB
[new_cov_sweep_alpha0.6_alpha0.6] mode=full history=5
  frame 10/5000: 59.9 ms/frame
  frame 100/5000: 14.3 ms/frame
  frame 1000/5000: 9.9 ms/frame
  frame 5000/5000: 9.4 ms/frame
{"variant": "new_cov_sweep_alpha0.6_alpha0.6", "rmse": 0.7003776456233163, "crps": 0.20923858016103108, "spread_skill": 0.4661262821413582}
[new_cov_sweep_alpha0.75_alpha0.75] mode=full history=5
  frame 10/5000: 8.5 ms/frame
  frame 100/5000: 9.2 ms/frame
  frame 1000/5000: 9.3 ms/frame
  frame 5000/5000: 9.3 ms/frame
{"variant": "new_cov_sweep_alpha0.75_alpha0.75", "rmse": 0.6927173432368986, "crps": 0.20897108349807403, "spread_skill": 0.5240416830006843}
[new_cov_sweep_alpha0.9_alpha0.9] mode=full history=5
  frame 10/5000: 8.5 ms/frame
  frame 100/5000: 9.2 ms/frame
  frame 1000/5000: 9.3 ms/frame
  frame 5000/5000: 9.3 ms/frame
{"variant": "new_cov_sweep_alpha0.9_alpha0.9", "rmse": 0.6927337345767202, "crps": 0.21012821019238437, "spread_skill": 0.5751044274626441}
[new_cov_sweep_alpha1.1_alpha1.1] mode=full history=5
  frame 10/5000: 8.6 ms/frame
  frame 100/5000: 9.2 ms/frame
  frame 1000/5000: 9.3 ms/frame
  frame 5000/5000: 9.3 ms/frame
{"variant": "new_cov_sweep_alpha1.1_alpha1.1", "rmse": 0.6913645754887793, "crps": 0.21299376964835237, "spread_skill": 0.6417074774291999}
[new_cov_sweep_alpha1.3_alpha1.3] mode=full history=5
  frame 10/5000: 8.5 ms/frame
  frame 100/5000: 9.3 ms/frame
  frame 1000/5000: 9.3 ms/frame
  frame 5000/5000: 9.3 ms/frame
{"variant": "new_cov_sweep_alpha1.3_alpha1.3", "rmse": 0.7010226637394442, "crps": 0.21646418809149928, "spread_skill": 0.6917491722626115}
[done] /scratch/work/zhangx29/Thesis_Project/methods/enkf/check_outputs/eval/covonly_pedpred5_alpha_fine_5000.json
