Tesla V100-SXM2-32GB, 32768 MiB
[new_cov_sweep_alpha0.5_alpha0.5] mode=full history=5
  frame 10/5000: 60.0 ms/frame
  frame 100/5000: 13.9 ms/frame
  frame 1000/5000: 9.5 ms/frame
  frame 5000/5000: 9.0 ms/frame
{"variant": "new_cov_sweep_alpha0.5_alpha0.5", "rmse": 0.5575652435333176, "crps": 0.150983105941333, "spread_skill": 0.4537399295704729}
[new_cov_sweep_alpha0.75_alpha0.75] mode=full history=5
  frame 10/5000: 8.2 ms/frame
  frame 100/5000: 8.8 ms/frame
  frame 1000/5000: 8.8 ms/frame
  frame 5000/5000: 8.9 ms/frame
{"variant": "new_cov_sweep_alpha0.75_alpha0.75", "rmse": 0.5297203417621013, "crps": 0.14501616082992555, "spread_skill": 0.5610260396311145}
[new_cov_sweep_alpha1.1_alpha1.1] mode=full history=5
  frame 10/5000: 8.1 ms/frame
  frame 100/5000: 8.8 ms/frame
  frame 1000/5000: 8.8 ms/frame
  frame 5000/5000: 8.9 ms/frame
{"variant": "new_cov_sweep_alpha1.1_alpha1.1", "rmse": 0.529020369288968, "crps": 0.151507860577382, "spread_skill": 0.6913546714214118}
[done] /scratch/work/zhangx29/Thesis_Project/methods/enkf/check_outputs/eval/covonly_pedpred5_alpha3_atc-20130707_5000.json
