Tesla V100-SXM2-16GB
[new_cov_sweep_alpha0.125_f0.125_d0.125_blindg1_emptyg1] mode=full history=1
  frame 10/35127: 82.3 ms/frame
  frame 100/35127: 14.6 ms/frame
  frame 1000/35127: 7.9 ms/frame
  frame 5000/35127: 7.2 ms/frame
  frame 10000/35127: 7.2 ms/frame
  frame 15000/35127: 7.2 ms/frame
  frame 20000/35127: 7.1 ms/frame
  frame 25000/35127: 7.1 ms/frame
  frame 30000/35127: 7.1 ms/frame
  frame 35000/35127: 7.1 ms/frame
{"variant": "new_cov_sweep_alpha0.125_f0.125_d0.125_blindg1_emptyg1", "rmse": 1.1008651517473191, "crps": 0.5468583789015458, "spread_skill": 0.21724618648594654}
[new_cov_sweep_alpha0.25_f0.25_d0.25_blindg1_emptyg1] mode=full history=1
  frame 10/35127: 6.9 ms/frame
  frame 100/35127: 7.2 ms/frame
  frame 1000/35127: 7.2 ms/frame
  frame 5000/35127: 7.2 ms/frame
  frame 10000/35127: 7.2 ms/frame
  frame 15000/35127: 7.2 ms/frame
  frame 20000/35127: 7.1 ms/frame
  frame 25000/35127: 7.1 ms/frame
  frame 30000/35127: 7.1 ms/frame
  frame 35000/35127: 7.1 ms/frame
{"variant": "new_cov_sweep_alpha0.25_f0.25_d0.25_blindg1_emptyg1", "rmse": 1.1281746885448847, "crps": 0.5280725677112125, "spread_skill": 0.2985513599379743}
[new_cov_sweep_alpha0.5_f0.5_d0.5_blindg1_emptyg1] mode=full history=1
  frame 10/35127: 7.0 ms/frame
  frame 100/35127: 7.2 ms/frame
  frame 1000/35127: 7.1 ms/frame
  frame 5000/35127: 7.2 ms/frame
  frame 10000/35127: 7.2 ms/frame
  frame 15000/35127: 7.1 ms/frame
  frame 20000/35127: 7.1 ms/frame
  frame 25000/35127: 7.1 ms/frame
  frame 30000/35127: 7.1 ms/frame
  frame 35000/35127: 7.1 ms/frame
{"variant": "new_cov_sweep_alpha0.5_f0.5_d0.5_blindg1_emptyg1", "rmse": 1.1515355434553374, "crps": 0.5055789792178557, "spread_skill": 0.4124773562417603}
[new_cov_sweep_alpha1_f1_d1_blindg1_emptyg1] mode=full history=1
  frame 10/35127: 6.6 ms/frame
  frame 100/35127: 7.0 ms/frame
  frame 1000/35127: 7.1 ms/frame
  frame 5000/35127: 7.0 ms/frame
  frame 10000/35127: 7.1 ms/frame
  frame 15000/35127: 7.1 ms/frame
  frame 20000/35127: 7.1 ms/frame
  frame 25000/35127: 7.0 ms/frame
  frame 30000/35127: 7.0 ms/frame
  frame 35000/35127: 7.1 ms/frame
{"variant": "new_cov_sweep_alpha1_f1_d1_blindg1_emptyg1", "rmse": 1.1676495709400243, "crps": 0.48321995491286857, "spread_skill": 0.5740307242239564}
[new_cov_sweep_alpha2_f2_d2_blindg1_emptyg1] mode=full history=1
  frame 10/35127: 6.8 ms/frame
  frame 100/35127: 7.2 ms/frame
  frame 1000/35127: 7.2 ms/frame
  frame 5000/35127: 7.1 ms/frame
  frame 10000/35127: 7.1 ms/frame
  frame 15000/35127: 7.1 ms/frame
  frame 20000/35127: 7.1 ms/frame
  frame 25000/35127: 7.1 ms/frame
  frame 30000/35127: 7.1 ms/frame
  frame 35000/35127: 7.1 ms/frame
{"variant": "new_cov_sweep_alpha2_f2_d2_blindg1_emptyg1", "rmse": 1.1797372972190439, "crps": 0.4709675539508886, "spread_skill": 0.8025605613347462}
[new_cov_sweep_alpha4_f4_d4_blindg1_emptyg1] mode=full history=1
  frame 10/35127: 6.8 ms/frame
  frame 100/35127: 7.2 ms/frame
  frame 1000/35127: 7.2 ms/frame
  frame 5000/35127: 7.1 ms/frame
  frame 10000/35127: 7.2 ms/frame
  frame 15000/35127: 7.1 ms/frame
  frame 20000/35127: 7.1 ms/frame
  frame 25000/35127: 7.1 ms/frame
  frame 30000/35127: 7.1 ms/frame
  frame 35000/35127: 7.1 ms/frame
{"variant": "new_cov_sweep_alpha4_f4_d4_blindg1_emptyg1", "rmse": 1.1911562481180973, "crps": 0.4824189937872552, "spread_skill": 1.1238006472021915}
[done] check_outputs/eval/seq_1fzero_atc-20130616.json
