Tesla V100-SXM2-32GB, 32768 MiB
[new_cov_sweep_alpha0.5_alpha0.5] mode=full history=5
  frame 10/5000: 57.9 ms/frame
  frame 100/5000: 14.5 ms/frame
  frame 1000/5000: 10.2 ms/frame
  frame 5000/5000: 9.7 ms/frame
{"variant": "new_cov_sweep_alpha0.5_alpha0.5", "rmse": 0.4871407494684112, "crps": 0.12867777267732944, "spread_skill": 0.4860988718757543}
[new_cov_sweep_alpha0.75_alpha0.75] mode=full history=5
  frame 10/5000: 8.9 ms/frame
  frame 100/5000: 9.5 ms/frame
  frame 1000/5000: 9.6 ms/frame
  frame 5000/5000: 9.6 ms/frame
{"variant": "new_cov_sweep_alpha0.75_alpha0.75", "rmse": 0.46887289687714956, "crps": 0.12792454482302734, "spread_skill": 0.6087725282364592}
[new_cov_sweep_alpha1.1_alpha1.1] mode=full history=5
  frame 10/5000: 8.8 ms/frame
  frame 100/5000: 9.5 ms/frame
  frame 1000/5000: 9.6 ms/frame
  frame 5000/5000: 9.6 ms/frame
{"variant": "new_cov_sweep_alpha1.1_alpha1.1", "rmse": 0.4699302796031863, "crps": 0.13537867650207072, "spread_skill": 0.754597714238311}
[done] /scratch/work/zhangx29/Thesis_Project/methods/enkf/check_outputs/eval/covonly_pedpred5_alpha3_atc-20130714_5000.json
