Tesla V100-SXM2-16GB
[new_cov_sweep_alpha0.125_f0.125_d0.125_blindg1_emptyg1] mode=full history=1
  frame 10/35127: 77.5 ms/frame
  frame 100/35127: 14.4 ms/frame
  frame 1000/35127: 8.2 ms/frame
  frame 5000/35127: 7.6 ms/frame
  frame 10000/35127: 7.5 ms/frame
  frame 15000/35127: 7.5 ms/frame
  frame 20000/35127: 7.5 ms/frame
  frame 25000/35127: 7.5 ms/frame
  frame 30000/35127: 7.5 ms/frame
  frame 35000/35127: 7.5 ms/frame
{"variant": "new_cov_sweep_alpha0.125_f0.125_d0.125_blindg1_emptyg1", "rmse": 0.6475909808925543, "crps": 0.21196790102879784, "spread_skill": 0.206401948881859}
[new_cov_sweep_alpha0.25_f0.25_d0.25_blindg1_emptyg1] mode=full history=1
  frame 10/35127: 7.1 ms/frame
  frame 100/35127: 7.4 ms/frame
  frame 1000/35127: 7.4 ms/frame
  frame 5000/35127: 7.5 ms/frame
  frame 10000/35127: 7.5 ms/frame
  frame 15000/35127: 7.5 ms/frame
  frame 20000/35127: 7.5 ms/frame
  frame 25000/35127: 7.5 ms/frame
  frame 30000/35127: 7.5 ms/frame
  frame 35000/35127: 7.5 ms/frame
{"variant": "new_cov_sweep_alpha0.25_f0.25_d0.25_blindg1_emptyg1", "rmse": 0.651468675839462, "crps": 0.20299756864913654, "spread_skill": 0.2939418143377227}
[new_cov_sweep_alpha0.5_f0.5_d0.5_blindg1_emptyg1] mode=full history=1
  frame 10/35127: 7.1 ms/frame
  frame 100/35127: 7.6 ms/frame
  frame 1000/35127: 7.5 ms/frame
  frame 5000/35127: 7.5 ms/frame
  frame 10000/35127: 7.5 ms/frame
  frame 15000/35127: 7.5 ms/frame
  frame 20000/35127: 7.5 ms/frame
  frame 25000/35127: 7.5 ms/frame
  frame 30000/35127: 7.5 ms/frame
  frame 35000/35127: 7.5 ms/frame
{"variant": "new_cov_sweep_alpha0.5_f0.5_d0.5_blindg1_emptyg1", "rmse": 0.652393846295921, "crps": 0.19412255216944777, "spread_skill": 0.4161253268902857}
[new_cov_sweep_alpha1_f1_d1_blindg1_emptyg1] mode=full history=1
  frame 10/35127: 7.0 ms/frame
  frame 100/35127: 7.3 ms/frame
  frame 1000/35127: 7.3 ms/frame
  frame 5000/35127: 7.3 ms/frame
  frame 10000/35127: 7.3 ms/frame
  frame 15000/35127: 7.3 ms/frame
  frame 20000/35127: 7.4 ms/frame
  frame 25000/35127: 7.4 ms/frame
  frame 30000/35127: 7.4 ms/frame
  frame 35000/35127: 7.3 ms/frame
{"variant": "new_cov_sweep_alpha1_f1_d1_blindg1_emptyg1", "rmse": 0.6531916021951, "crps": 0.1893972826316971, "spread_skill": 0.5863572334849673}
[new_cov_sweep_alpha2_f2_d2_blindg1_emptyg1] mode=full history=1
  frame 10/35127: 7.0 ms/frame
  frame 100/35127: 7.3 ms/frame
  frame 1000/35127: 7.4 ms/frame
  frame 5000/35127: 7.4 ms/frame
  frame 10000/35127: 7.4 ms/frame
  frame 15000/35127: 7.4 ms/frame
  frame 20000/35127: 7.4 ms/frame
  frame 25000/35127: 7.4 ms/frame
  frame 30000/35127: 7.4 ms/frame
  frame 35000/35127: 7.4 ms/frame
{"variant": "new_cov_sweep_alpha2_f2_d2_blindg1_emptyg1", "rmse": 0.652715715789965, "crps": 0.19161898452609122, "spread_skill": 0.8281955791982402}
[new_cov_sweep_alpha4_f4_d4_blindg1_emptyg1] mode=full history=1
  frame 10/35127: 7.0 ms/frame
  frame 100/35127: 7.3 ms/frame
  frame 1000/35127: 7.4 ms/frame
  frame 5000/35127: 7.3 ms/frame
  frame 10000/35127: 7.3 ms/frame
  frame 15000/35127: 7.3 ms/frame
  frame 20000/35127: 7.3 ms/frame
  frame 25000/35127: 7.3 ms/frame
  frame 30000/35127: 7.3 ms/frame
  frame 35000/35127: 7.3 ms/frame
{"variant": "new_cov_sweep_alpha4_f4_d4_blindg1_emptyg1", "rmse": 0.6482449806582459, "crps": 0.2038360293374259, "spread_skill": 1.17462861317116}
[done] check_outputs/eval/seq_1fobs_atc-20130616.json
