Tesla V100-SXM2-16GB
[new_cov_sweep_alpha0.125_f0.125_d0.125_blindg1_emptyg1] mode=full history=1
  frame 10/40620: 67.4 ms/frame
  frame 100/40620: 13.5 ms/frame
  frame 1000/40620: 8.1 ms/frame
  frame 5000/40620: 7.6 ms/frame
  frame 10000/40620: 7.5 ms/frame
  frame 15000/40620: 7.5 ms/frame
  frame 20000/40620: 7.5 ms/frame
  frame 25000/40620: 7.5 ms/frame
  frame 30000/40620: 7.5 ms/frame
  frame 35000/40620: 7.5 ms/frame
  frame 40000/40620: 7.6 ms/frame
{"variant": "new_cov_sweep_alpha0.125_f0.125_d0.125_blindg1_emptyg1", "rmse": 0.5725098777795677, "crps": 0.17039452819086154, "spread_skill": 0.19323177063284386}
[new_cov_sweep_alpha0.25_f0.25_d0.25_blindg1_emptyg1] mode=full history=1
  frame 10/40620: 7.0 ms/frame
  frame 100/40620: 7.4 ms/frame
  frame 1000/40620: 7.4 ms/frame
  frame 5000/40620: 7.5 ms/frame
  frame 10000/40620: 7.5 ms/frame
  frame 15000/40620: 7.5 ms/frame
  frame 20000/40620: 7.5 ms/frame
  frame 25000/40620: 7.5 ms/frame
  frame 30000/40620: 7.5 ms/frame
  frame 35000/40620: 7.5 ms/frame
  frame 40000/40620: 7.6 ms/frame
{"variant": "new_cov_sweep_alpha0.25_f0.25_d0.25_blindg1_emptyg1", "rmse": 0.572639341848611, "crps": 0.16231906564375667, "spread_skill": 0.2743320876397271}
[new_cov_sweep_alpha0.5_f0.5_d0.5_blindg1_emptyg1] mode=full history=1
  frame 10/40620: 7.1 ms/frame
  frame 100/40620: 7.3 ms/frame
  frame 1000/40620: 7.4 ms/frame
  frame 5000/40620: 7.5 ms/frame
  frame 10000/40620: 7.5 ms/frame
  frame 15000/40620: 7.5 ms/frame
  frame 20000/40620: 7.5 ms/frame
  frame 25000/40620: 7.5 ms/frame
  frame 30000/40620: 7.5 ms/frame
  frame 35000/40620: 7.5 ms/frame
  frame 40000/40620: 7.5 ms/frame
{"variant": "new_cov_sweep_alpha0.5_f0.5_d0.5_blindg1_emptyg1", "rmse": 0.5742687904080424, "crps": 0.156473408710519, "spread_skill": 0.3892597905397762}
[new_cov_sweep_alpha1_f1_d1_blindg1_emptyg1] mode=full history=1
  frame 10/40620: 7.1 ms/frame
  frame 100/40620: 7.5 ms/frame
  frame 1000/40620: 7.6 ms/frame
  frame 5000/40620: 7.5 ms/frame
  frame 10000/40620: 7.5 ms/frame
  frame 15000/40620: 7.5 ms/frame
  frame 20000/40620: 7.5 ms/frame
  frame 25000/40620: 7.5 ms/frame
  frame 30000/40620: 7.5 ms/frame
  frame 35000/40620: 7.6 ms/frame
  frame 40000/40620: 7.6 ms/frame
{"variant": "new_cov_sweep_alpha1_f1_d1_blindg1_emptyg1", "rmse": 0.573947026109831, "crps": 0.15350113051400083, "spread_skill": 0.5500439836085397}
[new_cov_sweep_alpha2_f2_d2_blindg1_emptyg1] mode=full history=1
  frame 10/40620: 7.0 ms/frame
  frame 100/40620: 7.4 ms/frame
  frame 1000/40620: 7.5 ms/frame
  frame 5000/40620: 7.5 ms/frame
  frame 10000/40620: 7.5 ms/frame
  frame 15000/40620: 7.5 ms/frame
  frame 20000/40620: 7.5 ms/frame
  frame 25000/40620: 7.5 ms/frame
  frame 30000/40620: 7.5 ms/frame
  frame 35000/40620: 7.5 ms/frame
  frame 40000/40620: 7.5 ms/frame
{"variant": "new_cov_sweep_alpha2_f2_d2_blindg1_emptyg1", "rmse": 0.5719345758470282, "crps": 0.15573364247165608, "spread_skill": 0.7785765711549564}
[new_cov_sweep_alpha4_f4_d4_blindg1_emptyg1] mode=full history=1
  frame 10/40620: 7.3 ms/frame
  frame 100/40620: 7.5 ms/frame
  frame 1000/40620: 7.6 ms/frame
  frame 5000/40620: 7.5 ms/frame
  frame 10000/40620: 7.5 ms/frame
  frame 15000/40620: 7.5 ms/frame
  frame 20000/40620: 7.5 ms/frame
  frame 25000/40620: 7.5 ms/frame
  frame 30000/40620: 7.5 ms/frame
  frame 35000/40620: 7.5 ms/frame
  frame 40000/40620: 7.5 ms/frame
{"variant": "new_cov_sweep_alpha4_f4_d4_blindg1_emptyg1", "rmse": 0.5715296126819122, "crps": 0.1665249359142392, "spread_skill": 1.1017717627186845}
[done] check_outputs/eval/seq_1fobs_atc-20130623.json
