Tesla V100-SXM2-32GB, 32768 MiB
[new_cov_sweep_alpha0.5_alpha0.5] mode=full history=5
  frame 10/5000: 61.1 ms/frame
  frame 100/5000: 14.7 ms/frame
  frame 1000/5000: 10.2 ms/frame
  frame 5000/5000: 9.7 ms/frame
{"variant": "new_cov_sweep_alpha0.5_alpha0.5", "rmse": 0.6981347421627416, "crps": 0.20871972083944612, "spread_skill": 0.42434697277998484}
[new_cov_sweep_alpha1_alpha1] mode=full history=5
  frame 10/5000: 9.0 ms/frame
  frame 100/5000: 9.4 ms/frame
  frame 1000/5000: 9.6 ms/frame
  frame 5000/5000: 9.6 ms/frame
{"variant": "new_cov_sweep_alpha1_alpha1", "rmse": 0.6935366789467108, "crps": 0.21122483537116474, "spread_skill": 0.6079943436216587}
[new_cov_sweep_alpha2_alpha2] mode=full history=5
  frame 10/5000: 8.7 ms/frame
  frame 100/5000: 9.4 ms/frame
  frame 1000/5000: 9.5 ms/frame
  frame 5000/5000: 9.6 ms/frame
{"variant": "new_cov_sweep_alpha2_alpha2", "rmse": 0.7188102377635595, "crps": 0.23133306959635905, "spread_skill": 0.8617513563287363}
[new_cov_sweep_alpha3_alpha3] mode=full history=5
  frame 10/5000: 8.6 ms/frame
  frame 100/5000: 9.5 ms/frame
  frame 1000/5000: 9.6 ms/frame
  frame 5000/5000: 9.6 ms/frame
{"variant": "new_cov_sweep_alpha3_alpha3", "rmse": 0.7260269193529167, "crps": 0.2492712614680312, "spread_skill": 1.0652800946487693}
[new_cov_sweep_alpha4_alpha4] mode=full history=5
  frame 10/5000: 8.7 ms/frame
  frame 100/5000: 9.5 ms/frame
  frame 1000/5000: 9.6 ms/frame
  frame 5000/5000: 9.6 ms/frame
{"variant": "new_cov_sweep_alpha4_alpha4", "rmse": 0.7464738479687845, "crps": 0.26754536871609647, "spread_skill": 1.217305711290286}
[done] /scratch/work/zhangx29/Thesis_Project/methods/enkf/check_outputs/eval/covonly_pedpred5_alpha_sweep_5000.json
