NVIDIA H200
{
  "checkpoint": "/scratch/work/zhangx29/Thesis_Project/methods/enkf/runs/lowrank_a_r8_s0/best.pt",
  "mean_checkpoint": "/scratch/work/zhangx29/Thesis_Project/methods/enkf/runs/surrogate_mean_s0/best.pt",
  "rank": 8,
  "pairs": 4096,
  "normalized_mse": {
    "mean": {
      "all": 0.12448311304150887,
      "blind": 0.09433719050445062,
      "observed": 0.1622056453422409
    },
    "diagonal": {
      "all": 0.05818758521361601,
      "blind": 0.09433719050445062,
      "observed": 0.012952457591766399
    },
    "full": {
      "all": 0.042085692793298844,
      "blind": 0.06637531020626591,
      "observed": 0.011691337592965803
    },
    "fixed-diagonal": {
      "all": 0.06901351049916689,
      "blind": 0.07627742943665927,
      "observed": 0.0599239423689293
    }
  },
  "covariance": {
    "lowrank_trace_fraction": 0.9611412630454336,
    "effective_rank_mean": 1.0127773804444509,
    "numerical_rank_mean_threshold_1e-3": 1.44384765625,
    "lowrank_variance_mean_by_channel": [
      0.03591011482007262,
      0.6583732499462663,
      0.10379707325273504,
      0.021296912722861945
    ],
    "diagonal_variance_mean_by_channel": [
      0.001573879875701204,
      0.022425183902099743,
      0.007263527790026655,
      0.0018646605471461266
    ]
  }
}
