Tesla V100-SXM2-16GB
[new_cov_sweep_alpha0.125_f0.125_d0.125_blindg1_emptyg1] mode=full history=5
  frame 10/35127: 52.1 ms/frame
  frame 100/35127: 12.8 ms/frame
  frame 1000/35127: 8.7 ms/frame
  frame 5000/35127: 8.3 ms/frame
  frame 10000/35127: 8.3 ms/frame
  frame 15000/35127: 8.3 ms/frame
  frame 20000/35127: 8.3 ms/frame
  frame 25000/35127: 8.3 ms/frame
  frame 30000/35127: 8.3 ms/frame
  frame 35000/35127: 8.3 ms/frame
{"variant": "new_cov_sweep_alpha0.125_f0.125_d0.125_blindg1_emptyg1", "rmse": 0.6271309919932474, "crps": 0.20507602842448946, "spread_skill": 0.23408197685108026}
[new_cov_sweep_alpha0.25_f0.25_d0.25_blindg1_emptyg1] mode=full history=5
  frame 10/35127: 7.8 ms/frame
  frame 100/35127: 8.3 ms/frame
  frame 1000/35127: 8.3 ms/frame
  frame 5000/35127: 8.3 ms/frame
  frame 10000/35127: 8.3 ms/frame
  frame 15000/35127: 8.3 ms/frame
  frame 20000/35127: 8.3 ms/frame
  frame 25000/35127: 8.3 ms/frame
  frame 30000/35127: 8.3 ms/frame
  frame 35000/35127: 8.3 ms/frame
{"variant": "new_cov_sweep_alpha0.25_f0.25_d0.25_blindg1_emptyg1", "rmse": 0.6153909581248433, "crps": 0.18990992179495017, "spread_skill": 0.3258718309718813}
[new_cov_sweep_alpha0.5_f0.5_d0.5_blindg1_emptyg1] mode=full history=5
  frame 10/35127: 7.8 ms/frame
  frame 100/35127: 8.3 ms/frame
  frame 1000/35127: 8.3 ms/frame
  frame 5000/35127: 8.3 ms/frame
  frame 10000/35127: 8.3 ms/frame
  frame 15000/35127: 8.3 ms/frame
  frame 20000/35127: 8.3 ms/frame
  frame 25000/35127: 8.3 ms/frame
  frame 30000/35127: 8.3 ms/frame
  frame 35000/35127: 8.3 ms/frame
{"variant": "new_cov_sweep_alpha0.5_f0.5_d0.5_blindg1_emptyg1", "rmse": 0.60487383199788, "crps": 0.17870816971632758, "spread_skill": 0.45551220491566125}
[new_cov_sweep_alpha1_f1_d1_blindg1_emptyg1] mode=full history=5
  frame 10/35127: 7.8 ms/frame
  frame 100/35127: 8.6 ms/frame
  frame 1000/35127: 8.8 ms/frame
  frame 5000/35127: 8.7 ms/frame
  frame 10000/35127: 8.5 ms/frame
  frame 15000/35127: 8.4 ms/frame
  frame 20000/35127: 8.4 ms/frame
  frame 25000/35127: 8.4 ms/frame
  frame 30000/35127: 8.4 ms/frame
  frame 35000/35127: 8.3 ms/frame
{"variant": "new_cov_sweep_alpha1_f1_d1_blindg1_emptyg1", "rmse": 0.5986277564600949, "crps": 0.17549708562726735, "spread_skill": 0.640120851243551}
[new_cov_sweep_alpha2_f2_d2_blindg1_emptyg1] mode=full history=5
  frame 10/35127: 8.2 ms/frame
  frame 100/35127: 8.7 ms/frame
  frame 1000/35127: 8.4 ms/frame
  frame 5000/35127: 8.3 ms/frame
  frame 10000/35127: 8.3 ms/frame
  frame 15000/35127: 8.3 ms/frame
  frame 20000/35127: 8.3 ms/frame
  frame 25000/35127: 8.3 ms/frame
  frame 30000/35127: 8.3 ms/frame
  frame 35000/35127: 8.3 ms/frame
{"variant": "new_cov_sweep_alpha2_f2_d2_blindg1_emptyg1", "rmse": 0.5963632918644453, "crps": 0.18175291128989537, "spread_skill": 0.9019996810979493}
[new_cov_sweep_alpha4_f4_d4_blindg1_emptyg1] mode=full history=5
  frame 10/35127: 7.8 ms/frame
  frame 100/35127: 8.3 ms/frame
  frame 1000/35127: 8.4 ms/frame
  frame 5000/35127: 8.3 ms/frame
  frame 10000/35127: 8.3 ms/frame
  frame 15000/35127: 8.3 ms/frame
  frame 20000/35127: 8.3 ms/frame
  frame 25000/35127: 8.3 ms/frame
  frame 30000/35127: 8.3 ms/frame
  frame 35000/35127: 8.3 ms/frame
{"variant": "new_cov_sweep_alpha4_f4_d4_blindg1_emptyg1", "rmse": 0.5959783027096547, "crps": 0.19976833348758846, "spread_skill": 1.2754238898202899}
[done] check_outputs/eval/ev_w75_atc-20130616.json
