NVIDIA H200
/appl/scibuilder-mamba/aalto-rhel9/prod/software/scicomp-pytorch-env/2026.1/354b404/bin/python3 -u -m methods.enkf.lcskf.checks.eval_sequential --calibration /scratch/work/zhangx29/Thesis_Project/methods/enkf/check_outputs/eval/controlled_grid_calibration_4096.json --new-checkpoint /scratch/work/zhangx29/Thesis_Project/methods/enkf/runs/joint_j4_5f_r32_nofcst_s0/best.pt --old-checkpoint /scratch/work/zhangx29/Thesis_Project/methods/enkf/runs/joint_j4_5f_r32_s0/best.pt --obs /scratch/work/zhangx29/Thesis_Project/methods/enkf/check_outputs/enkf_k1_full/obs_atc-20130811.npz --frames 99999 --warmup 100 --new-alphas 2 --blind-gammas 1 --blind-empty-gammas 1 --skip-old --skip-mean --out /tmp/_lcskf_regress.json --device cuda
Traceback (most recent call last):
  File "<frozen runpy>", line 198, in _run_module_as_main
  File "<frozen runpy>", line 88, in _run_code
  File "/scratch/work/zhangx29/Thesis_Project/methods/enkf/lcskf/checks/eval_sequential.py", line 207, in <module>
    main()
  File "/scratch/work/zhangx29/Thesis_Project/methods/enkf/lcskf/checks/eval_sequential.py", line 140, in main
    loaded = {name: load_models(path, device) for name, path in checkpoints.items()}
                    ^^^^^^^^^^^^^^^^^^^^^^^^^
  File "/scratch/work/zhangx29/Thesis_Project/methods/enkf/lcskf/filter.py", line 31, in load_models
    ckpt = torch.load(checkpoint, map_location=device)
           ^^^^^^^^^^^^^^^^^^^^^^^^^^^^^^^^^^^^^^^^^^^
  File "/appl/scibuilder-mamba/aalto-rhel9/prod/software/scicomp-pytorch-env/2026.1/354b404/lib/python3.12/site-packages/torch/serialization.py", line 1500, in load
    with _open_file_like(f, "rb") as opened_file:
         ^^^^^^^^^^^^^^^^^^^^^^^^
  File "/appl/scibuilder-mamba/aalto-rhel9/prod/software/scicomp-pytorch-env/2026.1/354b404/lib/python3.12/site-packages/torch/serialization.py", line 768, in _open_file_like
    return _open_file(name_or_buffer, mode)
           ^^^^^^^^^^^^^^^^^^^^^^^^^^^^^^^^
  File "/appl/scibuilder-mamba/aalto-rhel9/prod/software/scicomp-pytorch-env/2026.1/354b404/lib/python3.12/site-packages/torch/serialization.py", line 749, in __init__
    super().__init__(open(name, mode))  # noqa: SIM115
                     ^^^^^^^^^^^^^^^^
FileNotFoundError: [Errno 2] No such file or directory: '/scratch/work/zhangx29/Thesis_Project/methods/enkf/runs/joint_j4_5f_r32_s0/best.pt'
Traceback (most recent call last):
  File "<frozen runpy>", line 198, in _run_module_as_main
  File "<frozen runpy>", line 88, in _run_code
  File "/scratch/work/zhangx29/Thesis_Project/methods/enkf/lcskf/checks/_tmp_refactor_regression.py", line 16, in <module>
    subprocess.run(cmd, check=True)
  File "/appl/scibuilder-mamba/aalto-rhel9/prod/software/scicomp-pytorch-env/2026.1/354b404/lib/python3.12/subprocess.py", line 571, in run
    raise CalledProcessError(retcode, process.args,
subprocess.CalledProcessError: Command '['/appl/scibuilder-mamba/aalto-rhel9/prod/software/scicomp-pytorch-env/2026.1/354b404/bin/python3', '-u', '-m', 'methods.enkf.lcskf.checks.eval_sequential', '--calibration', '/scratch/work/zhangx29/Thesis_Project/methods/enkf/check_outputs/eval/controlled_grid_calibration_4096.json', '--new-checkpoint', '/scratch/work/zhangx29/Thesis_Project/methods/enkf/runs/joint_j4_5f_r32_nofcst_s0/best.pt', '--old-checkpoint', '/scratch/work/zhangx29/Thesis_Project/methods/enkf/runs/joint_j4_5f_r32_s0/best.pt', '--obs', '/scratch/work/zhangx29/Thesis_Project/methods/enkf/check_outputs/enkf_k1_full/obs_atc-20130811.npz', '--frames', '99999', '--warmup', '100', '--new-alphas', '2', '--blind-gammas', '1', '--blind-empty-gammas', '1', '--skip-old', '--skip-mean', '--out', '/tmp/_lcskf_regress.json', '--device', 'cuda']' returned non-zero exit status 1.
srun: error: gpu50: task 0: Exited with exit code 1
srun: Terminating StepId=20356776.0
