Tesla V100-SXM2-32GB, 32768 MiB
[new_cov_components_f0.5_d0.5_f0.5_d0.5] mode=full history=5
  frame 10/5000: 47.2 ms/frame
  frame 100/5000: 11.9 ms/frame
  frame 1000/5000: 8.4 ms/frame
  frame 5000/5000: 8.0 ms/frame
{"variant": "new_cov_components_f0.5_d0.5_f0.5_d0.5", "rmse": 0.6981356158597402, "crps": 0.20871984352201403, "spread_skill": 0.4243465885047135}
[new_cov_components_f0.5_d0.75_f0.5_d0.75] mode=full history=5
  frame 10/5000: 7.2 ms/frame
  frame 100/5000: 7.8 ms/frame
  frame 1000/5000: 7.9 ms/frame
  frame 5000/5000: 7.9 ms/frame
{"variant": "new_cov_components_f0.5_d0.75_f0.5_d0.75", "rmse": 0.6950821596207223, "crps": 0.20885160353139376, "spread_skill": 0.5196113835869512}
[new_cov_components_f0.5_d1.1_f0.5_d1.1] mode=full history=5
  frame 10/5000: 7.2 ms/frame
  frame 100/5000: 7.8 ms/frame
  frame 1000/5000: 7.9 ms/frame
  frame 5000/5000: 7.9 ms/frame
{"variant": "new_cov_components_f0.5_d1.1_f0.5_d1.1", "rmse": 0.7066597100903678, "crps": 0.2161683024329032, "spread_skill": 0.6282109972344393}
[new_cov_components_f1.1_d0.5_f1.1_d0.5] mode=full history=5
  frame 10/5000: 7.2 ms/frame
  frame 100/5000: 7.8 ms/frame
  frame 1000/5000: 7.9 ms/frame
  frame 5000/5000: 7.9 ms/frame
{"variant": "new_cov_components_f1.1_d0.5_f1.1_d0.5", "rmse": 0.7103968464282026, "crps": 0.2143969470237496, "spread_skill": 0.4327304362813822}
[new_cov_components_f1.1_d0.75_f1.1_d0.75] mode=full history=5
  frame 10/5000: 7.3 ms/frame
  frame 100/5000: 7.8 ms/frame
  frame 1000/5000: 7.9 ms/frame
  frame 5000/5000: 7.9 ms/frame
{"variant": "new_cov_components_f1.1_d0.75_f1.1_d0.75", "rmse": 0.6913836517555609, "crps": 0.20988066785255197, "spread_skill": 0.531608455223244}
[new_cov_components_f1.1_d1.1_f1.1_d1.1] mode=full history=5
  frame 10/5000: 7.2 ms/frame
  frame 100/5000: 7.8 ms/frame
  frame 1000/5000: 7.9 ms/frame
  frame 5000/5000: 7.9 ms/frame
{"variant": "new_cov_components_f1.1_d1.1_f1.1_d1.1", "rmse": 0.6913648132658043, "crps": 0.21299380571203078, "spread_skill": 0.6417073329757813}
[done] /scratch/work/zhangx29/Thesis_Project/methods/enkf/check_outputs/eval/covonly_pedpred5_factor_diag_fine_5000.json
