Tesla V100-SXM2-16GB
[new_cov_sweep_alpha0.125_f0.125_d0.125_blindg1_emptyg1] mode=full history=5
  frame 10/35127: 55.8 ms/frame
  frame 100/35127: 13.7 ms/frame
  frame 1000/35127: 9.6 ms/frame
  frame 5000/35127: 8.7 ms/frame
  frame 10000/35127: 8.8 ms/frame
  frame 15000/35127: 8.8 ms/frame
  frame 20000/35127: 8.7 ms/frame
  frame 25000/35127: 8.7 ms/frame
  frame 30000/35127: 8.7 ms/frame
  frame 35000/35127: 8.7 ms/frame
{"variant": "new_cov_sweep_alpha0.125_f0.125_d0.125_blindg1_emptyg1", "rmse": 0.6767314892111981, "crps": 0.21890893078660262, "spread_skill": 0.21649277038374437}
[new_cov_sweep_alpha0.25_f0.25_d0.25_blindg1_emptyg1] mode=full history=5
  frame 10/35127: 8.5 ms/frame
  frame 100/35127: 9.0 ms/frame
  frame 1000/35127: 9.0 ms/frame
  frame 5000/35127: 8.7 ms/frame
  frame 10000/35127: 8.8 ms/frame
  frame 15000/35127: 8.7 ms/frame
  frame 20000/35127: 8.7 ms/frame
  frame 25000/35127: 8.7 ms/frame
  frame 30000/35127: 8.6 ms/frame
  frame 35000/35127: 8.5 ms/frame
{"variant": "new_cov_sweep_alpha0.25_f0.25_d0.25_blindg1_emptyg1", "rmse": 0.6747905356631813, "crps": 0.20353977891835084, "spread_skill": 0.29786120445881337}
[new_cov_sweep_alpha0.5_f0.5_d0.5_blindg1_emptyg1] mode=full history=5
  frame 10/35127: 7.6 ms/frame
  frame 100/35127: 8.0 ms/frame
  frame 1000/35127: 8.0 ms/frame
  frame 5000/35127: 8.2 ms/frame
  frame 10000/35127: 8.1 ms/frame
  frame 15000/35127: 8.1 ms/frame
  frame 20000/35127: 8.1 ms/frame
  frame 25000/35127: 8.1 ms/frame
  frame 30000/35127: 8.1 ms/frame
  frame 35000/35127: 8.1 ms/frame
{"variant": "new_cov_sweep_alpha0.5_f0.5_d0.5_blindg1_emptyg1", "rmse": 0.6623312109342305, "crps": 0.18956103244219927, "spread_skill": 0.41487440680987453}
[new_cov_sweep_alpha1_f1_d1_blindg1_emptyg1] mode=full history=5
  frame 10/35127: 7.6 ms/frame
  frame 100/35127: 8.0 ms/frame
  frame 1000/35127: 8.0 ms/frame
  frame 5000/35127: 8.0 ms/frame
  frame 10000/35127: 8.0 ms/frame
  frame 15000/35127: 8.0 ms/frame
  frame 20000/35127: 8.0 ms/frame
  frame 25000/35127: 8.0 ms/frame
  frame 30000/35127: 8.0 ms/frame
  frame 35000/35127: 8.0 ms/frame
{"variant": "new_cov_sweep_alpha1_f1_d1_blindg1_emptyg1", "rmse": 0.6506217476934345, "crps": 0.18332225818100942, "spread_skill": 0.5846307123747285}
[new_cov_sweep_alpha2_f2_d2_blindg1_emptyg1] mode=full history=5
  frame 10/35127: 7.8 ms/frame
  frame 100/35127: 8.3 ms/frame
  frame 1000/35127: 8.2 ms/frame
  frame 5000/35127: 8.2 ms/frame
  frame 10000/35127: 8.2 ms/frame
  frame 15000/35127: 8.2 ms/frame
  frame 20000/35127: 8.2 ms/frame
  frame 25000/35127: 8.3 ms/frame
  frame 30000/35127: 8.3 ms/frame
  frame 35000/35127: 8.3 ms/frame
{"variant": "new_cov_sweep_alpha2_f2_d2_blindg1_emptyg1", "rmse": 0.6398468605354212, "crps": 0.18492031955660213, "spread_skill": 0.8269519847700761}
[new_cov_sweep_alpha4_f4_d4_blindg1_emptyg1] mode=full history=5
  frame 10/35127: 8.1 ms/frame
  frame 100/35127: 8.5 ms/frame
  frame 1000/35127: 8.3 ms/frame
  frame 5000/35127: 8.3 ms/frame
  frame 10000/35127: 8.3 ms/frame
  frame 15000/35127: 8.3 ms/frame
  frame 20000/35127: 8.3 ms/frame
  frame 25000/35127: 8.3 ms/frame
  frame 30000/35127: 8.2 ms/frame
  frame 35000/35127: 8.2 ms/frame
{"variant": "new_cov_sweep_alpha4_f4_d4_blindg1_emptyg1", "rmse": 0.6298441649172906, "crps": 0.19718460660763695, "spread_skill": 1.1716700364793078}
[done] check_outputs/eval/ev_B2_atc-20130616.json
