Tesla V100-SXM2-16GB
[new_cov_sweep_alpha0.125_f0.125_d0.125_blindg1_emptyg1] mode=full history=5
  frame 10/35127: 55.5 ms/frame
  frame 100/35127: 14.7 ms/frame
  frame 1000/35127: 10.8 ms/frame
  frame 5000/35127: 10.4 ms/frame
  frame 10000/35127: 10.4 ms/frame
  frame 15000/35127: 10.4 ms/frame
  frame 20000/35127: 10.4 ms/frame
  frame 25000/35127: 10.4 ms/frame
  frame 30000/35127: 10.4 ms/frame
  frame 35000/35127: 10.4 ms/frame
{"variant": "new_cov_sweep_alpha0.125_f0.125_d0.125_blindg1_emptyg1", "rmse": 0.6090745121774729, "crps": 0.18520824945452355, "spread_skill": 0.22350670422432378}
[new_cov_sweep_alpha0.25_f0.25_d0.25_blindg1_emptyg1] mode=full history=5
  frame 10/35127: 9.7 ms/frame
  frame 100/35127: 10.3 ms/frame
  frame 1000/35127: 10.4 ms/frame
  frame 5000/35127: 10.6 ms/frame
  frame 10000/35127: 10.5 ms/frame
  frame 15000/35127: 10.5 ms/frame
  frame 20000/35127: 10.5 ms/frame
  frame 25000/35127: 10.5 ms/frame
  frame 30000/35127: 10.5 ms/frame
  frame 35000/35127: 10.5 ms/frame
{"variant": "new_cov_sweep_alpha0.25_f0.25_d0.25_blindg1_emptyg1", "rmse": 0.6055709484815752, "crps": 0.18109609908684945, "spread_skill": 0.33068132097213504}
[new_cov_sweep_alpha0.5_f0.5_d0.5_blindg1_emptyg1] mode=full history=5
  frame 10/35127: 9.8 ms/frame
  frame 100/35127: 10.4 ms/frame
  frame 1000/35127: 10.4 ms/frame
  frame 5000/35127: 10.4 ms/frame
  frame 10000/35127: 10.4 ms/frame
  frame 15000/35127: 10.4 ms/frame
  frame 20000/35127: 10.4 ms/frame
  frame 25000/35127: 10.4 ms/frame
  frame 30000/35127: 10.5 ms/frame
  frame 35000/35127: 10.5 ms/frame
{"variant": "new_cov_sweep_alpha0.5_f0.5_d0.5_blindg1_emptyg1", "rmse": 0.6042476491827978, "crps": 0.17903569082511597, "spread_skill": 0.4837989559663501}
[new_cov_sweep_alpha1_f1_d1_blindg1_emptyg1] mode=full history=5
  frame 10/35127: 9.8 ms/frame
  frame 100/35127: 10.3 ms/frame
  frame 1000/35127: 10.4 ms/frame
  frame 5000/35127: 10.4 ms/frame
  frame 10000/35127: 10.4 ms/frame
  frame 15000/35127: 10.4 ms/frame
  frame 20000/35127: 10.4 ms/frame
  frame 25000/35127: 10.4 ms/frame
  frame 30000/35127: 10.4 ms/frame
  frame 35000/35127: 10.4 ms/frame
{"variant": "new_cov_sweep_alpha1_f1_d1_blindg1_emptyg1", "rmse": 0.6028193126976746, "crps": 0.18101738574999093, "spread_skill": 0.6969451486703813}
[new_cov_sweep_alpha2_f2_d2_blindg1_emptyg1] mode=full history=5
  frame 10/35127: 9.8 ms/frame
  frame 100/35127: 10.5 ms/frame
  frame 1000/35127: 10.4 ms/frame
  frame 5000/35127: 10.4 ms/frame
  frame 10000/35127: 10.4 ms/frame
  frame 15000/35127: 10.4 ms/frame
  frame 20000/35127: 10.4 ms/frame
  frame 25000/35127: 10.5 ms/frame
  frame 30000/35127: 10.5 ms/frame
  frame 35000/35127: 10.5 ms/frame
{"variant": "new_cov_sweep_alpha2_f2_d2_blindg1_emptyg1", "rmse": 0.6010382580061392, "crps": 0.19042929744884085, "spread_skill": 0.9931027893715743}
[new_cov_sweep_alpha4_f4_d4_blindg1_emptyg1] mode=full history=5
  frame 10/35127: 9.7 ms/frame
  frame 100/35127: 10.3 ms/frame
  frame 1000/35127: 10.4 ms/frame
  frame 5000/35127: 10.4 ms/frame
  frame 10000/35127: 10.4 ms/frame
  frame 15000/35127: 10.4 ms/frame
  frame 20000/35127: 10.4 ms/frame
  frame 25000/35127: 10.5 ms/frame
  frame 30000/35127: 10.5 ms/frame
  frame 35000/35127: 10.5 ms/frame
{"variant": "new_cov_sweep_alpha4_f4_d4_blindg1_emptyg1", "rmse": 0.5995987862565146, "crps": 0.2115330175005113, "spread_skill": 1.4082071756821568}
[done] check_outputs/eval/ev_D_atc-20130616.json
