Tesla V100-SXM2-32GB
{
  "checkpoint": "/scratch/work/zhangx29/Thesis_Project/methods/enkf/runs/covonly_pedpred5_raw_floor05_r32_s0/best.pt",
  "mean_checkpoint": "/scratch/work/zhangx29/Thesis_Project/methods/enkf/runs/pedpred3_5to5_s0/best.pt",
  "input_frames": 5,
  "candidate_count": 64,
  "anchors": [
    [
      10,
      5
    ],
    [
      17,
      5
    ],
    [
      1,
      5
    ]
  ],
  "frames": [
    {
      "label": "low",
      "validation_row": 34249,
      "target_index": 34254,
      "activity": 5.0814971923828125,
      "covariance_trace": 26.01905441877898,
      "lowrank_trace_fraction": 0.12173038100646877,
      "top_lowrank_eigenvalues": [
        0.9544639739464511,
        0.7157462597028303,
        0.5243738363107636,
        0.2222082758852218
      ]
    },
    {
      "label": "medium",
      "validation_row": 102746,
      "target_index": 102761,
      "activity": 18.202178955078125,
      "covariance_trace": 40.93543563177809,
      "lowrank_trace_fraction": 0.10975469661722892,
      "top_lowrank_eigenvalues": [
        1.8593782004960293,
        0.5149136502260897,
        0.28890226956305576,
        0.27467978532390463
      ]
    },
    {
      "label": "high",
      "validation_row": 184086,
      "target_index": 184111,
      "activity": 31.17724609375,
      "covariance_trace": 37.809696663636714,
      "lowrank_trace_fraction": 0.1067171411290673,
      "top_lowrank_eigenvalues": [
        2.0046294347271183,
        0.2948750144111718,
        0.282325586741211,
        0.23395995412291848
      ]
    }
  ],
  "pairwise_relative_covariance_frobenius_difference": {
    "low_vs_medium": 1.608520746231079,
    "low_vs_high": 1.5668354034423828,
    "medium_vs_high": 1.4327709674835205
  }
}
