NVIDIA H200
[data] train=1,262,486, valid=269,736, load=162s, device=cuda
[mask] 290 legal centers, random-union coverage proxy; static walkable cells=290
{"epoch": 0, "lr": 0.001, "skipped": 0, "seconds": 105.8, "train": {"loss": 0.06289123853325879, "analysis_mse_norm": 0.06289123853325879, "forecast_nll": 0.0, "blind_mse_norm": 0.09850428811080668}, "valid": {"loss": 0.048520052776439115, "analysis_mse_norm": 0.048520052776439115, "forecast_nll": 0.0, "blind_mse_norm": 0.0774385410186369}}
{"epoch": 1, "lr": 0.001, "skipped": 0, "seconds": 105.4, "train": {"loss": 0.06088427037221467, "analysis_mse_norm": 0.06088427037221467, "forecast_nll": 0.0, "blind_mse_norm": 0.09592783580847565}, "valid": {"loss": 0.04811885004164651, "analysis_mse_norm": 0.04811885004164651, "forecast_nll": 0.0, "blind_mse_norm": 0.0769799133122433}}
{"epoch": 2, "lr": 0.001, "skipped": 0, "seconds": 105.5, "train": {"loss": 0.060368186856061906, "analysis_mse_norm": 0.060368186856061906, "forecast_nll": 0.0, "blind_mse_norm": 0.09519278798353643}, "valid": {"loss": 0.04751525417668745, "analysis_mse_norm": 0.04751525417668745, "forecast_nll": 0.0, "blind_mse_norm": 0.0760332471691072}}
{"epoch": 3, "lr": 0.001, "skipped": 0, "seconds": 105.5, "train": {"loss": 0.05998796799544535, "analysis_mse_norm": 0.05998796799544535, "forecast_nll": 0.0, "blind_mse_norm": 0.09463426742521316}, "valid": {"loss": 0.047590268368367106, "analysis_mse_norm": 0.047590268368367106, "forecast_nll": 0.0, "blind_mse_norm": 0.07619774251361378}}
{"epoch": 4, "lr": 0.001, "skipped": 0, "seconds": 105.4, "train": {"loss": 0.05952431825625188, "analysis_mse_norm": 0.05952431825625188, "forecast_nll": 0.0, "blind_mse_norm": 0.09383745693493477}, "valid": {"loss": 0.047364713478600606, "analysis_mse_norm": 0.047364713478600606, "forecast_nll": 0.0, "blind_mse_norm": 0.0757669286977034}}
{"epoch": 5, "lr": 0.001, "skipped": 0, "seconds": 105.4, "train": {"loss": 0.05966039994275597, "analysis_mse_norm": 0.05966039994275597, "forecast_nll": 0.0, "blind_mse_norm": 0.09412709089213055}, "valid": {"loss": 0.047036329488037154, "analysis_mse_norm": 0.047036329488037154, "forecast_nll": 0.0, "blind_mse_norm": 0.07531014597043395}}
{"epoch": 6, "lr": 0.001, "skipped": 0, "seconds": 105.5, "train": {"loss": 0.059506018616260245, "analysis_mse_norm": 0.059506018616260245, "forecast_nll": 0.0, "blind_mse_norm": 0.09390267159460372}, "valid": {"loss": 0.04712124905199744, "analysis_mse_norm": 0.04712124905199744, "forecast_nll": 0.0, "blind_mse_norm": 0.0754295529332012}}
{"epoch": 7, "lr": 0.001, "skipped": 0, "seconds": 105.5, "train": {"loss": 0.059157476724466966, "analysis_mse_norm": 0.059157476724466966, "forecast_nll": 0.0, "blind_mse_norm": 0.09327939537244992}, "valid": {"loss": 0.047085132100619376, "analysis_mse_norm": 0.047085132100619376, "forecast_nll": 0.0, "blind_mse_norm": 0.07537683364353143}}
{"epoch": 8, "lr": 0.001, "skipped": 0, "seconds": 105.5, "train": {"loss": 0.059288602288005, "analysis_mse_norm": 0.059288602288005, "forecast_nll": 0.0, "blind_mse_norm": 0.09354510986862542}, "valid": {"loss": 0.046839323185849935, "analysis_mse_norm": 0.046839323185849935, "forecast_nll": 0.0, "blind_mse_norm": 0.07502286677481607}}
{"epoch": 9, "lr": 0.001, "skipped": 0, "seconds": 105.6, "train": {"loss": 0.058843478409439716, "analysis_mse_norm": 0.058843478409439716, "forecast_nll": 0.0, "blind_mse_norm": 0.09275914457580187}, "valid": {"loss": 0.046896391606424004, "analysis_mse_norm": 0.046896391606424004, "forecast_nll": 0.0, "blind_mse_norm": 0.07508489655447192}}
{"epoch": 10, "lr": 0.001, "skipped": 0, "seconds": 105.5, "train": {"loss": 0.05901790555098105, "analysis_mse_norm": 0.05901790555098105, "forecast_nll": 0.0, "blind_mse_norm": 0.09309995959976382}, "valid": {"loss": 0.04677462493418716, "analysis_mse_norm": 0.04677462493418716, "forecast_nll": 0.0, "blind_mse_norm": 0.07489377685124055}}
{"epoch": 11, "lr": 0.001, "skipped": 0, "seconds": 105.3, "train": {"loss": 0.05881571669915009, "analysis_mse_norm": 0.05881571669915009, "forecast_nll": 0.0, "blind_mse_norm": 0.09275493607887501}, "valid": {"loss": 0.0468635740398895, "analysis_mse_norm": 0.0468635740398895, "forecast_nll": 0.0, "blind_mse_norm": 0.07506752762128599}}
{"epoch": 12, "lr": 0.001, "skipped": 0, "seconds": 105.4, "train": {"loss": 0.05864597476728396, "analysis_mse_norm": 0.05864597476728396, "forecast_nll": 0.0, "blind_mse_norm": 0.09244406212057094}, "valid": {"loss": 0.04675180951016955, "analysis_mse_norm": 0.04675180951016955, "forecast_nll": 0.0, "blind_mse_norm": 0.07487315926118754}}
{"epoch": 13, "lr": 0.001, "skipped": 0, "seconds": 105.3, "train": {"loss": 0.05863391223788722, "analysis_mse_norm": 0.05863391223788722, "forecast_nll": 0.0, "blind_mse_norm": 0.0923944254580117}, "valid": {"loss": 0.046672541269799694, "analysis_mse_norm": 0.046672541269799694, "forecast_nll": 0.0, "blind_mse_norm": 0.07474817664478905}}
{"epoch": 14, "lr": 0.001, "skipped": 0, "seconds": 105.2, "train": {"loss": 0.058276424562436584, "analysis_mse_norm": 0.058276424562436584, "forecast_nll": 0.0, "blind_mse_norm": 0.09179441774307322}, "valid": {"loss": 0.04670782500761561, "analysis_mse_norm": 0.04670782500761561, "forecast_nll": 0.0, "blind_mse_norm": 0.07481693298905157}}
{"epoch": 15, "lr": 0.001, "skipped": 0, "seconds": 105.3, "train": {"loss": 0.058287701046545126, "analysis_mse_norm": 0.058287701046545126, "forecast_nll": 0.0, "blind_mse_norm": 0.09184769249144471}, "valid": {"loss": 0.046706250635907054, "analysis_mse_norm": 0.046706250635907054, "forecast_nll": 0.0, "blind_mse_norm": 0.07483486726414412}}
{"epoch": 16, "lr": 0.001, "skipped": 0, "seconds": 105.5, "train": {"loss": 0.058271060366988356, "analysis_mse_norm": 0.058271060366988356, "forecast_nll": 0.0, "blind_mse_norm": 0.09180600496382786}, "valid": {"loss": 0.046609015989815816, "analysis_mse_norm": 0.046609015989815816, "forecast_nll": 0.0, "blind_mse_norm": 0.07461123252869584}}
{"epoch": 17, "lr": 0.001, "skipped": 0, "seconds": 105.4, "train": {"loss": 0.058263364583554134, "analysis_mse_norm": 0.058263364583554134, "forecast_nll": 0.0, "blind_mse_norm": 0.09178737708279966}, "valid": {"loss": 0.04712102469056845, "analysis_mse_norm": 0.04712102469056845, "forecast_nll": 0.0, "blind_mse_norm": 0.07542678553727455}}
{"epoch": 18, "lr": 0.001, "skipped": 0, "seconds": 105.4, "train": {"loss": 0.05822479572468545, "analysis_mse_norm": 0.05822479572468545, "forecast_nll": 0.0, "blind_mse_norm": 0.09176043989820462}, "valid": {"loss": 0.046648060670122504, "analysis_mse_norm": 0.046648060670122504, "forecast_nll": 0.0, "blind_mse_norm": 0.0746951716428157}}
{"epoch": 19, "lr": 0.001, "skipped": 0, "seconds": 105.2, "train": {"loss": 0.05814279587846271, "analysis_mse_norm": 0.05814279587846271, "forecast_nll": 0.0, "blind_mse_norm": 0.0916017162580143}, "valid": {"loss": 0.04655863012885675, "analysis_mse_norm": 0.04655863012885675, "forecast_nll": 0.0, "blind_mse_norm": 0.07454948755912483}}
[done] best validation loss=0.0465586 -> runs/lowrank_a_r8_s4/best.pt
