Tesla V100-PCIE-32GB, 32768 MiB
[new_cov_components_f0_d0.5_f0_d0.5] mode=full history=5
  frame 10/5000: 48.2 ms/frame
  frame 100/5000: 9.6 ms/frame
  frame 1000/5000: 5.8 ms/frame
  frame 5000/5000: 5.4 ms/frame
{"variant": "new_cov_components_f0_d0.5_f0_d0.5", "rmse": 1.2369453970676805, "crps": 0.5308873675108455, "spread_skill": 0.3702247533168614}
[new_cov_components_f0_d0.75_f0_d0.75] mode=full history=5
  frame 10/5000: 5.0 ms/frame
  frame 100/5000: 5.2 ms/frame
  frame 1000/5000: 5.2 ms/frame
  frame 5000/5000: 5.2 ms/frame
{"variant": "new_cov_components_f0_d0.75_f0_d0.75", "rmse": 1.250055420113354, "crps": 0.5245035020737534, "spread_skill": 0.45662410402761167}
[new_cov_components_f0_d1.1_f0_d1.1] mode=full history=5
  frame 10/5000: 4.8 ms/frame
  frame 100/5000: 5.2 ms/frame
  frame 1000/5000: 5.2 ms/frame
  frame 5000/5000: 5.4 ms/frame
{"variant": "new_cov_components_f0_d1.1_f0_d1.1", "rmse": 1.2728434109127076, "crps": 0.5200982557109547, "spread_skill": 0.5507094271456973}
[new_cov_components_f0.75_d0.5_f0.75_d0.5] mode=full history=5
  frame 10/5000: 5.2 ms/frame
  frame 100/5000: 5.6 ms/frame
  frame 1000/5000: 5.3 ms/frame
  frame 5000/5000: 5.3 ms/frame
{"variant": "new_cov_components_f0.75_d0.5_f0.75_d0.5", "rmse": 0.7022593663701246, "crps": 0.21107861867506697, "spread_skill": 0.42806319409456367}
[new_cov_components_f0.75_d0.75_f0.75_d0.75] mode=full history=5
  frame 10/5000: 5.0 ms/frame
  frame 100/5000: 5.2 ms/frame
  frame 1000/5000: 5.2 ms/frame
  frame 5000/5000: 5.2 ms/frame
{"variant": "new_cov_components_f0.75_d0.75_f0.75_d0.75", "rmse": 0.6931329267386386, "crps": 0.20905872026089264, "spread_skill": 0.5239024939797517}
[new_cov_components_f0.75_d1.1_f0.75_d1.1] mode=full history=5
  frame 10/5000: 4.9 ms/frame
  frame 100/5000: 5.2 ms/frame
  frame 1000/5000: 5.2 ms/frame
  frame 5000/5000: 5.2 ms/frame
{"variant": "new_cov_components_f0.75_d1.1_f0.75_d1.1", "rmse": 0.6966790401068678, "crps": 0.21370561203457564, "spread_skill": 0.6356210598409769}
[new_cov_components_f3_d0.5_f3_d0.5] mode=full history=5
  frame 10/5000: 4.9 ms/frame
  frame 100/5000: 5.2 ms/frame
  frame 1000/5000: 5.2 ms/frame
  frame 5000/5000: 5.2 ms/frame
{"variant": "new_cov_components_f3_d0.5_f3_d0.5", "rmse": 0.74479926555653, "crps": 0.2293037369098792, "spread_skill": 0.45560678807341065}
[new_cov_components_f3_d0.75_f3_d0.75] mode=full history=5
  frame 10/5000: 5.0 ms/frame
  frame 100/5000: 5.2 ms/frame
  frame 1000/5000: 5.2 ms/frame
  frame 5000/5000: 5.3 ms/frame
{"variant": "new_cov_components_f3_d0.75_f3_d0.75", "rmse": 0.7221721154742886, "crps": 0.22174820594373257, "spread_skill": 0.5481786814552412}
[new_cov_components_f3_d1.1_f3_d1.1] mode=full history=5
  frame 10/5000: 4.9 ms/frame
  frame 100/5000: 5.2 ms/frame
  frame 1000/5000: 5.2 ms/frame
  frame 5000/5000: 5.2 ms/frame
{"variant": "new_cov_components_f3_d1.1_f3_d1.1", "rmse": 0.7097552291489887, "crps": 0.21853293269158805, "spread_skill": 0.6555902740921372}
[done] /scratch/work/zhangx29/Thesis_Project/methods/enkf/check_outputs/eval/covonly_pedpred5_factor_diag_grid_5000.json
