Tesla V100-SXM2-16GB
[new_cov_sweep_alpha0.125_f0.125_d0.125_blindg1_emptyg1] mode=full history=1
  frame 10/40620: 56.6 ms/frame
  frame 100/40620: 12.2 ms/frame
  frame 1000/40620: 7.8 ms/frame
  frame 5000/40620: 7.4 ms/frame
  frame 10000/40620: 7.3 ms/frame
  frame 15000/40620: 7.3 ms/frame
  frame 20000/40620: 7.3 ms/frame
  frame 25000/40620: 7.3 ms/frame
  frame 30000/40620: 7.3 ms/frame
  frame 35000/40620: 7.3 ms/frame
  frame 40000/40620: 7.3 ms/frame
{"variant": "new_cov_sweep_alpha0.125_f0.125_d0.125_blindg1_emptyg1", "rmse": 0.587573392426513, "crps": 0.1818659445137491, "spread_skill": 0.20158806629553}
[new_cov_sweep_alpha0.25_f0.25_d0.25_blindg1_emptyg1] mode=full history=1
  frame 10/40620: 6.9 ms/frame
  frame 100/40620: 7.3 ms/frame
  frame 1000/40620: 7.3 ms/frame
  frame 5000/40620: 7.3 ms/frame
  frame 10000/40620: 7.3 ms/frame
  frame 15000/40620: 7.3 ms/frame
  frame 20000/40620: 7.3 ms/frame
  frame 25000/40620: 7.3 ms/frame
  frame 30000/40620: 7.3 ms/frame
  frame 35000/40620: 7.3 ms/frame
  frame 40000/40620: 7.3 ms/frame
{"variant": "new_cov_sweep_alpha0.25_f0.25_d0.25_blindg1_emptyg1", "rmse": 0.6021430112129967, "crps": 0.17936305243545952, "spread_skill": 0.2885892654420172}
[new_cov_sweep_alpha0.5_f0.5_d0.5_blindg1_emptyg1] mode=full history=1
  frame 10/40620: 7.0 ms/frame
  frame 100/40620: 7.2 ms/frame
  frame 1000/40620: 7.2 ms/frame
  frame 5000/40620: 7.2 ms/frame
  frame 10000/40620: 7.3 ms/frame
  frame 15000/40620: 7.3 ms/frame
  frame 20000/40620: 7.3 ms/frame
  frame 25000/40620: 7.3 ms/frame
  frame 30000/40620: 7.3 ms/frame
  frame 35000/40620: 7.3 ms/frame
  frame 40000/40620: 7.3 ms/frame
{"variant": "new_cov_sweep_alpha0.5_f0.5_d0.5_blindg1_emptyg1", "rmse": 0.6146524770320683, "crps": 0.17747290202238258, "spread_skill": 0.41017210927412634}
[new_cov_sweep_alpha1_f1_d1_blindg1_emptyg1] mode=full history=1
  frame 10/40620: 7.0 ms/frame
  frame 100/40620: 7.3 ms/frame
  frame 1000/40620: 7.4 ms/frame
  frame 5000/40620: 7.3 ms/frame
  frame 10000/40620: 7.3 ms/frame
  frame 15000/40620: 7.3 ms/frame
  frame 20000/40620: 7.3 ms/frame
  frame 25000/40620: 7.3 ms/frame
  frame 30000/40620: 7.3 ms/frame
  frame 35000/40620: 7.3 ms/frame
  frame 40000/40620: 7.3 ms/frame
{"variant": "new_cov_sweep_alpha1_f1_d1_blindg1_emptyg1", "rmse": 0.6247468808197976, "crps": 0.1779512061791331, "spread_skill": 0.5809563173512093}
[new_cov_sweep_alpha2_f2_d2_blindg1_emptyg1] mode=full history=1
  frame 10/40620: 7.1 ms/frame
  frame 100/40620: 7.3 ms/frame
  frame 1000/40620: 7.3 ms/frame
  frame 5000/40620: 7.3 ms/frame
  frame 10000/40620: 7.3 ms/frame
  frame 15000/40620: 7.3 ms/frame
  frame 20000/40620: 7.3 ms/frame
  frame 25000/40620: 7.3 ms/frame
  frame 30000/40620: 7.3 ms/frame
  frame 35000/40620: 7.3 ms/frame
  frame 40000/40620: 7.3 ms/frame
{"variant": "new_cov_sweep_alpha2_f2_d2_blindg1_emptyg1", "rmse": 0.6310698598810364, "crps": 0.18344053606884927, "spread_skill": 0.8228765941774974}
[new_cov_sweep_alpha4_f4_d4_blindg1_emptyg1] mode=full history=1
  frame 10/40620: 7.2 ms/frame
  frame 100/40620: 7.4 ms/frame
  frame 1000/40620: 7.3 ms/frame
  frame 5000/40620: 7.3 ms/frame
  frame 10000/40620: 7.3 ms/frame
  frame 15000/40620: 7.3 ms/frame
  frame 20000/40620: 7.3 ms/frame
  frame 25000/40620: 7.3 ms/frame
  frame 30000/40620: 7.3 ms/frame
  frame 35000/40620: 7.3 ms/frame
  frame 40000/40620: 7.3 ms/frame
{"variant": "new_cov_sweep_alpha4_f4_d4_blindg1_emptyg1", "rmse": 0.6360393034258877, "crps": 0.19905173599749965, "spread_skill": 1.1655824086115536}
[done] check_outputs/eval/seq_1fmask_atc-20130623.json
