Tesla V100-PCIE-32GB
[new_cov_sweep_alpha0.5_f0.5_d0.5_blindg1_emptyg1] mode=full history=5
  frame 10/42890: 47.3 ms/frame
  frame 100/42890: 9.5 ms/frame
  frame 1000/42890: 5.8 ms/frame
  frame 5000/42890: 5.4 ms/frame
  frame 10000/42890: 5.3 ms/frame
  frame 15000/42890: 5.3 ms/frame
  frame 20000/42890: 5.3 ms/frame
  frame 25000/42890: 5.3 ms/frame
  frame 30000/42890: 5.3 ms/frame
  frame 35000/42890: 5.3 ms/frame
  frame 40000/42890: 5.3 ms/frame
{"variant": "new_cov_sweep_alpha0.5_f0.5_d0.5_blindg1_emptyg1", "rmse": 0.8285312597302708, "crps": 0.2561473942047542, "spread_skill": 0.3561801618450142}
[new_cov_sweep_alpha2_f2_d2_blindg1_emptyg1] mode=full history=5
  frame 10/42890: 5.1 ms/frame
  frame 100/42890: 5.3 ms/frame
  frame 1000/42890: 5.3 ms/frame
  frame 5000/42890: 5.3 ms/frame
  frame 10000/42890: 5.3 ms/frame
  frame 15000/42890: 5.3 ms/frame
  frame 20000/42890: 5.3 ms/frame
  frame 25000/42890: 5.3 ms/frame
  frame 30000/42890: 5.3 ms/frame
  frame 35000/42890: 5.3 ms/frame
  frame 40000/42890: 5.3 ms/frame
{"variant": "new_cov_sweep_alpha2_f2_d2_blindg1_emptyg1", "rmse": 0.8171329950147365, "crps": 0.24277081521046942, "spread_skill": 0.7134076768953725}
[new_cov_sweep_alpha8_f8_d8_blindg1_emptyg1] mode=full history=5
  frame 10/42890: 4.9 ms/frame
  frame 100/42890: 5.3 ms/frame
  frame 1000/42890: 5.3 ms/frame
  frame 5000/42890: 5.3 ms/frame
  frame 10000/42890: 5.3 ms/frame
  frame 15000/42890: 5.3 ms/frame
  frame 20000/42890: 5.3 ms/frame
  frame 25000/42890: 5.3 ms/frame
  frame 30000/42890: 5.3 ms/frame
  frame 35000/42890: 5.3 ms/frame
  frame 40000/42890: 5.3 ms/frame
{"variant": "new_cov_sweep_alpha8_f8_d8_blindg1_emptyg1", "rmse": 0.814594117096358, "crps": 0.29864776560720546, "spread_skill": 1.5006109929745366}
[new_cov_sweep_alpha32_f32_d32_blindg1_emptyg1] mode=full history=5
  frame 10/42890: 5.2 ms/frame
  frame 100/42890: 5.3 ms/frame
  frame 1000/42890: 5.3 ms/frame
  frame 5000/42890: 5.3 ms/frame
  frame 10000/42890: 5.3 ms/frame
  frame 15000/42890: 5.3 ms/frame
  frame 20000/42890: 5.3 ms/frame
  frame 25000/42890: 5.3 ms/frame
  frame 30000/42890: 5.3 ms/frame
  frame 35000/42890: 5.3 ms/frame
  frame 40000/42890: 5.3 ms/frame
{"variant": "new_cov_sweep_alpha32_f32_d32_blindg1_emptyg1", "rmse": 0.8118811582506215, "crps": 0.4704310481650085, "spread_skill": 3.0482675755187243}
[done] /scratch/work/zhangx29/Thesis_Project/methods/enkf/check_outputs/eval/j4nofcst_alphasweep_atc-20130825.json
