NVIDIA H200
[new_cov_sweep_alpha0.5_f0.5_d0.5_blindg1_emptyg1] mode=full history=5
  frame 10/38842: 34.6 ms/frame
  frame 100/38842: 6.3 ms/frame
  frame 1000/38842: 3.6 ms/frame
  frame 5000/38842: 3.3 ms/frame
  frame 10000/38842: 3.3 ms/frame
  frame 15000/38842: 3.3 ms/frame
  frame 20000/38842: 3.3 ms/frame
  frame 25000/38842: 3.3 ms/frame
  frame 30000/38842: 3.3 ms/frame
  frame 35000/38842: 3.3 ms/frame
{"variant": "new_cov_sweep_alpha0.5_f0.5_d0.5_blindg1_emptyg1", "rmse": 0.7576414893664009, "crps": 0.23107980708397008, "spread_skill": 0.36294563987749445}
[new_cov_sweep_alpha2_f2_d2_blindg1_emptyg1] mode=full history=5
  frame 10/38842: 3.1 ms/frame
  frame 100/38842: 3.2 ms/frame
  frame 1000/38842: 3.3 ms/frame
  frame 5000/38842: 3.3 ms/frame
  frame 10000/38842: 3.3 ms/frame
  frame 15000/38842: 3.3 ms/frame
  frame 20000/38842: 3.3 ms/frame
  frame 25000/38842: 3.3 ms/frame
  frame 30000/38842: 3.3 ms/frame
  frame 35000/38842: 3.3 ms/frame
{"variant": "new_cov_sweep_alpha2_f2_d2_blindg1_emptyg1", "rmse": 0.7422213594104179, "crps": 0.21878579592086947, "spread_skill": 0.7295439590638978}
[new_cov_sweep_alpha8_f8_d8_blindg1_emptyg1] mode=full history=5
  frame 10/38842: 3.1 ms/frame
  frame 100/38842: 3.3 ms/frame
  frame 1000/38842: 3.3 ms/frame
  frame 5000/38842: 3.3 ms/frame
  frame 10000/38842: 3.3 ms/frame
  frame 15000/38842: 3.3 ms/frame
  frame 20000/38842: 3.3 ms/frame
  frame 25000/38842: 3.3 ms/frame
  frame 30000/38842: 3.3 ms/frame
  frame 35000/38842: 3.3 ms/frame
{"variant": "new_cov_sweep_alpha8_f8_d8_blindg1_emptyg1", "rmse": 0.7386932795083625, "crps": 0.2757530480482341, "spread_skill": 1.5653582084486943}
[new_cov_sweep_alpha32_f32_d32_blindg1_emptyg1] mode=full history=5
  frame 10/38842: 3.1 ms/frame
  frame 100/38842: 3.2 ms/frame
  frame 1000/38842: 3.3 ms/frame
  frame 5000/38842: 3.3 ms/frame
  frame 10000/38842: 3.2 ms/frame
  frame 15000/38842: 3.3 ms/frame
  frame 20000/38842: 3.3 ms/frame
  frame 25000/38842: 3.3 ms/frame
  frame 30000/38842: 3.3 ms/frame
  frame 35000/38842: 3.3 ms/frame
{"variant": "new_cov_sweep_alpha32_f32_d32_blindg1_emptyg1", "rmse": 0.7394467667269505, "crps": 0.4416751537119712, "spread_skill": 3.1838198383818876}
[done] /scratch/work/zhangx29/Thesis_Project/methods/enkf/check_outputs/eval/j4nofcst_alphasweep_atc-20130922.json
