Tesla V100-SXM2-32GB
[compare] 64/64
{
  "pairs": 64,
  "input_frames": {
    "old_cov": 1,
    "new_smoke": 5
  },
  "covariance": {
    "old_cov": {
      "lowrank_trace_fraction": 0.12453261835886781,
      "lowrank_variance_mean": 0.00226398778956944,
      "diagonal_variance_mean": 0.01591589005613093
    },
    "new_smoke": {
      "lowrank_trace_fraction": 9.790333007257494e-07,
      "lowrank_variance_mean": 2.2700969271496303e-07,
      "diagonal_variance_mean": 0.23187104084879845
    }
  },
  "selection": {
    "old_cov": {
      "prior": {
        "best_crps_walkable_blind": "alpha0.1",
        "best_calibrated_walkable_blind": "alpha1"
      },
      "posterior": {
        "best_crps_walkable_blind": "alpha0.1",
        "best_calibrated_walkable_blind": "alpha1"
      }
    },
    "new_smoke": {
      "prior": {
        "best_crps_walkable_blind": "alpha0.1",
        "best_calibrated_walkable_blind": "alpha0.1"
      },
      "posterior": {
        "best_crps_walkable_blind": "alpha0.1",
        "best_calibrated_walkable_blind": "alpha0.1"
      }
    }
  }
}
