Tesla V100-PCIE-32GB
[select] 5 runs, 75 checkpoints

runs/surrogate_mean_s0  (chosen epoch 5; best.pt by valid loss = epoch 12)
 ep   pooled | walkable clipped  density      vx      vy     var | occupied  density      vx      vy     var
  0   0.3808  |                   0.0753  0.3872  0.1996  0.6203 |           0.1493  0.3385  0.2359  0.2255
  1   0.4100  |                   0.0732  0.3944  0.2012  0.6863 |           0.1451  0.3313  0.2337  0.2287
  2   0.4064  |                   0.0721  0.3820  0.2053  0.6837 |           0.1431  0.3240  0.2315  0.2171
  3   0.4019  |                   0.0712  0.3864  0.2141  0.6677 |           0.1412  0.3253  0.2310  0.2228
  4   0.4431  |                   0.0707  0.3897  0.2167  0.7627 |           0.1402  0.3248  0.2303  0.2366
  5   0.3779 *|                   0.0710  0.3841  0.2142  0.6106 |           0.1408  0.3243  0.2296  0.2183
  6   0.4261  |                   0.0701  0.3844  0.2169  0.7255 |           0.1389  0.3221  0.2300  0.2332
  7   0.4220  |                   0.0700  0.3810  0.2240  0.7156 |           0.1391  0.3248  0.2310  0.2278
  8   0.4123  |                   0.0695  0.3859  0.2218  0.6906 |           0.1382  0.3197  0.2292  0.2254
  9   0.4316  |                   0.0694  0.3783  0.2268  0.7388 |           0.1378  0.3217  0.2290  0.2387
 10   0.3952  |                   0.0693  0.3835  0.2214  0.6511 |           0.1377  0.3215  0.2286  0.2243
 11   0.4091  |                   0.0691  0.3876  0.2209  0.6823 |           0.1373  0.3201  0.2284  0.2212
 12   0.3790  |                   0.0688  0.3870  0.2174  0.6107 |           0.1368  0.3207  0.2292  0.2150
 13   0.4102  |                   0.0687  0.3865  0.2278  0.6835 |           0.1366  0.3202  0.2307  0.2246
 14   0.4234  |                   0.0689  0.3811  0.2187  0.7206 |           0.1370  0.3201  0.2282  0.2272

runs/surrogate_mean_s1  (chosen epoch 0; best.pt by valid loss = epoch 12)
 ep   pooled | walkable clipped  density      vx      vy     var | occupied  density      vx      vy     var
  0   0.3358 *|                   0.0764  0.3853  0.2001  0.5067 |           0.1516  0.3421  0.2391  0.2190
  1   0.3904  |                   0.0742  0.3910  0.1926  0.6434 |           0.1470  0.3317  0.2339  0.2305
  2   0.3496  |                   0.0725  0.3706  0.1886  0.5575 |           0.1444  0.3312  0.2324  0.2206
  3   0.3480  |                   0.0715  0.3718  0.2017  0.5482 |           0.1418  0.3272  0.2321  0.2203
  4   0.3562  |                   0.0711  0.3670  0.2071  0.5699 |           0.1412  0.3235  0.2316  0.2198
  5   0.3579  |                   0.0708  0.3715  0.2014  0.5734 |           0.1406  0.3245  0.2311  0.2247
  6   0.3572  |                   0.0704  0.3594  0.2043  0.5784 |           0.1400  0.3253  0.2295  0.2236
  7   0.3898  |                   0.0704  0.3726  0.2094  0.6483 |           0.1397  0.3272  0.2293  0.2257
  8   0.3681  |                   0.0705  0.3636  0.2029  0.6031 |           0.1396  0.3223  0.2293  0.2186
  9   0.4174  |                   0.0703  0.3809  0.2131  0.7082 |           0.1399  0.3242  0.2300  0.2343
 10   0.3559  |                   0.0698  0.3546  0.2072  0.5771 |           0.1383  0.3228  0.2293  0.2289
 11   0.3716  |                   0.0696  0.3729  0.2145  0.6021 |           0.1381  0.3232  0.2303  0.2190
 12   0.3850  |                   0.0697  0.3840  0.2185  0.6267 |           0.1384  0.3244  0.2286  0.2253
 13   0.3602  |                   0.0695  0.3698  0.2095  0.5776 |           0.1381  0.3251  0.2298  0.2234
 14   0.3786  |                   0.0696  0.3717  0.2223  0.6172 |           0.1382  0.3234  0.2288  0.2321

runs/surrogate_mean_s2  (chosen epoch 0; best.pt by valid loss = epoch 13)
 ep   pooled | walkable clipped  density      vx      vy     var | occupied  density      vx      vy     var
  0   0.3319 *|                   0.0756  0.3589  0.1906  0.5194 |           0.1500  0.3375  0.2372  0.2132
  1   0.3778  |                   0.0731  0.3610  0.1969  0.6297 |           0.1450  0.3337  0.2350  0.2196
  2   0.4080  |                   0.0726  0.3679  0.2062  0.6948 |           0.1440  0.3284  0.2326  0.2244
  3   0.3655  |                   0.0717  0.3748  0.2008  0.5903 |           0.1424  0.3258  0.2316  0.2132
  4   0.3847  |                   0.0708  0.3526  0.2024  0.6494 |           0.1406  0.3237  0.2301  0.2208
  5   0.4062  |                   0.0706  0.3714  0.2056  0.6890 |           0.1401  0.3223  0.2308  0.2231
  6   0.4227  |                   0.0707  0.3774  0.2106  0.7232 |           0.1404  0.3214  0.2301  0.2172
  7   0.4015  |                   0.0707  0.3685  0.2053  0.6797 |           0.1402  0.3246  0.2299  0.2221
  8   0.3464  |                   0.0701  0.3626  0.2063  0.5487 |           0.1394  0.3206  0.2302  0.2038
  9   0.4261  |                   0.0699  0.3756  0.2094  0.7323 |           0.1384  0.3185  0.2285  0.2227
 10   0.3972  |                   0.0695  0.3698  0.2091  0.6677 |           0.1379  0.3217  0.2301  0.2156
 11   0.3868  |                   0.0695  0.3665  0.2016  0.6470 |           0.1380  0.3203  0.2300  0.2160
 12   0.4196  |                   0.0697  0.3759  0.2118  0.7163 |           0.1384  0.3222  0.2308  0.2269
 13   0.4184  |                   0.0691  0.3780  0.2175  0.7109 |           0.1374  0.3201  0.2299  0.2180
 14   0.3562  |                   0.0690  0.3759  0.2150  0.5614 |           0.1369  0.3210  0.2289  0.2080

runs/surrogate_mean_s3  (chosen epoch 0; best.pt by valid loss = epoch 14)
 ep   pooled | walkable clipped  density      vx      vy     var | occupied  density      vx      vy     var
  0   0.3022 *|                   0.0777  0.3913  0.2173  0.3988 |           0.1539  0.3353  0.2382  0.2199
  1   0.3200  |                   0.0738  0.3894  0.2197  0.4519 |           0.1464  0.3266  0.2353  0.2215
  2   0.3257  |                   0.0732  0.3731  0.2338  0.4743 |           0.1450  0.3283  0.2355  0.2278
  3   0.3346  |                   0.0720  0.3996  0.2281  0.4805 |           0.1429  0.3244  0.2326  0.2174
  4   0.3393  |                   0.0711  0.4164  0.2141  0.4861 |           0.1413  0.3247  0.2322  0.2206
  5   0.3248  |                   0.0712  0.3873  0.2065  0.4735 |           0.1416  0.3239  0.2307  0.2137
  6   0.3369  |                   0.0708  0.4130  0.2134  0.4825 |           0.1405  0.3221  0.2322  0.2093
  7   0.3264  |                   0.0703  0.4025  0.2079  0.4647 |           0.1397  0.3225  0.2318  0.2150
  8   0.3297  |                   0.0706  0.3953  0.2103  0.4788 |           0.1400  0.3212  0.2306  0.2192
  9   0.3444  |                   0.0698  0.3880  0.2142  0.5227 |           0.1388  0.3201  0.2301  0.2167
 10   0.3369  |                   0.0696  0.3917  0.2110  0.5011 |           0.1382  0.3211  0.2299  0.2109
 11   0.3917  |                   0.0696  0.3868  0.2080  0.6449 |           0.1385  0.3203  0.2295  0.2163
 12   0.3597  |                   0.0696  0.3931  0.2046  0.5624 |           0.1380  0.3235  0.2296  0.2113
 13   0.4153  |                   0.0692  0.3843  0.2065  0.7034 |           0.1376  0.3189  0.2299  0.2222
 14   0.4289  |                   0.0692  0.3862  0.2090  0.7337 |           0.1375  0.3203  0.2296  0.2243

runs/surrogate_mean_s4  (chosen epoch 3; best.pt by valid loss = epoch 11)
 ep   pooled | walkable clipped  density      vx      vy     var | occupied  density      vx      vy     var
  0   0.3302  |                   0.0755  0.3826  0.2038  0.4925 |           0.1502  0.3355  0.2369  0.2172
  1   0.3718  |                   0.0731  0.3933  0.2038  0.5928 |           0.1451  0.3319  0.2352  0.2394
  2   0.3267  |                   0.0717  0.3776  0.2103  0.4847 |           0.1425  0.3237  0.2329  0.2173
  3   0.3045 *|                   0.0712  0.3720  0.2067  0.4297 |           0.1412  0.3260  0.2321  0.2131
  4   0.3523  |                   0.0711  0.3629  0.2074  0.5628 |           0.1414  0.3224  0.2318  0.2291
  5   0.3134  |                   0.0704  0.3648  0.2073  0.4603 |           0.1396  0.3228  0.2304  0.2181
  6   0.3105  |                   0.0699  0.3648  0.2148  0.4490 |           0.1387  0.3215  0.2307  0.2132
  7   0.3216  |                   0.0699  0.3756  0.2109  0.4724 |           0.1387  0.3191  0.2309  0.2147
  8   0.3542  |                   0.0697  0.3644  0.2030  0.5685 |           0.1385  0.3201  0.2303  0.2284
  9   0.3551  |                   0.0695  0.3714  0.2087  0.5641 |           0.1379  0.3188  0.2327  0.2324
 10   0.3483  |                   0.0692  0.3763  0.2106  0.5426 |           0.1375  0.3206  0.2307  0.2257
 11   0.3339  |                   0.0693  0.3680  0.2055  0.5134 |           0.1375  0.3167  0.2299  0.2194
 12   0.3500  |                   0.0696  0.3803  0.2164  0.5420 |           0.1380  0.3192  0.2308  0.2198
 13   0.3539  |                   0.0690  0.3888  0.2055  0.5503 |           0.1371  0.3190  0.2297  0.2125
 14   0.3319  |                   0.0689  0.3675  0.2071  0.5079 |           0.1368  0.3185  0.2311  0.2181
