Tesla V100-SXM2-32GB
[new_cov_components_f1.1_d0.75_blindg0.5] mode=full history=5
  frame 10/5000: 46.2 ms/frame
  frame 100/5000: 11.6 ms/frame
  frame 1000/5000: 8.3 ms/frame
  frame 5000/5000: 7.9 ms/frame
{"variant": "new_cov_components_f1.1_d0.75_blindg0.5", "rmse": 0.6912200102211536, "crps": 0.2055524588690975, "spread_skill": 0.2887528873888363}
[new_cov_components_f1.1_d0.75_blindg0.65] mode=full history=5
  frame 10/5000: 7.2 ms/frame
  frame 100/5000: 7.8 ms/frame
  frame 1000/5000: 7.8 ms/frame
  frame 5000/5000: 7.8 ms/frame
{"variant": "new_cov_components_f1.1_d0.75_blindg0.65", "rmse": 0.6913150992444796, "crps": 0.2058865215682502, "spread_skill": 0.3597594781214343}
[new_cov_components_f1.1_d0.75_blindg1] mode=full history=5
  frame 10/5000: 7.0 ms/frame
  frame 100/5000: 7.7 ms/frame
  frame 1000/5000: 7.8 ms/frame
  frame 5000/5000: 7.8 ms/frame
{"variant": "new_cov_components_f1.1_d0.75_blindg1", "rmse": 0.6913162557652616, "crps": 0.20983934271552868, "spread_skill": 0.5320990707136914}
[done] /scratch/work/zhangx29/Thesis_Project/methods/enkf/check_outputs/eval/covonly_pedpred5_blindgamma_atc-20130616_5000.json
