NVIDIA H200
[new_cov_sweep_alpha0.5_f0.5_d0.5_blindg1_emptyg1] mode=full history=5
  frame 10/37964: 36.3 ms/frame
  frame 100/37964: 6.5 ms/frame
  frame 1000/37964: 3.6 ms/frame
  frame 5000/37964: 3.3 ms/frame
  frame 10000/37964: 3.3 ms/frame
  frame 15000/37964: 3.3 ms/frame
  frame 20000/37964: 3.3 ms/frame
  frame 25000/37964: 3.3 ms/frame
  frame 30000/37964: 3.3 ms/frame
  frame 35000/37964: 3.3 ms/frame
{"variant": "new_cov_sweep_alpha0.5_f0.5_d0.5_blindg1_emptyg1", "rmse": 0.8300930283962448, "crps": 0.2676919082096819, "spread_skill": 0.3509430637052724}
[new_cov_sweep_alpha2_f2_d2_blindg1_emptyg1] mode=full history=5
  frame 10/37964: 3.1 ms/frame
  frame 100/37964: 3.2 ms/frame
  frame 1000/37964: 3.2 ms/frame
  frame 5000/37964: 3.2 ms/frame
  frame 10000/37964: 3.2 ms/frame
  frame 15000/37964: 3.2 ms/frame
  frame 20000/37964: 3.2 ms/frame
  frame 25000/37964: 3.2 ms/frame
  frame 30000/37964: 3.2 ms/frame
  frame 35000/37964: 3.2 ms/frame
{"variant": "new_cov_sweep_alpha2_f2_d2_blindg1_emptyg1", "rmse": 0.8088279458194658, "crps": 0.24797936872623585, "spread_skill": 0.7014836381840401}
[new_cov_sweep_alpha8_f8_d8_blindg1_emptyg1] mode=full history=5
  frame 10/37964: 3.1 ms/frame
  frame 100/37964: 3.3 ms/frame
  frame 1000/37964: 3.2 ms/frame
  frame 5000/37964: 3.3 ms/frame
  frame 10000/37964: 3.2 ms/frame
  frame 15000/37964: 3.2 ms/frame
  frame 20000/37964: 3.2 ms/frame
  frame 25000/37964: 3.3 ms/frame
  frame 30000/37964: 3.3 ms/frame
  frame 35000/37964: 3.3 ms/frame
{"variant": "new_cov_sweep_alpha8_f8_d8_blindg1_emptyg1", "rmse": 0.8102276875429126, "crps": 0.29762236230056655, "spread_skill": 1.462323718432702}
[new_cov_sweep_alpha32_f32_d32_blindg1_emptyg1] mode=full history=5
  frame 10/37964: 3.1 ms/frame
  frame 100/37964: 3.3 ms/frame
  frame 1000/37964: 3.2 ms/frame
  frame 5000/37964: 3.3 ms/frame
  frame 10000/37964: 3.2 ms/frame
  frame 15000/37964: 3.2 ms/frame
  frame 20000/37964: 3.2 ms/frame
  frame 25000/37964: 3.2 ms/frame
  frame 30000/37964: 3.2 ms/frame
  frame 35000/37964: 3.3 ms/frame
{"variant": "new_cov_sweep_alpha32_f32_d32_blindg1_emptyg1", "rmse": 0.8048918463083076, "crps": 0.45962811025223926, "spread_skill": 2.9800140520485496}
[done] /scratch/work/zhangx29/Thesis_Project/methods/enkf/check_outputs/eval/j4nofcst_alphasweep_atc-20130929.json
