[gaussian] 1000/39821, 0.0042 s/frame
[gaussian] 2000/39821, 0.0040 s/frame
[gaussian] 3000/39821, 0.0039 s/frame
[gaussian] 4000/39821, 0.0039 s/frame
[gaussian] 5000/39821, 0.0039 s/frame
[gaussian] 6000/39821, 0.0039 s/frame
[gaussian] 7000/39821, 0.0038 s/frame
[gaussian] 8000/39821, 0.0038 s/frame
[gaussian] 9000/39821, 0.0038 s/frame
[gaussian] 10000/39821, 0.0038 s/frame
[gaussian] 11000/39821, 0.0038 s/frame
[gaussian] 12000/39821, 0.0038 s/frame
[gaussian] 13000/39821, 0.0038 s/frame
[gaussian] 14000/39821, 0.0038 s/frame
[gaussian] 15000/39821, 0.0038 s/frame
[gaussian] 16000/39821, 0.0038 s/frame
[gaussian] 17000/39821, 0.0038 s/frame
[gaussian] 18000/39821, 0.0038 s/frame
[gaussian] 19000/39821, 0.0038 s/frame
[gaussian] 20000/39821, 0.0038 s/frame
[gaussian] 21000/39821, 0.0038 s/frame
[gaussian] 22000/39821, 0.0038 s/frame
[gaussian] 23000/39821, 0.0038 s/frame
[gaussian] 24000/39821, 0.0038 s/frame
[gaussian] 25000/39821, 0.0038 s/frame
[gaussian] 26000/39821, 0.0038 s/frame
[gaussian] 27000/39821, 0.0038 s/frame
[gaussian] 28000/39821, 0.0038 s/frame
[gaussian] 29000/39821, 0.0038 s/frame
[gaussian] 30000/39821, 0.0038 s/frame
[gaussian] 31000/39821, 0.0038 s/frame
[gaussian] 32000/39821, 0.0038 s/frame
[gaussian] 33000/39821, 0.0038 s/frame
[gaussian] 34000/39821, 0.0038 s/frame
[gaussian] 35000/39821, 0.0038 s/frame
[gaussian] 36000/39821, 0.0038 s/frame
[gaussian] 37000/39821, 0.0038 s/frame
[gaussian] 38000/39821, 0.0038 s/frame
[gaussian] 39000/39821, 0.0038 s/frame
[all] RMSE=0.21456 CRPS=0.13003 spread/skill=0.012 cov90=0.063
[defined_blind] RMSE=0.33045 CRPS=0.18663 spread/skill=0.005 cov90=0.024
[density] spearman=+0.549 AUSE=0.668
[vx] spearman=+0.070 AUSE=0.982
[vy] spearman=+0.206 AUSE=0.989
[var] spearman=+0.293 AUSE=0.636
[runtime] 227.25s on Tesla V100-PCIE-32GB; failures=0
[out] methods/enkf/check_outputs/kalman_contribution/original_run.json
[residual] 1000/39821, 0.0065 s/frame
[residual] 2000/39821, 0.0063 s/frame
[residual] 3000/39821, 0.0062 s/frame
[residual] 4000/39821, 0.0062 s/frame
[residual] 5000/39821, 0.0061 s/frame
[residual] 6000/39821, 0.0061 s/frame
[residual] 7000/39821, 0.0061 s/frame
[residual] 8000/39821, 0.0061 s/frame
[residual] 9000/39821, 0.0061 s/frame
[residual] 10000/39821, 0.0061 s/frame
[residual] 11000/39821, 0.0061 s/frame
[residual] 12000/39821, 0.0060 s/frame
[residual] 13000/39821, 0.0060 s/frame
[residual] 14000/39821, 0.0060 s/frame
[residual] 15000/39821, 0.0060 s/frame
[residual] 16000/39821, 0.0060 s/frame
[residual] 17000/39821, 0.0060 s/frame
[residual] 18000/39821, 0.0060 s/frame
[residual] 19000/39821, 0.0061 s/frame
[residual] 20000/39821, 0.0061 s/frame
[residual] 21000/39821, 0.0061 s/frame
[residual] 22000/39821, 0.0061 s/frame
[residual] 23000/39821, 0.0061 s/frame
[residual] 24000/39821, 0.0061 s/frame
[residual] 25000/39821, 0.0061 s/frame
[residual] 26000/39821, 0.0061 s/frame
[residual] 27000/39821, 0.0061 s/frame
[residual] 28000/39821, 0.0061 s/frame
[residual] 29000/39821, 0.0061 s/frame
[residual] 30000/39821, 0.0061 s/frame
[residual] 31000/39821, 0.0061 s/frame
[residual] 32000/39821, 0.0060 s/frame
[residual] 33000/39821, 0.0060 s/frame
[residual] 34000/39821, 0.0060 s/frame
[residual] 35000/39821, 0.0060 s/frame
[residual] 36000/39821, 0.0060 s/frame
[residual] 37000/39821, 0.0060 s/frame
[residual] 38000/39821, 0.0060 s/frame
[residual] 39000/39821, 0.0060 s/frame
[all] RMSE=0.18590 CRPS=0.07937 spread/skill=1.113 cov90=0.796
[defined_blind] RMSE=0.33221 CRPS=0.13910 spread/skill=0.903 cov90=0.938
[density] spearman=+0.912 AUSE=0.163
[vx] spearman=+0.669 AUSE=0.277
[vy] spearman=+0.663 AUSE=0.396
[var] spearman=+0.937 AUSE=0.107
[runtime] 312.02s on Tesla V100-PCIE-32GB; failures=0
[out] methods/enkf/check_outputs/kalman_contribution/final_run.json
[original] atc-20130811  frames 39321
            absorb  fc spread      obs: fc->an RMSE    cut    blind: fc->an RMSE    cut
all           0.2%     0.0025      0.2579 -> 0.2571   0.3%      0.2380 -> 0.2379   0.0%
density      -0.0%     0.0006      0.1675 -> 0.1675  -0.0%      0.1451 -> 0.1451  -0.0%
vx            0.0%     0.0036      0.4191 -> 0.4188   0.1%      0.3795 -> 0.3794   0.0%
vy            0.1%     0.0015      0.1637 -> 0.1636   0.1%      0.1595 -> 0.1595   0.0%
variance      1.8%     0.0042      0.1884 -> 0.1849   1.8%      0.1898 -> 0.1897   0.1%
[final] atc-20130811  frames 39321
            absorb  fc spread      obs: fc->an RMSE    cut    blind: fc->an RMSE    cut
all          22.2%     0.3373      0.2365 -> 0.1791  24.2%      0.2751 -> 0.2665   3.1%
density      13.6%     0.1518      0.1441 -> 0.1244  13.7%      0.1442 -> 0.1444  -0.1%
vx           11.0%     0.6643      0.3468 -> 0.2999  13.5%      0.3923 -> 0.3840   2.1%
vy           17.2%     0.2778      0.1469 -> 0.1212  17.5%      0.1729 -> 0.1703   1.5%
variance     68.3%     0.2552      0.2472 -> 0.0910  63.2%      0.3131 -> 0.2947   5.9%
