[model] Senseiver 65,892 参数 | 4DVarNet b0_k1 dT=200 n_iter=20 | walkable 290/432 | device=cuda
  atc-20130811: 39821 帧, 评 [1,39820)  Senseiver full=0.0138  4DVarNet b0_k1 full=0.0272  EnKF k1 full=0.0473

  [warn] DINCAE 那一行是 7 天池化的，本次只跑了 1 天 —— 两者不可比，这张表只能用来看代码通不通。


全场 RMSE（观测 + 盲区所有格子）—— 池化 vs 按日平均 vs 不裁剪

方法                          池化        按日平均       池化,不裁         按日平均,不裁
----------------------------------------------------------------------
Senseiver               0.1174      0.1174      0.1172          0.1172
4DVarNet b0_k1          0.1649      0.1649      0.1662          0.1662
EnKF k1                 0.2175      0.2175      0.2175          0.2175

有定义格子 ∩ walkable ∩ 盲区（四方可比的口径）

方法                      density         vx         vy        var         合计     合计RMSE
--------------------------------------------------------------------------------------
Senseiver                0.0211     0.5030     0.0876     0.0397     0.0933     0.3054
4DVarNet b0_k1           0.0263     0.4933     0.1078     0.0557     0.0997     0.3158
EnKF k1                  0.0203     0.5946     0.0968     0.0539     0.1073     0.3275
DINCAE                   0.0230     0.5457     0.1026     0.0539     0.1034     0.3216

所有格子 ∩ 盲区（compare3 的旧口径，供对照）

方法                      density         vx         vy        var         合计     合计RMSE
--------------------------------------------------------------------------------------
Senseiver                0.0124     0.0610     0.0111     0.0045     0.0222     0.1492
4DVarNet b0_k1           0.0154     0.0725     0.0186     0.0078     0.0286     0.1691
EnKF k1                  0.0119     0.0874     0.0169     0.0374     0.0384     0.1960
DINCAE                   0.0134     0.5713     1.6489     0.0239     0.5644     0.7513

[out] compare/results/_e2e.json
