[config] observation config = {'sensing_range': 7, 'num_agents': 3, 'add_noise': True, 'obs_every_k': 1, 'init_method': 'prev'}
[data] loading train split ...
  [1/32] atc-20121028: 10112 frames, observed cells/frame 202.4
  [2/32] atc-20121104: 10071 frames, observed cells/frame 202.5
  [3/32] atc-20121111: 9685 frames, observed cells/frame 202.7
  [4/32] atc-20121118: 9821 frames, observed cells/frame 202.6
  [5/32] atc-20121125: 9960 frames, observed cells/frame 202.6
  [6/32] atc-20121202: 9599 frames, observed cells/frame 202.8
  [7/32] atc-20121209: 9295 frames, observed cells/frame 202.8
  [8/32] atc-20121216: 10176 frames, observed cells/frame 202.4
  [9/32] atc-20121223: 9994 frames, observed cells/frame 202.6
  [10/32] atc-20130106: 9612 frames, observed cells/frame 202.7
  [11/32] atc-20130113: 9701 frames, observed cells/frame 202.7
  [12/32] atc-20130120: 9817 frames, observed cells/frame 202.6
  [13/32] atc-20130127: 10379 frames, observed cells/frame 202.3
  [14/32] atc-20130203: 9646 frames, observed cells/frame 202.8
  [15/32] atc-20130210: 9788 frames, observed cells/frame 202.6
  [16/32] atc-20130217: 9776 frames, observed cells/frame 202.6
  [17/32] atc-20130224: 9872 frames, observed cells/frame 202.6
  [18/32] atc-20130303: 8798 frames, observed cells/frame 202.7
  [19/32] atc-20130310: 9930 frames, observed cells/frame 202.6
  [20/32] atc-20130317: 9704 frames, observed cells/frame 202.8
  [21/32] atc-20130324: 10354 frames, observed cells/frame 202.3
  [22/32] atc-20130331: 9920 frames, observed cells/frame 202.6
  [23/32] atc-20130407: 9704 frames, observed cells/frame 202.8
  [24/32] atc-20130414: 9907 frames, observed cells/frame 202.6
  [25/32] atc-20130421: 10207 frames, observed cells/frame 202.4
  [26/32] atc-20130428: 10002 frames, observed cells/frame 202.6
  [27/32] atc-20130505: 9926 frames, observed cells/frame 202.6
  [28/32] atc-20130512: 9535 frames, observed cells/frame 202.8
  [29/32] atc-20130519: 10080 frames, observed cells/frame 202.5
  [30/32] atc-20130526: 10247 frames, observed cells/frame 202.4
  [31/32] atc-20130602: 10012 frames, observed cells/frame 202.6
  [32/32] atc-20130609: 10013 frames, observed cells/frame 202.5
[data] 315643 training frames
  [1/3] atc-20130616: 1757 frames, observed cells/frame 203.1
  [2/3] atc-20130623: 2031 frames, observed cells/frame 202.6
  [3/3] atc-20130630: 2036 frames, observed cells/frame 202.7
[data] 5824 validation frames
[stats] encoder input standardisation mean=[0.07511292 0.00634202 0.00052243 0.02488372] std=[0.21129094 0.53812015 0.1899018  0.1210584 ]
[model] 65,924 parameters  latent=grid  readout=decoder  seed=125
[ep   0] train 0.02742  valid mse 0.01589  blind 0.02547  density_occ 0.04374  (144s)
[ep   1] train 0.01860  valid mse 0.01492  blind 0.02490  density_occ 0.03856  (144s)
[ep   2] train 0.01788  valid mse 0.01451  blind 0.02450  density_occ 0.03860  (144s)
[ep   3] train 0.01754  valid mse 0.01429  blind 0.02429  density_occ 0.03855  (144s)
[ep   4] train 0.01734  valid mse 0.01414  blind 0.02418  density_occ 0.03812  (144s)
[ep   5] train 0.01721  valid mse 0.01408  blind 0.02408  density_occ 0.03799  (144s)
[ep   6] train 0.01715  valid mse 0.01402  blind 0.02408  density_occ 0.03773  (147s)
[ep   7] train 0.01708  valid mse 0.01429  blind 0.02431  density_occ 0.03732  (148s)
[ep   8] train 0.01707  valid mse 0.01399  blind 0.02408  density_occ 0.03753  (147s)
[ep   9] train 0.01696  valid mse 0.01409  blind 0.02411  density_occ 0.03762  (149s)
[ep  10] train 0.01693  valid mse 0.01411  blind 0.02408  density_occ 0.03734  (149s)
[ep  11] train 0.01694  valid mse 0.01394  blind 0.02404  density_occ 0.03746  (144s)
[ep  12] train 0.01695  valid mse 0.01398  blind 0.02408  density_occ 0.03668  (145s)
[ep  13] train 0.01693  valid mse 0.01385  blind 0.02393  density_occ 0.03745  (145s)
[ep  14] train 0.01689  valid mse 0.01409  blind 0.02410  density_occ 0.03740  (145s)
[ep  15] train 0.01700  valid mse 0.01399  blind 0.02409  density_occ 0.03660  (145s)
[ep  16] train 0.01696  valid mse 0.01406  blind 0.02400  density_occ 0.03759  (145s)
[ep  17] train 0.01691  valid mse 0.01395  blind 0.02399  density_occ 0.03818  (145s)
[ep  18] train 0.01694  valid mse 0.01389  blind 0.02399  density_occ 0.03713  (144s)
[ep  19] train 0.01703  valid mse 0.01415  blind 0.02417  density_occ 0.03812  (144s)
[ep  20] train 0.01706  valid mse 0.01408  blind 0.02416  density_occ 0.03766  (144s)
[ep  21] train 0.01712  valid mse 0.01490  blind 0.02434  density_occ 0.04136  (145s)
[ep  22] train 0.01725  valid mse 0.01420  blind 0.02419  density_occ 0.03762  (148s)
[ep  23] train 0.01720  valid mse 0.01424  blind 0.02431  density_occ 0.03762  (149s)
[ep  24] train 0.01717  valid mse 0.01425  blind 0.02417  density_occ 0.03927  (149s)
[ep  25] train 0.01731  valid mse 0.01416  blind 0.02415  density_occ 0.03759  (143s)
[ep  26] train 0.01735  valid mse 0.01444  blind 0.02431  density_occ 0.03867  (142s)
[ep  27] train 0.01771  valid mse 0.01443  blind 0.02433  density_occ 0.03902  (143s)
[ep  28] train 0.01770  valid mse 0.01450  blind 0.02443  density_occ 0.03786  (143s)
[ep  29] train 0.01763  valid mse 0.01451  blind 0.02439  density_occ 0.03815  (143s)
[ep  30] train 0.01781  valid mse 0.01472  blind 0.02456  density_occ 0.03861  (143s)
[ep  31] train 0.01808  valid mse 0.01458  blind 0.02444  density_occ 0.03817  (145s)
[ep  32] train 0.01794  valid mse 0.01466  blind 0.02452  density_occ 0.04047  (147s)
[ep  33] train 0.01830  valid mse 0.01494  blind 0.02463  density_occ 0.04014  (147s)
[ep  34] train 0.01841  valid mse 0.01513  blind 0.02477  density_occ 0.03972  (147s)
[ep  35] train 0.01826  valid mse 0.01465  blind 0.02453  density_occ 0.04037  (146s)
[ep  36] train 0.01796  valid mse 0.01465  blind 0.02454  density_occ 0.03863  (147s)
[ep  37] train 0.01792  valid mse 0.01455  blind 0.02441  density_occ 0.03947  (147s)
[ep  38] train 0.01784  valid mse 0.01459  blind 0.02446  density_occ 0.03901  (147s)
[ep  39] train 0.01771  valid mse 0.01447  blind 0.02439  density_occ 0.03824  (147s)
[done]
