[config] observation config = {'sensing_range': 7, 'num_agents': 3, 'add_noise': True, 'obs_every_k': 1, 'init_method': 'prev'}
[data] loading train split ...
  [1/32] atc-20121028: 10112 frames, observed cells/frame 202.7, observation seed 123
  [2/32] atc-20121104: 10071 frames, observed cells/frame 202.7, observation seed 123
  [3/32] atc-20121111: 9685 frames, observed cells/frame 202.9, observation seed 123
  [4/32] atc-20121118: 9821 frames, observed cells/frame 202.8, observation seed 123
  [5/32] atc-20121125: 9960 frames, observed cells/frame 202.7, observation seed 123
  [6/32] atc-20121202: 9599 frames, observed cells/frame 202.8, observation seed 123
  [7/32] atc-20121209: 9295 frames, observed cells/frame 202.5, observation seed 123
  [8/32] atc-20121216: 10176 frames, observed cells/frame 202.7, observation seed 123
  [9/32] atc-20121223: 9994 frames, observed cells/frame 202.7, observation seed 123
  [10/32] atc-20130106: 9612 frames, observed cells/frame 202.8, observation seed 123
  [11/32] atc-20130113: 9701 frames, observed cells/frame 202.9, observation seed 123
  [12/32] atc-20130120: 9817 frames, observed cells/frame 202.8, observation seed 123
  [13/32] atc-20130127: 10379 frames, observed cells/frame 202.7, observation seed 123
  [14/32] atc-20130203: 9646 frames, observed cells/frame 202.8, observation seed 123
  [15/32] atc-20130210: 9788 frames, observed cells/frame 202.9, observation seed 123
  [16/32] atc-20130217: 9776 frames, observed cells/frame 202.9, observation seed 123
  [17/32] atc-20130224: 9872 frames, observed cells/frame 202.8, observation seed 123
  [18/32] atc-20130303: 8798 frames, observed cells/frame 202.5, observation seed 123
  [19/32] atc-20130310: 9930 frames, observed cells/frame 202.7, observation seed 123
  [20/32] atc-20130317: 9704 frames, observed cells/frame 202.9, observation seed 123
  [21/32] atc-20130324: 10354 frames, observed cells/frame 202.7, observation seed 123
  [22/32] atc-20130331: 9920 frames, observed cells/frame 202.7, observation seed 123
  [23/32] atc-20130407: 9704 frames, observed cells/frame 202.9, observation seed 123
  [24/32] atc-20130414: 9907 frames, observed cells/frame 202.8, observation seed 123
  [25/32] atc-20130421: 10207 frames, observed cells/frame 202.7, observation seed 123
  [26/32] atc-20130428: 10002 frames, observed cells/frame 202.7, observation seed 123
  [27/32] atc-20130505: 9926 frames, observed cells/frame 202.7, observation seed 123
  [28/32] atc-20130512: 9535 frames, observed cells/frame 202.8, observation seed 123
  [29/32] atc-20130519: 10080 frames, observed cells/frame 202.7, observation seed 123
  [30/32] atc-20130526: 10247 frames, observed cells/frame 202.7, observation seed 123
  [31/32] atc-20130602: 10012 frames, observed cells/frame 202.7, observation seed 123
  [32/32] atc-20130609: 10013 frames, observed cells/frame 202.7, observation seed 123
[data] 315643 training frames
  [1/3] atc-20130616: 1757 frames, observed cells/frame 202.5, observation seed 123
  [2/3] atc-20130623: 2031 frames, observed cells/frame 203.0, observation seed 123
  [3/3] atc-20130630: 2036 frames, observed cells/frame 203.1, observation seed 123
[data] 5824 validation frames
[data] model_seed=123  train_obs_seed=123 train_trajectory_mode=fixed  valid_obs_seed=123 valid_trajectory_mode=fixed
[stats] encoder input standardisation mean=[0.07504988 0.0059779  0.0007054  0.02486421] std=[0.21125616 0.53789836 0.18976499 0.12118698]
[model] 56,260 parameters  latent=grid  readout=direct  time_window=1  share_blocks=True  seed=123
[ep   0] train 0.03736  valid mse 0.01612  blind 0.02573  density_occ 0.04244  (88s)
[ep   1] train 0.01901  valid mse 0.01501  blind 0.02501  density_occ 0.03915  (87s)
[ep   2] train 0.01778  valid mse 0.01431  blind 0.02422  density_occ 0.03755  (88s)
[ep   3] train 0.01724  valid mse 0.01403  blind 0.02403  density_occ 0.03623  (87s)
[ep   4] train 0.01694  valid mse 0.01393  blind 0.02387  density_occ 0.03651  (87s)
[ep   5] train 0.01674  valid mse 0.01373  blind 0.02368  density_occ 0.03641  (86s)
[ep   6] train 0.01658  valid mse 0.01364  blind 0.02362  density_occ 0.03764  (87s)
[ep   7] train 0.01647  valid mse 0.01355  blind 0.02354  density_occ 0.03675  (86s)
[ep   8] train 0.01637  valid mse 0.01348  blind 0.02349  density_occ 0.03622  (86s)
[ep   9] train 0.01632  valid mse 0.01345  blind 0.02344  density_occ 0.03539  (86s)
[ep  10] train 0.01626  valid mse 0.01347  blind 0.02346  density_occ 0.03584  (86s)
[ep  11] train 0.01620  valid mse 0.01336  blind 0.02327  density_occ 0.03620  (87s)
[ep  12] train 0.01618  valid mse 0.01336  blind 0.02332  density_occ 0.03786  (87s)
[ep  13] train 0.01615  valid mse 0.01343  blind 0.02338  density_occ 0.03652  (87s)
[ep  14] train 0.01612  valid mse 0.01332  blind 0.02328  density_occ 0.03602  (87s)
[ep  15] train 0.01609  valid mse 0.01333  blind 0.02329  density_occ 0.03532  (87s)
[ep  16] train 0.01606  valid mse 0.01326  blind 0.02321  density_occ 0.03634  (87s)
[ep  17] train 0.01605  valid mse 0.01329  blind 0.02324  density_occ 0.03623  (87s)
[ep  18] train 0.01603  valid mse 0.01328  blind 0.02327  density_occ 0.03495  (87s)
[ep  19] train 0.01600  valid mse 0.01330  blind 0.02326  density_occ 0.03465  (87s)
[ep  20] train 0.01599  valid mse 0.01324  blind 0.02318  density_occ 0.03591  (87s)
[ep  21] train 0.01598  valid mse 0.01326  blind 0.02326  density_occ 0.03590  (86s)
[ep  22] train 0.01596  valid mse 0.01324  blind 0.02319  density_occ 0.03617  (87s)
[ep  23] train 0.01595  valid mse 0.01323  blind 0.02322  density_occ 0.03523  (87s)
[ep  24] train 0.01594  valid mse 0.01324  blind 0.02322  density_occ 0.03475  (87s)
[ep  25] train 0.01594  valid mse 0.01321  blind 0.02315  density_occ 0.03630  (86s)
[ep  26] train 0.01592  valid mse 0.01322  blind 0.02320  density_occ 0.03409  (87s)
[ep  27] train 0.01591  valid mse 0.01324  blind 0.02322  density_occ 0.03482  (87s)
[ep  28] train 0.01591  valid mse 0.01317  blind 0.02312  density_occ 0.03516  (86s)
[ep  29] train 0.01588  valid mse 0.01317  blind 0.02312  density_occ 0.03507  (87s)
[ep  30] train 0.01588  valid mse 0.01325  blind 0.02320  density_occ 0.03342  (86s)
[ep  31] train 0.01587  valid mse 0.01330  blind 0.02336  density_occ 0.03461  (86s)
[ep  32] train 0.01587  valid mse 0.01319  blind 0.02314  density_occ 0.03579  (86s)
[ep  33] train 0.01585  valid mse 0.01314  blind 0.02308  density_occ 0.03524  (86s)
[ep  34] train 0.01585  valid mse 0.01316  blind 0.02311  density_occ 0.03545  (86s)
[ep  35] train 0.01586  valid mse 0.01329  blind 0.02328  density_occ 0.03499  (86s)
[ep  36] train 0.01584  valid mse 0.01313  blind 0.02308  density_occ 0.03444  (86s)
[ep  37] train 0.01584  valid mse 0.01318  blind 0.02313  density_occ 0.03463  (87s)
[ep  38] train 0.01582  valid mse 0.01321  blind 0.02315  density_occ 0.03436  (88s)
[ep  39] train 0.01582  valid mse 0.01314  blind 0.02310  density_occ 0.03489  (88s)
[done]
