[config] observation config = {'sensing_range': 7, 'num_agents': 3, 'add_noise': True, 'obs_every_k': 1, 'init_method': 'prev'}
[data] loading train split ...
  [1/32] atc-20121028: 10112 frames, observed cells/frame 201.5, observation seed 734804
  [2/32] atc-20121104: 10071 frames, observed cells/frame 202.7, observation seed 734811
  [3/32] atc-20121111: 9685 frames, observed cells/frame 201.5, observation seed 734818
  [4/32] atc-20121118: 9821 frames, observed cells/frame 202.7, observation seed 734825
  [5/32] atc-20121125: 9960 frames, observed cells/frame 202.3, observation seed 734832
  [6/32] atc-20121202: 9599 frames, observed cells/frame 202.8, observation seed 734839
  [7/32] atc-20121209: 9295 frames, observed cells/frame 202.4, observation seed 734846
  [8/32] atc-20121216: 10176 frames, observed cells/frame 202.0, observation seed 734853
  [9/32] atc-20121223: 9994 frames, observed cells/frame 203.1, observation seed 734860
  [10/32] atc-20130106: 9612 frames, observed cells/frame 202.9, observation seed 734874
  [11/32] atc-20130113: 9701 frames, observed cells/frame 202.2, observation seed 734881
  [12/32] atc-20130120: 9817 frames, observed cells/frame 201.6, observation seed 734888
  [13/32] atc-20130127: 10379 frames, observed cells/frame 202.7, observation seed 734895
  [14/32] atc-20130203: 9646 frames, observed cells/frame 201.6, observation seed 734902
  [15/32] atc-20130210: 9788 frames, observed cells/frame 202.8, observation seed 734909
  [16/32] atc-20130217: 9776 frames, observed cells/frame 201.6, observation seed 734916
  [17/32] atc-20130224: 9872 frames, observed cells/frame 202.6, observation seed 734923
  [18/32] atc-20130303: 8798 frames, observed cells/frame 202.8, observation seed 734930
  [19/32] atc-20130310: 9930 frames, observed cells/frame 202.0, observation seed 734937
  [20/32] atc-20130317: 9704 frames, observed cells/frame 202.9, observation seed 734944
  [21/32] atc-20130324: 10354 frames, observed cells/frame 203.3, observation seed 734951
  [22/32] atc-20130331: 9920 frames, observed cells/frame 201.0, observation seed 734958
  [23/32] atc-20130407: 9704 frames, observed cells/frame 201.5, observation seed 734965
  [24/32] atc-20130414: 9907 frames, observed cells/frame 201.9, observation seed 734972
  [25/32] atc-20130421: 10207 frames, observed cells/frame 201.9, observation seed 734979
  [26/32] atc-20130428: 10002 frames, observed cells/frame 202.8, observation seed 734986
  [27/32] atc-20130505: 9926 frames, observed cells/frame 202.0, observation seed 734993
  [28/32] atc-20130512: 9535 frames, observed cells/frame 202.8, observation seed 735000
  [29/32] atc-20130519: 10080 frames, observed cells/frame 203.2, observation seed 735007
  [30/32] atc-20130526: 10247 frames, observed cells/frame 201.9, observation seed 735014
  [31/32] atc-20130602: 10012 frames, observed cells/frame 202.5, observation seed 735021
  [32/32] atc-20130609: 10013 frames, observed cells/frame 202.2, observation seed 735028
[data] 315643 training frames
  [1/3] atc-20130616: 1757 frames, observed cells/frame 203.3, observation seed 735035
  [2/3] atc-20130623: 2031 frames, observed cells/frame 200.4, observation seed 735042
  [3/3] atc-20130630: 2036 frames, observed cells/frame 202.4, observation seed 735049
[data] 5824 validation frames
[data] model_seed=123  train_obs_seed=0 train_trajectory_mode=per_day  valid_obs_seed=0 valid_trajectory_mode=per_day
[stats] encoder input standardisation mean=[0.07505934 0.00618134 0.00056882 0.02487173] std=[0.21119596 0.53820705 0.18990257 0.12073109]
[model] 65,892 parameters  latent=abstract  readout=decoder  time_window=1  share_blocks=True  seed=123
[2026-10-05T15:27:42.495] error: *** JOB 20772428 ON dgx25 CANCELLED AT 2026-10-05T15:27:42 DUE to SIGNAL Terminated ***
