[config] observation config = {'sensing_range': 7, 'num_agents': 3, 'add_noise': True, 'obs_every_k': 1, 'init_method': 'prev'}
[data] loading train split ...
  [1/32] atc-20121028: 10112 target frames of 40446, observed cells/frame 202.6, window 16, observation seed 123
  [2/32] atc-20121104: 10071 target frames of 40281, observed cells/frame 202.3, window 16, observation seed 124
  [3/32] atc-20121111: 9685 target frames of 38740, observed cells/frame 202.6, window 16, observation seed 125
  [4/32] atc-20121118: 9821 target frames of 39281, observed cells/frame 202.4, window 16, observation seed 126
  [5/32] atc-20121125: 9960 target frames of 39837, observed cells/frame 201.7, window 16, observation seed 127
  [6/32] atc-20121202: 9599 target frames of 38394, observed cells/frame 202.2, window 16, observation seed 128
  [7/32] atc-20121209: 9295 target frames of 37178, observed cells/frame 202.6, window 16, observation seed 129
  [8/32] atc-20121216: 10176 target frames of 40701, observed cells/frame 202.3, window 16, observation seed 130
  [9/32] atc-20121223: 9994 target frames of 39974, observed cells/frame 202.7, window 16, observation seed 131
  [10/32] atc-20130106: 9612 target frames of 38445, observed cells/frame 201.1, window 16, observation seed 132
  [11/32] atc-20130113: 9701 target frames of 38803, observed cells/frame 203.0, window 16, observation seed 133
  [12/32] atc-20130120: 9817 target frames of 39268, observed cells/frame 201.6, window 16, observation seed 134
  [13/32] atc-20130127: 10379 target frames of 41513, observed cells/frame 202.1, window 16, observation seed 135
  [14/32] atc-20130203: 9646 target frames of 38581, observed cells/frame 202.3, window 16, observation seed 136
  [15/32] atc-20130210: 9788 target frames of 39152, observed cells/frame 202.0, window 16, observation seed 137
  [16/32] atc-20130217: 9776 target frames of 39103, observed cells/frame 202.5, window 16, observation seed 138
  [17/32] atc-20130224: 9872 target frames of 39486, observed cells/frame 201.6, window 16, observation seed 139
  [18/32] atc-20130303: 8798 target frames of 35190, observed cells/frame 201.9, window 16, observation seed 140
  [19/32] atc-20130310: 9930 target frames of 39719, observed cells/frame 202.7, window 16, observation seed 141
  [20/32] atc-20130317: 9704 target frames of 38815, observed cells/frame 202.3, window 16, observation seed 142
  [21/32] atc-20130324: 10354 target frames of 41415, observed cells/frame 202.5, window 16, observation seed 143
  [22/32] atc-20130331: 9920 target frames of 39679, observed cells/frame 201.5, window 16, observation seed 144
  [23/32] atc-20130407: 9704 target frames of 38814, observed cells/frame 202.1, window 16, observation seed 145
  [24/32] atc-20130414: 9907 target frames of 39625, observed cells/frame 202.4, window 16, observation seed 146
  [25/32] atc-20130421: 10207 target frames of 40826, observed cells/frame 202.6, window 16, observation seed 147
  [26/32] atc-20130428: 10002 target frames of 40006, observed cells/frame 201.2, window 16, observation seed 148
  [27/32] atc-20130505: 9926 target frames of 39702, observed cells/frame 201.5, window 16, observation seed 149
  [28/32] atc-20130512: 9535 target frames of 38140, observed cells/frame 202.6, window 16, observation seed 150
  [29/32] atc-20130519: 10080 target frames of 40320, observed cells/frame 202.2, window 16, observation seed 151
  [30/32] atc-20130526: 10247 target frames of 40986, observed cells/frame 202.4, window 16, observation seed 152
  [31/32] atc-20130602: 10012 target frames of 40046, observed cells/frame 202.1, window 16, observation seed 153
  [32/32] atc-20130609: 10013 target frames of 40052, observed cells/frame 203.0, window 16, observation seed 154
[data] 315643 training frames
  [1/3] atc-20130616: 1757 target frames of 35127, observed cells/frame 202.1, window 16, observation seed 10000
  [2/3] atc-20130623: 2031 target frames of 40620, observed cells/frame 201.9, window 16, observation seed 10001
  [3/3] atc-20130630: 2036 target frames of 40710, observed cells/frame 201.7, window 16, observation seed 10002
[data] 5824 validation frames
[data] model_seed=123  train_obs_seed=123 train_trajectory_mode=per_day  valid_obs_seed=10000 valid_trajectory_mode=per_day
[stats] encoder input standardisation mean=[0.07511412 0.00592396 0.00065266 0.02490239] std=[0.21126083 0.5382095  0.18995318 0.1213738 ]
[model] 56,676 parameters  latent=grid  readout=direct  time_window=16  temporal=token_set  spatial=global  share_blocks=True  seed=123
[resume] continuing from epoch 30 (best=0.01876)
[ep  30] train 0.01325  valid mse 0.01080  blind 0.01877  density_occ 0.02666  (929s)
[ep  31] train 0.01324  valid mse 0.01078  blind 0.01872  density_occ 0.02651  (926s)
[ep  32] train 0.01325  valid mse 0.01087  blind 0.01888  density_occ 0.02616  (926s)
[ep  33] train 0.01323  valid mse 0.01098  blind 0.01894  density_occ 0.02647  (925s)
[ep  34] train 0.01318  valid mse 0.01078  blind 0.01874  density_occ 0.02657  (925s)
[ep  35] train 0.01318  valid mse 0.01071  blind 0.01864  density_occ 0.02591  (924s)
[ep  36] train 0.01317  valid mse 0.01073  blind 0.01867  density_occ 0.02597  (924s)
[ep  37] train 0.01315  valid mse 0.01076  blind 0.01872  density_occ 0.02578  (930s)
[ep  38] train 0.01318  valid mse 0.01071  blind 0.01864  density_occ 0.02611  (931s)
[ep  39] train 0.01313  valid mse 0.01072  blind 0.01866  density_occ 0.02657  (931s)
[chain] close to wall clock, queuing successor
Submitted batch job 20301427
