[config] observation config = {'sensing_range': 7, 'num_agents': 3, 'add_noise': True, 'obs_every_k': 1, 'init_method': 'prev'}
[data] loading train split ...
  [1/32] atc-20121028: 10112 target frames of 40446, observed cells/frame 202.6, window 16
  [2/32] atc-20121104: 10071 target frames of 40281, observed cells/frame 202.6, window 16
  [3/32] atc-20121111: 9685 target frames of 38740, observed cells/frame 202.8, window 16
  [4/32] atc-20121118: 9821 target frames of 39281, observed cells/frame 202.7, window 16
  [5/32] atc-20121125: 9960 target frames of 39837, observed cells/frame 202.7, window 16
  [6/32] atc-20121202: 9599 target frames of 38394, observed cells/frame 202.7, window 16
  [7/32] atc-20121209: 9295 target frames of 37178, observed cells/frame 202.5, window 16
  [8/32] atc-20121216: 10176 target frames of 40701, observed cells/frame 202.7, window 16
  [9/32] atc-20121223: 9994 target frames of 39974, observed cells/frame 202.6, window 16
  [10/32] atc-20130106: 9612 target frames of 38445, observed cells/frame 202.8, window 16
  [11/32] atc-20130113: 9701 target frames of 38803, observed cells/frame 202.8, window 16
  [12/32] atc-20130120: 9817 target frames of 39268, observed cells/frame 202.7, window 16
  [13/32] atc-20130127: 10379 target frames of 41513, observed cells/frame 202.7, window 16
  [14/32] atc-20130203: 9646 target frames of 38581, observed cells/frame 202.8, window 16
  [15/32] atc-20130210: 9788 target frames of 39152, observed cells/frame 202.8, window 16
  [16/32] atc-20130217: 9776 target frames of 39103, observed cells/frame 202.8, window 16
  [17/32] atc-20130224: 9872 target frames of 39486, observed cells/frame 202.7, window 16
  [18/32] atc-20130303: 8798 target frames of 35190, observed cells/frame 202.5, window 16
  [19/32] atc-20130310: 9930 target frames of 39719, observed cells/frame 202.7, window 16
  [20/32] atc-20130317: 9704 target frames of 38815, observed cells/frame 202.8, window 16
  [21/32] atc-20130324: 10354 target frames of 41415, observed cells/frame 202.7, window 16
  [22/32] atc-20130331: 9920 target frames of 39679, observed cells/frame 202.7, window 16
  [23/32] atc-20130407: 9704 target frames of 38814, observed cells/frame 202.8, window 16
  [24/32] atc-20130414: 9907 target frames of 39625, observed cells/frame 202.7, window 16
  [25/32] atc-20130421: 10207 target frames of 40826, observed cells/frame 202.7, window 16
  [26/32] atc-20130428: 10002 target frames of 40006, observed cells/frame 202.6, window 16
  [27/32] atc-20130505: 9926 target frames of 39702, observed cells/frame 202.7, window 16
  [28/32] atc-20130512: 9535 target frames of 38140, observed cells/frame 202.7, window 16
  [29/32] atc-20130519: 10080 target frames of 40320, observed cells/frame 202.6, window 16
  [30/32] atc-20130526: 10247 target frames of 40986, observed cells/frame 202.7, window 16
  [31/32] atc-20130602: 10012 target frames of 40046, observed cells/frame 202.6, window 16
  [32/32] atc-20130609: 10013 target frames of 40052, observed cells/frame 202.6, window 16
[data] 315643 training frames
  [1/3] atc-20130616: 1757 target frames of 35127, observed cells/frame 202.4, window 16
  [2/3] atc-20130623: 2031 target frames of 40620, observed cells/frame 202.7, window 16
  [3/3] atc-20130630: 2036 target frames of 40710, observed cells/frame 202.7, window 16
[data] 5824 validation frames
[stats] encoder input standardisation mean=[0.07504988 0.0059779  0.0007054  0.02486421] std=[0.21125616 0.53789836 0.18976499 0.12118698]
[model] 82,596 parameters  latent=grid  readout=direct  time_window=16  share_blocks=False  seed=123
[ep   0] train 0.03628  valid mse 0.01512  blind 0.02378  density_occ 0.03831  (364s)
[ep   1] train 0.01739  valid mse 0.01348  blind 0.02216  density_occ 0.03455  (359s)
[ep   2] train 0.01596  valid mse 0.01260  blind 0.02107  density_occ 0.03115  (364s)
[ep   3] train 0.01521  valid mse 0.01220  blind 0.02061  density_occ 0.03105  (363s)
[ep   4] train 0.01482  valid mse 0.01204  blind 0.02032  density_occ 0.02990  (362s)
[ep   5] train 0.01457  valid mse 0.01175  blind 0.01994  density_occ 0.02976  (364s)
[ep   6] train 0.01439  valid mse 0.01173  blind 0.01993  density_occ 0.02971  (364s)
[ep   7] train 0.01425  valid mse 0.01156  blind 0.01968  density_occ 0.02916  (363s)
[ep   8] train 0.01412  valid mse 0.01144  blind 0.01955  density_occ 0.02918  (363s)
[ep   9] train 0.01404  valid mse 0.01138  blind 0.01951  density_occ 0.02930  (363s)
[ep  10] train 0.01395  valid mse 0.01139  blind 0.01947  density_occ 0.02949  (363s)
[ep  11] train 0.01390  valid mse 0.01130  blind 0.01936  density_occ 0.02927  (363s)
[ep  12] train 0.01381  valid mse 0.01132  blind 0.01945  density_occ 0.02932  (364s)
[ep  13] train 0.01376  valid mse 0.01132  blind 0.01932  density_occ 0.02808  (364s)
[ep  14] train 0.01372  valid mse 0.01125  blind 0.01933  density_occ 0.02811  (363s)
[ep  15] train 0.01368  valid mse 0.01118  blind 0.01921  density_occ 0.02816  (368s)
[ep  16] train 0.01363  valid mse 0.01115  blind 0.01920  density_occ 0.02852  (364s)
[ep  17] train 0.01360  valid mse 0.01114  blind 0.01915  density_occ 0.02862  (364s)
[ep  18] train 0.01356  valid mse 0.01107  blind 0.01909  density_occ 0.02832  (365s)
[ep  19] train 0.01352  valid mse 0.01107  blind 0.01908  density_occ 0.02763  (367s)
[ep  20] train 0.01349  valid mse 0.01105  blind 0.01905  density_occ 0.02804  (364s)
[ep  21] train 0.01346  valid mse 0.01105  blind 0.01907  density_occ 0.02848  (365s)
[ep  22] train 0.01343  valid mse 0.01102  blind 0.01902  density_occ 0.02828  (365s)
[ep  23] train 0.01340  valid mse 0.01095  blind 0.01892  density_occ 0.02827  (365s)
[ep  24] train 0.01339  valid mse 0.01094  blind 0.01889  density_occ 0.02828  (365s)
[chain] close to wall clock, queuing successor
Submitted batch job 20279246
