[config] observation config = {'sensing_range': 7, 'num_agents': 3, 'add_noise': True, 'obs_every_k': 1, 'init_method': 'prev'}
[data] loading train split ...
  [1/32] atc-20121028: 10112 target frames of 40446, observed cells/frame 202.6, window 16
  [2/32] atc-20121104: 10071 target frames of 40281, observed cells/frame 202.6, window 16
  [3/32] atc-20121111: 9685 target frames of 38740, observed cells/frame 202.8, window 16
  [4/32] atc-20121118: 9821 target frames of 39281, observed cells/frame 202.7, window 16
  [5/32] atc-20121125: 9960 target frames of 39837, observed cells/frame 202.7, window 16
  [6/32] atc-20121202: 9599 target frames of 38394, observed cells/frame 202.7, window 16
  [7/32] atc-20121209: 9295 target frames of 37178, observed cells/frame 202.5, window 16
  [8/32] atc-20121216: 10176 target frames of 40701, observed cells/frame 202.7, window 16
  [9/32] atc-20121223: 9994 target frames of 39974, observed cells/frame 202.6, window 16
  [10/32] atc-20130106: 9612 target frames of 38445, observed cells/frame 202.8, window 16
  [11/32] atc-20130113: 9701 target frames of 38803, observed cells/frame 202.8, window 16
  [12/32] atc-20130120: 9817 target frames of 39268, observed cells/frame 202.7, window 16
  [13/32] atc-20130127: 10379 target frames of 41513, observed cells/frame 202.7, window 16
  [14/32] atc-20130203: 9646 target frames of 38581, observed cells/frame 202.8, window 16
  [15/32] atc-20130210: 9788 target frames of 39152, observed cells/frame 202.8, window 16
  [16/32] atc-20130217: 9776 target frames of 39103, observed cells/frame 202.8, window 16
  [17/32] atc-20130224: 9872 target frames of 39486, observed cells/frame 202.7, window 16
  [18/32] atc-20130303: 8798 target frames of 35190, observed cells/frame 202.5, window 16
  [19/32] atc-20130310: 9930 target frames of 39719, observed cells/frame 202.7, window 16
  [20/32] atc-20130317: 9704 target frames of 38815, observed cells/frame 202.8, window 16
  [21/32] atc-20130324: 10354 target frames of 41415, observed cells/frame 202.7, window 16
  [22/32] atc-20130331: 9920 target frames of 39679, observed cells/frame 202.7, window 16
  [23/32] atc-20130407: 9704 target frames of 38814, observed cells/frame 202.8, window 16
  [24/32] atc-20130414: 9907 target frames of 39625, observed cells/frame 202.7, window 16
  [25/32] atc-20130421: 10207 target frames of 40826, observed cells/frame 202.7, window 16
  [26/32] atc-20130428: 10002 target frames of 40006, observed cells/frame 202.6, window 16
  [27/32] atc-20130505: 9926 target frames of 39702, observed cells/frame 202.7, window 16
  [28/32] atc-20130512: 9535 target frames of 38140, observed cells/frame 202.7, window 16
  [29/32] atc-20130519: 10080 target frames of 40320, observed cells/frame 202.6, window 16
  [30/32] atc-20130526: 10247 target frames of 40986, observed cells/frame 202.7, window 16
  [31/32] atc-20130602: 10012 target frames of 40046, observed cells/frame 202.6, window 16
  [32/32] atc-20130609: 10013 target frames of 40052, observed cells/frame 202.6, window 16
[data] 315643 training frames
  [1/3] atc-20130616: 1757 target frames of 35127, observed cells/frame 202.4, window 16
  [2/3] atc-20130623: 2031 target frames of 40620, observed cells/frame 202.7, window 16
  [3/3] atc-20130630: 2036 target frames of 40710, observed cells/frame 202.7, window 16
[data] 5824 validation frames
[stats] encoder input standardisation mean=[0.07504988 0.0059779  0.0007054  0.02486421] std=[0.21125616 0.53789836 0.18976499 0.12118698]
[model] 82,596 parameters  latent=hierarchical  readout=direct  time_window=16  share_blocks=False  seed=123
[ep   0] train 0.03598  valid mse 0.01636  blind 0.02369  density_occ 0.04363  (289s)
[ep   1] train 0.01921  valid mse 0.01478  blind 0.02220  density_occ 0.03917  (291s)
[ep   2] train 0.01759  valid mse 0.01337  blind 0.02105  density_occ 0.03448  (290s)
[ep   3] train 0.01588  valid mse 0.01223  blind 0.02052  density_occ 0.03085  (291s)
[ep   4] train 0.01479  valid mse 0.01183  blind 0.02010  density_occ 0.02970  (291s)
[ep   5] train 0.01440  valid mse 0.01164  blind 0.01984  density_occ 0.02974  (290s)
[ep   6] train 0.01418  valid mse 0.01146  blind 0.01956  density_occ 0.02960  (290s)
[ep   7] train 0.01405  valid mse 0.01142  blind 0.01951  density_occ 0.02874  (284s)
[ep   8] train 0.01392  valid mse 0.01131  blind 0.01940  density_occ 0.02859  (279s)
[ep   9] train 0.01386  valid mse 0.01124  blind 0.01930  density_occ 0.02887  (295s)
[ep  10] train 0.01377  valid mse 0.01122  blind 0.01926  density_occ 0.02831  (291s)
[ep  11] train 0.01371  valid mse 0.01114  blind 0.01911  density_occ 0.02879  (290s)
[ep  12] train 0.01366  valid mse 0.01120  blind 0.01928  density_occ 0.02886  (291s)
[ep  13] train 0.01361  valid mse 0.01125  blind 0.01921  density_occ 0.02801  (290s)
[ep  14] train 0.01356  valid mse 0.01109  blind 0.01912  density_occ 0.02759  (290s)
[ep  15] train 0.01354  valid mse 0.01109  blind 0.01910  density_occ 0.02726  (288s)
[ep  16] train 0.01350  valid mse 0.01103  blind 0.01904  density_occ 0.02807  (289s)
[ep  17] train 0.01347  valid mse 0.01101  blind 0.01899  density_occ 0.02816  (290s)
[ep  18] train 0.01344  valid mse 0.01095  blind 0.01893  density_occ 0.02785  (292s)
[ep  19] train 0.01341  valid mse 0.01109  blind 0.01901  density_occ 0.02783  (291s)
[ep  20] train 0.01341  valid mse 0.01092  blind 0.01887  density_occ 0.02728  (292s)
[ep  21] train 0.01336  valid mse 0.01092  blind 0.01887  density_occ 0.02802  (293s)
[ep  22] train 0.01334  valid mse 0.01093  blind 0.01888  density_occ 0.02749  (292s)
[ep  23] train 0.01333  valid mse 0.01095  blind 0.01889  density_occ 0.02785  (291s)
[ep  24] train 0.01331  valid mse 0.01087  blind 0.01880  density_occ 0.02773  (292s)
[ep  25] train 0.01330  valid mse 0.01087  blind 0.01879  density_occ 0.02835  (292s)
[ep  26] train 0.01329  valid mse 0.01088  blind 0.01880  density_occ 0.02727  (292s)
[ep  27] train 0.01327  valid mse 0.01089  blind 0.01879  density_occ 0.02696  (291s)
[ep  28] train 0.01325  valid mse 0.01090  blind 0.01882  density_occ 0.02736  (292s)
[ep  29] train 0.01324  valid mse 0.01085  blind 0.01877  density_occ 0.02747  (292s)
[ep  30] train 0.01322  valid mse 0.01087  blind 0.01875  density_occ 0.02691  (292s)
[ep  31] train 0.01321  valid mse 0.01085  blind 0.01878  density_occ 0.02753  (291s)
[chain] close to wall clock, queuing successor
Submitted batch job 20283554
