[config] observation config = {'sensing_range': 7, 'num_agents': 3, 'add_noise': True, 'obs_every_k': 1, 'init_method': 'prev'}
[data] loading train split ...
  [1/32] atc-20121028: 10112 target frames of 40446, observed cells/frame 202.6, window 16
  [2/32] atc-20121104: 10071 target frames of 40281, observed cells/frame 202.6, window 16
  [3/32] atc-20121111: 9685 target frames of 38740, observed cells/frame 202.8, window 16
  [4/32] atc-20121118: 9821 target frames of 39281, observed cells/frame 202.7, window 16
  [5/32] atc-20121125: 9960 target frames of 39837, observed cells/frame 202.7, window 16
  [6/32] atc-20121202: 9599 target frames of 38394, observed cells/frame 202.7, window 16
  [7/32] atc-20121209: 9295 target frames of 37178, observed cells/frame 202.5, window 16
  [8/32] atc-20121216: 10176 target frames of 40701, observed cells/frame 202.7, window 16
  [9/32] atc-20121223: 9994 target frames of 39974, observed cells/frame 202.6, window 16
  [10/32] atc-20130106: 9612 target frames of 38445, observed cells/frame 202.8, window 16
  [11/32] atc-20130113: 9701 target frames of 38803, observed cells/frame 202.8, window 16
  [12/32] atc-20130120: 9817 target frames of 39268, observed cells/frame 202.7, window 16
  [13/32] atc-20130127: 10379 target frames of 41513, observed cells/frame 202.7, window 16
  [14/32] atc-20130203: 9646 target frames of 38581, observed cells/frame 202.8, window 16
  [15/32] atc-20130210: 9788 target frames of 39152, observed cells/frame 202.8, window 16
  [16/32] atc-20130217: 9776 target frames of 39103, observed cells/frame 202.8, window 16
  [17/32] atc-20130224: 9872 target frames of 39486, observed cells/frame 202.7, window 16
  [18/32] atc-20130303: 8798 target frames of 35190, observed cells/frame 202.5, window 16
  [19/32] atc-20130310: 9930 target frames of 39719, observed cells/frame 202.7, window 16
  [20/32] atc-20130317: 9704 target frames of 38815, observed cells/frame 202.8, window 16
  [21/32] atc-20130324: 10354 target frames of 41415, observed cells/frame 202.7, window 16
  [22/32] atc-20130331: 9920 target frames of 39679, observed cells/frame 202.7, window 16
  [23/32] atc-20130407: 9704 target frames of 38814, observed cells/frame 202.8, window 16
  [24/32] atc-20130414: 9907 target frames of 39625, observed cells/frame 202.7, window 16
  [25/32] atc-20130421: 10207 target frames of 40826, observed cells/frame 202.7, window 16
  [26/32] atc-20130428: 10002 target frames of 40006, observed cells/frame 202.6, window 16
  [27/32] atc-20130505: 9926 target frames of 39702, observed cells/frame 202.7, window 16
  [28/32] atc-20130512: 9535 target frames of 38140, observed cells/frame 202.7, window 16
  [29/32] atc-20130519: 10080 target frames of 40320, observed cells/frame 202.6, window 16
  [30/32] atc-20130526: 10247 target frames of 40986, observed cells/frame 202.7, window 16
  [31/32] atc-20130602: 10012 target frames of 40046, observed cells/frame 202.6, window 16
  [32/32] atc-20130609: 10013 target frames of 40052, observed cells/frame 202.6, window 16
[data] 315643 training frames
  [1/3] atc-20130616: 1757 target frames of 35127, observed cells/frame 202.4, window 16
  [2/3] atc-20130623: 2031 target frames of 40620, observed cells/frame 202.7, window 16
  [3/3] atc-20130630: 2036 target frames of 40710, observed cells/frame 202.7, window 16
[data] 5824 validation frames
[stats] encoder input standardisation mean=[0.07504988 0.0059779  0.0007054  0.02486421] std=[0.21125616 0.53789836 0.18976499 0.12118698]
[model] 56,676 parameters  latent=grid  readout=direct  time_window=16  temporal=ssm  spatial=global  share_blocks=True  seed=123
[ep   0] train 0.03674  valid mse 0.01624  blind 0.02592  density_occ 0.04011  (291s)
[ep   1] train 0.01862  valid mse 0.01424  blind 0.02363  density_occ 0.03516  (284s)
[ep   2] train 0.01665  valid mse 0.01318  blind 0.02217  density_occ 0.03212  (284s)
[ep   3] train 0.01584  valid mse 0.01277  blind 0.02171  density_occ 0.03153  (284s)
[ep   4] train 0.01544  valid mse 0.01249  blind 0.02138  density_occ 0.03073  (290s)
[ep   5] train 0.01518  valid mse 0.01236  blind 0.02110  density_occ 0.03058  (292s)
[ep   6] train 0.01500  valid mse 0.01216  blind 0.02091  density_occ 0.03045  (293s)
[ep   7] train 0.01489  valid mse 0.01209  blind 0.02083  density_occ 0.03025  (289s)
[ep   8] train 0.01477  valid mse 0.01204  blind 0.02075  density_occ 0.02969  (281s)
[ep   9] train 0.01469  valid mse 0.01198  blind 0.02064  density_occ 0.02962  (276s)
[ep  10] train 0.01460  valid mse 0.01197  blind 0.02068  density_occ 0.02928  (268s)
[ep  11] train 0.01458  valid mse 0.01188  blind 0.02051  density_occ 0.03003  (267s)
[ep  12] train 0.01449  valid mse 0.01183  blind 0.02044  density_occ 0.03097  (268s)
[ep  13] train 0.01445  valid mse 0.01183  blind 0.02043  density_occ 0.02939  (268s)
[ep  14] train 0.01440  valid mse 0.01182  blind 0.02044  density_occ 0.02879  (268s)
[ep  15] train 0.01438  valid mse 0.01172  blind 0.02025  density_occ 0.02898  (267s)
[ep  16] train 0.01433  valid mse 0.01173  blind 0.02035  density_occ 0.02897  (268s)
[ep  17] train 0.01432  valid mse 0.01173  blind 0.02030  density_occ 0.02882  (267s)
[ep  18] train 0.01428  valid mse 0.01168  blind 0.02026  density_occ 0.02920  (267s)
[ep  19] train 0.01427  valid mse 0.01166  blind 0.02023  density_occ 0.02850  (268s)
[ep  20] train 0.01424  valid mse 0.01162  blind 0.02017  density_occ 0.02811  (267s)
[ep  21] train 0.01422  valid mse 0.01162  blind 0.02019  density_occ 0.02918  (268s)
[ep  22] train 0.01419  valid mse 0.01161  blind 0.02015  density_occ 0.02885  (268s)
[ep  23] train 0.01417  valid mse 0.01158  blind 0.02012  density_occ 0.02956  (268s)
[ep  24] train 0.01417  valid mse 0.01160  blind 0.02012  density_occ 0.02916  (269s)
[ep  25] train 0.01414  valid mse 0.01156  blind 0.02003  density_occ 0.02936  (268s)
[ep  26] train 0.01413  valid mse 0.01158  blind 0.02011  density_occ 0.02796  (267s)
[ep  27] train 0.01411  valid mse 0.01155  blind 0.02008  density_occ 0.02804  (268s)
[ep  28] train 0.01411  valid mse 0.01155  blind 0.02009  density_occ 0.02863  (268s)
[ep  29] train 0.01408  valid mse 0.01156  blind 0.02008  density_occ 0.02903  (268s)
[ep  30] train 0.01407  valid mse 0.01155  blind 0.02001  density_occ 0.02795  (268s)
[ep  31] train 0.01405  valid mse 0.01159  blind 0.02015  density_occ 0.02847  (277s)
[ep  32] train 0.01404  valid mse 0.01153  blind 0.02002  density_occ 0.02897  (295s)
[ep  33] train 0.01403  valid mse 0.01152  blind 0.02000  density_occ 0.02889  (293s)
[chain] close to wall clock, queuing successor
Submitted batch job 20286603
