[config] observation config = {'sensing_range': 7, 'num_agents': 3, 'add_noise': True, 'obs_every_k': 1, 'init_method': 'prev'}
[data] loading train split ...
  [1/32] atc-20121028: 10112 frames, observed cells/frame 202.2
  [2/32] atc-20121104: 10071 frames, observed cells/frame 202.2
  [3/32] atc-20121111: 9685 frames, observed cells/frame 202.3
  [4/32] atc-20121118: 9821 frames, observed cells/frame 202.2
  [5/32] atc-20121125: 9960 frames, observed cells/frame 202.2
  [6/32] atc-20121202: 9599 frames, observed cells/frame 202.2
  [7/32] atc-20121209: 9295 frames, observed cells/frame 202.3
  [8/32] atc-20121216: 10176 frames, observed cells/frame 202.2
  [9/32] atc-20121223: 9994 frames, observed cells/frame 202.2
  [10/32] atc-20130106: 9612 frames, observed cells/frame 202.2
  [11/32] atc-20130113: 9701 frames, observed cells/frame 202.2
  [12/32] atc-20130120: 9817 frames, observed cells/frame 202.2
  [13/32] atc-20130127: 10379 frames, observed cells/frame 202.0
  [14/32] atc-20130203: 9646 frames, observed cells/frame 202.2
  [15/32] atc-20130210: 9788 frames, observed cells/frame 202.3
  [16/32] atc-20130217: 9776 frames, observed cells/frame 202.2
  [17/32] atc-20130224: 9872 frames, observed cells/frame 202.2
  [18/32] atc-20130303: 8798 frames, observed cells/frame 202.4
  [19/32] atc-20130310: 9930 frames, observed cells/frame 202.2
  [20/32] atc-20130317: 9704 frames, observed cells/frame 202.2
  [21/32] atc-20130324: 10354 frames, observed cells/frame 202.0
  [22/32] atc-20130331: 9920 frames, observed cells/frame 202.2
  [23/32] atc-20130407: 9704 frames, observed cells/frame 202.2
  [24/32] atc-20130414: 9907 frames, observed cells/frame 202.2
  [25/32] atc-20130421: 10207 frames, observed cells/frame 202.2
  [26/32] atc-20130428: 10002 frames, observed cells/frame 202.2
  [27/32] atc-20130505: 9926 frames, observed cells/frame 202.2
  [28/32] atc-20130512: 9535 frames, observed cells/frame 202.3
  [29/32] atc-20130519: 10080 frames, observed cells/frame 202.2
  [30/32] atc-20130526: 10247 frames, observed cells/frame 202.1
  [31/32] atc-20130602: 10012 frames, observed cells/frame 202.2
  [32/32] atc-20130609: 10013 frames, observed cells/frame 202.2
[data] 315643 training frames
  [1/3] atc-20130616: 1757 frames, observed cells/frame 202.0
  [2/3] atc-20130623: 2031 frames, observed cells/frame 201.9
  [3/3] atc-20130630: 2036 frames, observed cells/frame 201.9
[data] 5824 validation frames
[stats] encoder input standardisation mean=[0.07513941 0.00581281 0.00044906 0.0249023 ] std=[0.21136387 0.538234   0.19001769 0.12149188]
[model] 65,892 parameters  latent=abstract  readout=decoder  seed=124
[ep   0] train 0.03055  valid mse 0.01735  blind 0.02517  density_occ 0.05367  (118s)
[ep   1] train 0.02071  valid mse 0.01593  blind 0.02468  density_occ 0.04867  (117s)
[ep   2] train 0.01973  valid mse 0.01573  blind 0.02458  density_occ 0.04690  (117s)
[ep   3] train 0.01929  valid mse 0.01540  blind 0.02443  density_occ 0.04611  (117s)
[ep   4] train 0.01906  valid mse 0.01504  blind 0.02430  density_occ 0.04474  (121s)
[ep   5] train 0.01882  valid mse 0.01514  blind 0.02422  density_occ 0.04460  (131s)
[ep   6] train 0.01870  valid mse 0.01482  blind 0.02417  density_occ 0.04226  (122s)
[ep   7] train 0.01858  valid mse 0.01478  blind 0.02412  density_occ 0.04299  (126s)
[ep   8] train 0.01847  valid mse 0.01474  blind 0.02410  density_occ 0.04231  (117s)
[ep   9] train 0.01835  valid mse 0.01474  blind 0.02413  density_occ 0.03993  (117s)
[ep  10] train 0.01823  valid mse 0.01474  blind 0.02409  density_occ 0.04316  (118s)
[ep  11] train 0.01813  valid mse 0.01464  blind 0.02402  density_occ 0.04086  (117s)
[ep  12] train 0.01810  valid mse 0.01447  blind 0.02398  density_occ 0.04100  (117s)
[ep  13] train 0.01809  valid mse 0.01443  blind 0.02392  density_occ 0.04147  (117s)
[ep  14] train 0.01796  valid mse 0.01440  blind 0.02395  density_occ 0.03948  (117s)
[ep  15] train 0.01797  valid mse 0.01432  blind 0.02385  density_occ 0.04056  (117s)
[ep  16] train 0.01798  valid mse 0.01448  blind 0.02393  density_occ 0.03986  (117s)
[ep  17] train 0.01795  valid mse 0.01440  blind 0.02391  density_occ 0.03960  (117s)
[ep  18] train 0.01792  valid mse 0.01433  blind 0.02390  density_occ 0.03989  (117s)
[ep  19] train 0.01796  valid mse 0.01461  blind 0.02402  density_occ 0.04144  (117s)
[ep  20] train 0.01790  valid mse 0.01436  blind 0.02387  density_occ 0.04007  (117s)
[ep  21] train 0.01784  valid mse 0.01428  blind 0.02384  density_occ 0.04026  (124s)
[ep  22] train 0.01790  valid mse 0.01439  blind 0.02384  density_occ 0.03997  (117s)
[ep  23] train 0.01783  valid mse 0.01432  blind 0.02377  density_occ 0.04077  (117s)
[ep  24] train 0.01780  valid mse 0.01438  blind 0.02389  density_occ 0.03965  (117s)
[ep  25] train 0.01783  valid mse 0.01433  blind 0.02386  density_occ 0.04042  (117s)
[ep  26] train 0.01778  valid mse 0.01447  blind 0.02392  density_occ 0.04030  (117s)
[ep  27] train 0.01774  valid mse 0.01428  blind 0.02380  density_occ 0.04058  (117s)
[ep  28] train 0.01771  valid mse 0.01430  blind 0.02388  density_occ 0.03866  (117s)
[ep  29] train 0.01774  valid mse 0.01426  blind 0.02381  density_occ 0.03944  (117s)
[ep  30] train 0.01777  valid mse 0.01427  blind 0.02373  density_occ 0.04045  (117s)
[ep  31] train 0.01776  valid mse 0.01445  blind 0.02385  density_occ 0.04159  (118s)
[ep  32] train 0.01771  valid mse 0.01424  blind 0.02371  density_occ 0.04103  (117s)
[ep  33] train 0.01770  valid mse 0.01450  blind 0.02389  density_occ 0.04059  (117s)
[ep  34] train 0.01769  valid mse 0.01425  blind 0.02378  density_occ 0.04033  (119s)
[ep  35] train 0.01767  valid mse 0.01425  blind 0.02377  density_occ 0.04075  (117s)
[ep  36] train 0.01767  valid mse 0.01428  blind 0.02384  density_occ 0.04019  (117s)
[ep  37] train 0.01771  valid mse 0.01426  blind 0.02382  density_occ 0.03966  (117s)
[ep  38] train 0.01767  valid mse 0.01422  blind 0.02381  density_occ 0.04077  (117s)
[ep  39] train 0.01771  valid mse 0.01418  blind 0.02373  density_occ 0.03941  (117s)
[done]
