[config] observation config = {'sensing_range': 7, 'num_agents': 3, 'add_noise': True, 'obs_every_k': 1, 'init_method': 'prev'}
[data] loading train split ...
  [1/32] atc-20121028: 10112 target frames of 40446, observed cells/frame 202.3, window 8
  [2/32] atc-20121104: 10071 target frames of 40281, observed cells/frame 202.3, window 8
  [3/32] atc-20121111: 9685 target frames of 38740, observed cells/frame 202.3, window 8
  [4/32] atc-20121118: 9821 target frames of 39281, observed cells/frame 202.3, window 8
  [5/32] atc-20121125: 9960 target frames of 39837, observed cells/frame 202.3, window 8
  [6/32] atc-20121202: 9599 target frames of 38394, observed cells/frame 202.3, window 8
  [7/32] atc-20121209: 9295 target frames of 37178, observed cells/frame 202.4, window 8
  [8/32] atc-20121216: 10176 target frames of 40701, observed cells/frame 202.3, window 8
  [9/32] atc-20121223: 9994 target frames of 39974, observed cells/frame 202.3, window 8
  [10/32] atc-20130106: 9612 target frames of 38445, observed cells/frame 202.3, window 8
  [11/32] atc-20130113: 9701 target frames of 38803, observed cells/frame 202.3, window 8
  [12/32] atc-20130120: 9817 target frames of 39268, observed cells/frame 202.3, window 8
  [13/32] atc-20130127: 10379 target frames of 41513, observed cells/frame 202.1, window 8
  [14/32] atc-20130203: 9646 target frames of 38581, observed cells/frame 202.2, window 8
  [15/32] atc-20130210: 9788 target frames of 39152, observed cells/frame 202.3, window 8
  [16/32] atc-20130217: 9776 target frames of 39103, observed cells/frame 202.3, window 8
  [17/32] atc-20130224: 9872 target frames of 39486, observed cells/frame 202.3, window 8
  [18/32] atc-20130303: 8798 target frames of 35190, observed cells/frame 202.4, window 8
  [19/32] atc-20130310: 9930 target frames of 39719, observed cells/frame 202.3, window 8
  [20/32] atc-20130317: 9704 target frames of 38815, observed cells/frame 202.3, window 8
  [21/32] atc-20130324: 10354 target frames of 41415, observed cells/frame 202.1, window 8
  [22/32] atc-20130331: 9920 target frames of 39679, observed cells/frame 202.3, window 8
  [23/32] atc-20130407: 9704 target frames of 38814, observed cells/frame 202.3, window 8
  [24/32] atc-20130414: 9907 target frames of 39625, observed cells/frame 202.3, window 8
  [25/32] atc-20130421: 10207 target frames of 40826, observed cells/frame 202.2, window 8
  [26/32] atc-20130428: 10002 target frames of 40006, observed cells/frame 202.2, window 8
  [27/32] atc-20130505: 9926 target frames of 39702, observed cells/frame 202.3, window 8
  [28/32] atc-20130512: 9535 target frames of 38140, observed cells/frame 202.3, window 8
  [29/32] atc-20130519: 10080 target frames of 40320, observed cells/frame 202.2, window 8
  [30/32] atc-20130526: 10247 target frames of 40986, observed cells/frame 202.2, window 8
  [31/32] atc-20130602: 10012 target frames of 40046, observed cells/frame 202.2, window 8
  [32/32] atc-20130609: 10013 target frames of 40052, observed cells/frame 202.2, window 8
[data] 315643 training frames
  [1/3] atc-20130616: 1757 target frames of 35127, observed cells/frame 202.4, window 8
  [2/3] atc-20130623: 2031 target frames of 40620, observed cells/frame 202.3, window 8
  [3/3] atc-20130630: 2036 target frames of 40710, observed cells/frame 202.3, window 8
[data] 5824 validation frames
[stats] encoder input standardisation mean=[0.07513941 0.00581281 0.00044906 0.0249023 ] std=[0.21136387 0.538234   0.19001769 0.12149188]
[model] 56,612 parameters  latent=grid  readout=direct  time_window=8  seed=124
[ep   0] train 0.03538  valid mse 0.01619  blind 0.02395  density_occ 0.04356  (311s)
[ep   1] train 0.01770  valid mse 0.01323  blind 0.02206  density_occ 0.03409  (320s)
[ep   2] train 0.01585  valid mse 0.01244  blind 0.02110  density_occ 0.03113  (320s)
[ep   3] train 0.01521  valid mse 0.01209  blind 0.02055  density_occ 0.03162  (308s)
[ep   4] train 0.01488  valid mse 0.01193  blind 0.02033  density_occ 0.03029  (313s)
[ep   5] train 0.01467  valid mse 0.01183  blind 0.02022  density_occ 0.03097  (308s)
[ep   6] train 0.01450  valid mse 0.01166  blind 0.01996  density_occ 0.03009  (312s)
[ep   7] train 0.01437  valid mse 0.01158  blind 0.01988  density_occ 0.02919  (306s)
[ep   8] train 0.01428  valid mse 0.01149  blind 0.01976  density_occ 0.02931  (312s)
[ep   9] train 0.01418  valid mse 0.01160  blind 0.01996  density_occ 0.02902  (306s)
[ep  10] train 0.01412  valid mse 0.01142  blind 0.01966  density_occ 0.02884  (312s)
[ep  11] train 0.01406  valid mse 0.01133  blind 0.01953  density_occ 0.02944  (307s)
[ep  12] train 0.01401  valid mse 0.01135  blind 0.01956  density_occ 0.02823  (313s)
[ep  13] train 0.01397  valid mse 0.01128  blind 0.01947  density_occ 0.02836  (308s)
[ep  14] train 0.01393  valid mse 0.01127  blind 0.01944  density_occ 0.02848  (313s)
[ep  15] train 0.01391  valid mse 0.01119  blind 0.01933  density_occ 0.02858  (307s)
[ep  16] train 0.01384  valid mse 0.01125  blind 0.01943  density_occ 0.02793  (313s)
[ep  17] train 0.01382  valid mse 0.01120  blind 0.01934  density_occ 0.02856  (307s)
[ep  18] train 0.01381  valid mse 0.01128  blind 0.01946  density_occ 0.02764  (312s)
[ep  19] train 0.01377  valid mse 0.01113  blind 0.01923  density_occ 0.02851  (308s)
[ep  20] train 0.01378  valid mse 0.01117  blind 0.01928  density_occ 0.02819  (312s)
[ep  21] train 0.01373  valid mse 0.01115  blind 0.01932  density_occ 0.02816  (308s)
[ep  22] train 0.01372  valid mse 0.01112  blind 0.01924  density_occ 0.02782  (313s)
[ep  23] train 0.01370  valid mse 0.01111  blind 0.01922  density_occ 0.02827  (308s)
[ep  24] train 0.01368  valid mse 0.01114  blind 0.01932  density_occ 0.02772  (313s)
[ep  25] train 0.01365  valid mse 0.01111  blind 0.01923  density_occ 0.02804  (308s)
[ep  26] train 0.01363  valid mse 0.01111  blind 0.01923  density_occ 0.02795  (310s)
[ep  27] train 0.01363  valid mse 0.01111  blind 0.01927  density_occ 0.02817  (303s)
[ep  28] train 0.01363  valid mse 0.01124  blind 0.01945  density_occ 0.02766  (309s)
[ep  29] train 0.01360  valid mse 0.01106  blind 0.01919  density_occ 0.02868  (309s)
[ep  30] train 0.01358  valid mse 0.01106  blind 0.01918  density_occ 0.02848  (311s)
[ep  31] train 0.01355  valid mse 0.01105  blind 0.01915  density_occ 0.02805  (309s)
[ep  32] train 0.01356  valid mse 0.01106  blind 0.01919  density_occ 0.02839  (312s)
[ep  33] train 0.01355  valid mse 0.01098  blind 0.01904  density_occ 0.02780  (307s)
[ep  34] train 0.01354  valid mse 0.01107  blind 0.01920  density_occ 0.02864  (312s)
[ep  35] train 0.01353  valid mse 0.01103  blind 0.01913  density_occ 0.02825  (307s)
[ep  36] train 0.01352  valid mse 0.01103  blind 0.01912  density_occ 0.02753  (311s)
[ep  37] train 0.01349  valid mse 0.01106  blind 0.01919  density_occ 0.02879  (306s)
[ep  38] train 0.01349  valid mse 0.01103  blind 0.01914  density_occ 0.02762  (311s)
[ep  39] train 0.01349  valid mse 0.01101  blind 0.01910  density_occ 0.02782  (307s)
[done]
