[config] observation config = {'sensing_range': 7, 'num_agents': 3, 'add_noise': True, 'obs_every_k': 1, 'init_method': 'prev'}
[data] loading train split ...
  [1/32] atc-20121028: 10112 target frames of 40446, observed cells/frame 202.6, window 16
  [2/32] atc-20121104: 10071 target frames of 40281, observed cells/frame 202.6, window 16
  [3/32] atc-20121111: 9685 target frames of 38740, observed cells/frame 202.8, window 16
  [4/32] atc-20121118: 9821 target frames of 39281, observed cells/frame 202.7, window 16
  [5/32] atc-20121125: 9960 target frames of 39837, observed cells/frame 202.7, window 16
  [6/32] atc-20121202: 9599 target frames of 38394, observed cells/frame 202.7, window 16
  [7/32] atc-20121209: 9295 target frames of 37178, observed cells/frame 202.5, window 16
  [8/32] atc-20121216: 10176 target frames of 40701, observed cells/frame 202.7, window 16
  [9/32] atc-20121223: 9994 target frames of 39974, observed cells/frame 202.6, window 16
  [10/32] atc-20130106: 9612 target frames of 38445, observed cells/frame 202.8, window 16
  [11/32] atc-20130113: 9701 target frames of 38803, observed cells/frame 202.8, window 16
  [12/32] atc-20130120: 9817 target frames of 39268, observed cells/frame 202.7, window 16
  [13/32] atc-20130127: 10379 target frames of 41513, observed cells/frame 202.7, window 16
  [14/32] atc-20130203: 9646 target frames of 38581, observed cells/frame 202.8, window 16
  [15/32] atc-20130210: 9788 target frames of 39152, observed cells/frame 202.8, window 16
  [16/32] atc-20130217: 9776 target frames of 39103, observed cells/frame 202.8, window 16
  [17/32] atc-20130224: 9872 target frames of 39486, observed cells/frame 202.7, window 16
  [18/32] atc-20130303: 8798 target frames of 35190, observed cells/frame 202.5, window 16
  [19/32] atc-20130310: 9930 target frames of 39719, observed cells/frame 202.7, window 16
  [20/32] atc-20130317: 9704 target frames of 38815, observed cells/frame 202.8, window 16
  [21/32] atc-20130324: 10354 target frames of 41415, observed cells/frame 202.7, window 16
  [22/32] atc-20130331: 9920 target frames of 39679, observed cells/frame 202.7, window 16
  [23/32] atc-20130407: 9704 target frames of 38814, observed cells/frame 202.8, window 16
  [24/32] atc-20130414: 9907 target frames of 39625, observed cells/frame 202.7, window 16
  [25/32] atc-20130421: 10207 target frames of 40826, observed cells/frame 202.7, window 16
  [26/32] atc-20130428: 10002 target frames of 40006, observed cells/frame 202.6, window 16
  [27/32] atc-20130505: 9926 target frames of 39702, observed cells/frame 202.7, window 16
  [28/32] atc-20130512: 9535 target frames of 38140, observed cells/frame 202.7, window 16
  [29/32] atc-20130519: 10080 target frames of 40320, observed cells/frame 202.6, window 16
  [30/32] atc-20130526: 10247 target frames of 40986, observed cells/frame 202.7, window 16
  [31/32] atc-20130602: 10012 target frames of 40046, observed cells/frame 202.6, window 16
  [32/32] atc-20130609: 10013 target frames of 40052, observed cells/frame 202.6, window 16
[data] 315643 training frames
  [1/3] atc-20130616: 1757 target frames of 35127, observed cells/frame 202.4, window 16
  [2/3] atc-20130623: 2031 target frames of 40620, observed cells/frame 202.7, window 16
  [3/3] atc-20130630: 2036 target frames of 40710, observed cells/frame 202.7, window 16
[data] 5824 validation frames
[stats] encoder input standardisation mean=[0.07504988 0.0059779  0.0007054  0.02486421] std=[0.21125616 0.53789836 0.18976499 0.12118698]
[model] 82,596 parameters  latent=grid  readout=direct  time_window=16  share_blocks=False  seed=123
[resume] continuing from epoch 25 (best=0.01892)
[ep  25] train 0.01336  valid mse 0.01109  blind 0.01899  density_occ 0.02869  (388s)
[ep  26] train 0.01334  valid mse 0.01103  blind 0.01906  density_occ 0.02834  (382s)
[ep  27] train 0.01333  valid mse 0.01092  blind 0.01886  density_occ 0.02836  (384s)
[ep  28] train 0.01331  valid mse 0.01094  blind 0.01888  density_occ 0.02800  (385s)
[ep  29] train 0.01329  valid mse 0.01090  blind 0.01885  density_occ 0.02811  (384s)
[ep  30] train 0.01328  valid mse 0.01093  blind 0.01887  density_occ 0.02832  (381s)
[ep  31] train 0.01327  valid mse 0.01090  blind 0.01882  density_occ 0.02761  (381s)
[ep  32] train 0.01323  valid mse 0.01086  blind 0.01877  density_occ 0.02812  (382s)
[ep  33] train 0.01322  valid mse 0.01086  blind 0.01877  density_occ 0.02765  (381s)
[ep  34] train 0.01322  valid mse 0.01106  blind 0.01905  density_occ 0.02774  (381s)
[ep  35] train 0.01320  valid mse 0.01088  blind 0.01877  density_occ 0.02776  (381s)
[ep  36] train 0.01319  valid mse 0.01084  blind 0.01875  density_occ 0.02781  (385s)
[ep  37] train 0.01316  valid mse 0.01086  blind 0.01878  density_occ 0.02767  (385s)
[ep  38] train 0.01316  valid mse 0.01092  blind 0.01890  density_occ 0.02755  (384s)
[ep  39] train 0.01314  valid mse 0.01082  blind 0.01870  density_occ 0.02795  (385s)
[ep  40] train 0.01313  valid mse 0.01079  blind 0.01867  density_occ 0.02746  (384s)
[ep  41] train 0.01314  valid mse 0.01083  blind 0.01876  density_occ 0.02750  (387s)
[ep  42] train 0.01310  valid mse 0.01101  blind 0.01899  density_occ 0.02842  (388s)
[ep  43] train 0.01311  valid mse 0.01078  blind 0.01866  density_occ 0.02750  (386s)
[ep  44] train 0.01308  valid mse 0.01087  blind 0.01879  density_occ 0.02852  (384s)
[ep  45] train 0.01308  valid mse 0.01077  blind 0.01866  density_occ 0.02771  (385s)
[ep  46] train 0.01310  valid mse 0.01075  blind 0.01861  density_occ 0.02716  (389s)
[ep  47] train 0.01305  valid mse 0.01077  blind 0.01868  density_occ 0.02740  (390s)
[ep  48] train 0.01305  valid mse 0.01074  blind 0.01861  density_occ 0.02754  (390s)
[chain] close to wall clock, queuing successor
Submitted batch job 20283001
