[config] observation config = {'sensing_range': 7, 'num_agents': 3, 'add_noise': True, 'obs_every_k': 1, 'init_method': 'prev'}
[data] loading train split ...
  [1/32] atc-20121028: 10112 frames, observed cells/frame 201.5, observation seed 734804
  [2/32] atc-20121104: 10071 frames, observed cells/frame 202.7, observation seed 734811
  [3/32] atc-20121111: 9685 frames, observed cells/frame 201.5, observation seed 734818
  [4/32] atc-20121118: 9821 frames, observed cells/frame 202.7, observation seed 734825
  [5/32] atc-20121125: 9960 frames, observed cells/frame 202.3, observation seed 734832
  [6/32] atc-20121202: 9599 frames, observed cells/frame 202.8, observation seed 734839
  [7/32] atc-20121209: 9295 frames, observed cells/frame 202.4, observation seed 734846
  [8/32] atc-20121216: 10176 frames, observed cells/frame 202.0, observation seed 734853
  [9/32] atc-20121223: 9994 frames, observed cells/frame 203.1, observation seed 734860
  [10/32] atc-20130106: 9612 frames, observed cells/frame 202.9, observation seed 734874
  [11/32] atc-20130113: 9701 frames, observed cells/frame 202.2, observation seed 734881
  [12/32] atc-20130120: 9817 frames, observed cells/frame 201.6, observation seed 734888
  [13/32] atc-20130127: 10379 frames, observed cells/frame 202.7, observation seed 734895
  [14/32] atc-20130203: 9646 frames, observed cells/frame 201.6, observation seed 734902
  [15/32] atc-20130210: 9788 frames, observed cells/frame 202.8, observation seed 734909
  [16/32] atc-20130217: 9776 frames, observed cells/frame 201.6, observation seed 734916
  [17/32] atc-20130224: 9872 frames, observed cells/frame 202.6, observation seed 734923
  [18/32] atc-20130303: 8798 frames, observed cells/frame 202.8, observation seed 734930
  [19/32] atc-20130310: 9930 frames, observed cells/frame 202.0, observation seed 734937
  [20/32] atc-20130317: 9704 frames, observed cells/frame 202.9, observation seed 734944
  [21/32] atc-20130324: 10354 frames, observed cells/frame 203.3, observation seed 734951
  [22/32] atc-20130331: 9920 frames, observed cells/frame 201.0, observation seed 734958
  [23/32] atc-20130407: 9704 frames, observed cells/frame 201.5, observation seed 734965
  [24/32] atc-20130414: 9907 frames, observed cells/frame 201.9, observation seed 734972
  [25/32] atc-20130421: 10207 frames, observed cells/frame 201.9, observation seed 734979
  [26/32] atc-20130428: 10002 frames, observed cells/frame 202.8, observation seed 734986
  [27/32] atc-20130505: 9926 frames, observed cells/frame 202.0, observation seed 734993
  [28/32] atc-20130512: 9535 frames, observed cells/frame 202.8, observation seed 735000
  [29/32] atc-20130519: 10080 frames, observed cells/frame 203.2, observation seed 735007
  [30/32] atc-20130526: 10247 frames, observed cells/frame 201.9, observation seed 735014
  [31/32] atc-20130602: 10012 frames, observed cells/frame 202.5, observation seed 735021
  [32/32] atc-20130609: 10013 frames, observed cells/frame 202.2, observation seed 735028
[data] 315643 training frames
  [1/3] atc-20130616: 1757 frames, observed cells/frame 203.3, observation seed 735035
  [2/3] atc-20130623: 2031 frames, observed cells/frame 200.4, observation seed 735042
  [3/3] atc-20130630: 2036 frames, observed cells/frame 202.4, observation seed 735049
[data] 5824 validation frames
[data] model_seed=123  train_obs_seed=0 train_trajectory_mode=per_day  valid_obs_seed=0 valid_trajectory_mode=per_day
[stats] encoder input standardisation mean=[0.07505934 0.00618134 0.00056882 0.02487173] std=[0.21119596 0.53820705 0.18990257 0.12073109]
[model] 65,892 parameters  latent=abstract  readout=decoder  time_window=1  share_blocks=True  seed=123
[ep   0] train 0.03179  valid mse 0.01949  blind 0.02524  density_occ 0.05984  (265s)
[ep   1] train 0.02297  valid mse 0.01710  blind 0.02437  density_occ 0.05409  (262s)
[ep   2] train 0.02088  valid mse 0.01613  blind 0.02415  density_occ 0.04906  (263s)
[ep   3] train 0.01990  valid mse 0.01552  blind 0.02399  density_occ 0.04508  (263s)
[ep   4] train 0.01933  valid mse 0.01572  blind 0.02408  density_occ 0.04593  (265s)
[ep   5] train 0.01902  valid mse 0.01509  blind 0.02374  density_occ 0.04573  (265s)
[ep   6] train 0.01890  valid mse 0.01491  blind 0.02370  density_occ 0.04457  (265s)
[ep   7] train 0.01873  valid mse 0.01489  blind 0.02369  density_occ 0.04426  (266s)
[ep   8] train 0.01858  valid mse 0.01473  blind 0.02370  density_occ 0.04220  (265s)
[ep   9] train 0.01846  valid mse 0.01463  blind 0.02366  density_occ 0.04264  (265s)
[ep  10] train 0.01839  valid mse 0.01461  blind 0.02363  density_occ 0.04174  (262s)
[ep  11] train 0.01844  valid mse 0.01462  blind 0.02356  density_occ 0.04311  (259s)
[ep  12] train 0.01825  valid mse 0.01450  blind 0.02354  density_occ 0.04288  (260s)
[ep  13] train 0.01816  valid mse 0.01461  blind 0.02360  density_occ 0.04173  (259s)
[ep  14] train 0.01814  valid mse 0.01442  blind 0.02353  density_occ 0.04159  (261s)
[ep  15] train 0.01808  valid mse 0.01455  blind 0.02355  density_occ 0.04181  (266s)
[ep  16] train 0.01803  valid mse 0.01450  blind 0.02349  density_occ 0.04143  (267s)
[ep  17] train 0.01807  valid mse 0.01449  blind 0.02352  density_occ 0.04214  (264s)
[ep  18] train 0.01799  valid mse 0.01479  blind 0.02355  density_occ 0.04383  (262s)
[ep  19] train 0.01795  valid mse 0.01426  blind 0.02339  density_occ 0.04169  (262s)
[ep  20] train 0.01793  valid mse 0.01425  blind 0.02351  density_occ 0.04076  (262s)
[ep  21] train 0.01793  valid mse 0.01435  blind 0.02345  density_occ 0.04059  (262s)
[ep  22] train 0.01790  valid mse 0.01422  blind 0.02345  density_occ 0.04095  (262s)
[ep  23] train 0.01787  valid mse 0.01425  blind 0.02337  density_occ 0.04140  (262s)
[ep  24] train 0.01791  valid mse 0.01422  blind 0.02338  density_occ 0.04144  (262s)
[ep  25] train 0.01782  valid mse 0.01428  blind 0.02344  density_occ 0.04141  (263s)
[ep  26] train 0.01783  valid mse 0.01419  blind 0.02347  density_occ 0.03979  (262s)
[ep  27] train 0.01780  valid mse 0.01420  blind 0.02338  density_occ 0.04064  (265s)
[ep  28] train 0.01778  valid mse 0.01427  blind 0.02338  density_occ 0.04151  (264s)
[ep  29] train 0.01780  valid mse 0.01462  blind 0.02348  density_occ 0.04207  (264s)
[ep  30] train 0.01779  valid mse 0.01414  blind 0.02335  density_occ 0.04048  (266s)
[ep  31] train 0.01775  valid mse 0.01425  blind 0.02334  density_occ 0.04126  (265s)
[ep  32] train 0.01776  valid mse 0.01439  blind 0.02352  density_occ 0.04069  (265s)
[ep  33] train 0.01771  valid mse 0.01410  blind 0.02333  density_occ 0.04056  (263s)
[ep  34] train 0.01770  valid mse 0.01416  blind 0.02333  density_occ 0.04071  (265s)
[ep  35] train 0.01768  valid mse 0.01415  blind 0.02334  density_occ 0.04093  (264s)
[ep  36] train 0.01768  valid mse 0.01427  blind 0.02337  density_occ 0.04056  (265s)
[ep  37] train 0.01767  valid mse 0.01404  blind 0.02334  density_occ 0.04016  (266s)
[ep  38] train 0.01770  valid mse 0.01412  blind 0.02339  density_occ 0.04030  (266s)
[ep  39] train 0.01764  valid mse 0.01406  blind 0.02335  density_occ 0.04070  (263s)
[ep  40] train 0.01763  valid mse 0.01404  blind 0.02328  density_occ 0.04072  (266s)
[ep  41] train 0.01761  valid mse 0.01427  blind 0.02340  density_occ 0.04164  (265s)
[ep  42] train 0.01762  valid mse 0.01422  blind 0.02332  density_occ 0.04055  (265s)
[ep  43] train 0.01762  valid mse 0.01437  blind 0.02341  density_occ 0.04092  (263s)
[ep  44] train 0.01760  valid mse 0.01411  blind 0.02342  density_occ 0.04055  (262s)
[ep  45] train 0.01761  valid mse 0.01407  blind 0.02331  density_occ 0.04022  (265s)
[ep  46] train 0.01762  valid mse 0.01400  blind 0.02325  density_occ 0.04022  (263s)
[ep  47] train 0.01759  valid mse 0.01411  blind 0.02331  density_occ 0.04060  (262s)
[ep  48] train 0.01758  valid mse 0.01411  blind 0.02327  density_occ 0.04021  (265s)
[ep  49] train 0.01757  valid mse 0.01411  blind 0.02332  density_occ 0.03975  (264s)
[ep  50] train 0.01755  valid mse 0.01412  blind 0.02342  density_occ 0.03983  (264s)
[ep  51] train 0.01755  valid mse 0.01405  blind 0.02325  density_occ 0.04041  (265s)
[ep  52] train 0.01757  valid mse 0.01415  blind 0.02333  density_occ 0.04003  (266s)
[ep  53] train 0.01752  valid mse 0.01408  blind 0.02335  density_occ 0.04042  (265s)
[ep  54] train 0.01756  valid mse 0.01407  blind 0.02331  density_occ 0.04075  (265s)
[ep  55] train 0.01752  valid mse 0.01409  blind 0.02328  density_occ 0.04047  (265s)
[ep  56] train 0.01750  valid mse 0.01403  blind 0.02328  density_occ 0.03978  (265s)
[ep  57] train 0.01750  valid mse 0.01396  blind 0.02324  density_occ 0.04049  (265s)
[ep  58] train 0.01752  valid mse 0.01401  blind 0.02323  density_occ 0.04052  (264s)
[ep  59] train 0.01751  valid mse 0.01400  blind 0.02329  density_occ 0.04032  (266s)
[ep  60] train 0.01750  valid mse 0.01406  blind 0.02323  density_occ 0.03962  (264s)
[ep  61] train 0.01749  valid mse 0.01405  blind 0.02324  density_occ 0.03976  (264s)
[ep  62] train 0.01747  valid mse 0.01407  blind 0.02336  density_occ 0.04000  (265s)
[ep  63] train 0.01749  valid mse 0.01401  blind 0.02326  density_occ 0.04031  (264s)
[ep  64] train 0.01745  valid mse 0.01413  blind 0.02333  density_occ 0.03966  (264s)
[ep  65] train 0.01745  valid mse 0.01401  blind 0.02332  density_occ 0.03991  (265s)
[ep  66] train 0.01745  valid mse 0.01389  blind 0.02318  density_occ 0.03990  (265s)
[ep  67] train 0.01745  valid mse 0.01393  blind 0.02319  density_occ 0.04047  (264s)
[ep  68] train 0.01748  valid mse 0.01406  blind 0.02333  density_occ 0.04001  (265s)
[ep  69] train 0.01743  valid mse 0.01409  blind 0.02333  density_occ 0.03981  (266s)
[ep  70] train 0.01742  valid mse 0.01390  blind 0.02327  density_occ 0.03945  (265s)
[ep  71] train 0.01742  valid mse 0.01394  blind 0.02328  density_occ 0.04048  (264s)
[ep  72] train 0.01743  valid mse 0.01393  blind 0.02329  density_occ 0.03988  (265s)
[ep  73] train 0.01741  valid mse 0.01394  blind 0.02320  density_occ 0.04111  (265s)
[ep  74] train 0.01739  valid mse 0.01389  blind 0.02322  density_occ 0.04067  (265s)
[ep  75] train 0.01739  valid mse 0.01406  blind 0.02328  density_occ 0.03985  (265s)
[ep  76] train 0.01740  valid mse 0.01397  blind 0.02327  density_occ 0.04023  (265s)
[ep  77] train 0.01738  valid mse 0.01396  blind 0.02326  density_occ 0.03959  (265s)
[ep  78] train 0.01738  valid mse 0.01389  blind 0.02323  density_occ 0.03909  (265s)
[ep  79] train 0.01737  valid mse 0.01400  blind 0.02320  density_occ 0.04053  (265s)
[ep  80] train 0.01738  valid mse 0.01406  blind 0.02325  density_occ 0.04014  (263s)
[ep  81] train 0.01738  valid mse 0.01394  blind 0.02323  density_occ 0.03996  (266s)
[ep  82] train 0.01738  valid mse 0.01401  blind 0.02323  density_occ 0.04004  (266s)
[ep  83] train 0.01737  valid mse 0.01402  blind 0.02337  density_occ 0.04103  (264s)
[ep  84] train 0.01739  valid mse 0.01390  blind 0.02322  density_occ 0.03975  (265s)
[ep  85] train 0.01734  valid mse 0.01405  blind 0.02320  density_occ 0.04046  (265s)
[ep  86] train 0.01737  valid mse 0.01396  blind 0.02325  density_occ 0.03950  (265s)
[ep  87] train 0.01737  valid mse 0.01386  blind 0.02319  density_occ 0.04015  (265s)
[ep  88] train 0.01736  valid mse 0.01386  blind 0.02318  density_occ 0.04032  (265s)
[ep  89] train 0.01735  valid mse 0.01395  blind 0.02314  density_occ 0.03974  (263s)
[ep  90] train 0.01736  valid mse 0.01386  blind 0.02319  density_occ 0.03983  (266s)
[ep  91] train 0.01735  valid mse 0.01392  blind 0.02323  density_occ 0.03963  (266s)
[ep  92] train 0.01736  valid mse 0.01395  blind 0.02313  density_occ 0.03999  (265s)
[ep  93] train 0.01732  valid mse 0.01402  blind 0.02320  density_occ 0.04013  (264s)
[ep  94] train 0.01734  valid mse 0.01408  blind 0.02327  density_occ 0.03976  (265s)
[ep  95] train 0.01735  valid mse 0.01413  blind 0.02330  density_occ 0.03987  (265s)
[ep  96] train 0.01732  valid mse 0.01386  blind 0.02317  density_occ 0.03914  (263s)
[ep  97] train 0.01733  valid mse 0.01393  blind 0.02316  density_occ 0.04002  (263s)
[ep  98] train 0.01730  valid mse 0.01412  blind 0.02330  density_occ 0.04162  (265s)
[ep  99] train 0.01732  valid mse 0.01392  blind 0.02317  density_occ 0.04032  (262s)
[done]
