[config] observation config = {'sensing_range': 7, 'num_agents': 3, 'add_noise': True, 'obs_every_k': 1, 'init_method': 'prev'}
[data] loading train split ...
  [1/32] atc-20121028: 10112 target frames of 40446, observed cells/frame 202.3, window 2
  [2/32] atc-20121104: 10071 target frames of 40281, observed cells/frame 202.3, window 2
  [3/32] atc-20121111: 9685 target frames of 38740, observed cells/frame 202.3, window 2
  [4/32] atc-20121118: 9821 target frames of 39281, observed cells/frame 202.3, window 2
  [5/32] atc-20121125: 9960 target frames of 39837, observed cells/frame 202.3, window 2
  [6/32] atc-20121202: 9599 target frames of 38394, observed cells/frame 202.3, window 2
  [7/32] atc-20121209: 9295 target frames of 37178, observed cells/frame 202.4, window 2
  [8/32] atc-20121216: 10176 target frames of 40701, observed cells/frame 202.3, window 2
  [9/32] atc-20121223: 9994 target frames of 39974, observed cells/frame 202.3, window 2
  [10/32] atc-20130106: 9612 target frames of 38445, observed cells/frame 202.3, window 2
  [11/32] atc-20130113: 9701 target frames of 38803, observed cells/frame 202.3, window 2
  [12/32] atc-20130120: 9817 target frames of 39268, observed cells/frame 202.3, window 2
  [13/32] atc-20130127: 10379 target frames of 41513, observed cells/frame 202.1, window 2
  [14/32] atc-20130203: 9646 target frames of 38581, observed cells/frame 202.2, window 2
  [15/32] atc-20130210: 9788 target frames of 39152, observed cells/frame 202.3, window 2
  [16/32] atc-20130217: 9776 target frames of 39103, observed cells/frame 202.3, window 2
  [17/32] atc-20130224: 9872 target frames of 39486, observed cells/frame 202.3, window 2
  [18/32] atc-20130303: 8798 target frames of 35190, observed cells/frame 202.4, window 2
  [19/32] atc-20130310: 9930 target frames of 39719, observed cells/frame 202.3, window 2
  [20/32] atc-20130317: 9704 target frames of 38815, observed cells/frame 202.3, window 2
  [21/32] atc-20130324: 10354 target frames of 41415, observed cells/frame 202.1, window 2
  [22/32] atc-20130331: 9920 target frames of 39679, observed cells/frame 202.3, window 2
  [23/32] atc-20130407: 9704 target frames of 38814, observed cells/frame 202.3, window 2
  [24/32] atc-20130414: 9907 target frames of 39625, observed cells/frame 202.3, window 2
  [25/32] atc-20130421: 10207 target frames of 40826, observed cells/frame 202.2, window 2
  [26/32] atc-20130428: 10002 target frames of 40006, observed cells/frame 202.2, window 2
  [27/32] atc-20130505: 9926 target frames of 39702, observed cells/frame 202.3, window 2
  [28/32] atc-20130512: 9535 target frames of 38140, observed cells/frame 202.3, window 2
  [29/32] atc-20130519: 10080 target frames of 40320, observed cells/frame 202.2, window 2
  [30/32] atc-20130526: 10247 target frames of 40986, observed cells/frame 202.2, window 2
  [31/32] atc-20130602: 10012 target frames of 40046, observed cells/frame 202.2, window 2
  [32/32] atc-20130609: 10013 target frames of 40052, observed cells/frame 202.2, window 2
[data] 315643 training frames
  [1/3] atc-20130616: 1757 target frames of 35127, observed cells/frame 202.4, window 2
  [2/3] atc-20130623: 2031 target frames of 40620, observed cells/frame 202.3, window 2
  [3/3] atc-20130630: 2036 target frames of 40710, observed cells/frame 202.3, window 2
[data] 5824 validation frames
[stats] encoder input standardisation mean=[0.07513941 0.00581281 0.00044906 0.0249023 ] std=[0.21136387 0.538234   0.19001769 0.12149188]
[model] 56,564 parameters  latent=grid  readout=direct  time_window=2  seed=124
[ep   0] train 0.03671  valid mse 0.01650  blind 0.02478  density_occ 0.04588  (159s)
[ep   1] train 0.01875  valid mse 0.01456  blind 0.02404  density_occ 0.03734  (159s)
[ep   2] train 0.01737  valid mse 0.01375  blind 0.02333  density_occ 0.03511  (159s)
[ep   3] train 0.01666  valid mse 0.01330  blind 0.02276  density_occ 0.03507  (159s)
[ep   4] train 0.01629  valid mse 0.01308  blind 0.02252  density_occ 0.03440  (160s)
[ep   5] train 0.01606  valid mse 0.01303  blind 0.02244  density_occ 0.03474  (161s)
[ep   6] train 0.01592  valid mse 0.01290  blind 0.02228  density_occ 0.03299  (160s)
[ep   7] train 0.01576  valid mse 0.01277  blind 0.02216  density_occ 0.03344  (160s)
[ep   8] train 0.01565  valid mse 0.01268  blind 0.02201  density_occ 0.03346  (161s)
[ep   9] train 0.01555  valid mse 0.01272  blind 0.02212  density_occ 0.03221  (160s)
[ep  10] train 0.01549  valid mse 0.01308  blind 0.02259  density_occ 0.03467  (160s)
[ep  11] train 0.01544  valid mse 0.01260  blind 0.02194  density_occ 0.03279  (161s)
[ep  12] train 0.01537  valid mse 0.01253  blind 0.02184  density_occ 0.03268  (160s)
[ep  13] train 0.01530  valid mse 0.01249  blind 0.02178  density_occ 0.03310  (160s)
[ep  14] train 0.01527  valid mse 0.01247  blind 0.02176  density_occ 0.03176  (158s)
[ep  15] train 0.01524  valid mse 0.01241  blind 0.02168  density_occ 0.03280  (158s)
[ep  16] train 0.01523  valid mse 0.01257  blind 0.02184  density_occ 0.03284  (159s)
[ep  17] train 0.01519  valid mse 0.01244  blind 0.02171  density_occ 0.03293  (162s)
[ep  18] train 0.01515  valid mse 0.01236  blind 0.02161  density_occ 0.03259  (161s)
[ep  19] train 0.01514  valid mse 0.01240  blind 0.02167  density_occ 0.03277  (160s)
[ep  20] train 0.01511  valid mse 0.01250  blind 0.02188  density_occ 0.03175  (162s)
[ep  21] train 0.01510  valid mse 0.01236  blind 0.02164  density_occ 0.03193  (162s)
[ep  22] train 0.01508  valid mse 0.01237  blind 0.02163  density_occ 0.03184  (162s)
[ep  23] train 0.01507  valid mse 0.01234  blind 0.02159  density_occ 0.03212  (161s)
[ep  24] train 0.01506  valid mse 0.01233  blind 0.02162  density_occ 0.03202  (163s)
[ep  25] train 0.01503  valid mse 0.01231  blind 0.02154  density_occ 0.03254  (163s)
[ep  26] train 0.01501  valid mse 0.01232  blind 0.02160  density_occ 0.03180  (163s)
[ep  27] train 0.01501  valid mse 0.01232  blind 0.02157  density_occ 0.03254  (163s)
[ep  28] train 0.01500  valid mse 0.01242  blind 0.02171  density_occ 0.03222  (163s)
[ep  29] train 0.01499  valid mse 0.01230  blind 0.02157  density_occ 0.03183  (162s)
[ep  30] train 0.01497  valid mse 0.01227  blind 0.02151  density_occ 0.03235  (162s)
[ep  31] train 0.01495  valid mse 0.01227  blind 0.02153  density_occ 0.03296  (161s)
[ep  32] train 0.01495  valid mse 0.01222  blind 0.02145  density_occ 0.03186  (161s)
[ep  33] train 0.01495  valid mse 0.01227  blind 0.02153  density_occ 0.03219  (159s)
[ep  34] train 0.01491  valid mse 0.01228  blind 0.02155  density_occ 0.03171  (159s)
[ep  35] train 0.01493  valid mse 0.01231  blind 0.02156  density_occ 0.03213  (161s)
[ep  36] train 0.01493  valid mse 0.01231  blind 0.02161  density_occ 0.03108  (160s)
[ep  37] train 0.01490  valid mse 0.01236  blind 0.02170  density_occ 0.03253  (160s)
[ep  38] train 0.01491  valid mse 0.01224  blind 0.02150  density_occ 0.03172  (160s)
[ep  39] train 0.01489  valid mse 0.01228  blind 0.02154  density_occ 0.03118  (160s)
[done]
