[config] observation config = {'sensing_range': 7, 'num_agents': 3, 'add_noise': True, 'obs_every_k': 1, 'init_method': 'prev'}
[data] loading train split ...
  [1/32] atc-20121028: 10112 target frames of 40446, observed cells/frame 202.3, window 8
  [2/32] atc-20121104: 10071 target frames of 40281, observed cells/frame 202.4, window 8
  [3/32] atc-20121111: 9685 target frames of 38740, observed cells/frame 202.6, window 8
  [4/32] atc-20121118: 9821 target frames of 39281, observed cells/frame 202.5, window 8
  [5/32] atc-20121125: 9960 target frames of 39837, observed cells/frame 202.5, window 8
  [6/32] atc-20121202: 9599 target frames of 38394, observed cells/frame 202.7, window 8
  [7/32] atc-20121209: 9295 target frames of 37178, observed cells/frame 202.8, window 8
  [8/32] atc-20121216: 10176 target frames of 40701, observed cells/frame 202.3, window 8
  [9/32] atc-20121223: 9994 target frames of 39974, observed cells/frame 202.5, window 8
  [10/32] atc-20130106: 9612 target frames of 38445, observed cells/frame 202.6, window 8
  [11/32] atc-20130113: 9701 target frames of 38803, observed cells/frame 202.7, window 8
  [12/32] atc-20130120: 9817 target frames of 39268, observed cells/frame 202.5, window 8
  [13/32] atc-20130127: 10379 target frames of 41513, observed cells/frame 202.2, window 8
  [14/32] atc-20130203: 9646 target frames of 38581, observed cells/frame 202.7, window 8
  [15/32] atc-20130210: 9788 target frames of 39152, observed cells/frame 202.5, window 8
  [16/32] atc-20130217: 9776 target frames of 39103, observed cells/frame 202.5, window 8
  [17/32] atc-20130224: 9872 target frames of 39486, observed cells/frame 202.5, window 8
  [18/32] atc-20130303: 8798 target frames of 35190, observed cells/frame 202.6, window 8
  [19/32] atc-20130310: 9930 target frames of 39719, observed cells/frame 202.5, window 8
  [20/32] atc-20130317: 9704 target frames of 38815, observed cells/frame 202.7, window 8
  [21/32] atc-20130324: 10354 target frames of 41415, observed cells/frame 202.2, window 8
  [22/32] atc-20130331: 9920 target frames of 39679, observed cells/frame 202.5, window 8
  [23/32] atc-20130407: 9704 target frames of 38814, observed cells/frame 202.7, window 8
  [24/32] atc-20130414: 9907 target frames of 39625, observed cells/frame 202.5, window 8
  [25/32] atc-20130421: 10207 target frames of 40826, observed cells/frame 202.3, window 8
  [26/32] atc-20130428: 10002 target frames of 40006, observed cells/frame 202.5, window 8
  [27/32] atc-20130505: 9926 target frames of 39702, observed cells/frame 202.5, window 8
  [28/32] atc-20130512: 9535 target frames of 38140, observed cells/frame 202.7, window 8
  [29/32] atc-20130519: 10080 target frames of 40320, observed cells/frame 202.4, window 8
  [30/32] atc-20130526: 10247 target frames of 40986, observed cells/frame 202.3, window 8
  [31/32] atc-20130602: 10012 target frames of 40046, observed cells/frame 202.5, window 8
  [32/32] atc-20130609: 10013 target frames of 40052, observed cells/frame 202.5, window 8
[data] 315643 training frames
  [1/3] atc-20130616: 1757 target frames of 35127, observed cells/frame 202.6, window 8
  [2/3] atc-20130623: 2031 target frames of 40620, observed cells/frame 202.3, window 8
  [3/3] atc-20130630: 2036 target frames of 40710, observed cells/frame 202.3, window 8
[data] 5824 validation frames
[stats] encoder input standardisation mean=[0.07511292 0.00634202 0.00052243 0.02488372] std=[0.21129094 0.53812015 0.1899018  0.1210584 ]
[model] 56,580 parameters  latent=grid  readout=direct  time_window=8  seed=125
[ep   0] train 0.03810  valid mse 0.01823  blind 0.02472  density_occ 0.05106  (223s)
[ep   1] train 0.02006  valid mse 0.01438  blind 0.02292  density_occ 0.03690  (222s)
[ep   2] train 0.01673  valid mse 0.01316  blind 0.02201  density_occ 0.03317  (223s)
[ep   3] train 0.01573  valid mse 0.01246  blind 0.02112  density_occ 0.03257  (223s)
[ep   4] train 0.01520  valid mse 0.01215  blind 0.02067  density_occ 0.03177  (223s)
[ep   5] train 0.01483  valid mse 0.01191  blind 0.02039  density_occ 0.03083  (219s)
[ep   6] train 0.01461  valid mse 0.01177  blind 0.02021  density_occ 0.03098  (222s)
[ep   7] train 0.01442  valid mse 0.01167  blind 0.02006  density_occ 0.03035  (222s)
[ep   8] train 0.01431  valid mse 0.01165  blind 0.02005  density_occ 0.03029  (222s)
[ep   9] train 0.01421  valid mse 0.01167  blind 0.02007  density_occ 0.03068  (222s)
[ep  10] train 0.01413  valid mse 0.01156  blind 0.01988  density_occ 0.02933  (223s)
[ep  11] train 0.01406  valid mse 0.01148  blind 0.01987  density_occ 0.02984  (222s)
[ep  12] train 0.01400  valid mse 0.01150  blind 0.01988  density_occ 0.02896  (222s)
[ep  13] train 0.01395  valid mse 0.01141  blind 0.01976  density_occ 0.02994  (222s)
[ep  14] train 0.01391  valid mse 0.01138  blind 0.01968  density_occ 0.02933  (224s)
[ep  15] train 0.01389  valid mse 0.01133  blind 0.01964  density_occ 0.02887  (224s)
[ep  16] train 0.01383  valid mse 0.01135  blind 0.01967  density_occ 0.02883  (224s)
[ep  17] train 0.01381  valid mse 0.01129  blind 0.01955  density_occ 0.02886  (223s)
[ep  18] train 0.01378  valid mse 0.01130  blind 0.01954  density_occ 0.02893  (223s)
[ep  19] train 0.01376  valid mse 0.01135  blind 0.01968  density_occ 0.02902  (225s)
[ep  20] train 0.01372  valid mse 0.01127  blind 0.01956  density_occ 0.02829  (225s)
[ep  21] train 0.01371  valid mse 0.01126  blind 0.01954  density_occ 0.03012  (223s)
[ep  22] train 0.01369  valid mse 0.01133  blind 0.01965  density_occ 0.02845  (224s)
[ep  23] train 0.01366  valid mse 0.01139  blind 0.01975  density_occ 0.02861  (225s)
[ep  24] train 0.01365  valid mse 0.01122  blind 0.01950  density_occ 0.02921  (224s)
[ep  25] train 0.01362  valid mse 0.01123  blind 0.01949  density_occ 0.02900  (224s)
[ep  26] train 0.01361  valid mse 0.01127  blind 0.01954  density_occ 0.02909  (224s)
[ep  27] train 0.01360  valid mse 0.01123  blind 0.01951  density_occ 0.02897  (223s)
[ep  28] train 0.01357  valid mse 0.01117  blind 0.01942  density_occ 0.02871  (220s)
[ep  29] train 0.01359  valid mse 0.01129  blind 0.01961  density_occ 0.02812  (224s)
[ep  30] train 0.01353  valid mse 0.01120  blind 0.01946  density_occ 0.02863  (225s)
[ep  31] train 0.01352  valid mse 0.01122  blind 0.01950  density_occ 0.02834  (225s)
[ep  32] train 0.01351  valid mse 0.01143  blind 0.01962  density_occ 0.02898  (225s)
[ep  33] train 0.01352  valid mse 0.01110  blind 0.01932  density_occ 0.02856  (225s)
[ep  34] train 0.01349  valid mse 0.01114  blind 0.01939  density_occ 0.02835  (225s)
[ep  35] train 0.01349  valid mse 0.01114  blind 0.01939  density_occ 0.02902  (224s)
[ep  36] train 0.01347  valid mse 0.01108  blind 0.01930  density_occ 0.02839  (226s)
[ep  37] train 0.01346  valid mse 0.01114  blind 0.01941  density_occ 0.02825  (225s)
[ep  38] train 0.01347  valid mse 0.01110  blind 0.01932  density_occ 0.02840  (225s)
[ep  39] train 0.01348  valid mse 0.01123  blind 0.01950  density_occ 0.02818  (223s)
[done]
