[config] observation config = {'sensing_range': 7, 'num_agents': 3, 'add_noise': True, 'obs_every_k': 1, 'init_method': 'prev'}
[data] loading train split ...
  [1/32] atc-20121028: 10112 target frames of 40446, observed cells/frame 202.6, window 16, observation seed 123
  [2/32] atc-20121104: 10071 target frames of 40281, observed cells/frame 202.6, window 16, observation seed 123
  [3/32] atc-20121111: 9685 target frames of 38740, observed cells/frame 202.8, window 16, observation seed 123
  [4/32] atc-20121118: 9821 target frames of 39281, observed cells/frame 202.7, window 16, observation seed 123
  [5/32] atc-20121125: 9960 target frames of 39837, observed cells/frame 202.7, window 16, observation seed 123
  [6/32] atc-20121202: 9599 target frames of 38394, observed cells/frame 202.7, window 16, observation seed 123
  [7/32] atc-20121209: 9295 target frames of 37178, observed cells/frame 202.5, window 16, observation seed 123
  [8/32] atc-20121216: 10176 target frames of 40701, observed cells/frame 202.7, window 16, observation seed 123
  [9/32] atc-20121223: 9994 target frames of 39974, observed cells/frame 202.6, window 16, observation seed 123
  [10/32] atc-20130106: 9612 target frames of 38445, observed cells/frame 202.8, window 16, observation seed 123
  [11/32] atc-20130113: 9701 target frames of 38803, observed cells/frame 202.8, window 16, observation seed 123
  [12/32] atc-20130120: 9817 target frames of 39268, observed cells/frame 202.7, window 16, observation seed 123
  [13/32] atc-20130127: 10379 target frames of 41513, observed cells/frame 202.7, window 16, observation seed 123
  [14/32] atc-20130203: 9646 target frames of 38581, observed cells/frame 202.8, window 16, observation seed 123
  [15/32] atc-20130210: 9788 target frames of 39152, observed cells/frame 202.8, window 16, observation seed 123
  [16/32] atc-20130217: 9776 target frames of 39103, observed cells/frame 202.8, window 16, observation seed 123
  [17/32] atc-20130224: 9872 target frames of 39486, observed cells/frame 202.7, window 16, observation seed 123
  [18/32] atc-20130303: 8798 target frames of 35190, observed cells/frame 202.5, window 16, observation seed 123
  [19/32] atc-20130310: 9930 target frames of 39719, observed cells/frame 202.7, window 16, observation seed 123
  [20/32] atc-20130317: 9704 target frames of 38815, observed cells/frame 202.8, window 16, observation seed 123
  [21/32] atc-20130324: 10354 target frames of 41415, observed cells/frame 202.7, window 16, observation seed 123
  [22/32] atc-20130331: 9920 target frames of 39679, observed cells/frame 202.7, window 16, observation seed 123
  [23/32] atc-20130407: 9704 target frames of 38814, observed cells/frame 202.8, window 16, observation seed 123
  [24/32] atc-20130414: 9907 target frames of 39625, observed cells/frame 202.7, window 16, observation seed 123
  [25/32] atc-20130421: 10207 target frames of 40826, observed cells/frame 202.7, window 16, observation seed 123
  [26/32] atc-20130428: 10002 target frames of 40006, observed cells/frame 202.6, window 16, observation seed 123
  [27/32] atc-20130505: 9926 target frames of 39702, observed cells/frame 202.7, window 16, observation seed 123
  [28/32] atc-20130512: 9535 target frames of 38140, observed cells/frame 202.7, window 16, observation seed 123
  [29/32] atc-20130519: 10080 target frames of 40320, observed cells/frame 202.6, window 16, observation seed 123
  [30/32] atc-20130526: 10247 target frames of 40986, observed cells/frame 202.7, window 16, observation seed 123
  [31/32] atc-20130602: 10012 target frames of 40046, observed cells/frame 202.6, window 16, observation seed 123
  [32/32] atc-20130609: 10013 target frames of 40052, observed cells/frame 202.6, window 16, observation seed 123
[data] 315643 training frames
  [1/3] atc-20130616: 1757 target frames of 35127, observed cells/frame 202.4, window 16, observation seed 123
  [2/3] atc-20130623: 2031 target frames of 40620, observed cells/frame 202.7, window 16, observation seed 123
  [3/3] atc-20130630: 2036 target frames of 40710, observed cells/frame 202.7, window 16, observation seed 123
[data] 5824 validation frames
[data] model_seed=123  train_obs_seed=123 train_trajectory_mode=fixed  valid_obs_seed=123 valid_trajectory_mode=fixed
[stats] encoder input standardisation mean=[0.07504988 0.0059779  0.0007054  0.02486421] std=[0.21125616 0.53789836 0.18976499 0.12118698]
[model] 56,676 parameters  latent=grid  readout=direct  time_window=16  temporal=token_set  spatial=global  share_blocks=True  seed=123
[ep   0] train 0.04317  objective 0.05008  valid mse 0.01634  blind 0.02384  density_occ 0.04283  (370s)
[ep   1] train 0.01828  objective 0.02319  valid mse 0.01384  blind 0.02228  density_occ 0.03458  (373s)
[ep   2] train 0.01628  objective 0.02089  valid mse 0.01270  blind 0.02118  density_occ 0.03196  (373s)
[ep   3] train 0.01546  objective 0.01988  valid mse 0.01232  blind 0.02069  density_occ 0.03141  (374s)
[ep   4] train 0.01504  objective 0.01935  valid mse 0.01219  blind 0.02046  density_occ 0.03080  (373s)
[ep   5] train 0.01477  objective 0.01901  valid mse 0.01189  blind 0.02011  density_occ 0.03039  (374s)
[ep   6] train 0.01460  objective 0.01879  valid mse 0.01193  blind 0.02004  density_occ 0.03068  (369s)
[ep   7] train 0.01444  objective 0.01859  valid mse 0.01168  blind 0.01982  density_occ 0.02938  (367s)
[ep   8] train 0.01431  objective 0.01843  valid mse 0.01155  blind 0.01962  density_occ 0.02948  (366s)
[ep   9] train 0.01423  objective 0.01832  valid mse 0.01153  blind 0.01965  density_occ 0.02970  (383s)
[ep  10] train 0.01414  objective 0.01821  valid mse 0.01152  blind 0.01955  density_occ 0.02982  (382s)
[ep  11] train 0.01407  objective 0.01812  valid mse 0.01153  blind 0.01960  density_occ 0.02988  (383s)
[ep  12] train 0.01399  objective 0.01802  valid mse 0.01144  blind 0.01953  density_occ 0.02977  (374s)
[ep  13] train 0.01394  objective 0.01796  valid mse 0.01146  blind 0.01941  density_occ 0.02915  (368s)
[ep  14] train 0.01389  objective 0.01790  valid mse 0.01130  blind 0.01935  density_occ 0.02836  (368s)
[ep  15] train 0.01385  objective 0.01784  valid mse 0.01122  blind 0.01922  density_occ 0.02833  (368s)
[ep  16] train 0.01381  objective 0.01779  valid mse 0.01127  blind 0.01931  density_occ 0.02926  (367s)
[ep  17] train 0.01377  objective 0.01774  valid mse 0.01122  blind 0.01923  density_occ 0.02847  (368s)
[ep  18] train 0.01374  objective 0.01771  valid mse 0.01118  blind 0.01921  density_occ 0.02856  (368s)
[ep  19] train 0.01370  objective 0.01766  valid mse 0.01118  blind 0.01916  density_occ 0.02798  (368s)
[ep  20] train 0.01368  objective 0.01763  valid mse 0.01115  blind 0.01914  density_occ 0.02809  (368s)
[ep  21] train 0.01365  objective 0.01759  valid mse 0.01112  blind 0.01912  density_occ 0.02820  (368s)
[ep  22] train 0.01362  objective 0.01756  valid mse 0.01111  blind 0.01907  density_occ 0.02815  (368s)
[ep  23] train 0.01360  objective 0.01753  valid mse 0.01110  blind 0.01908  density_occ 0.02869  (368s)
[ep  24] train 0.01357  objective 0.01749  valid mse 0.01109  blind 0.01909  density_occ 0.02844  (368s)
[chain] close to wall clock, queuing successor
Submitted batch job 20311930
