[config] observation config = {'sensing_range': 7, 'num_agents': 3, 'add_noise': True, 'obs_every_k': 1, 'init_method': 'prev'}
[data] loading train split ...
  [1/32] atc-20121028: 10112 frames, observed cells/frame 202.4
  [2/32] atc-20121104: 10071 frames, observed cells/frame 202.5
  [3/32] atc-20121111: 9685 frames, observed cells/frame 202.7
  [4/32] atc-20121118: 9821 frames, observed cells/frame 202.6
  [5/32] atc-20121125: 9960 frames, observed cells/frame 202.6
  [6/32] atc-20121202: 9599 frames, observed cells/frame 202.8
  [7/32] atc-20121209: 9295 frames, observed cells/frame 202.8
  [8/32] atc-20121216: 10176 frames, observed cells/frame 202.4
  [9/32] atc-20121223: 9994 frames, observed cells/frame 202.6
  [10/32] atc-20130106: 9612 frames, observed cells/frame 202.7
  [11/32] atc-20130113: 9701 frames, observed cells/frame 202.7
  [12/32] atc-20130120: 9817 frames, observed cells/frame 202.6
  [13/32] atc-20130127: 10379 frames, observed cells/frame 202.3
  [14/32] atc-20130203: 9646 frames, observed cells/frame 202.8
  [15/32] atc-20130210: 9788 frames, observed cells/frame 202.6
  [16/32] atc-20130217: 9776 frames, observed cells/frame 202.6
  [17/32] atc-20130224: 9872 frames, observed cells/frame 202.6
  [18/32] atc-20130303: 8798 frames, observed cells/frame 202.7
  [19/32] atc-20130310: 9930 frames, observed cells/frame 202.6
  [20/32] atc-20130317: 9704 frames, observed cells/frame 202.8
  [21/32] atc-20130324: 10354 frames, observed cells/frame 202.3
  [22/32] atc-20130331: 9920 frames, observed cells/frame 202.6
  [23/32] atc-20130407: 9704 frames, observed cells/frame 202.8
  [24/32] atc-20130414: 9907 frames, observed cells/frame 202.6
  [25/32] atc-20130421: 10207 frames, observed cells/frame 202.4
  [26/32] atc-20130428: 10002 frames, observed cells/frame 202.6
  [27/32] atc-20130505: 9926 frames, observed cells/frame 202.6
  [28/32] atc-20130512: 9535 frames, observed cells/frame 202.8
  [29/32] atc-20130519: 10080 frames, observed cells/frame 202.5
  [30/32] atc-20130526: 10247 frames, observed cells/frame 202.4
  [31/32] atc-20130602: 10012 frames, observed cells/frame 202.6
  [32/32] atc-20130609: 10013 frames, observed cells/frame 202.5
[data] 315643 training frames
  [1/3] atc-20130616: 1757 frames, observed cells/frame 203.1
  [2/3] atc-20130623: 2031 frames, observed cells/frame 202.6
  [3/3] atc-20130630: 2036 frames, observed cells/frame 202.7
[data] 5824 validation frames
[stats] encoder input standardisation mean=[0.07511292 0.00634202 0.00052243 0.02488372] std=[0.21129094 0.53812015 0.1899018  0.1210584 ]
[model] 56,260 parameters  latent=grid  readout=direct  seed=125
[ep   0] train 0.03256  valid mse 0.01589  blind 0.02581  density_occ 0.03939  (133s)
[ep   1] train 0.01873  valid mse 0.01489  blind 0.02507  density_occ 0.03871  (133s)
[ep   2] train 0.01751  valid mse 0.01419  blind 0.02430  density_occ 0.03687  (133s)
[ep   3] train 0.01699  valid mse 0.01426  blind 0.02426  density_occ 0.03718  (133s)
[ep   4] train 0.01674  valid mse 0.01381  blind 0.02388  density_occ 0.03619  (132s)
[ep   5] train 0.01657  valid mse 0.01371  blind 0.02378  density_occ 0.03642  (132s)
[ep   6] train 0.01650  valid mse 0.01364  blind 0.02372  density_occ 0.03577  (132s)
[ep   7] train 0.01640  valid mse 0.01369  blind 0.02378  density_occ 0.03480  (132s)
[ep   8] train 0.01636  valid mse 0.01362  blind 0.02368  density_occ 0.03557  (132s)
[ep   9] train 0.01631  valid mse 0.01355  blind 0.02361  density_occ 0.03620  (134s)
[ep  10] train 0.01627  valid mse 0.01357  blind 0.02368  density_occ 0.03559  (142s)
[ep  11] train 0.01628  valid mse 0.01350  blind 0.02361  density_occ 0.03543  (136s)
[ep  12] train 0.01622  valid mse 0.01352  blind 0.02360  density_occ 0.03463  (133s)
[ep  13] train 0.01619  valid mse 0.01349  blind 0.02359  density_occ 0.03623  (133s)
[ep  14] train 0.01618  valid mse 0.01344  blind 0.02351  density_occ 0.03502  (133s)
[ep  15] train 0.01619  valid mse 0.01352  blind 0.02369  density_occ 0.03474  (134s)
[ep  16] train 0.01612  valid mse 0.01343  blind 0.02348  density_occ 0.03508  (134s)
[ep  17] train 0.01611  valid mse 0.01344  blind 0.02352  density_occ 0.03599  (133s)
[ep  18] train 0.01610  valid mse 0.01341  blind 0.02348  density_occ 0.03505  (133s)
[ep  19] train 0.01609  valid mse 0.01346  blind 0.02357  density_occ 0.03614  (133s)
[ep  20] train 0.01606  valid mse 0.01341  blind 0.02349  density_occ 0.03478  (132s)
[ep  21] train 0.01603  valid mse 0.01336  blind 0.02342  density_occ 0.03573  (133s)
[ep  22] train 0.01603  valid mse 0.01339  blind 0.02347  density_occ 0.03493  (133s)
[ep  23] train 0.01602  valid mse 0.01338  blind 0.02346  density_occ 0.03495  (133s)
[ep  24] train 0.01601  valid mse 0.01336  blind 0.02341  density_occ 0.03593  (138s)
[ep  25] train 0.01599  valid mse 0.01340  blind 0.02350  density_occ 0.03486  (139s)
[ep  26] train 0.01600  valid mse 0.01338  blind 0.02347  density_occ 0.03440  (139s)
[ep  27] train 0.01597  valid mse 0.01337  blind 0.02344  density_occ 0.03597  (132s)
[ep  28] train 0.01596  valid mse 0.01331  blind 0.02337  density_occ 0.03416  (132s)
[ep  29] train 0.01597  valid mse 0.01334  blind 0.02342  density_occ 0.03427  (134s)
[ep  30] train 0.01598  valid mse 0.01338  blind 0.02347  density_occ 0.03482  (133s)
[ep  31] train 0.01594  valid mse 0.01332  blind 0.02338  density_occ 0.03481  (132s)
[ep  32] train 0.01593  valid mse 0.01335  blind 0.02341  density_occ 0.03603  (132s)
[ep  33] train 0.01593  valid mse 0.01329  blind 0.02336  density_occ 0.03446  (132s)
[ep  34] train 0.01591  valid mse 0.01335  blind 0.02344  density_occ 0.03375  (134s)
[ep  35] train 0.01593  valid mse 0.01334  blind 0.02343  density_occ 0.03580  (136s)
[ep  36] train 0.01590  valid mse 0.01332  blind 0.02339  density_occ 0.03491  (136s)
[ep  37] train 0.01590  valid mse 0.01331  blind 0.02339  density_occ 0.03565  (137s)
[ep  38] train 0.01591  valid mse 0.01333  blind 0.02341  density_occ 0.03436  (137s)
[ep  39] train 0.01589  valid mse 0.01328  blind 0.02332  density_occ 0.03453  (136s)
[done]
