[config] observation config = {'sensing_range': 7, 'num_agents': 3, 'add_noise': True, 'obs_every_k': 1, 'init_method': 'prev'}
[data] loading train split ...
  [1/32] atc-20121028: 10112 frames, observed cells/frame 202.7
  [2/32] atc-20121104: 10071 frames, observed cells/frame 202.7
  [3/32] atc-20121111: 9685 frames, observed cells/frame 202.9
  [4/32] atc-20121118: 9821 frames, observed cells/frame 202.8
  [5/32] atc-20121125: 9960 frames, observed cells/frame 202.7
  [6/32] atc-20121202: 9599 frames, observed cells/frame 202.8
  [7/32] atc-20121209: 9295 frames, observed cells/frame 202.5
  [8/32] atc-20121216: 10176 frames, observed cells/frame 202.7
  [9/32] atc-20121223: 9994 frames, observed cells/frame 202.7
  [10/32] atc-20130106: 9612 frames, observed cells/frame 202.8
  [11/32] atc-20130113: 9701 frames, observed cells/frame 202.9
  [12/32] atc-20130120: 9817 frames, observed cells/frame 202.8
  [13/32] atc-20130127: 10379 frames, observed cells/frame 202.7
  [14/32] atc-20130203: 9646 frames, observed cells/frame 202.8
  [15/32] atc-20130210: 9788 frames, observed cells/frame 202.9
  [16/32] atc-20130217: 9776 frames, observed cells/frame 202.9
  [17/32] atc-20130224: 9872 frames, observed cells/frame 202.8
  [18/32] atc-20130303: 8798 frames, observed cells/frame 202.5
  [19/32] atc-20130310: 9930 frames, observed cells/frame 202.7
  [20/32] atc-20130317: 9704 frames, observed cells/frame 202.9
  [21/32] atc-20130324: 10354 frames, observed cells/frame 202.7
  [22/32] atc-20130331: 9920 frames, observed cells/frame 202.7
  [23/32] atc-20130407: 9704 frames, observed cells/frame 202.9
  [24/32] atc-20130414: 9907 frames, observed cells/frame 202.8
  [25/32] atc-20130421: 10207 frames, observed cells/frame 202.7
  [26/32] atc-20130428: 10002 frames, observed cells/frame 202.7
  [27/32] atc-20130505: 9926 frames, observed cells/frame 202.7
  [28/32] atc-20130512: 9535 frames, observed cells/frame 202.8
  [29/32] atc-20130519: 10080 frames, observed cells/frame 202.7
  [30/32] atc-20130526: 10247 frames, observed cells/frame 202.7
  [31/32] atc-20130602: 10012 frames, observed cells/frame 202.7
  [32/32] atc-20130609: 10013 frames, observed cells/frame 202.7
[data] 315643 training frames
  [1/3] atc-20130616: 1757 frames, observed cells/frame 202.5
  [2/3] atc-20130623: 2031 frames, observed cells/frame 203.0
  [3/3] atc-20130630: 2036 frames, observed cells/frame 203.1
[data] 5824 validation frames
[stats] encoder input standardisation mean=[0.07504988 0.0059779  0.0007054  0.02486421] std=[0.21125616 0.53789836 0.18976499 0.12118698]
[model] 65,924 parameters  latent=grid  readout=decoder  seed=123
[ep   0] train 0.02820  valid mse 0.01573  blind 0.02524  density_occ 0.04437  (238s)
[ep   1] train 0.01863  valid mse 0.01471  blind 0.02459  density_occ 0.04076  (238s)
[ep   2] train 0.01788  valid mse 0.01435  blind 0.02427  density_occ 0.03966  (238s)
[ep   3] train 0.01748  valid mse 0.01428  blind 0.02425  density_occ 0.03905  (238s)
[ep   4] train 0.01728  valid mse 0.01418  blind 0.02414  density_occ 0.03771  (239s)
[ep   5] train 0.01718  valid mse 0.01417  blind 0.02405  density_occ 0.03846  (238s)
[ep   6] train 0.01706  valid mse 0.01396  blind 0.02389  density_occ 0.03841  (238s)
[ep   7] train 0.01700  valid mse 0.01394  blind 0.02392  density_occ 0.03821  (239s)
[ep   8] train 0.01693  valid mse 0.01384  blind 0.02382  density_occ 0.03711  (238s)
[ep   9] train 0.01689  valid mse 0.01399  blind 0.02394  density_occ 0.03746  (238s)
[ep  10] train 0.01683  valid mse 0.01386  blind 0.02374  density_occ 0.03818  (238s)
[ep  11] train 0.01679  valid mse 0.01381  blind 0.02373  density_occ 0.03754  (238s)
[ep  12] train 0.01679  valid mse 0.01379  blind 0.02374  density_occ 0.03882  (238s)
[ep  13] train 0.01670  valid mse 0.01393  blind 0.02380  density_occ 0.03839  (238s)
[ep  14] train 0.01674  valid mse 0.01376  blind 0.02378  density_occ 0.03706  (238s)
[ep  15] train 0.01672  valid mse 0.01399  blind 0.02379  density_occ 0.03866  (238s)
[ep  16] train 0.01675  valid mse 0.01378  blind 0.02378  density_occ 0.03749  (238s)
[ep  17] train 0.01679  valid mse 0.01375  blind 0.02369  density_occ 0.03710  (238s)
[ep  18] train 0.01680  valid mse 0.01372  blind 0.02369  density_occ 0.03757  (238s)
[ep  19] train 0.01677  valid mse 0.01396  blind 0.02380  density_occ 0.03845  (238s)
[ep  20] train 0.01688  valid mse 0.01394  blind 0.02382  density_occ 0.03786  (238s)
[ep  21] train 0.01682  valid mse 0.01393  blind 0.02385  density_occ 0.03876  (238s)
[ep  22] train 0.01684  valid mse 0.01412  blind 0.02393  density_occ 0.03919  (238s)
[ep  23] train 0.01698  valid mse 0.01417  blind 0.02393  density_occ 0.03854  (238s)
[ep  24] train 0.01694  valid mse 0.01388  blind 0.02380  density_occ 0.03827  (239s)
[ep  25] train 0.01705  valid mse 0.01412  blind 0.02400  density_occ 0.03955  (238s)
[ep  26] train 0.01703  valid mse 0.01401  blind 0.02389  density_occ 0.03817  (238s)
[ep  27] train 0.01704  valid mse 0.01392  blind 0.02383  density_occ 0.03792  (238s)
[ep  28] train 0.01703  valid mse 0.01440  blind 0.02402  density_occ 0.03887  (238s)
[ep  29] train 0.01720  valid mse 0.01434  blind 0.02404  density_occ 0.03966  (238s)
[ep  30] train 0.01733  valid mse 0.01415  blind 0.02403  density_occ 0.03714  (238s)
[ep  31] train 0.01745  valid mse 0.01413  blind 0.02407  density_occ 0.03775  (238s)
[ep  32] train 0.01747  valid mse 0.01439  blind 0.02415  density_occ 0.03961  (238s)
[ep  33] train 0.01763  valid mse 0.01432  blind 0.02408  density_occ 0.03900  (238s)
[ep  34] train 0.01766  valid mse 0.01422  blind 0.02409  density_occ 0.03830  (238s)
[ep  35] train 0.01787  valid mse 0.01459  blind 0.02425  density_occ 0.03885  (238s)
[ep  36] train 0.01797  valid mse 0.01459  blind 0.02426  density_occ 0.03994  (238s)
[ep  37] train 0.01790  valid mse 0.01452  blind 0.02422  density_occ 0.03977  (238s)
[ep  38] train 0.01803  valid mse 0.01481  blind 0.02433  density_occ 0.04024  (238s)
[ep  39] train 0.01805  valid mse 0.01462  blind 0.02433  density_occ 0.03932  (238s)
[done]
