[config] observation config = {'sensing_range': 7, 'num_agents': 3, 'add_noise': True, 'obs_every_k': 1, 'init_method': 'prev'}
[data] loading train split ...
  [1/32] atc-20121028: 10112 target frames of 40446, observed cells/frame 201.5, window 16, observation seed 734804
  [2/32] atc-20121104: 10071 target frames of 40281, observed cells/frame 202.6, window 16, observation seed 734811
  [3/32] atc-20121111: 9685 target frames of 38740, observed cells/frame 201.6, window 16, observation seed 734818
  [4/32] atc-20121118: 9821 target frames of 39281, observed cells/frame 202.7, window 16, observation seed 734825
  [5/32] atc-20121125: 9960 target frames of 39837, observed cells/frame 202.3, window 16, observation seed 734832
  [6/32] atc-20121202: 9599 target frames of 38394, observed cells/frame 202.8, window 16, observation seed 734839
  [7/32] atc-20121209: 9295 target frames of 37178, observed cells/frame 202.5, window 16, observation seed 734846
  [8/32] atc-20121216: 10176 target frames of 40701, observed cells/frame 202.1, window 16, observation seed 734853
  [9/32] atc-20121223: 9994 target frames of 39974, observed cells/frame 203.2, window 16, observation seed 734860
  [10/32] atc-20130106: 9612 target frames of 38445, observed cells/frame 202.8, window 16, observation seed 734874
  [11/32] atc-20130113: 9701 target frames of 38803, observed cells/frame 202.1, window 16, observation seed 734881
  [12/32] atc-20130120: 9817 target frames of 39268, observed cells/frame 201.5, window 16, observation seed 734888
  [13/32] atc-20130127: 10379 target frames of 41513, observed cells/frame 202.8, window 16, observation seed 734895
  [14/32] atc-20130203: 9646 target frames of 38581, observed cells/frame 201.6, window 16, observation seed 734902
  [15/32] atc-20130210: 9788 target frames of 39152, observed cells/frame 202.8, window 16, observation seed 734909
  [16/32] atc-20130217: 9776 target frames of 39103, observed cells/frame 201.5, window 16, observation seed 734916
  [17/32] atc-20130224: 9872 target frames of 39486, observed cells/frame 202.7, window 16, observation seed 734923
  [18/32] atc-20130303: 8798 target frames of 35190, observed cells/frame 202.7, window 16, observation seed 734930
  [19/32] atc-20130310: 9930 target frames of 39719, observed cells/frame 201.9, window 16, observation seed 734937
  [20/32] atc-20130317: 9704 target frames of 38815, observed cells/frame 202.9, window 16, observation seed 734944
  [21/32] atc-20130324: 10354 target frames of 41415, observed cells/frame 203.1, window 16, observation seed 734951
  [22/32] atc-20130331: 9920 target frames of 39679, observed cells/frame 201.2, window 16, observation seed 734958
  [23/32] atc-20130407: 9704 target frames of 38814, observed cells/frame 201.5, window 16, observation seed 734965
  [24/32] atc-20130414: 9907 target frames of 39625, observed cells/frame 201.9, window 16, observation seed 734972
  [25/32] atc-20130421: 10207 target frames of 40826, observed cells/frame 202.0, window 16, observation seed 734979
  [26/32] atc-20130428: 10002 target frames of 40006, observed cells/frame 202.9, window 16, observation seed 734986
  [27/32] atc-20130505: 9926 target frames of 39702, observed cells/frame 202.0, window 16, observation seed 734993
  [28/32] atc-20130512: 9535 target frames of 38140, observed cells/frame 202.8, window 16, observation seed 735000
  [29/32] atc-20130519: 10080 target frames of 40320, observed cells/frame 203.1, window 16, observation seed 735007
  [30/32] atc-20130526: 10247 target frames of 40986, observed cells/frame 201.9, window 16, observation seed 735014
  [31/32] atc-20130602: 10012 target frames of 40046, observed cells/frame 202.4, window 16, observation seed 735021
  [32/32] atc-20130609: 10013 target frames of 40052, observed cells/frame 202.1, window 16, observation seed 735028
[data] 315643 training frames
  [1/3] atc-20130616: 1757 target frames of 35127, observed cells/frame 202.6, window 16, observation seed 735035
  [2/3] atc-20130623: 2031 target frames of 40620, observed cells/frame 200.3, window 16, observation seed 735042
  [3/3] atc-20130630: 2036 target frames of 40710, observed cells/frame 202.6, window 16, observation seed 735049
[data] 5824 validation frames
[data] model_seed=123  train_obs_seed=0 train_trajectory_mode=per_day  valid_obs_seed=0 valid_trajectory_mode=per_day
[stats] encoder input standardisation mean=[0.07505934 0.00618134 0.00056882 0.02487173] std=[0.21119596 0.53820705 0.18990257 0.12073109]
[model] 56,676 parameters  latent=grid  readout=direct  time_window=16  share_blocks=True  seed=123
[ep   0] train 0.04196  valid mse 0.01576  blind 0.02329  density_occ 0.04122  (1020s)
[ep   1] train 0.01786  valid mse 0.01346  blind 0.02152  density_occ 0.03464  (1001s)
[ep   2] train 0.01615  valid mse 0.01260  blind 0.02071  density_occ 0.03161  (1006s)
[ep   3] train 0.01524  valid mse 0.01224  blind 0.02032  density_occ 0.03048  (1011s)
[ep   4] train 0.01478  valid mse 0.01196  blind 0.01982  density_occ 0.02983  (1015s)
[ep   5] train 0.01450  valid mse 0.01168  blind 0.01944  density_occ 0.03101  (1010s)
[ep   6] train 0.01429  valid mse 0.01142  blind 0.01925  density_occ 0.02948  (1010s)
[ep   7] train 0.01414  valid mse 0.01134  blind 0.01916  density_occ 0.02844  (1004s)
[ep   8] train 0.01402  valid mse 0.01123  blind 0.01898  density_occ 0.02832  (1011s)
[ep   9] train 0.01393  valid mse 0.01128  blind 0.01902  density_occ 0.02869  (1010s)
[ep  10] train 0.01385  valid mse 0.01125  blind 0.01890  density_occ 0.02830  (1013s)
[ep  11] train 0.01378  valid mse 0.01113  blind 0.01890  density_occ 0.02845  (1011s)
[ep  12] train 0.01373  valid mse 0.01111  blind 0.01882  density_occ 0.02875  (1012s)
[ep  13] train 0.01368  valid mse 0.01116  blind 0.01896  density_occ 0.02814  (1009s)
[ep  14] train 0.01364  valid mse 0.01100  blind 0.01863  density_occ 0.02844  (1012s)
[ep  15] train 0.01361  valid mse 0.01091  blind 0.01864  density_occ 0.02838  (995s)
[ep  16] train 0.01356  valid mse 0.01091  blind 0.01861  density_occ 0.02882  (993s)
[ep  17] train 0.01352  valid mse 0.01087  blind 0.01846  density_occ 0.02792  (989s)
[ep  18] train 0.01350  valid mse 0.01088  blind 0.01856  density_occ 0.02779  (992s)
[ep  19] train 0.01349  valid mse 0.01083  blind 0.01846  density_occ 0.02835  (987s)
[ep  20] train 0.01346  valid mse 0.01085  blind 0.01848  density_occ 0.02738  (992s)
[ep  21] train 0.01343  valid mse 0.01073  blind 0.01834  density_occ 0.02760  (991s)
[ep  22] train 0.01340  valid mse 0.01084  blind 0.01845  density_occ 0.02841  (993s)
[ep  23] train 0.01338  valid mse 0.01084  blind 0.01837  density_occ 0.02797  (990s)
[ep  24] train 0.01338  valid mse 0.01087  blind 0.01849  density_occ 0.02754  (996s)
[ep  25] train 0.01336  valid mse 0.01086  blind 0.01845  density_occ 0.02814  (991s)
[chain] close to wall clock, queuing successor
Submitted batch job 20784390
