[config] observation config = {'sensing_range': 7, 'num_agents': 3, 'add_noise': True, 'obs_every_k': 1, 'init_method': 'prev'}
[data] loading train split ...
  [1/32] atc-20121028: 10112 target frames of 40446, observed cells/frame 202.3, window 16
  [2/32] atc-20121104: 10071 target frames of 40281, observed cells/frame 202.3, window 16
  [3/32] atc-20121111: 9685 target frames of 38740, observed cells/frame 202.3, window 16
  [4/32] atc-20121118: 9821 target frames of 39281, observed cells/frame 202.3, window 16
  [5/32] atc-20121125: 9960 target frames of 39837, observed cells/frame 202.3, window 16
  [6/32] atc-20121202: 9599 target frames of 38394, observed cells/frame 202.3, window 16
  [7/32] atc-20121209: 9295 target frames of 37178, observed cells/frame 202.4, window 16
  [8/32] atc-20121216: 10176 target frames of 40701, observed cells/frame 202.3, window 16
  [9/32] atc-20121223: 9994 target frames of 39974, observed cells/frame 202.3, window 16
  [10/32] atc-20130106: 9612 target frames of 38445, observed cells/frame 202.3, window 16
  [11/32] atc-20130113: 9701 target frames of 38803, observed cells/frame 202.3, window 16
  [12/32] atc-20130120: 9817 target frames of 39268, observed cells/frame 202.3, window 16
  [13/32] atc-20130127: 10379 target frames of 41513, observed cells/frame 202.1, window 16
  [14/32] atc-20130203: 9646 target frames of 38581, observed cells/frame 202.2, window 16
  [15/32] atc-20130210: 9788 target frames of 39152, observed cells/frame 202.3, window 16
  [16/32] atc-20130217: 9776 target frames of 39103, observed cells/frame 202.3, window 16
  [17/32] atc-20130224: 9872 target frames of 39486, observed cells/frame 202.3, window 16
  [18/32] atc-20130303: 8798 target frames of 35190, observed cells/frame 202.4, window 16
  [19/32] atc-20130310: 9930 target frames of 39719, observed cells/frame 202.3, window 16
  [20/32] atc-20130317: 9704 target frames of 38815, observed cells/frame 202.3, window 16
  [21/32] atc-20130324: 10354 target frames of 41415, observed cells/frame 202.1, window 16
  [22/32] atc-20130331: 9920 target frames of 39679, observed cells/frame 202.3, window 16
  [23/32] atc-20130407: 9704 target frames of 38814, observed cells/frame 202.3, window 16
  [24/32] atc-20130414: 9907 target frames of 39625, observed cells/frame 202.3, window 16
  [25/32] atc-20130421: 10207 target frames of 40826, observed cells/frame 202.2, window 16
  [26/32] atc-20130428: 10002 target frames of 40006, observed cells/frame 202.2, window 16
  [27/32] atc-20130505: 9926 target frames of 39702, observed cells/frame 202.3, window 16
  [28/32] atc-20130512: 9535 target frames of 38140, observed cells/frame 202.3, window 16
  [29/32] atc-20130519: 10080 target frames of 40320, observed cells/frame 202.2, window 16
  [30/32] atc-20130526: 10247 target frames of 40986, observed cells/frame 202.2, window 16
  [31/32] atc-20130602: 10012 target frames of 40046, observed cells/frame 202.2, window 16
  [32/32] atc-20130609: 10013 target frames of 40052, observed cells/frame 202.2, window 16
[data] 315643 training frames
  [1/3] atc-20130616: 1757 target frames of 35127, observed cells/frame 202.4, window 16
  [2/3] atc-20130623: 2031 target frames of 40620, observed cells/frame 202.3, window 16
  [3/3] atc-20130630: 2036 target frames of 40710, observed cells/frame 202.3, window 16
[data] 5824 validation frames
[stats] encoder input standardisation mean=[0.07513941 0.00581281 0.00044906 0.0249023 ] std=[0.21136387 0.538234   0.19001769 0.12149188]
[model] 56,676 parameters  latent=grid  readout=direct  time_window=16  seed=124
[ep   0] train 0.03818  valid mse 0.01825  blind 0.02412  density_occ 0.04832  (391s)
[ep   1] train 0.02147  valid mse 0.01636  blind 0.02241  density_occ 0.04364  (385s)
[ep   2] train 0.01909  valid mse 0.01465  blind 0.02148  density_occ 0.03967  (385s)
[ep   3] train 0.01709  valid mse 0.01312  blind 0.02089  density_occ 0.03307  (385s)
[ep   4] train 0.01607  valid mse 0.01281  blind 0.02075  density_occ 0.03298  (385s)
[ep   5] train 0.01541  valid mse 0.01236  blind 0.02042  density_occ 0.03192  (385s)
[ep   6] train 0.01505  valid mse 0.01200  blind 0.02017  density_occ 0.02992  (385s)
[ep   7] train 0.01476  valid mse 0.01183  blind 0.02000  density_occ 0.02951  (385s)
[ep   8] train 0.01458  valid mse 0.01170  blind 0.01985  density_occ 0.03002  (386s)
[ep   9] train 0.01442  valid mse 0.01167  blind 0.01986  density_occ 0.02902  (385s)
[ep  10] train 0.01432  valid mse 0.01163  blind 0.01974  density_occ 0.02910  (387s)
[ep  11] train 0.01422  valid mse 0.01151  blind 0.01961  density_occ 0.02920  (386s)
[ep  12] train 0.01414  valid mse 0.01138  blind 0.01942  density_occ 0.02866  (386s)
[ep  13] train 0.01408  valid mse 0.01142  blind 0.01946  density_occ 0.02936  (385s)
[ep  14] train 0.01401  valid mse 0.01132  blind 0.01935  density_occ 0.02863  (385s)
[ep  15] train 0.01396  valid mse 0.01119  blind 0.01920  density_occ 0.02851  (385s)
[ep  16] train 0.01391  valid mse 0.01125  blind 0.01925  density_occ 0.02812  (386s)
[ep  17] train 0.01387  valid mse 0.01116  blind 0.01914  density_occ 0.02798  (386s)
[ep  18] train 0.01382  valid mse 0.01118  blind 0.01917  density_occ 0.02792  (386s)
[ep  19] train 0.01379  valid mse 0.01127  blind 0.01921  density_occ 0.02874  (385s)
[ep  20] train 0.01376  valid mse 0.01110  blind 0.01908  density_occ 0.02769  (386s)
[ep  21] train 0.01371  valid mse 0.01111  blind 0.01912  density_occ 0.02785  (386s)
[ep  22] train 0.01369  valid mse 0.01107  blind 0.01902  density_occ 0.02759  (385s)
[ep  23] train 0.01366  valid mse 0.01108  blind 0.01906  density_occ 0.02864  (386s)
[ep  24] train 0.01363  valid mse 0.01102  blind 0.01900  density_occ 0.02736  (384s)
[ep  25] train 0.01360  valid mse 0.01105  blind 0.01903  density_occ 0.02793  (385s)
[ep  26] train 0.01358  valid mse 0.01108  blind 0.01907  density_occ 0.02700  (385s)
[ep  27] train 0.01356  valid mse 0.01098  blind 0.01895  density_occ 0.02742  (386s)
[ep  28] train 0.01354  valid mse 0.01109  blind 0.01907  density_occ 0.02703  (385s)
[ep  29] train 0.01352  valid mse 0.01094  blind 0.01886  density_occ 0.02737  (385s)
[ep  30] train 0.01349  valid mse 0.01091  blind 0.01884  density_occ 0.02761  (386s)
[ep  31] train 0.01349  valid mse 0.01112  blind 0.01906  density_occ 0.02808  (385s)
[ep  32] train 0.01347  valid mse 0.01093  blind 0.01887  density_occ 0.02743  (384s)
[ep  33] train 0.01344  valid mse 0.01108  blind 0.01894  density_occ 0.02721  (383s)
[ep  34] train 0.01347  valid mse 0.01091  blind 0.01887  density_occ 0.02779  (384s)
[ep  35] train 0.01340  valid mse 0.01097  blind 0.01890  density_occ 0.02745  (384s)
[ep  36] train 0.01338  valid mse 0.01089  blind 0.01882  density_occ 0.02659  (384s)
[ep  37] train 0.01340  valid mse 0.01093  blind 0.01887  density_occ 0.02733  (384s)
[ep  38] train 0.01340  valid mse 0.01088  blind 0.01882  density_occ 0.02684  (384s)
[ep  39] train 0.01335  valid mse 0.01087  blind 0.01877  density_occ 0.02687  (385s)
[done]
