[config] observation config = {'sensing_range': 7, 'num_agents': 3, 'add_noise': True, 'obs_every_k': 1, 'init_method': 'prev'}
[data] loading train split ...
  [1/32] atc-20121028: 10112 target frames of 40446, observed cells/frame 202.3, window 8
  [2/32] atc-20121104: 10071 target frames of 40281, observed cells/frame 202.4, window 8
  [3/32] atc-20121111: 9685 target frames of 38740, observed cells/frame 202.6, window 8
  [4/32] atc-20121118: 9821 target frames of 39281, observed cells/frame 202.5, window 8
  [5/32] atc-20121125: 9960 target frames of 39837, observed cells/frame 202.5, window 8
  [6/32] atc-20121202: 9599 target frames of 38394, observed cells/frame 202.7, window 8
  [7/32] atc-20121209: 9295 target frames of 37178, observed cells/frame 202.8, window 8
  [8/32] atc-20121216: 10176 target frames of 40701, observed cells/frame 202.3, window 8
  [9/32] atc-20121223: 9994 target frames of 39974, observed cells/frame 202.5, window 8
  [10/32] atc-20130106: 9612 target frames of 38445, observed cells/frame 202.6, window 8
  [11/32] atc-20130113: 9701 target frames of 38803, observed cells/frame 202.7, window 8
  [12/32] atc-20130120: 9817 target frames of 39268, observed cells/frame 202.5, window 8
  [13/32] atc-20130127: 10379 target frames of 41513, observed cells/frame 202.2, window 8
  [14/32] atc-20130203: 9646 target frames of 38581, observed cells/frame 202.7, window 8
  [15/32] atc-20130210: 9788 target frames of 39152, observed cells/frame 202.5, window 8
  [16/32] atc-20130217: 9776 target frames of 39103, observed cells/frame 202.5, window 8
  [17/32] atc-20130224: 9872 target frames of 39486, observed cells/frame 202.5, window 8
  [18/32] atc-20130303: 8798 target frames of 35190, observed cells/frame 202.6, window 8
  [19/32] atc-20130310: 9930 target frames of 39719, observed cells/frame 202.5, window 8
  [20/32] atc-20130317: 9704 target frames of 38815, observed cells/frame 202.7, window 8
  [21/32] atc-20130324: 10354 target frames of 41415, observed cells/frame 202.2, window 8
  [22/32] atc-20130331: 9920 target frames of 39679, observed cells/frame 202.5, window 8
  [23/32] atc-20130407: 9704 target frames of 38814, observed cells/frame 202.7, window 8
  [24/32] atc-20130414: 9907 target frames of 39625, observed cells/frame 202.5, window 8
  [25/32] atc-20130421: 10207 target frames of 40826, observed cells/frame 202.3, window 8
  [26/32] atc-20130428: 10002 target frames of 40006, observed cells/frame 202.5, window 8
  [27/32] atc-20130505: 9926 target frames of 39702, observed cells/frame 202.5, window 8
  [28/32] atc-20130512: 9535 target frames of 38140, observed cells/frame 202.7, window 8
  [29/32] atc-20130519: 10080 target frames of 40320, observed cells/frame 202.4, window 8
  [30/32] atc-20130526: 10247 target frames of 40986, observed cells/frame 202.3, window 8
  [31/32] atc-20130602: 10012 target frames of 40046, observed cells/frame 202.5, window 8
  [32/32] atc-20130609: 10013 target frames of 40052, observed cells/frame 202.5, window 8
[data] 315643 training frames
  [1/3] atc-20130616: 1757 target frames of 35127, observed cells/frame 202.6, window 8
  [2/3] atc-20130623: 2031 target frames of 40620, observed cells/frame 202.3, window 8
  [3/3] atc-20130630: 2036 target frames of 40710, observed cells/frame 202.3, window 8
[data] 5824 validation frames
[stats] encoder input standardisation mean=[0.07511292 0.00634202 0.00052243 0.02488372] std=[0.21129094 0.53812015 0.1899018  0.1210584 ]
[model] 56,612 parameters  latent=grid  readout=direct  time_window=8  seed=125
[ep   0] train 0.04130  valid mse 0.01889  blind 0.02440  density_occ 0.04859  (306s)
[ep   1] train 0.02255  valid mse 0.01722  blind 0.02328  density_occ 0.04821  (313s)
[ep   2] train 0.01803  valid mse 0.01343  blind 0.02224  density_occ 0.03491  (313s)
[ep   3] train 0.01607  valid mse 0.01296  blind 0.02167  density_occ 0.03347  (304s)
[ep   4] train 0.01552  valid mse 0.01241  blind 0.02100  density_occ 0.03174  (307s)
[ep   5] train 0.01515  valid mse 0.01215  blind 0.02069  density_occ 0.03149  (304s)
[ep   6] train 0.01487  valid mse 0.01201  blind 0.02057  density_occ 0.03151  (308s)
[ep   7] train 0.01468  valid mse 0.01191  blind 0.02043  density_occ 0.03089  (305s)
[ep   8] train 0.01458  valid mse 0.01197  blind 0.02051  density_occ 0.03104  (308s)
[ep   9] train 0.01443  valid mse 0.01179  blind 0.02027  density_occ 0.03057  (304s)
[ep  10] train 0.01433  valid mse 0.01174  blind 0.02018  density_occ 0.02944  (308s)
[ep  11] train 0.01425  valid mse 0.01166  blind 0.02014  density_occ 0.03001  (305s)
[ep  12] train 0.01418  valid mse 0.01159  blind 0.02004  density_occ 0.02932  (308s)
[ep  13] train 0.01413  valid mse 0.01155  blind 0.01998  density_occ 0.02983  (304s)
[ep  14] train 0.01407  valid mse 0.01155  blind 0.01995  density_occ 0.02922  (307s)
[ep  15] train 0.01404  valid mse 0.01150  blind 0.01992  density_occ 0.02978  (302s)
[ep  16] train 0.01400  valid mse 0.01146  blind 0.01984  density_occ 0.02935  (305s)
[ep  17] train 0.01396  valid mse 0.01141  blind 0.01978  density_occ 0.02912  (302s)
[ep  18] train 0.01390  valid mse 0.01139  blind 0.01973  density_occ 0.02925  (306s)
[ep  19] train 0.01387  valid mse 0.01190  blind 0.02023  density_occ 0.03033  (303s)
[ep  20] train 0.01385  valid mse 0.01134  blind 0.01968  density_occ 0.02858  (306s)
[ep  21] train 0.01381  valid mse 0.01132  blind 0.01963  density_occ 0.02928  (302s)
[ep  22] train 0.01380  valid mse 0.01140  blind 0.01975  density_occ 0.02894  (306s)
[ep  23] train 0.01376  valid mse 0.01134  blind 0.01969  density_occ 0.02859  (303s)
[ep  24] train 0.01373  valid mse 0.01129  blind 0.01962  density_occ 0.02928  (306s)
[ep  25] train 0.01376  valid mse 0.01128  blind 0.01959  density_occ 0.02901  (303s)
[ep  26] train 0.01371  valid mse 0.01124  blind 0.01953  density_occ 0.02916  (306s)
[ep  27] train 0.01370  valid mse 0.01126  blind 0.01952  density_occ 0.02895  (303s)
[ep  28] train 0.01367  valid mse 0.01126  blind 0.01956  density_occ 0.02847  (305s)
[ep  29] train 0.01365  valid mse 0.01125  blind 0.01957  density_occ 0.02824  (303s)
[ep  30] train 0.01365  valid mse 0.01123  blind 0.01952  density_occ 0.02868  (304s)
[ep  31] train 0.01362  valid mse 0.01127  blind 0.01956  density_occ 0.02778  (304s)
[ep  32] train 0.01363  valid mse 0.01129  blind 0.01962  density_occ 0.02866  (306s)
[ep  33] train 0.01359  valid mse 0.01114  blind 0.01940  density_occ 0.02848  (304s)
[ep  34] train 0.01357  valid mse 0.01120  blind 0.01946  density_occ 0.02806  (306s)
[ep  35] train 0.01358  valid mse 0.01115  blind 0.01939  density_occ 0.02893  (304s)
[ep  36] train 0.01356  valid mse 0.01139  blind 0.01965  density_occ 0.02930  (306s)
[ep  37] train 0.01354  valid mse 0.01114  blind 0.01943  density_occ 0.02836  (305s)
[ep  38] train 0.01354  valid mse 0.01113  blind 0.01939  density_occ 0.02786  (306s)
[ep  39] train 0.01354  valid mse 0.01136  blind 0.01958  density_occ 0.02837  (303s)
[done]
