[config] observation config = {'sensing_range': 7, 'num_agents': 3, 'add_noise': True, 'obs_every_k': 1, 'init_method': 'prev'}
[data] loading train split ...
  [1/32] atc-20121028: 10112 frames, observed cells/frame 202.4
  [2/32] atc-20121104: 10071 frames, observed cells/frame 202.5
  [3/32] atc-20121111: 9685 frames, observed cells/frame 202.7
  [4/32] atc-20121118: 9821 frames, observed cells/frame 202.6
  [5/32] atc-20121125: 9960 frames, observed cells/frame 202.6
  [6/32] atc-20121202: 9599 frames, observed cells/frame 202.8
  [7/32] atc-20121209: 9295 frames, observed cells/frame 202.8
  [8/32] atc-20121216: 10176 frames, observed cells/frame 202.4
  [9/32] atc-20121223: 9994 frames, observed cells/frame 202.6
  [10/32] atc-20130106: 9612 frames, observed cells/frame 202.7
  [11/32] atc-20130113: 9701 frames, observed cells/frame 202.7
  [12/32] atc-20130120: 9817 frames, observed cells/frame 202.6
  [13/32] atc-20130127: 10379 frames, observed cells/frame 202.3
  [14/32] atc-20130203: 9646 frames, observed cells/frame 202.8
  [15/32] atc-20130210: 9788 frames, observed cells/frame 202.6
  [16/32] atc-20130217: 9776 frames, observed cells/frame 202.6
  [17/32] atc-20130224: 9872 frames, observed cells/frame 202.6
  [18/32] atc-20130303: 8798 frames, observed cells/frame 202.7
  [19/32] atc-20130310: 9930 frames, observed cells/frame 202.6
  [20/32] atc-20130317: 9704 frames, observed cells/frame 202.8
  [21/32] atc-20130324: 10354 frames, observed cells/frame 202.3
  [22/32] atc-20130331: 9920 frames, observed cells/frame 202.6
  [23/32] atc-20130407: 9704 frames, observed cells/frame 202.8
  [24/32] atc-20130414: 9907 frames, observed cells/frame 202.6
  [25/32] atc-20130421: 10207 frames, observed cells/frame 202.4
  [26/32] atc-20130428: 10002 frames, observed cells/frame 202.6
  [27/32] atc-20130505: 9926 frames, observed cells/frame 202.6
  [28/32] atc-20130512: 9535 frames, observed cells/frame 202.8
  [29/32] atc-20130519: 10080 frames, observed cells/frame 202.5
  [30/32] atc-20130526: 10247 frames, observed cells/frame 202.4
  [31/32] atc-20130602: 10012 frames, observed cells/frame 202.6
  [32/32] atc-20130609: 10013 frames, observed cells/frame 202.5
[data] 315643 training frames
  [1/3] atc-20130616: 1757 frames, observed cells/frame 203.1
  [2/3] atc-20130623: 2031 frames, observed cells/frame 202.6
  [3/3] atc-20130630: 2036 frames, observed cells/frame 202.7
[data] 5824 validation frames
[stats] encoder input standardisation mean=[0.07511292 0.00634202 0.00052243 0.02488372] std=[0.21129094 0.53812015 0.1899018  0.1210584 ]
[model] 65,892 parameters  latent=abstract  readout=decoder  seed=125
[ep   0] train 0.03295  valid mse 0.01850  blind 0.02580  density_occ 0.05760  (119s)
[ep   1] train 0.02150  valid mse 0.01623  blind 0.02512  density_occ 0.04880  (118s)
[ep   2] train 0.01998  valid mse 0.01559  blind 0.02487  density_occ 0.04610  (118s)
[ep   3] train 0.01941  valid mse 0.01541  blind 0.02476  density_occ 0.04578  (119s)
[ep   4] train 0.01913  valid mse 0.01520  blind 0.02460  density_occ 0.04403  (119s)
[ep   5] train 0.01893  valid mse 0.01501  blind 0.02447  density_occ 0.04372  (119s)
[ep   6] train 0.01878  valid mse 0.01488  blind 0.02442  density_occ 0.04265  (119s)
[ep   7] train 0.01864  valid mse 0.01491  blind 0.02447  density_occ 0.04159  (119s)
[ep   8] train 0.01854  valid mse 0.01481  blind 0.02441  density_occ 0.04244  (119s)
[ep   9] train 0.01839  valid mse 0.01483  blind 0.02439  density_occ 0.04294  (119s)
[ep  10] train 0.01829  valid mse 0.01468  blind 0.02433  density_occ 0.04108  (119s)
[ep  11] train 0.01822  valid mse 0.01464  blind 0.02426  density_occ 0.04205  (119s)
[ep  12] train 0.01817  valid mse 0.01480  blind 0.02435  density_occ 0.04217  (119s)
[ep  13] train 0.01808  valid mse 0.01462  blind 0.02423  density_occ 0.04202  (119s)
[ep  14] train 0.01808  valid mse 0.01451  blind 0.02418  density_occ 0.04112  (119s)
[ep  15] train 0.01801  valid mse 0.01459  blind 0.02421  density_occ 0.04111  (119s)
[ep  16] train 0.01806  valid mse 0.01452  blind 0.02420  density_occ 0.04020  (119s)
[ep  17] train 0.01796  valid mse 0.01448  blind 0.02416  density_occ 0.04096  (119s)
[ep  18] train 0.01795  valid mse 0.01443  blind 0.02414  density_occ 0.04097  (119s)
[ep  19] train 0.01791  valid mse 0.01445  blind 0.02418  density_occ 0.04150  (119s)
[ep  20] train 0.01791  valid mse 0.01463  blind 0.02423  density_occ 0.04123  (119s)
[ep  21] train 0.01793  valid mse 0.01446  blind 0.02410  density_occ 0.04174  (119s)
[ep  22] train 0.01785  valid mse 0.01443  blind 0.02416  density_occ 0.04013  (119s)
[ep  23] train 0.01782  valid mse 0.01445  blind 0.02415  density_occ 0.04121  (119s)
[ep  24] train 0.01780  valid mse 0.01439  blind 0.02410  density_occ 0.04121  (119s)
[ep  25] train 0.01782  valid mse 0.01444  blind 0.02416  density_occ 0.04065  (119s)
[ep  26] train 0.01777  valid mse 0.01457  blind 0.02418  density_occ 0.04246  (119s)
[ep  27] train 0.01776  valid mse 0.01441  blind 0.02412  density_occ 0.04174  (119s)
[ep  28] train 0.01777  valid mse 0.01440  blind 0.02412  density_occ 0.04083  (119s)
[ep  29] train 0.01772  valid mse 0.01439  blind 0.02416  density_occ 0.03960  (119s)
[ep  30] train 0.01771  valid mse 0.01438  blind 0.02409  density_occ 0.04043  (119s)
[ep  31] train 0.01771  valid mse 0.01439  blind 0.02410  density_occ 0.04004  (119s)
[ep  32] train 0.01770  valid mse 0.01457  blind 0.02415  density_occ 0.04239  (119s)
[ep  33] train 0.01771  valid mse 0.01436  blind 0.02409  density_occ 0.04056  (119s)
[ep  34] train 0.01765  valid mse 0.01450  blind 0.02416  density_occ 0.03912  (119s)
[ep  35] train 0.01765  valid mse 0.01439  blind 0.02410  density_occ 0.04113  (119s)
[ep  36] train 0.01764  valid mse 0.01456  blind 0.02414  density_occ 0.04094  (119s)
[ep  37] train 0.01768  valid mse 0.01450  blind 0.02413  density_occ 0.04148  (119s)
[ep  38] train 0.01766  valid mse 0.01430  blind 0.02403  density_occ 0.03995  (120s)
[ep  39] train 0.01763  valid mse 0.01432  blind 0.02404  density_occ 0.03970  (120s)
[done]
