[config] observation config = {'sensing_range': 7, 'num_agents': 3, 'add_noise': True, 'obs_every_k': 1, 'init_method': 'prev'}
[data] loading train split ...
  [1/32] atc-20121028: 10112 target frames of 40446, observed cells/frame 202.6, window 4
  [2/32] atc-20121104: 10071 target frames of 40281, observed cells/frame 202.6, window 4
  [3/32] atc-20121111: 9685 target frames of 38740, observed cells/frame 202.8, window 4
  [4/32] atc-20121118: 9821 target frames of 39281, observed cells/frame 202.7, window 4
  [5/32] atc-20121125: 9960 target frames of 39837, observed cells/frame 202.7, window 4
  [6/32] atc-20121202: 9599 target frames of 38394, observed cells/frame 202.7, window 4
  [7/32] atc-20121209: 9295 target frames of 37178, observed cells/frame 202.5, window 4
  [8/32] atc-20121216: 10176 target frames of 40701, observed cells/frame 202.7, window 4
  [9/32] atc-20121223: 9994 target frames of 39974, observed cells/frame 202.6, window 4
  [10/32] atc-20130106: 9612 target frames of 38445, observed cells/frame 202.8, window 4
  [11/32] atc-20130113: 9701 target frames of 38803, observed cells/frame 202.8, window 4
  [12/32] atc-20130120: 9817 target frames of 39268, observed cells/frame 202.7, window 4
  [13/32] atc-20130127: 10379 target frames of 41513, observed cells/frame 202.7, window 4
  [14/32] atc-20130203: 9646 target frames of 38581, observed cells/frame 202.8, window 4
  [15/32] atc-20130210: 9788 target frames of 39152, observed cells/frame 202.8, window 4
  [16/32] atc-20130217: 9776 target frames of 39103, observed cells/frame 202.8, window 4
  [17/32] atc-20130224: 9872 target frames of 39486, observed cells/frame 202.7, window 4
  [18/32] atc-20130303: 8798 target frames of 35190, observed cells/frame 202.5, window 4
  [19/32] atc-20130310: 9930 target frames of 39719, observed cells/frame 202.7, window 4
  [20/32] atc-20130317: 9704 target frames of 38815, observed cells/frame 202.8, window 4
  [21/32] atc-20130324: 10354 target frames of 41415, observed cells/frame 202.7, window 4
  [22/32] atc-20130331: 9920 target frames of 39679, observed cells/frame 202.7, window 4
  [23/32] atc-20130407: 9704 target frames of 38814, observed cells/frame 202.8, window 4
  [24/32] atc-20130414: 9907 target frames of 39625, observed cells/frame 202.7, window 4
  [25/32] atc-20130421: 10207 target frames of 40826, observed cells/frame 202.7, window 4
  [26/32] atc-20130428: 10002 target frames of 40006, observed cells/frame 202.6, window 4
  [27/32] atc-20130505: 9926 target frames of 39702, observed cells/frame 202.7, window 4
  [28/32] atc-20130512: 9535 target frames of 38140, observed cells/frame 202.7, window 4
  [29/32] atc-20130519: 10080 target frames of 40320, observed cells/frame 202.6, window 4
  [30/32] atc-20130526: 10247 target frames of 40986, observed cells/frame 202.7, window 4
  [31/32] atc-20130602: 10012 target frames of 40046, observed cells/frame 202.6, window 4
  [32/32] atc-20130609: 10013 target frames of 40052, observed cells/frame 202.6, window 4
[data] 315643 training frames
  [1/3] atc-20130616: 1757 target frames of 35127, observed cells/frame 202.4, window 4
  [2/3] atc-20130623: 2031 target frames of 40620, observed cells/frame 202.7, window 4
  [3/3] atc-20130630: 2036 target frames of 40710, observed cells/frame 202.7, window 4
[data] 5824 validation frames
[stats] encoder input standardisation mean=[0.07504988 0.0059779  0.0007054  0.02486421] std=[0.21125616 0.53789836 0.18976499 0.12118698]
[model] 56,580 parameters  latent=grid  readout=direct  time_window=4  seed=123
[ep   0] train 0.03477  valid mse 0.01508  blind 0.02399  density_occ 0.04182  (219s)
[ep   1] train 0.01781  valid mse 0.01403  blind 0.02294  density_occ 0.03892  (218s)
[ep   2] train 0.01679  valid mse 0.01340  blind 0.02220  density_occ 0.03574  (218s)
[ep   3] train 0.01622  valid mse 0.01304  blind 0.02189  density_occ 0.03483  (218s)
[ep   4] train 0.01587  valid mse 0.01283  blind 0.02158  density_occ 0.03342  (218s)
[ep   5] train 0.01564  valid mse 0.01271  blind 0.02148  density_occ 0.03455  (216s)
[ep   6] train 0.01546  valid mse 0.01260  blind 0.02134  density_occ 0.03353  (215s)
[ep   7] train 0.01532  valid mse 0.01249  blind 0.02125  density_occ 0.03326  (216s)
[ep   8] train 0.01519  valid mse 0.01234  blind 0.02103  density_occ 0.03240  (219s)
[ep   9] train 0.01511  valid mse 0.01231  blind 0.02103  density_occ 0.03315  (219s)
[ep  10] train 0.01505  valid mse 0.01235  blind 0.02106  density_occ 0.03267  (220s)
[ep  11] train 0.01499  valid mse 0.01223  blind 0.02087  density_occ 0.03325  (218s)
[ep  12] train 0.01493  valid mse 0.01223  blind 0.02096  density_occ 0.03371  (218s)
[ep  13] train 0.01488  valid mse 0.01217  blind 0.02086  density_occ 0.03172  (222s)
[ep  14] train 0.01475  valid mse 0.01203  blind 0.02083  density_occ 0.03212  (221s)
[ep  15] train 0.01462  valid mse 0.01204  blind 0.02082  density_occ 0.03182  (221s)
[ep  16] train 0.01459  valid mse 0.01200  blind 0.02082  density_occ 0.03198  (222s)
[ep  17] train 0.01456  valid mse 0.01197  blind 0.02076  density_occ 0.03137  (221s)
[ep  18] train 0.01452  valid mse 0.01192  blind 0.02068  density_occ 0.03209  (221s)
[ep  19] train 0.01448  valid mse 0.01197  blind 0.02075  density_occ 0.03048  (221s)
[ep  20] train 0.01448  valid mse 0.01191  blind 0.02065  density_occ 0.03167  (221s)
[ep  21] train 0.01447  valid mse 0.01193  blind 0.02072  density_occ 0.03198  (221s)
[ep  22] train 0.01444  valid mse 0.01186  blind 0.02063  density_occ 0.03167  (221s)
[ep  23] train 0.01442  valid mse 0.01190  blind 0.02068  density_occ 0.03108  (221s)
[ep  24] train 0.01440  valid mse 0.01183  blind 0.02058  density_occ 0.03142  (221s)
[ep  25] train 0.01439  valid mse 0.01189  blind 0.02058  density_occ 0.03214  (221s)
[ep  26] train 0.01437  valid mse 0.01185  blind 0.02059  density_occ 0.03105  (221s)
[ep  27] train 0.01435  valid mse 0.01186  blind 0.02064  density_occ 0.03084  (221s)
[ep  28] train 0.01434  valid mse 0.01180  blind 0.02052  density_occ 0.03090  (221s)
[ep  29] train 0.01434  valid mse 0.01178  blind 0.02050  density_occ 0.03110  (221s)
[ep  30] train 0.01435  valid mse 0.01187  blind 0.02061  density_occ 0.03077  (222s)
[ep  31] train 0.01430  valid mse 0.01188  blind 0.02063  density_occ 0.03102  (221s)
[ep  32] train 0.01431  valid mse 0.01181  blind 0.02052  density_occ 0.03103  (221s)
[ep  33] train 0.01429  valid mse 0.01175  blind 0.02045  density_occ 0.03128  (222s)
[ep  34] train 0.01429  valid mse 0.01175  blind 0.02046  density_occ 0.03133  (221s)
[ep  35] train 0.01428  valid mse 0.01179  blind 0.02054  density_occ 0.03110  (221s)
[ep  36] train 0.01425  valid mse 0.01179  blind 0.02053  density_occ 0.03037  (221s)
[ep  37] train 0.01425  valid mse 0.01176  blind 0.02046  density_occ 0.03135  (221s)
[ep  38] train 0.01423  valid mse 0.01175  blind 0.02046  density_occ 0.03066  (221s)
[ep  39] train 0.01422  valid mse 0.01174  blind 0.02045  density_occ 0.03046  (221s)
[done]
