[config] observation config = {'sensing_range': 7, 'num_agents': 3, 'add_noise': True, 'obs_every_k': 1, 'init_method': 'prev'}
[data] loading train split ...
  [1/32] atc-20121028: 10112 target frames of 40446, observed cells/frame 202.6, window 8, observation seed 123
  [2/32] atc-20121104: 10071 target frames of 40281, observed cells/frame 202.6, window 8, observation seed 123
  [3/32] atc-20121111: 9685 target frames of 38740, observed cells/frame 202.8, window 8, observation seed 123
  [4/32] atc-20121118: 9821 target frames of 39281, observed cells/frame 202.7, window 8, observation seed 123
  [5/32] atc-20121125: 9960 target frames of 39837, observed cells/frame 202.7, window 8, observation seed 123
  [6/32] atc-20121202: 9599 target frames of 38394, observed cells/frame 202.7, window 8, observation seed 123
  [7/32] atc-20121209: 9295 target frames of 37178, observed cells/frame 202.5, window 8, observation seed 123
  [8/32] atc-20121216: 10176 target frames of 40701, observed cells/frame 202.7, window 8, observation seed 123
  [9/32] atc-20121223: 9994 target frames of 39974, observed cells/frame 202.6, window 8, observation seed 123
  [10/32] atc-20130106: 9612 target frames of 38445, observed cells/frame 202.8, window 8, observation seed 123
  [11/32] atc-20130113: 9701 target frames of 38803, observed cells/frame 202.8, window 8, observation seed 123
  [12/32] atc-20130120: 9817 target frames of 39268, observed cells/frame 202.7, window 8, observation seed 123
  [13/32] atc-20130127: 10379 target frames of 41513, observed cells/frame 202.7, window 8, observation seed 123
  [14/32] atc-20130203: 9646 target frames of 38581, observed cells/frame 202.8, window 8, observation seed 123
  [15/32] atc-20130210: 9788 target frames of 39152, observed cells/frame 202.8, window 8, observation seed 123
  [16/32] atc-20130217: 9776 target frames of 39103, observed cells/frame 202.8, window 8, observation seed 123
  [17/32] atc-20130224: 9872 target frames of 39486, observed cells/frame 202.7, window 8, observation seed 123
  [18/32] atc-20130303: 8798 target frames of 35190, observed cells/frame 202.5, window 8, observation seed 123
  [19/32] atc-20130310: 9930 target frames of 39719, observed cells/frame 202.7, window 8, observation seed 123
  [20/32] atc-20130317: 9704 target frames of 38815, observed cells/frame 202.8, window 8, observation seed 123
  [21/32] atc-20130324: 10354 target frames of 41415, observed cells/frame 202.7, window 8, observation seed 123
  [22/32] atc-20130331: 9920 target frames of 39679, observed cells/frame 202.7, window 8, observation seed 123
  [23/32] atc-20130407: 9704 target frames of 38814, observed cells/frame 202.8, window 8, observation seed 123
  [24/32] atc-20130414: 9907 target frames of 39625, observed cells/frame 202.7, window 8, observation seed 123
  [25/32] atc-20130421: 10207 target frames of 40826, observed cells/frame 202.7, window 8, observation seed 123
  [26/32] atc-20130428: 10002 target frames of 40006, observed cells/frame 202.6, window 8, observation seed 123
  [27/32] atc-20130505: 9926 target frames of 39702, observed cells/frame 202.7, window 8, observation seed 123
  [28/32] atc-20130512: 9535 target frames of 38140, observed cells/frame 202.7, window 8, observation seed 123
  [29/32] atc-20130519: 10080 target frames of 40320, observed cells/frame 202.6, window 8, observation seed 123
  [30/32] atc-20130526: 10247 target frames of 40986, observed cells/frame 202.7, window 8, observation seed 123
  [31/32] atc-20130602: 10012 target frames of 40046, observed cells/frame 202.6, window 8, observation seed 123
  [32/32] atc-20130609: 10013 target frames of 40052, observed cells/frame 202.6, window 8, observation seed 123
[data] 315643 training frames
  [1/3] atc-20130616: 1757 target frames of 35127, observed cells/frame 202.4, window 8, observation seed 123
  [2/3] atc-20130623: 2031 target frames of 40620, observed cells/frame 202.7, window 8, observation seed 123
  [3/3] atc-20130630: 2036 target frames of 40710, observed cells/frame 202.7, window 8, observation seed 123
[data] 5824 validation frames
[data] model_seed=123  train_obs_seed=123 train_trajectory_mode=fixed  valid_obs_seed=123 valid_trajectory_mode=fixed
[stats] encoder input standardisation mean=[0.07504988 0.0059779  0.0007054  0.02486421] std=[0.21125616 0.53789836 0.18976499 0.12118698]
[model] 56,612 parameters  latent=grid  readout=direct  time_window=8  share_blocks=True  seed=123
[ep   0] train 0.03725  valid mse 0.01742  blind 0.02436  density_occ 0.04963  (571s)
[ep   1] train 0.02042  valid mse 0.01499  blind 0.02283  density_occ 0.04118  (572s)
[ep   2] train 0.01691  valid mse 0.01308  blind 0.02134  density_occ 0.03536  (571s)
[ep   3] train 0.01590  valid mse 0.01271  blind 0.02091  density_occ 0.03406  (577s)
[ep   4] train 0.01539  valid mse 0.01245  blind 0.02061  density_occ 0.03302  (581s)
[ep   5] train 0.01508  valid mse 0.01254  blind 0.02065  density_occ 0.03365  (584s)
[ep   6] train 0.01490  valid mse 0.01216  blind 0.02031  density_occ 0.03210  (582s)
[ep   7] train 0.01478  valid mse 0.01211  blind 0.02022  density_occ 0.03200  (585s)
[ep   8] train 0.01466  valid mse 0.01194  blind 0.02003  density_occ 0.03180  (586s)
[ep   9] train 0.01458  valid mse 0.01189  blind 0.01994  density_occ 0.03156  (583s)
[ep  10] train 0.01450  valid mse 0.01191  blind 0.01994  density_occ 0.03168  (585s)
[ep  11] train 0.01448  valid mse 0.01182  blind 0.01986  density_occ 0.03147  (582s)
[ep  12] train 0.01441  valid mse 0.01181  blind 0.01989  density_occ 0.03160  (573s)
[ep  13] train 0.01434  valid mse 0.01174  blind 0.01972  density_occ 0.03038  (574s)
[ep  14] train 0.01431  valid mse 0.01172  blind 0.01975  density_occ 0.03021  (573s)
[ep  15] train 0.01429  valid mse 0.01168  blind 0.01968  density_occ 0.03057  (577s)
[ep  16] train 0.01424  valid mse 0.01168  blind 0.01970  density_occ 0.03083  (573s)
[ep  17] train 0.01421  valid mse 0.01172  blind 0.01971  density_occ 0.03112  (573s)
[ep  18] train 0.01418  valid mse 0.01164  blind 0.01965  density_occ 0.03088  (572s)
[ep  19] train 0.01416  valid mse 0.01164  blind 0.01962  density_occ 0.03070  (571s)
[ep  20] train 0.01413  valid mse 0.01161  blind 0.01960  density_occ 0.03061  (572s)
[ep  21] train 0.01411  valid mse 0.01155  blind 0.01951  density_occ 0.03090  (572s)
[ep  22] train 0.01410  valid mse 0.01158  blind 0.01957  density_occ 0.03045  (572s)
[ep  23] train 0.01408  valid mse 0.01155  blind 0.01953  density_occ 0.03070  (571s)
[ep  24] train 0.01404  valid mse 0.01152  blind 0.01948  density_occ 0.03129  (573s)
[ep  25] train 0.01406  valid mse 0.01161  blind 0.01956  density_occ 0.03105  (572s)
[ep  26] train 0.01402  valid mse 0.01154  blind 0.01951  density_occ 0.03060  (575s)
[ep  27] train 0.01401  valid mse 0.01156  blind 0.01953  density_occ 0.03030  (572s)
[ep  28] train 0.01399  valid mse 0.01148  blind 0.01943  density_occ 0.03010  (577s)
[ep  29] train 0.01398  valid mse 0.01149  blind 0.01944  density_occ 0.03024  (574s)
[ep  30] train 0.01397  valid mse 0.01146  blind 0.01936  density_occ 0.03045  (576s)
[ep  31] train 0.01396  valid mse 0.01154  blind 0.01954  density_occ 0.03055  (578s)
[ep  32] train 0.01394  valid mse 0.01150  blind 0.01946  density_occ 0.03003  (579s)
[ep  33] train 0.01392  valid mse 0.01146  blind 0.01941  density_occ 0.03043  (578s)
[ep  34] train 0.01392  valid mse 0.01148  blind 0.01944  density_occ 0.02979  (573s)
[ep  35] train 0.01391  valid mse 0.01146  blind 0.01940  density_occ 0.03009  (572s)
[ep  36] train 0.01391  valid mse 0.01145  blind 0.01939  density_occ 0.02982  (575s)
[ep  37] train 0.01390  valid mse 0.01150  blind 0.01945  density_occ 0.02951  (572s)
[ep  38] train 0.01388  valid mse 0.01150  blind 0.01945  density_occ 0.02974  (576s)
[ep  39] train 0.01389  valid mse 0.01147  blind 0.01944  density_occ 0.02939  (572s)
[done]
