[config] observation config = {'sensing_range': 7, 'num_agents': 3, 'add_noise': True, 'obs_every_k': 1, 'init_method': 'prev'}
[data] loading train split ...
  [1/32] atc-20121028: 10112 frames, observed cells/frame 202.7
  [2/32] atc-20121104: 10071 frames, observed cells/frame 202.7
  [3/32] atc-20121111: 9685 frames, observed cells/frame 202.9
  [4/32] atc-20121118: 9821 frames, observed cells/frame 202.8
  [5/32] atc-20121125: 9960 frames, observed cells/frame 202.7
  [6/32] atc-20121202: 9599 frames, observed cells/frame 202.8
  [7/32] atc-20121209: 9295 frames, observed cells/frame 202.5
  [8/32] atc-20121216: 10176 frames, observed cells/frame 202.7
  [9/32] atc-20121223: 9994 frames, observed cells/frame 202.7
  [10/32] atc-20130106: 9612 frames, observed cells/frame 202.8
  [11/32] atc-20130113: 9701 frames, observed cells/frame 202.9
  [12/32] atc-20130120: 9817 frames, observed cells/frame 202.8
  [13/32] atc-20130127: 10379 frames, observed cells/frame 202.7
  [14/32] atc-20130203: 9646 frames, observed cells/frame 202.8
  [15/32] atc-20130210: 9788 frames, observed cells/frame 202.9
  [16/32] atc-20130217: 9776 frames, observed cells/frame 202.9
  [17/32] atc-20130224: 9872 frames, observed cells/frame 202.8
  [18/32] atc-20130303: 8798 frames, observed cells/frame 202.5
  [19/32] atc-20130310: 9930 frames, observed cells/frame 202.7
  [20/32] atc-20130317: 9704 frames, observed cells/frame 202.9
  [21/32] atc-20130324: 10354 frames, observed cells/frame 202.7
  [22/32] atc-20130331: 9920 frames, observed cells/frame 202.7
  [23/32] atc-20130407: 9704 frames, observed cells/frame 202.9
  [24/32] atc-20130414: 9907 frames, observed cells/frame 202.8
  [25/32] atc-20130421: 10207 frames, observed cells/frame 202.7
  [26/32] atc-20130428: 10002 frames, observed cells/frame 202.7
  [27/32] atc-20130505: 9926 frames, observed cells/frame 202.7
  [28/32] atc-20130512: 9535 frames, observed cells/frame 202.8
  [29/32] atc-20130519: 10080 frames, observed cells/frame 202.7
  [30/32] atc-20130526: 10247 frames, observed cells/frame 202.7
  [31/32] atc-20130602: 10012 frames, observed cells/frame 202.7
  [32/32] atc-20130609: 10013 frames, observed cells/frame 202.7
[data] 315643 training frames
  [1/3] atc-20130616: 1757 frames, observed cells/frame 202.5
  [2/3] atc-20130623: 2031 frames, observed cells/frame 203.0
  [3/3] atc-20130630: 2036 frames, observed cells/frame 203.1
[data] 5824 validation frames
[stats] encoder input standardisation mean=[0.07504988 0.0059779  0.0007054  0.02486421] std=[0.21125616 0.53789836 0.18976499 0.12118698]
[model] 56,260 parameters  latent=grid  readout=direct  seed=123
[ep   0] train 0.03736  valid mse 0.01612  blind 0.02574  density_occ 0.04245  (133s)
[ep   1] train 0.01901  valid mse 0.01501  blind 0.02500  density_occ 0.03914  (132s)
[ep   2] train 0.01778  valid mse 0.01431  blind 0.02422  density_occ 0.03754  (132s)
[ep   3] train 0.01724  valid mse 0.01404  blind 0.02402  density_occ 0.03630  (132s)
[ep   4] train 0.01694  valid mse 0.01396  blind 0.02391  density_occ 0.03642  (133s)
[ep   5] train 0.01673  valid mse 0.01371  blind 0.02367  density_occ 0.03646  (132s)
[ep   6] train 0.01658  valid mse 0.01372  blind 0.02367  density_occ 0.03800  (132s)
[ep   7] train 0.01646  valid mse 0.01353  blind 0.02351  density_occ 0.03679  (133s)
[ep   8] train 0.01637  valid mse 0.01351  blind 0.02353  density_occ 0.03614  (133s)
[ep   9] train 0.01631  valid mse 0.01345  blind 0.02344  density_occ 0.03547  (134s)
[ep  10] train 0.01625  valid mse 0.01345  blind 0.02344  density_occ 0.03587  (132s)
[ep  11] train 0.01622  valid mse 0.01337  blind 0.02329  density_occ 0.03625  (132s)
[ep  12] train 0.01618  valid mse 0.01334  blind 0.02330  density_occ 0.03789  (133s)
[ep  13] train 0.01614  valid mse 0.01343  blind 0.02338  density_occ 0.03623  (133s)
[ep  14] train 0.01612  valid mse 0.01332  blind 0.02328  density_occ 0.03616  (132s)
[ep  15] train 0.01609  valid mse 0.01331  blind 0.02330  density_occ 0.03496  (132s)
[ep  16] train 0.01606  valid mse 0.01329  blind 0.02324  density_occ 0.03653  (132s)
[ep  17] train 0.01604  valid mse 0.01328  blind 0.02323  density_occ 0.03585  (132s)
[ep  18] train 0.01602  valid mse 0.01326  blind 0.02324  density_occ 0.03508  (132s)
[ep  19] train 0.01600  valid mse 0.01326  blind 0.02322  density_occ 0.03467  (132s)
[ep  20] train 0.01599  valid mse 0.01325  blind 0.02318  density_occ 0.03597  (132s)
[ep  21] train 0.01597  valid mse 0.01322  blind 0.02319  density_occ 0.03593  (133s)
[ep  22] train 0.01599  valid mse 0.01323  blind 0.02316  density_occ 0.03638  (132s)
[ep  23] train 0.01596  valid mse 0.01322  blind 0.02320  density_occ 0.03531  (132s)
[ep  24] train 0.01594  valid mse 0.01324  blind 0.02323  density_occ 0.03483  (132s)
[ep  25] train 0.01592  valid mse 0.01321  blind 0.02316  density_occ 0.03623  (132s)
[ep  26] train 0.01591  valid mse 0.01324  blind 0.02320  density_occ 0.03427  (132s)
[ep  27] train 0.01590  valid mse 0.01316  blind 0.02310  density_occ 0.03514  (133s)
[ep  28] train 0.01591  valid mse 0.01317  blind 0.02311  density_occ 0.03528  (132s)
[ep  29] train 0.01589  valid mse 0.01315  blind 0.02309  density_occ 0.03531  (132s)
[ep  30] train 0.01588  valid mse 0.01323  blind 0.02318  density_occ 0.03344  (133s)
[ep  31] train 0.01588  valid mse 0.01328  blind 0.02330  density_occ 0.03466  (132s)
[ep  32] train 0.01586  valid mse 0.01317  blind 0.02311  density_occ 0.03595  (132s)
[ep  33] train 0.01586  valid mse 0.01316  blind 0.02308  density_occ 0.03530  (132s)
[ep  34] train 0.01587  valid mse 0.01315  blind 0.02311  density_occ 0.03526  (132s)
[ep  35] train 0.01585  valid mse 0.01323  blind 0.02321  density_occ 0.03540  (132s)
[ep  36] train 0.01585  valid mse 0.01312  blind 0.02306  density_occ 0.03436  (132s)
[ep  37] train 0.01583  valid mse 0.01314  blind 0.02308  density_occ 0.03469  (132s)
[ep  38] train 0.01582  valid mse 0.01323  blind 0.02318  density_occ 0.03444  (132s)
[ep  39] train 0.01583  valid mse 0.01312  blind 0.02305  density_occ 0.03493  (132s)
[done]
