[model] Senseiver 65,892 参数 | 4DVarNet a4_k1 dT=200 n_iter=15 | 4DVarNet b0_k1 dT=200 n_iter=20 | walkable 290/432 | device=cuda
  atc-20130811: 39821 帧, 评 [1,39820)  Senseiver full=0.0138  4DVarNet a4_k1 full=0.0238  4DVarNet b0_k1 full=0.0272  EnKF k1 full=0.0473
  atc-20130818: 38885 帧, 评 [1,38884)  Senseiver full=0.0196  4DVarNet a4_k1 full=0.0299  4DVarNet b0_k1 full=0.0344  EnKF k1 full=0.0609
  atc-20130825: 42890 帧, 评 [1,42889)  Senseiver full=0.0169  4DVarNet a4_k1 full=0.0274  4DVarNet b0_k1 full=0.0316  EnKF k1 full=0.0563
  atc-20130901: 39758 帧, 评 [1,39757)  Senseiver full=0.0187  4DVarNet a4_k1 full=0.0292  4DVarNet b0_k1 full=0.0336  EnKF k1 full=0.0601
  atc-20130915: 39383 帧, 评 [1,39382)  Senseiver full=0.0162  4DVarNet a4_k1 full=0.0266  4DVarNet b0_k1 full=0.0310  EnKF k1 full=0.0552
  atc-20130922: 38842 帧, 评 [1,38841)  Senseiver full=0.0154  4DVarNet a4_k1 full=0.0261  4DVarNet b0_k1 full=0.0301  EnKF k1 full=0.0550
  atc-20130929: 37964 帧, 评 [1,37963)  Senseiver full=0.0192  4DVarNet a4_k1 full=0.0300  4DVarNet b0_k1 full=0.0347  EnKF k1 full=0.0647


全场 RMSE（观测 + 盲区所有格子）—— 池化 vs 按日平均 vs 不裁剪

方法                          池化        按日平均       池化,不裁         按日平均,不裁
----------------------------------------------------------------------
Senseiver               0.1308      0.1306      0.1305          0.1304
4DVarNet a4_k1          0.1660      0.1659      0.1670          0.1670
4DVarNet b0_k1          0.1782      0.1781      0.1796          0.1796
EnKF k1                 0.2388      0.2387      0.2388          0.2387

有定义格子 ∩ walkable ∩ 盲区（四方可比的口径）

方法                      density         vx         vy        var         合计     合计RMSE
--------------------------------------------------------------------------------------
Senseiver                0.0242     0.6334     0.1108     0.0543     0.1180     0.3435
4DVarNet a4_k1           0.0309     0.5075     0.1276     0.0770     0.1109     0.3331
4DVarNet b0_k1           0.0328     0.6259     0.1345     0.0780     0.1284     0.3584
EnKF k1                  0.0246     0.7435     0.1207     0.0661     0.1352     0.3677
DINCAE                   0.0230     0.5457     0.1026     0.0539     0.1047     0.3236

所有格子 ∩ 盲区（compare3 的旧口径，供对照）

方法                      density         vx         vy        var         合计     合计RMSE
--------------------------------------------------------------------------------------
Senseiver                0.0139     0.0788     0.0144     0.0064     0.0284     0.1685
4DVarNet a4_k1           0.0177     0.0753     0.0207     0.0111     0.0312     0.1767
4DVarNet b0_k1           0.0189     0.0932     0.0229     0.0113     0.0365     0.1912
EnKF k1                  0.0143     0.1103     0.0209     0.0394     0.0462     0.2150
DINCAE                   0.0134     0.5713     1.6489     0.0239     0.5644     0.7513

[out] check_outputs/eval/compare4.json
