[config] observation config = {'sensing_range': 7, 'num_agents': 3, 'add_noise': True, 'obs_every_k': 1, 'init_method': 'prev'}
[data] loading train split ...
  [1/32] atc-20121028: 10112 target frames of 40446, observed cells/frame 202.3, window 8
  [2/32] atc-20121104: 10071 target frames of 40281, observed cells/frame 202.3, window 8
  [3/32] atc-20121111: 9685 target frames of 38740, observed cells/frame 202.3, window 8
  [4/32] atc-20121118: 9821 target frames of 39281, observed cells/frame 202.3, window 8
  [5/32] atc-20121125: 9960 target frames of 39837, observed cells/frame 202.3, window 8
  [6/32] atc-20121202: 9599 target frames of 38394, observed cells/frame 202.3, window 8
  [7/32] atc-20121209: 9295 target frames of 37178, observed cells/frame 202.4, window 8
  [8/32] atc-20121216: 10176 target frames of 40701, observed cells/frame 202.3, window 8
  [9/32] atc-20121223: 9994 target frames of 39974, observed cells/frame 202.3, window 8
  [10/32] atc-20130106: 9612 target frames of 38445, observed cells/frame 202.3, window 8
  [11/32] atc-20130113: 9701 target frames of 38803, observed cells/frame 202.3, window 8
  [12/32] atc-20130120: 9817 target frames of 39268, observed cells/frame 202.3, window 8
  [13/32] atc-20130127: 10379 target frames of 41513, observed cells/frame 202.1, window 8
  [14/32] atc-20130203: 9646 target frames of 38581, observed cells/frame 202.2, window 8
  [15/32] atc-20130210: 9788 target frames of 39152, observed cells/frame 202.3, window 8
  [16/32] atc-20130217: 9776 target frames of 39103, observed cells/frame 202.3, window 8
  [17/32] atc-20130224: 9872 target frames of 39486, observed cells/frame 202.3, window 8
  [18/32] atc-20130303: 8798 target frames of 35190, observed cells/frame 202.4, window 8
  [19/32] atc-20130310: 9930 target frames of 39719, observed cells/frame 202.3, window 8
  [20/32] atc-20130317: 9704 target frames of 38815, observed cells/frame 202.3, window 8
  [21/32] atc-20130324: 10354 target frames of 41415, observed cells/frame 202.1, window 8
  [22/32] atc-20130331: 9920 target frames of 39679, observed cells/frame 202.3, window 8
  [23/32] atc-20130407: 9704 target frames of 38814, observed cells/frame 202.3, window 8
  [24/32] atc-20130414: 9907 target frames of 39625, observed cells/frame 202.3, window 8
  [25/32] atc-20130421: 10207 target frames of 40826, observed cells/frame 202.2, window 8
  [26/32] atc-20130428: 10002 target frames of 40006, observed cells/frame 202.2, window 8
  [27/32] atc-20130505: 9926 target frames of 39702, observed cells/frame 202.3, window 8
  [28/32] atc-20130512: 9535 target frames of 38140, observed cells/frame 202.3, window 8
  [29/32] atc-20130519: 10080 target frames of 40320, observed cells/frame 202.2, window 8
  [30/32] atc-20130526: 10247 target frames of 40986, observed cells/frame 202.2, window 8
  [31/32] atc-20130602: 10012 target frames of 40046, observed cells/frame 202.2, window 8
  [32/32] atc-20130609: 10013 target frames of 40052, observed cells/frame 202.2, window 8
[data] 315643 training frames
  [1/3] atc-20130616: 1757 target frames of 35127, observed cells/frame 202.4, window 8
  [2/3] atc-20130623: 2031 target frames of 40620, observed cells/frame 202.3, window 8
  [3/3] atc-20130630: 2036 target frames of 40710, observed cells/frame 202.3, window 8
[data] 5824 validation frames
[stats] encoder input standardisation mean=[0.07513941 0.00581281 0.00044906 0.0249023 ] std=[0.21136387 0.538234   0.19001769 0.12149188]
[model] 56,580 parameters  latent=grid  readout=direct  time_window=8  seed=124
[ep   0] train 0.03129  valid mse 0.01827  blind 0.02377  density_occ 0.04913  (238s)
[ep   1] train 0.01955  valid mse 0.01355  blind 0.02221  density_occ 0.03539  (238s)
[ep   2] train 0.01611  valid mse 0.01260  blind 0.02126  density_occ 0.03319  (237s)
[ep   3] train 0.01539  valid mse 0.01215  blind 0.02059  density_occ 0.03122  (237s)
[ep   4] train 0.01504  valid mse 0.01192  blind 0.02030  density_occ 0.03150  (236s)
[ep   5] train 0.01477  valid mse 0.01218  blind 0.02056  density_occ 0.03247  (238s)
[ep   6] train 0.01463  valid mse 0.01171  blind 0.02002  density_occ 0.03017  (237s)
[ep   7] train 0.01448  valid mse 0.01163  blind 0.01992  density_occ 0.02971  (238s)
[ep   8] train 0.01440  valid mse 0.01158  blind 0.01988  density_occ 0.03023  (238s)
[ep   9] train 0.01428  valid mse 0.01159  blind 0.01988  density_occ 0.02989  (232s)
[ep  10] train 0.01421  valid mse 0.01147  blind 0.01971  density_occ 0.02931  (238s)
[ep  11] train 0.01416  valid mse 0.01141  blind 0.01962  density_occ 0.03011  (237s)
[ep  12] train 0.01411  valid mse 0.01132  blind 0.01950  density_occ 0.02881  (237s)
[ep  13] train 0.01403  valid mse 0.01133  blind 0.01953  density_occ 0.02862  (238s)
[ep  14] train 0.01403  valid mse 0.01125  blind 0.01941  density_occ 0.02936  (238s)
[ep  15] train 0.01399  valid mse 0.01125  blind 0.01943  density_occ 0.02934  (238s)
[ep  16] train 0.01394  valid mse 0.01127  blind 0.01944  density_occ 0.02867  (238s)
[ep  17] train 0.01390  valid mse 0.01121  blind 0.01937  density_occ 0.02882  (241s)
[ep  18] train 0.01391  valid mse 0.01194  blind 0.02041  density_occ 0.03021  (238s)
[ep  19] train 0.01385  valid mse 0.01120  blind 0.01929  density_occ 0.02860  (234s)
[ep  20] train 0.01382  valid mse 0.01118  blind 0.01934  density_occ 0.02793  (238s)
[ep  21] train 0.01380  valid mse 0.01117  blind 0.01934  density_occ 0.02909  (236s)
[ep  22] train 0.01380  valid mse 0.01115  blind 0.01928  density_occ 0.02839  (238s)
[ep  23] train 0.01378  valid mse 0.01120  blind 0.01939  density_occ 0.02892  (239s)
[ep  24] train 0.01375  valid mse 0.01120  blind 0.01934  density_occ 0.02813  (238s)
[ep  25] train 0.01373  valid mse 0.01118  blind 0.01934  density_occ 0.02881  (238s)
[ep  26] train 0.01371  valid mse 0.01114  blind 0.01927  density_occ 0.02854  (238s)
[ep  27] train 0.01370  valid mse 0.01109  blind 0.01921  density_occ 0.02868  (238s)
[ep  28] train 0.01368  valid mse 0.01118  blind 0.01936  density_occ 0.02810  (239s)
[ep  29] train 0.01368  valid mse 0.01106  blind 0.01917  density_occ 0.02879  (239s)
[ep  30] train 0.01366  valid mse 0.01104  blind 0.01913  density_occ 0.02900  (233s)
[ep  31] train 0.01362  valid mse 0.01124  blind 0.01928  density_occ 0.02895  (238s)
[ep  32] train 0.01364  valid mse 0.01112  blind 0.01923  density_occ 0.02888  (238s)
[ep  33] train 0.01363  valid mse 0.01103  blind 0.01913  density_occ 0.02805  (238s)
[ep  34] train 0.01363  valid mse 0.01104  blind 0.01915  density_occ 0.02884  (238s)
[ep  35] train 0.01361  valid mse 0.01107  blind 0.01916  density_occ 0.02821  (238s)
[ep  36] train 0.01359  valid mse 0.01105  blind 0.01916  density_occ 0.02779  (238s)
[ep  37] train 0.01357  valid mse 0.01104  blind 0.01911  density_occ 0.02907  (237s)
[ep  38] train 0.01358  valid mse 0.01111  blind 0.01925  density_occ 0.02842  (239s)
[ep  39] train 0.01356  valid mse 0.01103  blind 0.01910  density_occ 0.02781  (239s)
[done]
