[config] observation config = {'sensing_range': 7, 'num_agents': 3, 'add_noise': True, 'obs_every_k': 1, 'init_method': 'prev'}
[data] loading train split ...
  [1/32] atc-20121028: 10112 target frames of 40446, observed cells/frame 202.6, window 8
  [2/32] atc-20121104: 10071 target frames of 40281, observed cells/frame 202.6, window 8
  [3/32] atc-20121111: 9685 target frames of 38740, observed cells/frame 202.8, window 8
  [4/32] atc-20121118: 9821 target frames of 39281, observed cells/frame 202.7, window 8
  [5/32] atc-20121125: 9960 target frames of 39837, observed cells/frame 202.7, window 8
  [6/32] atc-20121202: 9599 target frames of 38394, observed cells/frame 202.7, window 8
  [7/32] atc-20121209: 9295 target frames of 37178, observed cells/frame 202.5, window 8
  [8/32] atc-20121216: 10176 target frames of 40701, observed cells/frame 202.7, window 8
  [9/32] atc-20121223: 9994 target frames of 39974, observed cells/frame 202.6, window 8
  [10/32] atc-20130106: 9612 target frames of 38445, observed cells/frame 202.8, window 8
  [11/32] atc-20130113: 9701 target frames of 38803, observed cells/frame 202.8, window 8
  [12/32] atc-20130120: 9817 target frames of 39268, observed cells/frame 202.7, window 8
  [13/32] atc-20130127: 10379 target frames of 41513, observed cells/frame 202.7, window 8
  [14/32] atc-20130203: 9646 target frames of 38581, observed cells/frame 202.8, window 8
  [15/32] atc-20130210: 9788 target frames of 39152, observed cells/frame 202.8, window 8
  [16/32] atc-20130217: 9776 target frames of 39103, observed cells/frame 202.8, window 8
  [17/32] atc-20130224: 9872 target frames of 39486, observed cells/frame 202.7, window 8
  [18/32] atc-20130303: 8798 target frames of 35190, observed cells/frame 202.5, window 8
  [19/32] atc-20130310: 9930 target frames of 39719, observed cells/frame 202.7, window 8
  [20/32] atc-20130317: 9704 target frames of 38815, observed cells/frame 202.8, window 8
  [21/32] atc-20130324: 10354 target frames of 41415, observed cells/frame 202.7, window 8
  [22/32] atc-20130331: 9920 target frames of 39679, observed cells/frame 202.7, window 8
  [23/32] atc-20130407: 9704 target frames of 38814, observed cells/frame 202.8, window 8
  [24/32] atc-20130414: 9907 target frames of 39625, observed cells/frame 202.7, window 8
  [25/32] atc-20130421: 10207 target frames of 40826, observed cells/frame 202.7, window 8
  [26/32] atc-20130428: 10002 target frames of 40006, observed cells/frame 202.6, window 8
  [27/32] atc-20130505: 9926 target frames of 39702, observed cells/frame 202.7, window 8
  [28/32] atc-20130512: 9535 target frames of 38140, observed cells/frame 202.7, window 8
  [29/32] atc-20130519: 10080 target frames of 40320, observed cells/frame 202.6, window 8
  [30/32] atc-20130526: 10247 target frames of 40986, observed cells/frame 202.7, window 8
  [31/32] atc-20130602: 10012 target frames of 40046, observed cells/frame 202.6, window 8
  [32/32] atc-20130609: 10013 target frames of 40052, observed cells/frame 202.6, window 8
[data] 315643 training frames
  [1/3] atc-20130616: 1757 target frames of 35127, observed cells/frame 202.4, window 8
  [2/3] atc-20130623: 2031 target frames of 40620, observed cells/frame 202.7, window 8
  [3/3] atc-20130630: 2036 target frames of 40710, observed cells/frame 202.7, window 8
[data] 5824 validation frames
[stats] encoder input standardisation mean=[0.07504988 0.0059779  0.0007054  0.02486421] std=[0.21125616 0.53789836 0.18976499 0.12118698]
[model] 56,612 parameters  latent=grid  readout=direct  time_window=8  seed=123
[ep   0] train 0.03725  valid mse 0.01745  blind 0.02440  density_occ 0.04924  (312s)
[ep   1] train 0.02043  valid mse 0.01492  blind 0.02283  density_occ 0.04148  (312s)
[ep   2] train 0.01671  valid mse 0.01295  blind 0.02149  density_occ 0.03417  (313s)
[ep   3] train 0.01570  valid mse 0.01259  blind 0.02112  density_occ 0.03331  (312s)
[ep   4] train 0.01522  valid mse 0.01216  blind 0.02058  density_occ 0.03210  (313s)
[ep   5] train 0.01484  valid mse 0.01227  blind 0.02073  density_occ 0.03300  (314s)
[ep   6] train 0.01463  valid mse 0.01178  blind 0.02015  density_occ 0.03112  (314s)
[ep   7] train 0.01447  valid mse 0.01183  blind 0.02021  density_occ 0.03093  (314s)
[ep   8] train 0.01438  valid mse 0.01165  blind 0.01994  density_occ 0.03098  (313s)
[ep   9] train 0.01428  valid mse 0.01157  blind 0.01986  density_occ 0.03028  (313s)
[ep  10] train 0.01421  valid mse 0.01161  blind 0.01987  density_occ 0.03064  (313s)
[ep  11] train 0.01414  valid mse 0.01153  blind 0.01980  density_occ 0.03062  (313s)
[ep  12] train 0.01411  valid mse 0.01147  blind 0.01974  density_occ 0.03045  (313s)
[ep  13] train 0.01402  valid mse 0.01170  blind 0.01999  density_occ 0.03030  (313s)
[ep  14] train 0.01397  valid mse 0.01139  blind 0.01965  density_occ 0.02935  (314s)
[ep  15] train 0.01393  valid mse 0.01179  blind 0.02008  density_occ 0.03076  (314s)
[ep  16] train 0.01389  valid mse 0.01142  blind 0.01963  density_occ 0.03002  (313s)
[ep  17] train 0.01385  valid mse 0.01183  blind 0.01991  density_occ 0.03032  (313s)
[ep  18] train 0.01384  valid mse 0.01128  blind 0.01947  density_occ 0.02958  (314s)
[ep  19] train 0.01379  valid mse 0.01130  blind 0.01950  density_occ 0.02877  (310s)
[ep  20] train 0.01377  valid mse 0.01124  blind 0.01942  density_occ 0.02959  (310s)
[ep  21] train 0.01374  valid mse 0.01131  blind 0.01949  density_occ 0.02995  (311s)
[ep  22] train 0.01373  valid mse 0.01123  blind 0.01942  density_occ 0.02931  (311s)
[ep  23] train 0.01374  valid mse 0.01129  blind 0.01951  density_occ 0.02961  (309s)
[ep  24] train 0.01368  valid mse 0.01120  blind 0.01934  density_occ 0.03019  (307s)
[ep  25] train 0.01369  valid mse 0.01126  blind 0.01942  density_occ 0.02981  (307s)
[ep  26] train 0.01367  valid mse 0.01128  blind 0.01947  density_occ 0.02945  (307s)
[ep  27] train 0.01364  valid mse 0.01119  blind 0.01931  density_occ 0.02953  (307s)
[ep  28] train 0.01364  valid mse 0.01119  blind 0.01933  density_occ 0.02892  (307s)
[ep  29] train 0.01363  valid mse 0.01116  blind 0.01929  density_occ 0.02934  (307s)
[ep  30] train 0.01362  valid mse 0.01111  blind 0.01921  density_occ 0.02917  (306s)
[ep  31] train 0.01359  valid mse 0.01120  blind 0.01936  density_occ 0.02928  (308s)
[ep  32] train 0.01360  valid mse 0.01116  blind 0.01930  density_occ 0.02942  (310s)
[ep  33] train 0.01360  valid mse 0.01116  blind 0.01931  density_occ 0.02914  (309s)
[ep  34] train 0.01358  valid mse 0.01113  blind 0.01926  density_occ 0.02902  (308s)
[ep  35] train 0.01357  valid mse 0.01115  blind 0.01931  density_occ 0.02876  (308s)
[ep  36] train 0.01355  valid mse 0.01113  blind 0.01928  density_occ 0.02897  (308s)
[ep  37] train 0.01355  valid mse 0.01114  blind 0.01928  density_occ 0.02909  (309s)
[ep  38] train 0.01355  valid mse 0.01112  blind 0.01925  density_occ 0.02894  (309s)
[ep  39] train 0.01353  valid mse 0.01115  blind 0.01928  density_occ 0.02835  (310s)
[done]
