[config] observation config = {'sensing_range': 7, 'num_agents': 3, 'add_noise': True, 'obs_every_k': 1, 'init_method': 'prev'}
[data] loading train split ...
  [1/32] atc-20121028: 10112 frames, observed cells/frame 202.7
  [2/32] atc-20121104: 10071 frames, observed cells/frame 202.7
  [3/32] atc-20121111: 9685 frames, observed cells/frame 202.9
  [4/32] atc-20121118: 9821 frames, observed cells/frame 202.8
  [5/32] atc-20121125: 9960 frames, observed cells/frame 202.7
  [6/32] atc-20121202: 9599 frames, observed cells/frame 202.8
  [7/32] atc-20121209: 9295 frames, observed cells/frame 202.5
  [8/32] atc-20121216: 10176 frames, observed cells/frame 202.7
  [9/32] atc-20121223: 9994 frames, observed cells/frame 202.7
  [10/32] atc-20130106: 9612 frames, observed cells/frame 202.8
  [11/32] atc-20130113: 9701 frames, observed cells/frame 202.9
  [12/32] atc-20130120: 9817 frames, observed cells/frame 202.8
  [13/32] atc-20130127: 10379 frames, observed cells/frame 202.7
  [14/32] atc-20130203: 9646 frames, observed cells/frame 202.8
  [15/32] atc-20130210: 9788 frames, observed cells/frame 202.9
  [16/32] atc-20130217: 9776 frames, observed cells/frame 202.9
  [17/32] atc-20130224: 9872 frames, observed cells/frame 202.8
  [18/32] atc-20130303: 8798 frames, observed cells/frame 202.5
  [19/32] atc-20130310: 9930 frames, observed cells/frame 202.7
  [20/32] atc-20130317: 9704 frames, observed cells/frame 202.9
  [21/32] atc-20130324: 10354 frames, observed cells/frame 202.7
  [22/32] atc-20130331: 9920 frames, observed cells/frame 202.7
  [23/32] atc-20130407: 9704 frames, observed cells/frame 202.9
  [24/32] atc-20130414: 9907 frames, observed cells/frame 202.8
  [25/32] atc-20130421: 10207 frames, observed cells/frame 202.7
  [26/32] atc-20130428: 10002 frames, observed cells/frame 202.7
  [27/32] atc-20130505: 9926 frames, observed cells/frame 202.7
  [28/32] atc-20130512: 9535 frames, observed cells/frame 202.8
  [29/32] atc-20130519: 10080 frames, observed cells/frame 202.7
  [30/32] atc-20130526: 10247 frames, observed cells/frame 202.7
  [31/32] atc-20130602: 10012 frames, observed cells/frame 202.7
  [32/32] atc-20130609: 10013 frames, observed cells/frame 202.7
[data] 315643 training frames
  [1/3] atc-20130616: 1757 frames, observed cells/frame 202.5
  [2/3] atc-20130623: 2031 frames, observed cells/frame 203.0
  [3/3] atc-20130630: 2036 frames, observed cells/frame 203.1
[data] 5824 validation frames
[stats] encoder input standardisation mean=[0.07504988 0.0059779  0.0007054  0.02486421] std=[0.21125616 0.53789836 0.18976499 0.12118698]
[model] 65,892 parameters  latent=abstract  readout=decoder  seed=123
[ep   0] train 0.03129  valid mse 0.01912  blind 0.02547  density_occ 0.06048  (137s)
[ep   1] train 0.02288  valid mse 0.01749  blind 0.02482  density_occ 0.05461  (137s)
[ep   2] train 0.02116  valid mse 0.01630  blind 0.02467  density_occ 0.05012  (136s)
[ep   3] train 0.02017  valid mse 0.01586  blind 0.02452  density_occ 0.04840  (136s)
[ep   4] train 0.01959  valid mse 0.01585  blind 0.02455  density_occ 0.04709  (137s)
[ep   5] train 0.01909  valid mse 0.01538  blind 0.02442  density_occ 0.04634  (136s)
[ep   6] train 0.01884  valid mse 0.01515  blind 0.02436  density_occ 0.04567  (138s)
[ep   7] train 0.01866  valid mse 0.01496  blind 0.02428  density_occ 0.04432  (138s)
[ep   8] train 0.01858  valid mse 0.01488  blind 0.02421  density_occ 0.04310  (137s)
[ep   9] train 0.01843  valid mse 0.01474  blind 0.02414  density_occ 0.04270  (136s)
[ep  10] train 0.01840  valid mse 0.01484  blind 0.02415  density_occ 0.04354  (136s)
[ep  11] train 0.01828  valid mse 0.01478  blind 0.02412  density_occ 0.04477  (136s)
[ep  12] train 0.01822  valid mse 0.01463  blind 0.02407  density_occ 0.04360  (136s)
[ep  13] train 0.01817  valid mse 0.01546  blind 0.02439  density_occ 0.04453  (136s)
[ep  14] train 0.01816  valid mse 0.01449  blind 0.02397  density_occ 0.04113  (137s)
[ep  15] train 0.01813  valid mse 0.01458  blind 0.02405  density_occ 0.04211  (137s)
[ep  16] train 0.01802  valid mse 0.01457  blind 0.02407  density_occ 0.04193  (137s)
[ep  17] train 0.01804  valid mse 0.01455  blind 0.02403  density_occ 0.04210  (137s)
[ep  18] train 0.01800  valid mse 0.01451  blind 0.02395  density_occ 0.04217  (137s)
[ep  19] train 0.01796  valid mse 0.01451  blind 0.02395  density_occ 0.04190  (136s)
[ep  20] train 0.01796  valid mse 0.01439  blind 0.02391  density_occ 0.04169  (136s)
[ep  21] train 0.01797  valid mse 0.01486  blind 0.02413  density_occ 0.04381  (138s)
[ep  22] train 0.01792  valid mse 0.01449  blind 0.02399  density_occ 0.04246  (139s)
[ep  23] train 0.01786  valid mse 0.01432  blind 0.02391  density_occ 0.04116  (136s)
[ep  24] train 0.01783  valid mse 0.01441  blind 0.02394  density_occ 0.04192  (137s)
[ep  25] train 0.01784  valid mse 0.01437  blind 0.02396  density_occ 0.04208  (137s)
[ep  26] train 0.01780  valid mse 0.01434  blind 0.02391  density_occ 0.04063  (137s)
[ep  27] train 0.01777  valid mse 0.01427  blind 0.02385  density_occ 0.04182  (137s)
[ep  28] train 0.01780  valid mse 0.01440  blind 0.02388  density_occ 0.04085  (137s)
[ep  29] train 0.01783  valid mse 0.01440  blind 0.02389  density_occ 0.04168  (137s)
[ep  30] train 0.01770  valid mse 0.01432  blind 0.02389  density_occ 0.03987  (138s)
[ep  31] train 0.01773  valid mse 0.01429  blind 0.02393  density_occ 0.04018  (137s)
[ep  32] train 0.01768  valid mse 0.01425  blind 0.02380  density_occ 0.04055  (137s)
[ep  33] train 0.01768  valid mse 0.01423  blind 0.02382  density_occ 0.04156  (137s)
[ep  34] train 0.01768  valid mse 0.01427  blind 0.02388  density_occ 0.03999  (138s)
[ep  35] train 0.01767  valid mse 0.01436  blind 0.02394  density_occ 0.04064  (136s)
[ep  36] train 0.01768  valid mse 0.01427  blind 0.02385  density_occ 0.04042  (136s)
[ep  37] train 0.01761  valid mse 0.01418  blind 0.02378  density_occ 0.04034  (138s)
[ep  38] train 0.01766  valid mse 0.01437  blind 0.02384  density_occ 0.04200  (137s)
[ep  39] train 0.01758  valid mse 0.01424  blind 0.02386  density_occ 0.04032  (137s)
[done]
