[config] observation config = {'sensing_range': 7, 'num_agents': 3, 'add_noise': True, 'obs_every_k': 1, 'init_method': 'prev'}
[data] loading train split ...
  [1/32] atc-20121028: 10112 target frames of 40446, observed cells/frame 202.6, window 16
  [2/32] atc-20121104: 10071 target frames of 40281, observed cells/frame 202.6, window 16
  [3/32] atc-20121111: 9685 target frames of 38740, observed cells/frame 202.8, window 16
  [4/32] atc-20121118: 9821 target frames of 39281, observed cells/frame 202.7, window 16
  [5/32] atc-20121125: 9960 target frames of 39837, observed cells/frame 202.7, window 16
  [6/32] atc-20121202: 9599 target frames of 38394, observed cells/frame 202.7, window 16
  [7/32] atc-20121209: 9295 target frames of 37178, observed cells/frame 202.5, window 16
  [8/32] atc-20121216: 10176 target frames of 40701, observed cells/frame 202.7, window 16
  [9/32] atc-20121223: 9994 target frames of 39974, observed cells/frame 202.6, window 16
  [10/32] atc-20130106: 9612 target frames of 38445, observed cells/frame 202.8, window 16
  [11/32] atc-20130113: 9701 target frames of 38803, observed cells/frame 202.8, window 16
  [12/32] atc-20130120: 9817 target frames of 39268, observed cells/frame 202.7, window 16
  [13/32] atc-20130127: 10379 target frames of 41513, observed cells/frame 202.7, window 16
  [14/32] atc-20130203: 9646 target frames of 38581, observed cells/frame 202.8, window 16
  [15/32] atc-20130210: 9788 target frames of 39152, observed cells/frame 202.8, window 16
  [16/32] atc-20130217: 9776 target frames of 39103, observed cells/frame 202.8, window 16
  [17/32] atc-20130224: 9872 target frames of 39486, observed cells/frame 202.7, window 16
  [18/32] atc-20130303: 8798 target frames of 35190, observed cells/frame 202.5, window 16
  [19/32] atc-20130310: 9930 target frames of 39719, observed cells/frame 202.7, window 16
  [20/32] atc-20130317: 9704 target frames of 38815, observed cells/frame 202.8, window 16
  [21/32] atc-20130324: 10354 target frames of 41415, observed cells/frame 202.7, window 16
  [22/32] atc-20130331: 9920 target frames of 39679, observed cells/frame 202.7, window 16
  [23/32] atc-20130407: 9704 target frames of 38814, observed cells/frame 202.8, window 16
  [24/32] atc-20130414: 9907 target frames of 39625, observed cells/frame 202.7, window 16
  [25/32] atc-20130421: 10207 target frames of 40826, observed cells/frame 202.7, window 16
  [26/32] atc-20130428: 10002 target frames of 40006, observed cells/frame 202.6, window 16
  [27/32] atc-20130505: 9926 target frames of 39702, observed cells/frame 202.7, window 16
  [28/32] atc-20130512: 9535 target frames of 38140, observed cells/frame 202.7, window 16
  [29/32] atc-20130519: 10080 target frames of 40320, observed cells/frame 202.6, window 16
  [30/32] atc-20130526: 10247 target frames of 40986, observed cells/frame 202.7, window 16
  [31/32] atc-20130602: 10012 target frames of 40046, observed cells/frame 202.6, window 16
  [32/32] atc-20130609: 10013 target frames of 40052, observed cells/frame 202.6, window 16
[data] 315643 training frames
  [1/3] atc-20130616: 1757 target frames of 35127, observed cells/frame 202.4, window 16
  [2/3] atc-20130623: 2031 target frames of 40620, observed cells/frame 202.7, window 16
  [3/3] atc-20130630: 2036 target frames of 40710, observed cells/frame 202.7, window 16
[data] 5824 validation frames
[stats] encoder input standardisation mean=[0.07504988 0.0059779  0.0007054  0.02486421] std=[0.21125616 0.53789836 0.18976499 0.12118698]
[model] 56,676 parameters  latent=grid  readout=direct  time_window=16  seed=123
[ep   0] train 0.04200  valid mse 0.01586  blind 0.02400  density_occ 0.04216  (375s)
[ep   1] train 0.01784  valid mse 0.01359  blind 0.02210  density_occ 0.03520  (381s)
[ep   2] train 0.01631  valid mse 0.01274  blind 0.02110  density_occ 0.03226  (383s)
[ep   3] train 0.01551  valid mse 0.01222  blind 0.02060  density_occ 0.03135  (384s)
[ep   4] train 0.01487  valid mse 0.01193  blind 0.02024  density_occ 0.03018  (383s)
[ep   5] train 0.01456  valid mse 0.01173  blind 0.01996  density_occ 0.02959  (384s)
[ep   6] train 0.01434  valid mse 0.01152  blind 0.01971  density_occ 0.02958  (380s)
[ep   7] train 0.01417  valid mse 0.01148  blind 0.01971  density_occ 0.02877  (384s)
[ep   8] train 0.01406  valid mse 0.01145  blind 0.01965  density_occ 0.02868  (384s)
[ep   9] train 0.01393  valid mse 0.01126  blind 0.01940  density_occ 0.02829  (386s)
[ep  10] train 0.01385  valid mse 0.01123  blind 0.01932  density_occ 0.02850  (384s)
[ep  11] train 0.01380  valid mse 0.01114  blind 0.01921  density_occ 0.02831  (386s)
[ep  12] train 0.01373  valid mse 0.01114  blind 0.01923  density_occ 0.02852  (385s)
[ep  13] train 0.01367  valid mse 0.01118  blind 0.01929  density_occ 0.02759  (370s)
[ep  14] train 0.01364  valid mse 0.01114  blind 0.01922  density_occ 0.02723  (372s)
[ep  15] train 0.01359  valid mse 0.01110  blind 0.01914  density_occ 0.02783  (375s)
[ep  16] train 0.01355  valid mse 0.01102  blind 0.01905  density_occ 0.02781  (373s)
[ep  17] train 0.01351  valid mse 0.01099  blind 0.01899  density_occ 0.02792  (370s)
[ep  18] train 0.01348  valid mse 0.01097  blind 0.01897  density_occ 0.02751  (365s)
[ep  19] train 0.01346  valid mse 0.01112  blind 0.01913  density_occ 0.02729  (359s)
[ep  20] train 0.01343  valid mse 0.01093  blind 0.01890  density_occ 0.02780  (356s)
[ep  21] train 0.01341  valid mse 0.01094  blind 0.01896  density_occ 0.02783  (357s)
[ep  22] train 0.01338  valid mse 0.01089  blind 0.01886  density_occ 0.02711  (357s)
[ep  23] train 0.01338  valid mse 0.01091  blind 0.01889  density_occ 0.02736  (357s)
[ep  24] train 0.01335  valid mse 0.01086  blind 0.01882  density_occ 0.02746  (355s)
[ep  25] train 0.01333  valid mse 0.01089  blind 0.01885  density_occ 0.02811  (355s)
[ep  26] train 0.01331  valid mse 0.01085  blind 0.01881  density_occ 0.02714  (355s)
[ep  27] train 0.01329  valid mse 0.01089  blind 0.01885  density_occ 0.02690  (356s)
[ep  28] train 0.01327  valid mse 0.01085  blind 0.01880  density_occ 0.02691  (356s)
[ep  29] train 0.01326  valid mse 0.01086  blind 0.01877  density_occ 0.02733  (356s)
[ep  30] train 0.01325  valid mse 0.01085  blind 0.01877  density_occ 0.02715  (355s)
[ep  31] train 0.01322  valid mse 0.01083  blind 0.01875  density_occ 0.02710  (355s)
[ep  32] train 0.01322  valid mse 0.01082  blind 0.01875  density_occ 0.02730  (355s)
[ep  33] train 0.01322  valid mse 0.01079  blind 0.01873  density_occ 0.02711  (355s)
[ep  34] train 0.01319  valid mse 0.01077  blind 0.01870  density_occ 0.02697  (353s)
[ep  35] train 0.01319  valid mse 0.01077  blind 0.01869  density_occ 0.02689  (359s)
[ep  36] train 0.01316  valid mse 0.01077  blind 0.01870  density_occ 0.02674  (360s)
[ep  37] train 0.01317  valid mse 0.01076  blind 0.01866  density_occ 0.02702  (360s)
[ep  38] train 0.01316  valid mse 0.01090  blind 0.01890  density_occ 0.02713  (360s)
[ep  39] train 0.01314  valid mse 0.01079  blind 0.01872  density_occ 0.02639  (360s)
[done]
