[config] observation config = {'sensing_range': 7, 'num_agents': 3, 'add_noise': True, 'obs_every_k': 1, 'init_method': 'prev'}
[data] loading train split ...
  [1/32] atc-20121028: 10112 frames, observed cells/frame 202.2
  [2/32] atc-20121104: 10071 frames, observed cells/frame 202.2
  [3/32] atc-20121111: 9685 frames, observed cells/frame 202.3
  [4/32] atc-20121118: 9821 frames, observed cells/frame 202.2
  [5/32] atc-20121125: 9960 frames, observed cells/frame 202.2
  [6/32] atc-20121202: 9599 frames, observed cells/frame 202.2
  [7/32] atc-20121209: 9295 frames, observed cells/frame 202.3
  [8/32] atc-20121216: 10176 frames, observed cells/frame 202.2
  [9/32] atc-20121223: 9994 frames, observed cells/frame 202.2
  [10/32] atc-20130106: 9612 frames, observed cells/frame 202.2
  [11/32] atc-20130113: 9701 frames, observed cells/frame 202.2
  [12/32] atc-20130120: 9817 frames, observed cells/frame 202.2
  [13/32] atc-20130127: 10379 frames, observed cells/frame 202.0
  [14/32] atc-20130203: 9646 frames, observed cells/frame 202.2
  [15/32] atc-20130210: 9788 frames, observed cells/frame 202.3
  [16/32] atc-20130217: 9776 frames, observed cells/frame 202.2
  [17/32] atc-20130224: 9872 frames, observed cells/frame 202.2
  [18/32] atc-20130303: 8798 frames, observed cells/frame 202.4
  [19/32] atc-20130310: 9930 frames, observed cells/frame 202.2
  [20/32] atc-20130317: 9704 frames, observed cells/frame 202.2
  [21/32] atc-20130324: 10354 frames, observed cells/frame 202.0
  [22/32] atc-20130331: 9920 frames, observed cells/frame 202.2
  [23/32] atc-20130407: 9704 frames, observed cells/frame 202.2
  [24/32] atc-20130414: 9907 frames, observed cells/frame 202.2
  [25/32] atc-20130421: 10207 frames, observed cells/frame 202.2
  [26/32] atc-20130428: 10002 frames, observed cells/frame 202.2
  [27/32] atc-20130505: 9926 frames, observed cells/frame 202.2
  [28/32] atc-20130512: 9535 frames, observed cells/frame 202.3
  [29/32] atc-20130519: 10080 frames, observed cells/frame 202.2
  [30/32] atc-20130526: 10247 frames, observed cells/frame 202.1
  [31/32] atc-20130602: 10012 frames, observed cells/frame 202.2
  [32/32] atc-20130609: 10013 frames, observed cells/frame 202.2
[data] 315643 training frames
  [1/3] atc-20130616: 1757 frames, observed cells/frame 202.0
  [2/3] atc-20130623: 2031 frames, observed cells/frame 201.9
  [3/3] atc-20130630: 2036 frames, observed cells/frame 201.9
[data] 5824 validation frames
[stats] encoder input standardisation mean=[0.07513941 0.00581281 0.00044906 0.0249023 ] std=[0.21136387 0.538234   0.19001769 0.12149188]
[model] 65,924 parameters  latent=grid  readout=decoder  seed=124
[ep   0] train 0.02855  valid mse 0.01627  blind 0.02536  density_occ 0.04238  (143s)
[ep   1] train 0.01937  valid mse 0.01507  blind 0.02467  density_occ 0.04086  (143s)
[ep   2] train 0.01838  valid mse 0.01465  blind 0.02434  density_occ 0.03925  (143s)
[ep   3] train 0.01788  valid mse 0.01438  blind 0.02410  density_occ 0.03898  (143s)
[ep   4] train 0.01760  valid mse 0.01421  blind 0.02392  density_occ 0.03894  (143s)
[ep   5] train 0.01746  valid mse 0.01410  blind 0.02379  density_occ 0.03860  (143s)
[ep   6] train 0.01730  valid mse 0.01403  blind 0.02376  density_occ 0.03785  (143s)
[ep   7] train 0.01717  valid mse 0.01398  blind 0.02369  density_occ 0.03864  (143s)
[ep   8] train 0.01708  valid mse 0.01385  blind 0.02357  density_occ 0.03810  (144s)
[ep   9] train 0.01697  valid mse 0.01387  blind 0.02369  density_occ 0.03613  (147s)
[ep  10] train 0.01690  valid mse 0.01379  blind 0.02351  density_occ 0.03804  (143s)
[ep  11] train 0.01681  valid mse 0.01389  blind 0.02359  density_occ 0.03763  (143s)
[ep  12] train 0.01673  valid mse 0.01367  blind 0.02346  density_occ 0.03722  (143s)
[ep  13] train 0.01667  valid mse 0.01382  blind 0.02359  density_occ 0.03629  (143s)
[ep  14] train 0.01662  valid mse 0.01366  blind 0.02351  density_occ 0.03513  (143s)
[ep  15] train 0.01660  valid mse 0.01358  blind 0.02338  density_occ 0.03603  (145s)
[ep  16] train 0.01658  valid mse 0.01371  blind 0.02348  density_occ 0.03558  (143s)
[ep  17] train 0.01652  valid mse 0.01357  blind 0.02342  density_occ 0.03590  (143s)
[ep  18] train 0.01654  valid mse 0.01354  blind 0.02341  density_occ 0.03556  (143s)
[ep  19] train 0.01650  valid mse 0.01360  blind 0.02344  density_occ 0.03553  (143s)
[ep  20] train 0.01643  valid mse 0.01348  blind 0.02332  density_occ 0.03542  (143s)
[ep  21] train 0.01642  valid mse 0.01346  blind 0.02331  density_occ 0.03613  (143s)
[ep  22] train 0.01640  valid mse 0.01353  blind 0.02338  density_occ 0.03434  (143s)
[ep  23] train 0.01637  valid mse 0.01359  blind 0.02341  density_occ 0.03602  (143s)
[ep  24] train 0.01638  valid mse 0.01351  blind 0.02340  density_occ 0.03469  (143s)
[ep  25] train 0.01639  valid mse 0.01349  blind 0.02334  density_occ 0.03620  (143s)
[ep  26] train 0.01636  valid mse 0.01343  blind 0.02328  density_occ 0.03565  (143s)
[ep  27] train 0.01634  valid mse 0.01341  blind 0.02325  density_occ 0.03633  (143s)
[ep  28] train 0.01634  valid mse 0.01347  blind 0.02337  density_occ 0.03467  (143s)
[ep  29] train 0.01632  valid mse 0.01337  blind 0.02322  density_occ 0.03560  (143s)
[ep  30] train 0.01628  valid mse 0.01340  blind 0.02325  density_occ 0.03543  (143s)
[ep  31] train 0.01629  valid mse 0.01343  blind 0.02326  density_occ 0.03560  (143s)
[ep  32] train 0.01626  valid mse 0.01340  blind 0.02326  density_occ 0.03597  (143s)
[ep  33] train 0.01629  valid mse 0.01340  blind 0.02325  density_occ 0.03491  (143s)
[ep  34] train 0.01624  valid mse 0.01337  blind 0.02324  density_occ 0.03538  (143s)
[ep  35] train 0.01624  valid mse 0.01345  blind 0.02335  density_occ 0.03563  (143s)
[ep  36] train 0.01627  valid mse 0.01340  blind 0.02327  density_occ 0.03498  (143s)
[ep  37] train 0.01622  valid mse 0.01336  blind 0.02324  density_occ 0.03521  (142s)
[ep  38] train 0.01622  valid mse 0.01344  blind 0.02330  density_occ 0.03518  (143s)
[ep  39] train 0.01621  valid mse 0.01335  blind 0.02320  density_occ 0.03452  (143s)
[done]
