[watch] 2026-09-18T00:39:33+03:00 history=49/60 framewise=2/60
[watch] 2026-09-18T00:41:33+03:00 history=50/60 framewise=2/60
[watch] 2026-09-18T00:43:33+03:00 history=50/60 framewise=2/60
[watch] 2026-09-18T00:45:33+03:00 history=50/60 framewise=3/60
[watch] 2026-09-18T00:47:33+03:00 history=50/60 framewise=3/60
[watch] 2026-09-18T00:49:33+03:00 history=50/60 framewise=3/60
[watch] 2026-09-18T00:51:33+03:00 history=50/60 framewise=4/60
[watch] 2026-09-18T00:53:33+03:00 history=50/60 framewise=4/60
[watch] 2026-09-18T00:55:34+03:00 history=51/60 framewise=4/60
[watch] 2026-09-18T00:57:34+03:00 history=51/60 framewise=4/60
[watch] 2026-09-18T00:59:34+03:00 history=51/60 framewise=5/60
[watch] 2026-09-18T01:01:34+03:00 history=51/60 framewise=5/60
[watch] 2026-09-18T01:03:34+03:00 history=51/60 framewise=5/60
[watch] 2026-09-18T01:05:34+03:00 history=51/60 framewise=6/60
[watch] 2026-09-18T01:07:34+03:00 history=51/60 framewise=6/60
[watch] 2026-09-18T01:09:34+03:00 history=51/60 framewise=6/60
[watch] 2026-09-18T01:11:34+03:00 history=52/60 framewise=7/60
[watch] 2026-09-18T01:13:34+03:00 history=52/60 framewise=7/60
[watch] 2026-09-18T01:15:34+03:00 history=52/60 framewise=7/60
[watch] 2026-09-18T01:17:42+03:00 history=52/60 framewise=8/60
[watch] 2026-09-18T01:19:42+03:00 history=52/60 framewise=8/60
[watch] 2026-09-18T01:21:42+03:00 history=52/60 framewise=8/60
[watch] 2026-09-18T01:23:42+03:00 history=52/60 framewise=8/60
[watch] 2026-09-18T01:25:42+03:00 history=52/60 framewise=9/60
[watch] 2026-09-18T01:27:43+03:00 history=53/60 framewise=9/60
[watch] 2026-09-18T01:29:43+03:00 history=53/60 framewise=9/60
[watch] 2026-09-18T01:31:43+03:00 history=53/60 framewise=10/60
[watch] 2026-09-18T01:33:43+03:00 history=53/60 framewise=10/60
[watch] 2026-09-18T01:35:43+03:00 history=53/60 framewise=10/60
[watch] 2026-09-18T01:37:43+03:00 history=53/60 framewise=11/60
[watch] 2026-09-18T01:39:43+03:00 history=53/60 framewise=11/60
[watch] 2026-09-18T01:41:43+03:00 history=53/60 framewise=11/60
[watch] 2026-09-18T01:43:43+03:00 history=54/60 framewise=12/60
[watch] 2026-09-18T01:45:43+03:00 history=54/60 framewise=12/60
[watch] 2026-09-18T01:47:43+03:00 history=54/60 framewise=12/60
[watch] 2026-09-18T01:49:43+03:00 history=54/60 framewise=12/60
[watch] 2026-09-18T01:51:43+03:00 history=54/60 framewise=13/60
[watch] 2026-09-18T01:53:43+03:00 history=54/60 framewise=13/60
[watch] 2026-09-18T01:55:43+03:00 history=54/60 framewise=13/60
[watch] 2026-09-18T01:57:43+03:00 history=54/60 framewise=14/60
[watch] 2026-09-18T01:59:43+03:00 history=55/60 framewise=14/60
[watch] 2026-09-18T02:01:43+03:00 history=55/60 framewise=14/60
[watch] 2026-09-18T02:03:43+03:00 history=55/60 framewise=15/60
[watch] 2026-09-18T02:05:43+03:00 history=55/60 framewise=15/60
[watch] 2026-09-18T02:07:43+03:00 history=55/60 framewise=15/60
[watch] 2026-09-18T02:09:43+03:00 history=55/60 framewise=15/60
[watch] 2026-09-18T02:11:43+03:00 history=55/60 framewise=16/60
[watch] 2026-09-18T02:13:43+03:00 history=55/60 framewise=16/60
[watch] 2026-09-18T02:15:43+03:00 history=56/60 framewise=16/60
[watch] 2026-09-18T02:17:43+03:00 history=56/60 framewise=17/60
[watch] 2026-09-18T02:19:43+03:00 history=56/60 framewise=17/60
[watch] 2026-09-18T02:21:43+03:00 history=56/60 framewise=17/60
[watch] 2026-09-18T02:23:43+03:00 history=56/60 framewise=18/60
[watch] 2026-09-18T02:25:43+03:00 history=56/60 framewise=18/60
[watch] 2026-09-18T02:27:43+03:00 history=56/60 framewise=18/60
[watch] 2026-09-18T02:29:43+03:00 history=56/60 framewise=18/60
[watch] 2026-09-18T02:31:43+03:00 history=57/60 framewise=19/60
[watch] 2026-09-18T02:33:43+03:00 history=57/60 framewise=19/60
[watch] 2026-09-18T02:35:43+03:00 history=57/60 framewise=19/60
[watch] 2026-09-18T02:37:43+03:00 history=57/60 framewise=20/60
[watch] 2026-09-18T02:39:43+03:00 history=57/60 framewise=20/60
[watch] 2026-09-18T02:41:43+03:00 history=57/60 framewise=20/60
[watch] 2026-09-18T02:43:43+03:00 history=57/60 framewise=21/60
[watch] 2026-09-18T02:45:44+03:00 history=58/60 framewise=21/60
[watch] 2026-09-18T02:47:44+03:00 history=58/60 framewise=21/60
[watch] 2026-09-18T02:49:44+03:00 history=58/60 framewise=22/60
[watch] 2026-09-18T02:51:44+03:00 history=58/60 framewise=22/60
[watch] 2026-09-18T02:53:44+03:00 history=58/60 framewise=22/60
[watch] 2026-09-18T02:55:44+03:00 history=58/60 framewise=22/60
[watch] 2026-09-18T02:57:44+03:00 history=58/60 framewise=23/60
[watch] 2026-09-18T02:59:44+03:00 history=58/60 framewise=23/60
[watch] 2026-09-18T03:01:44+03:00 history=58/60 framewise=23/60
[watch] 2026-09-18T03:03:44+03:00 history=58/60 framewise=24/60
[watch] 2026-09-18T03:05:44+03:00 history=58/60 framewise=24/60
[watch] 2026-09-18T03:07:44+03:00 history=58/60 framewise=24/60
[watch] 2026-09-18T03:09:44+03:00 history=58/60 framewise=24/60
[watch] 2026-09-18T03:11:44+03:00 history=59/60 framewise=24/60
[watch] 2026-09-18T03:13:44+03:00 history=59/60 framewise=24/60
[watch] 2026-09-18T03:15:44+03:00 history=59/60 framewise=24/60
[watch] 2026-09-18T03:17:44+03:00 history=59/60 framewise=24/60
20317464
[watch] 2026-09-18T03:19:44+03:00 history=60/60 framewise=25/60
[watch] 2026-09-18T03:21:44+03:00 history=60/60 framewise=25/60
[watch] 2026-09-18T03:23:44+03:00 history=60/60 framewise=25/60
[watch] 2026-09-18T03:25:44+03:00 history=60/60 framewise=26/60
[watch] 2026-09-18T03:27:44+03:00 history=60/60 framewise=26/60
[watch] 2026-09-18T03:29:44+03:00 history=60/60 framewise=26/60
[watch] 2026-09-18T03:31:44+03:00 history=60/60 framewise=27/60
[watch] 2026-09-18T03:33:44+03:00 history=60/60 framewise=27/60
[watch] 2026-09-18T03:35:44+03:00 history=60/60 framewise=27/60
[watch] 2026-09-18T03:37:44+03:00 history=60/60 framewise=28/60
[watch] 2026-09-18T03:39:44+03:00 history=60/60 framewise=28/60
[watch] 2026-09-18T03:41:44+03:00 history=60/60 framewise=28/60
[watch] 2026-09-18T03:43:44+03:00 history=60/60 framewise=28/60
[watch] 2026-09-18T03:45:44+03:00 history=60/60 framewise=29/60
[watch] 2026-09-18T03:47:44+03:00 history=60/60 framewise=29/60
[watch] 2026-09-18T03:49:44+03:00 history=60/60 framewise=29/60
[watch] 2026-09-18T03:51:44+03:00 history=60/60 framewise=30/60
[watch] 2026-09-18T03:53:44+03:00 history=60/60 framewise=30/60
[watch] 2026-09-18T03:55:44+03:00 history=60/60 framewise=30/60
[watch] 2026-09-18T03:57:44+03:00 history=60/60 framewise=31/60
[watch] 2026-09-18T03:59:44+03:00 history=60/60 framewise=31/60
[watch] 2026-09-18T04:01:44+03:00 history=60/60 framewise=31/60
[watch] 2026-09-18T04:03:44+03:00 history=60/60 framewise=32/60
[watch] 2026-09-18T04:05:44+03:00 history=60/60 framewise=32/60
[watch] 2026-09-18T04:07:44+03:00 history=60/60 framewise=32/60
[watch] 2026-09-18T04:09:44+03:00 history=60/60 framewise=32/60
[watch] 2026-09-18T04:11:44+03:00 history=60/60 framewise=33/60
[watch] 2026-09-18T04:13:45+03:00 history=60/60 framewise=33/60
[watch] 2026-09-18T04:15:45+03:00 history=60/60 framewise=33/60
[watch] 2026-09-18T04:17:45+03:00 history=60/60 framewise=34/60
[watch] 2026-09-18T04:19:45+03:00 history=60/60 framewise=34/60
[watch] 2026-09-18T04:21:45+03:00 history=60/60 framewise=34/60
[watch] 2026-09-18T04:23:45+03:00 history=60/60 framewise=35/60
[watch] 2026-09-18T04:25:45+03:00 history=60/60 framewise=35/60
[watch] 2026-09-18T04:27:45+03:00 history=60/60 framewise=35/60
[watch] 2026-09-18T04:29:45+03:00 history=60/60 framewise=36/60
[watch] 2026-09-18T04:31:45+03:00 history=60/60 framewise=36/60
[watch] 2026-09-18T04:33:45+03:00 history=60/60 framewise=36/60
[watch] 2026-09-18T04:35:45+03:00 history=60/60 framewise=36/60
[watch] 2026-09-18T04:37:45+03:00 history=60/60 framewise=37/60
[watch] 2026-09-18T04:39:45+03:00 history=60/60 framewise=37/60
[watch] 2026-09-18T04:41:45+03:00 history=60/60 framewise=37/60
[watch] 2026-09-18T04:43:45+03:00 history=60/60 framewise=38/60
[watch] 2026-09-18T04:45:45+03:00 history=60/60 framewise=38/60
[watch] 2026-09-18T04:47:45+03:00 history=60/60 framewise=38/60
[watch] 2026-09-18T04:49:45+03:00 history=60/60 framewise=39/60
[watch] 2026-09-18T04:51:45+03:00 history=60/60 framewise=39/60
[watch] 2026-09-18T04:53:45+03:00 history=60/60 framewise=39/60
[watch] 2026-09-18T04:55:51+03:00 history=60/60 framewise=40/60
[watch] 2026-09-18T04:57:51+03:00 history=60/60 framewise=40/60
[watch] 2026-09-18T04:59:51+03:00 history=60/60 framewise=40/60
[watch] 2026-09-18T05:01:51+03:00 history=60/60 framewise=40/60
[watch] 2026-09-18T05:03:51+03:00 history=60/60 framewise=41/60
[watch] 2026-09-18T05:05:51+03:00 history=60/60 framewise=41/60
[watch] 2026-09-18T05:07:51+03:00 history=60/60 framewise=41/60
[watch] 2026-09-18T05:09:51+03:00 history=60/60 framewise=42/60
[watch] 2026-09-18T05:11:51+03:00 history=60/60 framewise=42/60
[watch] 2026-09-18T05:13:51+03:00 history=60/60 framewise=42/60
[watch] 2026-09-18T05:15:51+03:00 history=60/60 framewise=43/60
[watch] 2026-09-18T05:17:51+03:00 history=60/60 framewise=43/60
[watch] 2026-09-18T05:19:51+03:00 history=60/60 framewise=43/60
[watch] 2026-09-18T05:21:52+03:00 history=60/60 framewise=44/60
[watch] 2026-09-18T05:23:52+03:00 history=60/60 framewise=44/60
[watch] 2026-09-18T05:25:52+03:00 history=60/60 framewise=44/60
[watch] 2026-09-18T05:27:52+03:00 history=60/60 framewise=44/60
[watch] 2026-09-18T05:29:52+03:00 history=60/60 framewise=45/60
[watch] 2026-09-18T05:31:52+03:00 history=60/60 framewise=45/60
[watch] 2026-09-18T05:33:52+03:00 history=60/60 framewise=45/60
[watch] 2026-09-18T05:35:52+03:00 history=60/60 framewise=46/60
[watch] 2026-09-18T05:37:52+03:00 history=60/60 framewise=46/60
[watch] 2026-09-18T05:39:52+03:00 history=60/60 framewise=46/60
[watch] 2026-09-18T05:41:52+03:00 history=60/60 framewise=47/60
[watch] 2026-09-18T05:43:52+03:00 history=60/60 framewise=47/60
[watch] 2026-09-18T05:45:52+03:00 history=60/60 framewise=47/60
[watch] 2026-09-18T05:47:52+03:00 history=60/60 framewise=47/60
[watch] 2026-09-18T05:49:52+03:00 history=60/60 framewise=47/60
[watch] 2026-09-18T05:51:52+03:00 history=60/60 framewise=47/60
[watch] 2026-09-18T05:53:52+03:00 history=60/60 framewise=47/60
[watch] 2026-09-18T05:55:52+03:00 history=60/60 framewise=47/60
[watch] 2026-09-18T05:57:52+03:00 history=60/60 framewise=47/60
[watch] 2026-09-18T05:59:53+03:00 history=60/60 framewise=47/60
[watch] 2026-09-18T06:01:53+03:00 history=60/60 framewise=47/60
[watch] 2026-09-18T06:03:53+03:00 history=60/60 framewise=47/60
[watch] 2026-09-18T06:05:53+03:00 history=60/60 framewise=47/60
[watch] 2026-09-18T06:07:53+03:00 history=60/60 framewise=47/60
[watch] 2026-09-18T06:09:53+03:00 history=60/60 framewise=47/60
[watch] 2026-09-18T06:11:53+03:00 history=60/60 framewise=47/60
[watch] 2026-09-18T06:13:53+03:00 history=60/60 framewise=47/60
[watch] 2026-09-18T06:15:53+03:00 history=60/60 framewise=47/60
[watch] 2026-09-18T06:17:53+03:00 history=60/60 framewise=47/60
[watch] 2026-09-18T06:19:53+03:00 history=60/60 framewise=47/60
[watch] 2026-09-18T06:21:53+03:00 history=60/60 framewise=47/60
[watch] 2026-09-18T06:23:53+03:00 history=60/60 framewise=47/60
[watch] 2026-09-18T06:25:53+03:00 history=60/60 framewise=47/60
[watch] 2026-09-18T06:27:53+03:00 history=60/60 framewise=47/60
[watch] 2026-09-18T06:29:53+03:00 history=60/60 framewise=47/60
[watch] 2026-09-18T06:31:53+03:00 history=60/60 framewise=47/60
[watch] 2026-09-18T06:33:53+03:00 history=60/60 framewise=47/60
[watch] 2026-09-18T06:35:53+03:00 history=60/60 framewise=47/60
[watch] 2026-09-18T06:37:53+03:00 history=60/60 framewise=47/60
[watch] 2026-09-18T06:39:53+03:00 history=60/60 framewise=47/60
[watch] 2026-09-18T06:41:53+03:00 history=60/60 framewise=47/60
[watch] 2026-09-18T06:43:53+03:00 history=60/60 framewise=47/60
[watch] 2026-09-18T06:45:53+03:00 history=60/60 framewise=47/60
[watch] 2026-09-18T06:47:53+03:00 history=60/60 framewise=47/60
[watch] 2026-09-18T06:49:53+03:00 history=60/60 framewise=47/60
[watch] 2026-09-18T06:51:53+03:00 history=60/60 framewise=47/60
[watch] 2026-09-18T06:53:53+03:00 history=60/60 framewise=47/60
[watch] 2026-09-18T06:55:53+03:00 history=60/60 framewise=47/60
[watch] 2026-09-18T06:57:53+03:00 history=60/60 framewise=47/60
[watch] 2026-09-18T06:59:53+03:00 history=60/60 framewise=47/60
[watch] 2026-09-18T07:01:53+03:00 history=60/60 framewise=47/60
[watch] 2026-09-18T07:03:53+03:00 history=60/60 framewise=47/60
[watch] 2026-09-18T07:05:53+03:00 history=60/60 framewise=47/60
[watch] 2026-09-18T07:07:53+03:00 history=60/60 framewise=47/60
[watch] 2026-09-18T07:09:53+03:00 history=60/60 framewise=47/60
[watch] 2026-09-18T07:11:53+03:00 history=60/60 framewise=47/60
[watch] 2026-09-18T07:13:53+03:00 history=60/60 framewise=47/60
[watch] 2026-09-18T07:15:53+03:00 history=60/60 framewise=47/60
[watch] 2026-09-18T07:17:53+03:00 history=60/60 framewise=47/60
[watch] 2026-09-18T07:19:53+03:00 history=60/60 framewise=47/60
[watch] 2026-09-18T07:21:53+03:00 history=60/60 framewise=47/60
[watch] 2026-09-18T07:23:53+03:00 history=60/60 framewise=47/60
[watch] 2026-09-18T07:25:53+03:00 history=60/60 framewise=47/60
[watch] 2026-09-18T07:27:53+03:00 history=60/60 framewise=47/60
[watch] 2026-09-18T07:29:53+03:00 history=60/60 framewise=47/60
[watch] 2026-09-18T07:31:53+03:00 history=60/60 framewise=47/60
[watch] 2026-09-18T07:33:53+03:00 history=60/60 framewise=47/60
[watch] 2026-09-18T07:35:53+03:00 history=60/60 framewise=47/60
[watch] 2026-09-18T07:37:53+03:00 history=60/60 framewise=47/60
[watch] 2026-09-18T07:39:53+03:00 history=60/60 framewise=47/60
[watch] 2026-09-18T07:41:53+03:00 history=60/60 framewise=47/60
[watch] 2026-09-18T07:43:53+03:00 history=60/60 framewise=47/60
[watch] 2026-09-18T07:45:53+03:00 history=60/60 framewise=47/60
[watch] 2026-09-18T07:47:53+03:00 history=60/60 framewise=47/60
[watch] 2026-09-18T07:49:53+03:00 history=60/60 framewise=47/60
[watch] 2026-09-18T07:51:53+03:00 history=60/60 framewise=47/60
[watch] 2026-09-18T07:53:53+03:00 history=60/60 framewise=47/60
[watch] 2026-09-18T07:55:53+03:00 history=60/60 framewise=47/60
[watch] 2026-09-18T07:57:53+03:00 history=60/60 framewise=47/60
[watch] 2026-09-18T07:59:53+03:00 history=60/60 framewise=47/60
[watch] 2026-09-18T08:01:53+03:00 history=60/60 framewise=47/60
[watch] 2026-09-18T08:03:53+03:00 history=60/60 framewise=47/60
[watch] 2026-09-18T08:05:53+03:00 history=60/60 framewise=47/60
[watch] 2026-09-18T08:07:53+03:00 history=60/60 framewise=47/60
[watch] 2026-09-18T08:09:53+03:00 history=60/60 framewise=47/60
[watch] 2026-09-18T08:11:53+03:00 history=60/60 framewise=47/60
[watch] 2026-09-18T08:13:53+03:00 history=60/60 framewise=47/60
[watch] 2026-09-18T08:15:53+03:00 history=60/60 framewise=47/60
[watch] 2026-09-18T08:17:53+03:00 history=60/60 framewise=47/60
[watch] 2026-09-18T08:19:53+03:00 history=60/60 framewise=47/60
[watch] 2026-09-18T08:21:53+03:00 history=60/60 framewise=47/60
[watch] 2026-09-18T08:23:53+03:00 history=60/60 framewise=47/60
[watch] 2026-09-18T08:25:53+03:00 history=60/60 framewise=47/60
[watch] 2026-09-18T08:27:53+03:00 history=60/60 framewise=47/60
[watch] 2026-09-18T08:29:53+03:00 history=60/60 framewise=47/60
[watch] 2026-09-18T08:31:53+03:00 history=60/60 framewise=47/60
[watch] 2026-09-18T08:33:53+03:00 history=60/60 framewise=47/60
[watch] 2026-09-18T08:35:53+03:00 history=60/60 framewise=47/60
[watch] 2026-09-18T08:37:53+03:00 history=60/60 framewise=47/60
[watch] 2026-09-18T08:39:53+03:00 history=60/60 framewise=47/60
[watch] 2026-09-18T08:41:53+03:00 history=60/60 framewise=47/60
[watch] 2026-09-18T08:43:53+03:00 history=60/60 framewise=47/60
[watch] 2026-09-18T08:45:53+03:00 history=60/60 framewise=47/60
[watch] 2026-09-18T08:47:53+03:00 history=60/60 framewise=47/60
[watch] 2026-09-18T08:49:53+03:00 history=60/60 framewise=47/60
[watch] 2026-09-18T08:51:54+03:00 history=60/60 framewise=47/60
[watch] 2026-09-18T08:53:54+03:00 history=60/60 framewise=47/60
[watch] 2026-09-18T08:55:54+03:00 history=60/60 framewise=47/60
[watch] 2026-09-18T08:57:54+03:00 history=60/60 framewise=47/60
[watch] 2026-09-18T08:59:54+03:00 history=60/60 framewise=47/60
[watch] 2026-09-18T09:01:54+03:00 history=60/60 framewise=47/60
[watch] 2026-09-18T09:03:54+03:00 history=60/60 framewise=47/60
[watch] 2026-09-18T09:05:54+03:00 history=60/60 framewise=47/60
[watch] 2026-09-18T09:07:54+03:00 history=60/60 framewise=47/60
[watch] 2026-09-18T09:09:54+03:00 history=60/60 framewise=47/60
[watch] 2026-09-18T09:11:54+03:00 history=60/60 framewise=47/60
[watch] 2026-09-18T09:13:54+03:00 history=60/60 framewise=47/60
[watch] 2026-09-18T09:15:54+03:00 history=60/60 framewise=47/60
[watch] 2026-09-18T09:17:54+03:00 history=60/60 framewise=47/60
[watch] 2026-09-18T09:19:54+03:00 history=60/60 framewise=47/60
[watch] 2026-09-18T09:21:54+03:00 history=60/60 framewise=47/60
[watch] 2026-09-18T09:23:54+03:00 history=60/60 framewise=47/60
[watch] 2026-09-18T09:25:54+03:00 history=60/60 framewise=47/60
[watch] 2026-09-18T09:27:54+03:00 history=60/60 framewise=47/60
[watch] 2026-09-18T09:29:54+03:00 history=60/60 framewise=47/60
[watch] 2026-09-18T09:31:54+03:00 history=60/60 framewise=47/60
[watch] 2026-09-18T09:33:54+03:00 history=60/60 framewise=47/60
[watch] 2026-09-18T09:35:54+03:00 history=60/60 framewise=47/60
[watch] 2026-09-18T09:37:54+03:00 history=60/60 framewise=47/60
[watch] 2026-09-18T09:39:54+03:00 history=60/60 framewise=47/60
[watch] 2026-09-18T09:41:54+03:00 history=60/60 framewise=47/60
[watch] 2026-09-18T09:43:54+03:00 history=60/60 framewise=47/60
[watch] 2026-09-18T09:45:54+03:00 history=60/60 framewise=47/60
[watch] 2026-09-18T09:47:54+03:00 history=60/60 framewise=47/60
[watch] 2026-09-18T09:49:54+03:00 history=60/60 framewise=47/60
[watch] 2026-09-18T09:51:54+03:00 history=60/60 framewise=47/60
[watch] 2026-09-18T09:53:54+03:00 history=60/60 framewise=47/60
[watch] 2026-09-18T09:55:54+03:00 history=60/60 framewise=47/60
[watch] 2026-09-18T09:57:54+03:00 history=60/60 framewise=47/60
[watch] 2026-09-18T09:59:54+03:00 history=60/60 framewise=47/60
[watch] 2026-09-18T10:01:54+03:00 history=60/60 framewise=47/60
[watch] 2026-09-18T10:03:54+03:00 history=60/60 framewise=47/60
[watch] 2026-09-18T10:05:54+03:00 history=60/60 framewise=47/60
[watch] 2026-09-18T10:07:54+03:00 history=60/60 framewise=47/60
[watch] 2026-09-18T10:09:54+03:00 history=60/60 framewise=47/60
[watch] 2026-09-18T10:11:54+03:00 history=60/60 framewise=47/60
[watch] 2026-09-18T10:13:54+03:00 history=60/60 framewise=47/60
[watch] 2026-09-18T10:15:54+03:00 history=60/60 framewise=47/60
[watch] 2026-09-18T10:17:54+03:00 history=60/60 framewise=47/60
[watch] 2026-09-18T10:19:54+03:00 history=60/60 framewise=47/60
[watch] 2026-09-18T10:21:55+03:00 history=60/60 framewise=48/60
[watch] 2026-09-18T10:23:55+03:00 history=60/60 framewise=48/60
[watch] 2026-09-18T10:25:55+03:00 history=60/60 framewise=48/60
[watch] 2026-09-18T10:27:55+03:00 history=60/60 framewise=48/60
[watch] 2026-09-18T10:29:55+03:00 history=60/60 framewise=48/60
[watch] 2026-09-18T10:31:55+03:00 history=60/60 framewise=48/60
[watch] 2026-09-18T10:33:55+03:00 history=60/60 framewise=48/60
[watch] 2026-09-18T10:35:55+03:00 history=60/60 framewise=48/60
[watch] 2026-09-18T10:37:55+03:00 history=60/60 framewise=49/60
[watch] 2026-09-18T10:39:56+03:00 history=60/60 framewise=49/60
[watch] 2026-09-18T10:41:56+03:00 history=60/60 framewise=49/60
[watch] 2026-09-18T10:43:56+03:00 history=60/60 framewise=49/60
[watch] 2026-09-18T10:45:56+03:00 history=60/60 framewise=49/60
[watch] 2026-09-18T10:47:56+03:00 history=60/60 framewise=49/60
[watch] 2026-09-18T10:49:56+03:00 history=60/60 framewise=49/60
[watch] 2026-09-18T10:51:56+03:00 history=60/60 framewise=50/60
[watch] 2026-09-18T10:53:56+03:00 history=60/60 framewise=50/60
[watch] 2026-09-18T10:55:56+03:00 history=60/60 framewise=50/60
[watch] 2026-09-18T10:57:56+03:00 history=60/60 framewise=50/60
[watch] 2026-09-18T10:59:57+03:00 history=60/60 framewise=50/60
[watch] 2026-09-18T11:01:57+03:00 history=60/60 framewise=50/60
[watch] 2026-09-18T11:03:57+03:00 history=60/60 framewise=50/60
[watch] 2026-09-18T11:05:57+03:00 history=60/60 framewise=51/60
[watch] 2026-09-18T11:07:57+03:00 history=60/60 framewise=51/60
[watch] 2026-09-18T11:09:57+03:00 history=60/60 framewise=51/60
[watch] 2026-09-18T11:11:57+03:00 history=60/60 framewise=51/60
[watch] 2026-09-18T11:13:57+03:00 history=60/60 framewise=51/60
[watch] 2026-09-18T11:15:57+03:00 history=60/60 framewise=51/60
[watch] 2026-09-18T11:17:58+03:00 history=60/60 framewise=51/60
[watch] 2026-09-18T11:19:58+03:00 history=60/60 framewise=52/60
[watch] 2026-09-18T11:21:58+03:00 history=60/60 framewise=52/60
[watch] 2026-09-18T11:23:58+03:00 history=60/60 framewise=52/60
[watch] 2026-09-18T11:25:58+03:00 history=60/60 framewise=52/60
[watch] 2026-09-18T11:27:58+03:00 history=60/60 framewise=52/60
[watch] 2026-09-18T11:29:58+03:00 history=60/60 framewise=52/60
[watch] 2026-09-18T11:31:59+03:00 history=60/60 framewise=52/60
[watch] 2026-09-18T11:33:59+03:00 history=60/60 framewise=53/60
[watch] 2026-09-18T11:35:59+03:00 history=60/60 framewise=53/60
[watch] 2026-09-18T11:37:59+03:00 history=60/60 framewise=53/60
[watch] 2026-09-18T11:39:59+03:00 history=60/60 framewise=53/60
[watch] 2026-09-18T11:41:59+03:00 history=60/60 framewise=53/60
[watch] 2026-09-18T11:43:59+03:00 history=60/60 framewise=53/60
[watch] 2026-09-18T11:45:59+03:00 history=60/60 framewise=53/60
[watch] 2026-09-18T11:47:59+03:00 history=60/60 framewise=54/60
[watch] 2026-09-18T11:50:00+03:00 history=60/60 framewise=54/60
[watch] 2026-09-18T11:52:00+03:00 history=60/60 framewise=54/60
[watch] 2026-09-18T11:54:00+03:00 history=60/60 framewise=54/60
[watch] 2026-09-18T11:56:00+03:00 history=60/60 framewise=54/60
[watch] 2026-09-18T11:58:00+03:00 history=60/60 framewise=54/60
[watch] 2026-09-18T12:00:00+03:00 history=60/60 framewise=54/60
[watch] 2026-09-18T12:02:00+03:00 history=60/60 framewise=55/60
[watch] 2026-09-18T12:04:00+03:00 history=60/60 framewise=55/60
[watch] 2026-09-18T12:06:01+03:00 history=60/60 framewise=55/60
[watch] 2026-09-18T12:08:01+03:00 history=60/60 framewise=55/60
[watch] 2026-09-18T12:10:01+03:00 history=60/60 framewise=55/60
[watch] 2026-09-18T12:12:01+03:00 history=60/60 framewise=55/60
[watch] 2026-09-18T12:14:01+03:00 history=60/60 framewise=55/60
[watch] 2026-09-18T12:16:01+03:00 history=60/60 framewise=55/60
[watch] 2026-09-18T12:18:01+03:00 history=60/60 framewise=56/60
[watch] 2026-09-18T12:20:01+03:00 history=60/60 framewise=56/60
[watch] 2026-09-18T12:22:01+03:00 history=60/60 framewise=56/60
[watch] 2026-09-18T12:24:02+03:00 history=60/60 framewise=56/60
[watch] 2026-09-18T12:26:02+03:00 history=60/60 framewise=56/60
[watch] 2026-09-18T12:28:02+03:00 history=60/60 framewise=56/60
[watch] 2026-09-18T12:30:02+03:00 history=60/60 framewise=56/60
[watch] 2026-09-18T12:32:02+03:00 history=60/60 framewise=57/60
[watch] 2026-09-18T12:34:02+03:00 history=60/60 framewise=57/60
[watch] 2026-09-18T12:36:02+03:00 history=60/60 framewise=57/60
[watch] 2026-09-18T12:38:02+03:00 history=60/60 framewise=57/60
[watch] 2026-09-18T12:40:02+03:00 history=60/60 framewise=57/60
[watch] 2026-09-18T12:42:02+03:00 history=60/60 framewise=57/60
[watch] 2026-09-18T12:44:02+03:00 history=60/60 framewise=57/60
[watch] 2026-09-18T12:46:03+03:00 history=60/60 framewise=57/60
[watch] 2026-09-18T12:48:03+03:00 history=60/60 framewise=57/60
[watch] 2026-09-18T12:50:03+03:00 history=60/60 framewise=57/60
[watch] 2026-09-18T12:52:03+03:00 history=60/60 framewise=57/60
[watch] 2026-09-18T12:54:03+03:00 history=60/60 framewise=57/60
[watch] 2026-09-18T12:56:03+03:00 history=60/60 framewise=57/60
[watch] 2026-09-18T12:58:03+03:00 history=60/60 framewise=57/60
[watch] 2026-09-18T13:00:03+03:00 history=60/60 framewise=57/60
[watch] 2026-09-18T13:02:04+03:00 history=60/60 framewise=57/60
[watch] 2026-09-18T13:04:04+03:00 history=60/60 framewise=57/60
[watch] 2026-09-18T13:06:04+03:00 history=60/60 framewise=57/60
[watch] 2026-09-18T13:08:04+03:00 history=60/60 framewise=57/60
[watch] 2026-09-18T13:10:04+03:00 history=60/60 framewise=57/60
[watch] 2026-09-18T13:12:04+03:00 history=60/60 framewise=57/60
[watch] 2026-09-18T13:14:04+03:00 history=60/60 framewise=57/60
[watch] 2026-09-18T13:16:04+03:00 history=60/60 framewise=57/60
[watch] 2026-09-18T13:18:05+03:00 history=60/60 framewise=57/60
[watch] 2026-09-18T13:20:05+03:00 history=60/60 framewise=57/60
[watch] 2026-09-18T13:22:05+03:00 history=60/60 framewise=57/60
[watch] 2026-09-18T13:24:05+03:00 history=60/60 framewise=57/60
[watch] 2026-09-18T13:26:05+03:00 history=60/60 framewise=57/60
[watch] 2026-09-18T13:28:05+03:00 history=60/60 framewise=57/60
[watch] 2026-09-18T13:30:05+03:00 history=60/60 framewise=57/60
[watch] 2026-09-18T13:32:05+03:00 history=60/60 framewise=57/60
[watch] 2026-09-18T13:34:05+03:00 history=60/60 framewise=58/60
[watch] 2026-09-18T13:36:06+03:00 history=60/60 framewise=58/60
[watch] 2026-09-18T13:38:06+03:00 history=60/60 framewise=58/60
[watch] 2026-09-18T13:40:06+03:00 history=60/60 framewise=58/60
[watch] 2026-09-18T13:42:06+03:00 history=60/60 framewise=58/60
[watch] 2026-09-18T13:44:06+03:00 history=60/60 framewise=58/60
[watch] 2026-09-18T13:46:06+03:00 history=60/60 framewise=58/60
[watch] 2026-09-18T13:48:06+03:00 history=60/60 framewise=59/60
[watch] 2026-09-18T13:50:06+03:00 history=60/60 framewise=59/60
[watch] 2026-09-18T13:52:06+03:00 history=60/60 framewise=59/60
[watch] 2026-09-18T13:54:07+03:00 history=60/60 framewise=59/60
[watch] 2026-09-18T13:56:07+03:00 history=60/60 framewise=59/60
[watch] 2026-09-18T13:58:07+03:00 history=60/60 framewise=59/60
[watch] 2026-09-18T14:00:07+03:00 history=60/60 framewise=59/60
20323933
[watch] 2026-09-18T14:02:07+03:00 history=60/60 framewise=60/60
[watch] all matched evaluations submitted; waiting for result files
methods/senseiver/check_outputs/history_refinement/eval/summary.json
methods/senseiver/check_outputs/history_refinement/eval/summary.md
[watch] final summary written
