[config] observation config = {'sensing_range': 7, 'num_agents': 3, 'add_noise': True, 'obs_every_k': 1, 'init_method': 'prev'}
[data] loading train split ...
  [1/32] atc-20121028: 10112 target frames of 40446, observed cells/frame 202.6, window 4, observation seed 123
  [2/32] atc-20121104: 10071 target frames of 40281, observed cells/frame 202.6, window 4, observation seed 123
  [3/32] atc-20121111: 9685 target frames of 38740, observed cells/frame 202.8, window 4, observation seed 123
  [4/32] atc-20121118: 9821 target frames of 39281, observed cells/frame 202.7, window 4, observation seed 123
  [5/32] atc-20121125: 9960 target frames of 39837, observed cells/frame 202.7, window 4, observation seed 123
  [6/32] atc-20121202: 9599 target frames of 38394, observed cells/frame 202.7, window 4, observation seed 123
  [7/32] atc-20121209: 9295 target frames of 37178, observed cells/frame 202.5, window 4, observation seed 123
  [8/32] atc-20121216: 10176 target frames of 40701, observed cells/frame 202.7, window 4, observation seed 123
  [9/32] atc-20121223: 9994 target frames of 39974, observed cells/frame 202.6, window 4, observation seed 123
  [10/32] atc-20130106: 9612 target frames of 38445, observed cells/frame 202.8, window 4, observation seed 123
  [11/32] atc-20130113: 9701 target frames of 38803, observed cells/frame 202.8, window 4, observation seed 123
  [12/32] atc-20130120: 9817 target frames of 39268, observed cells/frame 202.7, window 4, observation seed 123
  [13/32] atc-20130127: 10379 target frames of 41513, observed cells/frame 202.7, window 4, observation seed 123
  [14/32] atc-20130203: 9646 target frames of 38581, observed cells/frame 202.8, window 4, observation seed 123
  [15/32] atc-20130210: 9788 target frames of 39152, observed cells/frame 202.8, window 4, observation seed 123
  [16/32] atc-20130217: 9776 target frames of 39103, observed cells/frame 202.8, window 4, observation seed 123
  [17/32] atc-20130224: 9872 target frames of 39486, observed cells/frame 202.7, window 4, observation seed 123
  [18/32] atc-20130303: 8798 target frames of 35190, observed cells/frame 202.5, window 4, observation seed 123
  [19/32] atc-20130310: 9930 target frames of 39719, observed cells/frame 202.7, window 4, observation seed 123
  [20/32] atc-20130317: 9704 target frames of 38815, observed cells/frame 202.8, window 4, observation seed 123
  [21/32] atc-20130324: 10354 target frames of 41415, observed cells/frame 202.7, window 4, observation seed 123
  [22/32] atc-20130331: 9920 target frames of 39679, observed cells/frame 202.7, window 4, observation seed 123
  [23/32] atc-20130407: 9704 target frames of 38814, observed cells/frame 202.8, window 4, observation seed 123
  [24/32] atc-20130414: 9907 target frames of 39625, observed cells/frame 202.7, window 4, observation seed 123
  [25/32] atc-20130421: 10207 target frames of 40826, observed cells/frame 202.7, window 4, observation seed 123
  [26/32] atc-20130428: 10002 target frames of 40006, observed cells/frame 202.6, window 4, observation seed 123
  [27/32] atc-20130505: 9926 target frames of 39702, observed cells/frame 202.7, window 4, observation seed 123
  [28/32] atc-20130512: 9535 target frames of 38140, observed cells/frame 202.7, window 4, observation seed 123
  [29/32] atc-20130519: 10080 target frames of 40320, observed cells/frame 202.6, window 4, observation seed 123
  [30/32] atc-20130526: 10247 target frames of 40986, observed cells/frame 202.7, window 4, observation seed 123
  [31/32] atc-20130602: 10012 target frames of 40046, observed cells/frame 202.6, window 4, observation seed 123
  [32/32] atc-20130609: 10013 target frames of 40052, observed cells/frame 202.6, window 4, observation seed 123
[data] 315643 training frames
  [1/3] atc-20130616: 1757 target frames of 35127, observed cells/frame 202.4, window 4, observation seed 123
  [2/3] atc-20130623: 2031 target frames of 40620, observed cells/frame 202.7, window 4, observation seed 123
  [3/3] atc-20130630: 2036 target frames of 40710, observed cells/frame 202.7, window 4, observation seed 123
[data] 5824 validation frames
[data] model_seed=123  train_obs_seed=123 train_trajectory_mode=fixed  valid_obs_seed=123 valid_trajectory_mode=fixed
[stats] encoder input standardisation mean=[0.07504988 0.0059779  0.0007054  0.02486421] std=[0.21125616 0.53789836 0.18976499 0.12118698]
[model] 56,580 parameters  latent=grid  readout=direct  time_window=4  share_blocks=True  seed=123
[ep   0] train 0.03477  valid mse 0.01508  blind 0.02398  density_occ 0.04176  (389s)
[ep   1] train 0.01781  valid mse 0.01402  blind 0.02294  density_occ 0.03890  (392s)
[ep   2] train 0.01680  valid mse 0.01332  blind 0.02217  density_occ 0.03560  (398s)
[ep   3] train 0.01623  valid mse 0.01313  blind 0.02198  density_occ 0.03492  (396s)
[ep   4] train 0.01589  valid mse 0.01292  blind 0.02167  density_occ 0.03391  (397s)
[ep   5] train 0.01565  valid mse 0.01279  blind 0.02155  density_occ 0.03482  (399s)
[ep   6] train 0.01548  valid mse 0.01257  blind 0.02132  density_occ 0.03382  (397s)
[ep   7] train 0.01533  valid mse 0.01254  blind 0.02131  density_occ 0.03316  (396s)
[ep   8] train 0.01521  valid mse 0.01236  blind 0.02105  density_occ 0.03250  (397s)
[ep   9] train 0.01512  valid mse 0.01234  blind 0.02106  density_occ 0.03329  (398s)
[ep  10] train 0.01507  valid mse 0.01243  blind 0.02114  density_occ 0.03293  (397s)
[ep  11] train 0.01501  valid mse 0.01220  blind 0.02085  density_occ 0.03325  (396s)
[ep  12] train 0.01494  valid mse 0.01224  blind 0.02096  density_occ 0.03349  (398s)
[ep  13] train 0.01488  valid mse 0.01219  blind 0.02091  density_occ 0.03171  (399s)
[ep  14] train 0.01487  valid mse 0.01217  blind 0.02084  density_occ 0.03256  (397s)
[ep  15] train 0.01483  valid mse 0.01214  blind 0.02078  density_occ 0.03222  (397s)
[ep  16] train 0.01479  valid mse 0.01233  blind 0.02111  density_occ 0.03268  (399s)
[ep  17] train 0.01475  valid mse 0.01209  blind 0.02074  density_occ 0.03199  (398s)
[ep  18] train 0.01459  valid mse 0.01197  blind 0.02071  density_occ 0.03209  (396s)
[ep  19] train 0.01450  valid mse 0.01200  blind 0.02082  density_occ 0.03070  (395s)
[ep  20] train 0.01448  valid mse 0.01189  blind 0.02064  density_occ 0.03202  (398s)
[ep  21] train 0.01447  valid mse 0.01193  blind 0.02070  density_occ 0.03187  (394s)
[ep  22] train 0.01442  valid mse 0.01186  blind 0.02061  density_occ 0.03128  (396s)
[ep  23] train 0.01443  valid mse 0.01191  blind 0.02070  density_occ 0.03119  (394s)
[ep  24] train 0.01439  valid mse 0.01191  blind 0.02073  density_occ 0.03138  (394s)
[ep  25] train 0.01437  valid mse 0.01186  blind 0.02058  density_occ 0.03209  (388s)
[ep  26] train 0.01439  valid mse 0.01185  blind 0.02062  density_occ 0.03112  (391s)
[ep  27] train 0.01435  valid mse 0.01203  blind 0.02090  density_occ 0.03117  (389s)
[ep  28] train 0.01433  valid mse 0.01180  blind 0.02054  density_occ 0.03073  (391s)
[ep  29] train 0.01433  valid mse 0.01187  blind 0.02060  density_occ 0.03137  (389s)
[ep  30] train 0.01431  valid mse 0.01184  blind 0.02056  density_occ 0.03038  (392s)
[ep  31] train 0.01430  valid mse 0.01186  blind 0.02060  density_occ 0.03090  (389s)
[ep  32] train 0.01428  valid mse 0.01178  blind 0.02050  density_occ 0.03119  (391s)
[ep  33] train 0.01428  valid mse 0.01173  blind 0.02044  density_occ 0.03137  (388s)
[ep  34] train 0.01427  valid mse 0.01177  blind 0.02048  density_occ 0.03154  (391s)
[ep  35] train 0.01426  valid mse 0.01179  blind 0.02052  density_occ 0.03092  (389s)
[ep  36] train 0.01424  valid mse 0.01180  blind 0.02055  density_occ 0.03016  (391s)
[ep  37] train 0.01424  valid mse 0.01176  blind 0.02047  density_occ 0.03113  (389s)
[ep  38] train 0.01423  valid mse 0.01176  blind 0.02049  density_occ 0.03073  (391s)
[ep  39] train 0.01421  valid mse 0.01175  blind 0.02047  density_occ 0.03044  (389s)
[done]
