[config] observation config = {'sensing_range': 7, 'num_agents': 3, 'add_noise': True, 'obs_every_k': 1, 'init_method': 'prev'}
[data] loading train split ...
  [1/32] atc-20121028: 10112 frames, observed cells/frame 202.2
  [2/32] atc-20121104: 10071 frames, observed cells/frame 202.2
  [3/32] atc-20121111: 9685 frames, observed cells/frame 202.3
  [4/32] atc-20121118: 9821 frames, observed cells/frame 202.2
  [5/32] atc-20121125: 9960 frames, observed cells/frame 202.2
  [6/32] atc-20121202: 9599 frames, observed cells/frame 202.2
  [7/32] atc-20121209: 9295 frames, observed cells/frame 202.3
  [8/32] atc-20121216: 10176 frames, observed cells/frame 202.2
  [9/32] atc-20121223: 9994 frames, observed cells/frame 202.2
  [10/32] atc-20130106: 9612 frames, observed cells/frame 202.2
  [11/32] atc-20130113: 9701 frames, observed cells/frame 202.2
  [12/32] atc-20130120: 9817 frames, observed cells/frame 202.2
  [13/32] atc-20130127: 10379 frames, observed cells/frame 202.0
  [14/32] atc-20130203: 9646 frames, observed cells/frame 202.2
  [15/32] atc-20130210: 9788 frames, observed cells/frame 202.3
  [16/32] atc-20130217: 9776 frames, observed cells/frame 202.2
  [17/32] atc-20130224: 9872 frames, observed cells/frame 202.2
  [18/32] atc-20130303: 8798 frames, observed cells/frame 202.4
  [19/32] atc-20130310: 9930 frames, observed cells/frame 202.2
  [20/32] atc-20130317: 9704 frames, observed cells/frame 202.2
  [21/32] atc-20130324: 10354 frames, observed cells/frame 202.0
  [22/32] atc-20130331: 9920 frames, observed cells/frame 202.2
  [23/32] atc-20130407: 9704 frames, observed cells/frame 202.2
  [24/32] atc-20130414: 9907 frames, observed cells/frame 202.2
  [25/32] atc-20130421: 10207 frames, observed cells/frame 202.2
  [26/32] atc-20130428: 10002 frames, observed cells/frame 202.2
  [27/32] atc-20130505: 9926 frames, observed cells/frame 202.2
  [28/32] atc-20130512: 9535 frames, observed cells/frame 202.3
  [29/32] atc-20130519: 10080 frames, observed cells/frame 202.2
  [30/32] atc-20130526: 10247 frames, observed cells/frame 202.1
  [31/32] atc-20130602: 10012 frames, observed cells/frame 202.2
  [32/32] atc-20130609: 10013 frames, observed cells/frame 202.2
[data] 315643 training frames
  [1/3] atc-20130616: 1757 frames, observed cells/frame 202.0
  [2/3] atc-20130623: 2031 frames, observed cells/frame 201.9
  [3/3] atc-20130630: 2036 frames, observed cells/frame 201.9
[data] 5824 validation frames
[stats] encoder input standardisation mean=[0.07513941 0.00581281 0.00044906 0.0249023 ] std=[0.21136387 0.538234   0.19001769 0.12149188]
[model] 56,260 parameters  latent=grid  readout=direct  seed=124
[ep   0] train 0.03235  valid mse 0.01634  blind 0.02557  density_occ 0.04207  (132s)
[ep   1] train 0.01870  valid mse 0.01466  blind 0.02468  density_occ 0.03824  (131s)
[ep   2] train 0.01767  valid mse 0.01429  blind 0.02435  density_occ 0.03710  (131s)
[ep   3] train 0.01724  valid mse 0.01394  blind 0.02394  density_occ 0.03591  (131s)
[ep   4] train 0.01699  valid mse 0.01386  blind 0.02386  density_occ 0.03582  (131s)
[ep   5] train 0.01680  valid mse 0.01375  blind 0.02370  density_occ 0.03661  (132s)
[ep   6] train 0.01666  valid mse 0.01358  blind 0.02352  density_occ 0.03605  (132s)
[ep   7] train 0.01653  valid mse 0.01355  blind 0.02354  density_occ 0.03536  (132s)
[ep   8] train 0.01646  valid mse 0.01349  blind 0.02342  density_occ 0.03605  (131s)
[ep   9] train 0.01638  valid mse 0.01353  blind 0.02353  density_occ 0.03460  (131s)
[ep  10] train 0.01632  valid mse 0.01353  blind 0.02355  density_occ 0.03599  (132s)
[ep  11] train 0.01627  valid mse 0.01342  blind 0.02336  density_occ 0.03481  (132s)
[ep  12] train 0.01625  valid mse 0.01333  blind 0.02326  density_occ 0.03479  (132s)
[ep  13] train 0.01621  valid mse 0.01335  blind 0.02329  density_occ 0.03535  (132s)
[ep  14] train 0.01619  valid mse 0.01343  blind 0.02343  density_occ 0.03328  (132s)
[ep  15] train 0.01616  valid mse 0.01332  blind 0.02326  density_occ 0.03418  (132s)
[ep  16] train 0.01613  valid mse 0.01336  blind 0.02329  density_occ 0.03422  (132s)
[ep  17] train 0.01612  valid mse 0.01331  blind 0.02325  density_occ 0.03398  (132s)
[ep  18] train 0.01610  valid mse 0.01329  blind 0.02323  density_occ 0.03454  (132s)
[ep  19] train 0.01607  valid mse 0.01330  blind 0.02322  density_occ 0.03406  (132s)
[ep  20] train 0.01607  valid mse 0.01327  blind 0.02320  density_occ 0.03409  (132s)
[ep  21] train 0.01605  valid mse 0.01325  blind 0.02320  density_occ 0.03464  (132s)
[ep  22] train 0.01604  valid mse 0.01325  blind 0.02316  density_occ 0.03396  (131s)
[ep  23] train 0.01602  valid mse 0.01324  blind 0.02317  density_occ 0.03461  (131s)
[ep  24] train 0.01603  valid mse 0.01337  blind 0.02334  density_occ 0.03404  (132s)
[ep  25] train 0.01600  valid mse 0.01320  blind 0.02311  density_occ 0.03488  (131s)
[ep  26] train 0.01599  valid mse 0.01327  blind 0.02321  density_occ 0.03454  (131s)
[ep  27] train 0.01601  valid mse 0.01323  blind 0.02317  density_occ 0.03475  (131s)
[ep  28] train 0.01597  valid mse 0.01327  blind 0.02324  density_occ 0.03387  (131s)
[ep  29] train 0.01596  valid mse 0.01321  blind 0.02316  density_occ 0.03415  (131s)
[ep  30] train 0.01595  valid mse 0.01320  blind 0.02311  density_occ 0.03425  (132s)
[ep  31] train 0.01597  valid mse 0.01324  blind 0.02316  density_occ 0.03483  (132s)
[ep  32] train 0.01594  valid mse 0.01317  blind 0.02308  density_occ 0.03532  (132s)
[ep  33] train 0.01595  valid mse 0.01318  blind 0.02309  density_occ 0.03415  (131s)
[ep  34] train 0.01592  valid mse 0.01320  blind 0.02314  density_occ 0.03407  (131s)
[ep  35] train 0.01593  valid mse 0.01330  blind 0.02327  density_occ 0.03457  (131s)
[ep  36] train 0.01591  valid mse 0.01322  blind 0.02314  density_occ 0.03448  (132s)
[ep  37] train 0.01591  valid mse 0.01318  blind 0.02311  density_occ 0.03429  (132s)
[ep  38] train 0.01590  valid mse 0.01328  blind 0.02324  density_occ 0.03422  (132s)
[ep  39] train 0.01590  valid mse 0.01329  blind 0.02315  density_occ 0.03424  (131s)
[done]
