[config] observation config = {'sensing_range': 7, 'num_agents': 3, 'add_noise': True, 'obs_every_k': 1, 'init_method': 'prev'}
[data] loading train split ...
  [1/32] atc-20121028: 10112 target frames of 40446, observed cells/frame 202.3, window 16
  [2/32] atc-20121104: 10071 target frames of 40281, observed cells/frame 202.4, window 16
  [3/32] atc-20121111: 9685 target frames of 38740, observed cells/frame 202.6, window 16
  [4/32] atc-20121118: 9821 target frames of 39281, observed cells/frame 202.5, window 16
  [5/32] atc-20121125: 9960 target frames of 39837, observed cells/frame 202.5, window 16
  [6/32] atc-20121202: 9599 target frames of 38394, observed cells/frame 202.7, window 16
  [7/32] atc-20121209: 9295 target frames of 37178, observed cells/frame 202.8, window 16
  [8/32] atc-20121216: 10176 target frames of 40701, observed cells/frame 202.3, window 16
  [9/32] atc-20121223: 9994 target frames of 39974, observed cells/frame 202.5, window 16
  [10/32] atc-20130106: 9612 target frames of 38445, observed cells/frame 202.6, window 16
  [11/32] atc-20130113: 9701 target frames of 38803, observed cells/frame 202.7, window 16
  [12/32] atc-20130120: 9817 target frames of 39268, observed cells/frame 202.5, window 16
  [13/32] atc-20130127: 10379 target frames of 41513, observed cells/frame 202.2, window 16
  [14/32] atc-20130203: 9646 target frames of 38581, observed cells/frame 202.7, window 16
  [15/32] atc-20130210: 9788 target frames of 39152, observed cells/frame 202.5, window 16
  [16/32] atc-20130217: 9776 target frames of 39103, observed cells/frame 202.5, window 16
  [17/32] atc-20130224: 9872 target frames of 39486, observed cells/frame 202.5, window 16
  [18/32] atc-20130303: 8798 target frames of 35190, observed cells/frame 202.6, window 16
  [19/32] atc-20130310: 9930 target frames of 39719, observed cells/frame 202.5, window 16
  [20/32] atc-20130317: 9704 target frames of 38815, observed cells/frame 202.7, window 16
  [21/32] atc-20130324: 10354 target frames of 41415, observed cells/frame 202.2, window 16
  [22/32] atc-20130331: 9920 target frames of 39679, observed cells/frame 202.5, window 16
  [23/32] atc-20130407: 9704 target frames of 38814, observed cells/frame 202.7, window 16
  [24/32] atc-20130414: 9907 target frames of 39625, observed cells/frame 202.5, window 16
  [25/32] atc-20130421: 10207 target frames of 40826, observed cells/frame 202.3, window 16
  [26/32] atc-20130428: 10002 target frames of 40006, observed cells/frame 202.5, window 16
  [27/32] atc-20130505: 9926 target frames of 39702, observed cells/frame 202.5, window 16
  [28/32] atc-20130512: 9535 target frames of 38140, observed cells/frame 202.7, window 16
  [29/32] atc-20130519: 10080 target frames of 40320, observed cells/frame 202.4, window 16
  [30/32] atc-20130526: 10247 target frames of 40986, observed cells/frame 202.3, window 16
  [31/32] atc-20130602: 10012 target frames of 40046, observed cells/frame 202.5, window 16
  [32/32] atc-20130609: 10013 target frames of 40052, observed cells/frame 202.5, window 16
[data] 315643 training frames
  [1/3] atc-20130616: 1757 target frames of 35127, observed cells/frame 202.6, window 16
  [2/3] atc-20130623: 2031 target frames of 40620, observed cells/frame 202.3, window 16
  [3/3] atc-20130630: 2036 target frames of 40710, observed cells/frame 202.3, window 16
[data] 5824 validation frames
[stats] encoder input standardisation mean=[0.07511292 0.00634202 0.00052243 0.02488372] std=[0.21129094 0.53812015 0.1899018  0.1210584 ]
[model] 56,676 parameters  latent=grid  readout=direct  time_window=16  seed=125
[ep   0] train 0.03831  valid mse 0.01738  blind 0.02420  density_occ 0.04567  (343s)
[ep   1] train 0.01945  valid mse 0.01485  blind 0.02257  density_occ 0.03909  (350s)
[ep   2] train 0.01662  valid mse 0.01299  blind 0.02157  density_occ 0.03262  (351s)
[ep   3] train 0.01557  valid mse 0.01246  blind 0.02098  density_occ 0.03091  (350s)
[ep   4] train 0.01521  valid mse 0.01227  blind 0.02069  density_occ 0.03056  (350s)
[ep   5] train 0.01493  valid mse 0.01202  blind 0.02037  density_occ 0.02968  (348s)
[ep   6] train 0.01483  valid mse 0.01190  blind 0.02022  density_occ 0.03031  (348s)
[ep   7] train 0.01458  valid mse 0.01188  blind 0.02015  density_occ 0.02956  (349s)
[ep   8] train 0.01448  valid mse 0.01181  blind 0.02007  density_occ 0.02921  (350s)
[ep   9] train 0.01437  valid mse 0.01171  blind 0.01995  density_occ 0.02930  (350s)
[ep  10] train 0.01428  valid mse 0.01161  blind 0.01980  density_occ 0.02777  (351s)
[ep  11] train 0.01421  valid mse 0.01155  blind 0.01976  density_occ 0.02851  (352s)
[ep  12] train 0.01413  valid mse 0.01147  blind 0.01967  density_occ 0.02800  (351s)
[ep  13] train 0.01406  valid mse 0.01142  blind 0.01962  density_occ 0.02860  (351s)
[ep  14] train 0.01402  valid mse 0.01136  blind 0.01949  density_occ 0.02823  (353s)
[ep  15] train 0.01393  valid mse 0.01136  blind 0.01949  density_occ 0.02846  (355s)
[ep  16] train 0.01391  valid mse 0.01133  blind 0.01946  density_occ 0.02757  (356s)
[ep  17] train 0.01385  valid mse 0.01128  blind 0.01941  density_occ 0.02786  (354s)
[ep  18] train 0.01382  valid mse 0.01123  blind 0.01934  density_occ 0.02790  (357s)
[ep  19] train 0.01378  valid mse 0.01126  blind 0.01936  density_occ 0.02797  (355s)
[ep  20] train 0.01376  valid mse 0.01122  blind 0.01932  density_occ 0.02761  (353s)
[ep  21] train 0.01371  valid mse 0.01117  blind 0.01926  density_occ 0.02839  (350s)
[ep  22] train 0.01368  valid mse 0.01122  blind 0.01932  density_occ 0.02765  (352s)
[ep  23] train 0.01367  valid mse 0.01115  blind 0.01923  density_occ 0.02775  (353s)
[ep  24] train 0.01364  valid mse 0.01118  blind 0.01929  density_occ 0.02847  (352s)
[ep  25] train 0.01360  valid mse 0.01114  blind 0.01924  density_occ 0.02814  (352s)
[ep  26] train 0.01358  valid mse 0.01111  blind 0.01918  density_occ 0.02798  (351s)
[ep  27] train 0.01356  valid mse 0.01106  blind 0.01910  density_occ 0.02766  (351s)
[ep  28] train 0.01358  valid mse 0.01103  blind 0.01907  density_occ 0.02727  (351s)
[ep  29] train 0.01355  valid mse 0.01107  blind 0.01913  density_occ 0.02705  (350s)
[ep  30] train 0.01353  valid mse 0.01109  blind 0.01915  density_occ 0.02754  (351s)
[ep  31] train 0.01349  valid mse 0.01106  blind 0.01913  density_occ 0.02684  (351s)
[ep  32] train 0.01350  valid mse 0.01102  blind 0.01904  density_occ 0.02744  (351s)
[ep  33] train 0.01347  valid mse 0.01100  blind 0.01904  density_occ 0.02735  (351s)
[ep  34] train 0.01346  valid mse 0.01099  blind 0.01900  density_occ 0.02718  (353s)
[ep  35] train 0.01344  valid mse 0.01095  blind 0.01894  density_occ 0.02788  (351s)
[ep  36] train 0.01350  valid mse 0.01097  blind 0.01898  density_occ 0.02755  (351s)
[ep  37] train 0.01341  valid mse 0.01098  blind 0.01902  density_occ 0.02754  (352s)
[ep  38] train 0.01340  valid mse 0.01094  blind 0.01895  density_occ 0.02695  (351s)
[ep  39] train 0.01343  valid mse 0.01104  blind 0.01907  density_occ 0.02720  (352s)
[done]
