[model] Senseiver 65,892 params | 4DVarNet a2_k1 dT=200 n_iter=20 | 4DVarNet a4_k1 dT=200 n_iter=15 | 4DVarNet b0_k1 dT=200 n_iter=20 | walkable 290/432 | device=cuda
  atc-20130811: 39821 frames, scored [1,39820)  Senseiver full=0.0138  4DVarNet a2_k1 full=0.0252  4DVarNet a4_k1 full=0.0238  4DVarNet b0_k1 full=0.0272  4DVarNet MSE s0 full=0.0272  4DVarNet MSE s1 full=0.0250  4DVarNet MSE s2 full=0.0268  4DVarNet MSE s3 full=0.0252  4DVarNet MSE s4 full=0.0247  4DVarNet NLL s0 full=0.0324  4DVarNet NLL s1 full=0.0337  4DVarNet NLL s2 full=0.0321  4DVarNet NLL s3 full=0.0321  4DVarNet NLL s4 full=0.0330  4DVarNet AUG s0 full=0.0359  4DVarNet AUG s1 full=0.0366  4DVarNet AUG s2 full=0.0361  4DVarNet AUG s3 full=0.0376  4DVarNet AUG s4 full=0.0363  4DVarNet ML s0 full=0.0315  4DVarNet ML s1 full=0.0268  4DVarNet ML s2 full=0.0285  4DVarNet ML s3 full=0.0301  4DVarNet ML s4 full=0.0321  EnKF k1 full=0.0473
  atc-20130818: 38885 frames, scored [1,38884)  Senseiver full=0.0196  4DVarNet a2_k1 full=0.0320  4DVarNet a4_k1 full=0.0299  4DVarNet b0_k1 full=0.0344  4DVarNet MSE s0 full=0.0345  4DVarNet MSE s1 full=0.0316  4DVarNet MSE s2 full=0.0344  4DVarNet MSE s3 full=0.0317  4DVarNet MSE s4 full=0.0312  4DVarNet NLL s0 full=0.0406  4DVarNet NLL s1 full=0.0416  4DVarNet NLL s2 full=0.0401  4DVarNet NLL s3 full=0.0399  4DVarNet NLL s4 full=0.0412  4DVarNet AUG s0 full=0.0447  4DVarNet AUG s1 full=0.0450  4DVarNet AUG s2 full=0.0452  4DVarNet AUG s3 full=0.0466  4DVarNet AUG s4 full=0.0448  4DVarNet ML s0 full=0.0396  4DVarNet ML s1 full=0.0342  4DVarNet ML s2 full=0.0356  4DVarNet ML s3 full=0.0369  4DVarNet ML s4 full=0.0409  EnKF k1 full=0.0609
  atc-20130825: 42890 frames, scored [1,42889)  Senseiver full=0.0169  4DVarNet a2_k1 full=0.0292  4DVarNet a4_k1 full=0.0274  4DVarNet b0_k1 full=0.0316  4DVarNet MSE s0 full=0.0317  4DVarNet MSE s1 full=0.0289  4DVarNet MSE s2 full=0.0313  4DVarNet MSE s3 full=0.0290  4DVarNet MSE s4 full=0.0285  4DVarNet NLL s0 full=0.0373  4DVarNet NLL s1 full=0.0386  4DVarNet NLL s2 full=0.0369  4DVarNet NLL s3 full=0.0368  4DVarNet NLL s4 full=0.0379  4DVarNet AUG s0 full=0.0413  4DVarNet AUG s1 full=0.0418  4DVarNet AUG s2 full=0.0419  4DVarNet AUG s3 full=0.0434  4DVarNet AUG s4 full=0.0416  4DVarNet ML s0 full=0.0370  4DVarNet ML s1 full=0.0313  4DVarNet ML s2 full=0.0329  4DVarNet ML s3 full=0.0345  4DVarNet ML s4 full=0.0381  EnKF k1 full=0.0563
  atc-20130901: 39758 frames, scored [1,39757)  Senseiver full=0.0187  4DVarNet a2_k1 full=0.0313  4DVarNet a4_k1 full=0.0292  4DVarNet b0_k1 full=0.0336  4DVarNet MSE s0 full=0.0337  4DVarNet MSE s1 full=0.0309  4DVarNet MSE s2 full=0.0337  4DVarNet MSE s3 full=0.0310  4DVarNet MSE s4 full=0.0304  4DVarNet NLL s0 full=0.0397  4DVarNet NLL s1 full=0.0410  4DVarNet NLL s2 full=0.0392  4DVarNet NLL s3 full=0.0391  4DVarNet NLL s4 full=0.0403  4DVarNet AUG s0 full=0.0439  4DVarNet AUG s1 full=0.0442  4DVarNet AUG s2 full=0.0444  4DVarNet AUG s3 full=0.0460  4DVarNet AUG s4 full=0.0441  4DVarNet ML s0 full=0.0389  4DVarNet ML s1 full=0.0334  4DVarNet ML s2 full=0.0353  4DVarNet ML s3 full=0.0367  4DVarNet ML s4 full=0.0405  EnKF k1 full=0.0601
  atc-20130915: 39383 frames, scored [1,39382)  Senseiver full=0.0162  4DVarNet a2_k1 full=0.0285  4DVarNet a4_k1 full=0.0266  4DVarNet b0_k1 full=0.0309  4DVarNet MSE s0 full=0.0311  4DVarNet MSE s1 full=0.0281  4DVarNet MSE s2 full=0.0304  4DVarNet MSE s3 full=0.0283  4DVarNet MSE s4 full=0.0277  4DVarNet NLL s0 full=0.0367  4DVarNet NLL s1 full=0.0378  4DVarNet NLL s2 full=0.0363  4DVarNet NLL s3 full=0.0362  4DVarNet NLL s4 full=0.0373  4DVarNet AUG s0 full=0.0407  4DVarNet AUG s1 full=0.0411  4DVarNet AUG s2 full=0.0411  4DVarNet AUG s3 full=0.0426  4DVarNet AUG s4 full=0.0410  4DVarNet ML s0 full=0.0356  4DVarNet ML s1 full=0.0307  4DVarNet ML s2 full=0.0323  4DVarNet ML s3 full=0.0338  4DVarNet ML s4 full=0.0370  EnKF k1 full=0.0552
  atc-20130922: 38842 frames, scored [1,38841)  Senseiver full=0.0154  4DVarNet a2_k1 full=0.0279  4DVarNet a4_k1 full=0.0261  4DVarNet b0_k1 full=0.0301  4DVarNet MSE s0 full=0.0301  4DVarNet MSE s1 full=0.0277  4DVarNet MSE s2 full=0.0294  4DVarNet MSE s3 full=0.0277  4DVarNet MSE s4 full=0.0272  4DVarNet NLL s0 full=0.0362  4DVarNet NLL s1 full=0.0372  4DVarNet NLL s2 full=0.0359  4DVarNet NLL s3 full=0.0358  4DVarNet NLL s4 full=0.0368  4DVarNet AUG s0 full=0.0404  4DVarNet AUG s1 full=0.0408  4DVarNet AUG s2 full=0.0407  4DVarNet AUG s3 full=0.0418  4DVarNet AUG s4 full=0.0405  4DVarNet ML s0 full=0.0348  4DVarNet ML s1 full=0.0301  4DVarNet ML s2 full=0.0317  4DVarNet ML s3 full=0.0330  4DVarNet ML s4 full=0.0359  EnKF k1 full=0.0550
  atc-20130929: 37964 frames, scored [1,37963)  Senseiver full=0.0192  4DVarNet a2_k1 full=0.0323  4DVarNet a4_k1 full=0.0300  4DVarNet b0_k1 full=0.0347  4DVarNet MSE s0 full=0.0348  4DVarNet MSE s1 full=0.0319  4DVarNet MSE s2 full=0.0349  4DVarNet MSE s3 full=0.0319  4DVarNet MSE s4 full=0.0313  4DVarNet NLL s0 full=0.0415  4DVarNet NLL s1 full=0.0427  4DVarNet NLL s2 full=0.0410  4DVarNet NLL s3 full=0.0409  4DVarNet NLL s4 full=0.0421  4DVarNet AUG s0 full=0.0461  4DVarNet AUG s1 full=0.0464  4DVarNet AUG s2 full=0.0463  4DVarNet AUG s3 full=0.0473  4DVarNet AUG s4 full=0.0460  4DVarNet ML s0 full=0.0398  4DVarNet ML s1 full=0.0350  4DVarNet ML s2 full=0.0366  4DVarNet ML s3 full=0.0381  4DVarNet ML s4 full=0.0406  EnKF k1 full=0.0647


Full-field RMSE (observed + blind, all cells) -- pooled vs day-averaged vs unclipped

method                      pooled     day-avg pooled,noclip  day-avg,noclip
----------------------------------------------------------------------------
Senseiver                   0.1308      0.1306        0.1305          0.1304
4DVarNet a2_k1              0.1717      0.1716        0.1727          0.1727
4DVarNet a4_k1              0.1660      0.1659        0.1670          0.1670
4DVarNet b0_k1              0.1782      0.1781        0.1796          0.1795
4DVarNet MSE s0             0.1784      0.1784        0.1799          0.1798
4DVarNet MSE s1             0.1707      0.1706        0.1720          0.1720
4DVarNet MSE s2             0.1776      0.1775        0.1789          0.1788
4DVarNet MSE s3             0.1710      0.1709        0.1730          0.1729
4DVarNet MSE s4             0.1694      0.1693        0.1708          0.1707
4DVarNet NLL s0             0.1942      0.1942        0.1950          0.1950
4DVarNet NLL s1             0.1972      0.1972        0.1982          0.1981
4DVarNet NLL s2             0.1932      0.1932        0.1939          0.1938
4DVarNet NLL s3             0.1930      0.1929        0.1936          0.1936
4DVarNet NLL s4             0.1958      0.1957        0.1964          0.1963
4DVarNet AUG s0             0.2045      0.2045        0.2053          0.2052
4DVarNet AUG s1             0.2055      0.2055        0.2063          0.2062
4DVarNet AUG s2             0.2054      0.2054        0.2064          0.2063
4DVarNet AUG s3             0.2088      0.2087        0.2097          0.2097
4DVarNet AUG s4             0.2049      0.2049        0.2058          0.2058
4DVarNet ML s0              0.1916      0.1915        0.1927          0.1926
4DVarNet ML s1              0.1778      0.1777        0.1790          0.1789
4DVarNet ML s2              0.1823      0.1823        0.1833          0.1833
4DVarNet ML s3              0.1863      0.1862        0.1872          0.1872
4DVarNet ML s4              0.1946      0.1945        0.1952          0.1951
EnKF k1                     0.2388      0.2387        0.2388          0.2387
DINCAE                      0.6451           —             —               —

(1) defined ∩ walkable ∩ blind  -- comparable across all five, the main result

method                      density         vx         vy        var      total  total RMSE
-------------------------------------------------------------------------------------------
Senseiver                    0.0242     0.6334     0.1108     0.0543     0.1180      0.3435
4DVarNet a2_k1               0.0324     0.5524     0.1287     0.0773     0.1178      0.3433
4DVarNet a4_k1               0.0309     0.5075     0.1276     0.0770     0.1109      0.3331
4DVarNet b0_k1               0.0328     0.6257     0.1345     0.0780     0.1284      0.3583
4DVarNet MSE s0              0.0328     0.6273     0.1348     0.0780     0.1286      0.3586
4DVarNet MSE s1              0.0317     0.5960     0.1298     0.0778     0.1233      0.3511
4DVarNet MSE s2              0.0321     0.6174     0.1331     0.0776     0.1267      0.3559
4DVarNet MSE s3              0.0312     0.5807     0.1302     0.0778     0.1210      0.3479
4DVarNet MSE s4              0.0319     0.5712     0.1294     0.0778     0.1201      0.3466
4DVarNet NLL s0              0.0343     0.7948     0.1324     0.0784     0.1510      0.3886
4DVarNet NLL s1              0.0341     0.7957     0.1356     0.0784     0.1514      0.3891
4DVarNet NLL s2              0.0339     0.7835     0.1325     0.0782     0.1493      0.3864
4DVarNet NLL s3              0.0341     0.7844     0.1339     0.0781     0.1497      0.3869
4DVarNet NLL s4              0.0344     0.7968     0.1350     0.0784     0.1516      0.3894
4DVarNet AUG s0              0.0366     0.8509     0.1461     0.0785     0.1615      0.4018
4DVarNet AUG s1              0.0352     0.8601     0.1418     0.0778     0.1612      0.4014
4DVarNet AUG s2              0.0356     0.8448     0.1428     0.0782     0.1596      0.3995
4DVarNet AUG s3              0.0369     0.8678     0.1445     0.0786     0.1636      0.4045
4DVarNet AUG s4              0.0338     0.8438     0.1401     0.0779     0.1580      0.3975
4DVarNet ML s0               0.0420     0.6586     0.1380     0.0784     0.1388      0.3726
4DVarNet ML s1               0.0357     0.6236     0.1333     0.0782     0.1298      0.3602
4DVarNet ML s2               0.0380     0.6390     0.1340     0.0781     0.1333      0.3651
4DVarNet ML s3               0.0364     0.6488     0.1368     0.0754     0.1335      0.3654
4DVarNet ML s4               0.0441     0.6667     0.1348     0.0785     0.1408      0.3752
EnKF k1                      0.0246     0.7435     0.1207     0.0661     0.1352      0.3677
DINCAE                       0.0240     0.5644     0.1056     0.0551     0.1083      0.3292
4DVarNet MSE single model     0.0320     0.5985     0.1315     0.0778     0.1239      0.3520   ± 0.0033 (5 seeds)
4DVarNet NLL single model     0.0342     0.7910     0.1339     0.0783     0.1506      0.3881   ± 0.0009 (5 seeds)
4DVarNet AUG single model     0.0356     0.8535     0.1430     0.0782     0.1608      0.4009   ± 0.0019 (5 seeds)
4DVarNet ML single model     0.0392     0.6473     0.1354     0.0777     0.1352      0.3677   ± 0.0040 (5 seeds)

(2) defined ∩ walkable ∩ full field (includes observed cells)

method                      density         vx         vy        var      total  total RMSE
-------------------------------------------------------------------------------------------
Senseiver                    0.0120     0.2517     0.0445     0.0231     0.0534      0.2310
4DVarNet a2_k1               0.0167     0.2620     0.0539     0.0295     0.0599      0.2447
4DVarNet a4_k1               0.0154     0.2431     0.0531     0.0294     0.0562      0.2371
4DVarNet b0_k1               0.0167     0.2944     0.0572     0.0297     0.0651      0.2551
4DVarNet MSE s0              0.0167     0.2954     0.0573     0.0297     0.0653      0.2555
4DVarNet MSE s1              0.0156     0.2763     0.0537     0.0296     0.0613      0.2475
4DVarNet MSE s2              0.0162     0.2962     0.0569     0.0296     0.0650      0.2550
4DVarNet MSE s3              0.0152     0.2724     0.0540     0.0296     0.0605      0.2460
4DVarNet MSE s4              0.0156     0.2667     0.0536     0.0296     0.0599      0.2447
4DVarNet NLL s0              0.0164     0.3647     0.0537     0.0298     0.0747      0.2734
4DVarNet NLL s1              0.0164     0.3682     0.0553     0.0298     0.0755      0.2747
4DVarNet NLL s2              0.0163     0.3580     0.0543     0.0298     0.0738      0.2716
4DVarNet NLL s3              0.0164     0.3587     0.0549     0.0298     0.0740      0.2721
4DVarNet NLL s4              0.0165     0.3663     0.0553     0.0298     0.0752      0.2743
4DVarNet AUG s0              0.0173     0.3778     0.0579     0.0298     0.0778      0.2789
4DVarNet AUG s1              0.0169     0.3821     0.0569     0.0296     0.0780      0.2793
4DVarNet AUG s2              0.0171     0.3798     0.0573     0.0298     0.0778      0.2790
4DVarNet AUG s3              0.0175     0.3885     0.0576     0.0299     0.0794      0.2818
4DVarNet AUG s4              0.0163     0.3783     0.0567     0.0296     0.0771      0.2776
4DVarNet ML s0               0.0200     0.3210     0.0599     0.0305     0.0714      0.2671
4DVarNet ML s1               0.0178     0.2907     0.0557     0.0298     0.0650      0.2549
4DVarNet ML s2               0.0193     0.2995     0.0561     0.0298     0.0672      0.2592
4DVarNet ML s3               0.0195     0.3054     0.0583     0.0293     0.0684      0.2615
4DVarNet ML s4               0.0237     0.3283     0.0585     0.0310     0.0744      0.2727
EnKF k1                      0.0295     0.6853     0.0989     0.0625     0.1402      0.3744
DINCAE                       0.0134     0.2375     0.0431     0.0241     0.0520      0.2281
4DVarNet MSE single model     0.0158     0.2814     0.0551     0.0296     0.0624      0.2498   ± 0.0023 (5 seeds)
4DVarNet NLL single model     0.0164     0.3632     0.0547     0.0298     0.0746      0.2732   ± 0.0007 (5 seeds)
4DVarNet AUG single model     0.0170     0.3813     0.0573     0.0298     0.0780      0.2793   ± 0.0008 (5 seeds)
4DVarNet ML single model     0.0201     0.3090     0.0577     0.0301     0.0693      0.2632   ± 0.0033 (5 seeds)

(3) all cells ∩ blind  -- the removed three-way script's convention, for reference

method                      density         vx         vy        var      total  total RMSE
-------------------------------------------------------------------------------------------
Senseiver                    0.0139     0.0788     0.0144     0.0064     0.0284      0.1685
4DVarNet a2_k1               0.0186     0.0842     0.0212     0.0112     0.0338      0.1838
4DVarNet a4_k1               0.0177     0.0753     0.0207     0.0111     0.0312      0.1767
4DVarNet b0_k1               0.0189     0.0931     0.0229     0.0113     0.0365      0.1912
4DVarNet MSE s0              0.0189     0.0934     0.0230     0.0113     0.0366      0.1914
4DVarNet MSE s1              0.0181     0.0850     0.0209     0.0112     0.0338      0.1838
4DVarNet MSE s2              0.0184     0.0917     0.0221     0.0112     0.0358      0.1893
4DVarNet MSE s3              0.0177     0.0848     0.0212     0.0112     0.0337      0.1836
4DVarNet MSE s4              0.0183     0.0822     0.0210     0.0112     0.0332      0.1821
4DVarNet NLL s0              0.0194     0.1273     0.0203     0.0114     0.0446      0.2112
4DVarNet NLL s1              0.0193     0.1293     0.0234     0.0113     0.0458      0.2141
4DVarNet NLL s2              0.0193     0.1251     0.0205     0.0114     0.0441      0.2100
4DVarNet NLL s3              0.0194     0.1240     0.0209     0.0115     0.0439      0.2096
4DVarNet NLL s4              0.0196     0.1288     0.0215     0.0113     0.0453      0.2128
4DVarNet AUG s0              0.0208     0.1520     0.0251     0.0114     0.0523      0.2287
4DVarNet AUG s1              0.0200     0.1558     0.0239     0.0112     0.0527      0.2296
4DVarNet AUG s2              0.0203     0.1523     0.0244     0.0113     0.0521      0.2282
4DVarNet AUG s3              0.0209     0.1591     0.0245     0.0113     0.0539      0.2323
4DVarNet AUG s4              0.0193     0.1526     0.0237     0.0113     0.0517      0.2274
4DVarNet ML s0               0.0244     0.1103     0.0242     0.0121     0.0427      0.2067
4DVarNet ML s1               0.0204     0.0961     0.0218     0.0114     0.0374      0.1935
4DVarNet ML s2               0.0218     0.1024     0.0221     0.0114     0.0394      0.1986
4DVarNet ML s3               0.0214     0.1066     0.0236     0.0113     0.0407      0.2018
4DVarNet ML s4               0.0256     0.1115     0.0229     0.0122     0.0431      0.2075
EnKF k1                      0.0143     0.1103     0.0209     0.0394     0.0462      0.2150
DINCAE                       0.0160     0.7462     1.4952     0.0323     0.5724      0.7566
4DVarNet MSE single model     0.0183     0.0874     0.0216     0.0112     0.0346      0.1861   ± 0.0014 (5 seeds)
4DVarNet NLL single model     0.0194     0.1269     0.0213     0.0114     0.0448      0.2116   ± 0.0007 (5 seeds)
4DVarNet AUG single model     0.0202     0.1544     0.0243     0.0113     0.0526      0.2292   ± 0.0008 (5 seeds)
4DVarNet ML single model     0.0227     0.1054     0.0229     0.0117     0.0407      0.2017   ± 0.0021 (5 seeds)

(4) all cells ∩ full field  -- the same quantity as eval_test_days's full_mse

method                      density         vx         vy        var      total  total RMSE
-------------------------------------------------------------------------------------------
Senseiver                    0.0084     0.0473     0.0087     0.0041     0.0171      0.1308
4DVarNet a2_k1               0.0118     0.0838     0.0159     0.0063     0.0295      0.1717
4DVarNet a4_k1               0.0108     0.0776     0.0155     0.0063     0.0275      0.1660
4DVarNet b0_k1               0.0118     0.0913     0.0175     0.0063     0.0317      0.1782
4DVarNet MSE s0              0.0118     0.0916     0.0176     0.0063     0.0318      0.1784
4DVarNet MSE s1              0.0109     0.0838     0.0155     0.0063     0.0291      0.1707
4DVarNet MSE s2              0.0114     0.0914     0.0170     0.0063     0.0315      0.1776
4DVarNet MSE s3              0.0105     0.0844     0.0157     0.0063     0.0292      0.1710
4DVarNet MSE s4              0.0109     0.0820     0.0155     0.0063     0.0287      0.1694
4DVarNet NLL s0              0.0114     0.1184     0.0147     0.0064     0.0377      0.1942
4DVarNet NLL s1              0.0114     0.1211     0.0168     0.0064     0.0389      0.1972
4DVarNet NLL s2              0.0114     0.1163     0.0151     0.0065     0.0373      0.1932
4DVarNet NLL s3              0.0115     0.1156     0.0154     0.0065     0.0372      0.1930
4DVarNet NLL s4              0.0116     0.1197     0.0157     0.0063     0.0383      0.1958
4DVarNet AUG s0              0.0121     0.1316     0.0172     0.0064     0.0418      0.2045
4DVarNet AUG s1              0.0118     0.1340     0.0168     0.0063     0.0422      0.2055
4DVarNet AUG s2              0.0120     0.1334     0.0171     0.0064     0.0422      0.2054
4DVarNet AUG s3              0.0122     0.1388     0.0171     0.0064     0.0436      0.2088
4DVarNet AUG s4              0.0114     0.1334     0.0169     0.0064     0.0420      0.2049
4DVarNet ML s0               0.0142     0.1066     0.0189     0.0071     0.0367      0.1916
4DVarNet ML s1               0.0125     0.0912     0.0162     0.0064     0.0316      0.1778
4DVarNet ML s2               0.0136     0.0963     0.0166     0.0065     0.0332      0.1823
4DVarNet ML s3               0.0140     0.1001     0.0180     0.0066     0.0347      0.1863
4DVarNet ML s4               0.0169     0.1092     0.0181     0.0073     0.0379      0.1946
EnKF k1                      0.0204     0.1451     0.0237     0.0389     0.0570      0.2388
DINCAE                       0.0106     0.4736     1.1618     0.0186     0.4161      0.6451
4DVarNet MSE single model     0.0111     0.0866     0.0163     0.0063     0.0301      0.1734   ± 0.0013 (5 seeds)
4DVarNet NLL single model     0.0115     0.1182     0.0155     0.0064     0.0379      0.1947   ± 0.0006 (5 seeds)
4DVarNet AUG single model     0.0119     0.1342     0.0170     0.0064     0.0424      0.2058   ± 0.0006 (5 seeds)
4DVarNet ML single model     0.0143     0.1007     0.0176     0.0068     0.0348      0.1866   ± 0.0023 (5 seeds)

[out] compare/results/compare5_final.json
