[seq] day=atc-20130811 methods=['senseiver', 'enkf'] frames [8471, 13471) = 5000 frames
[seq] running Senseiver ...
[seq] loading EnKF export ...
[seq] rendering 5000 frames (5 panels each) -> compare/results/seq_best_senseiver_covonly_10000_a
  rendered 0/5000
  rendered 200/5000
  rendered 400/5000
  rendered 600/5000
  rendered 800/5000
  rendered 1000/5000
  rendered 1200/5000
  rendered 1400/5000
  rendered 1600/5000
  rendered 1800/5000
  rendered 2000/5000
  rendered 2200/5000
  rendered 2400/5000
  rendered 2600/5000
  rendered 2800/5000
  rendered 3000/5000
  rendered 3200/5000
  rendered 3400/5000
  rendered 3600/5000
  rendered 3800/5000
  rendered 4000/5000
  rendered 4200/5000
  rendered 4400/5000
  rendered 4600/5000
  rendered 4800/5000
[done] 5000 PNGs (5 panels) -> compare/results/seq_best_senseiver_covonly_10000_a
