[model] Senseiver 65,892 参数 | 4DVarNet a4_k1 dT=200 n_iter=20 | walkable 290/432 | device=cuda
  atc-20130811: 39821 帧, 评 [1,39820)  Senseiver full=0.0138  4DVarNet a4_k1 full=0.0243  4DVarNet MSE s0 full=0.0270  4DVarNet MSE s1 full=0.0251  4DVarNet MSE s2 full=0.0270  4DVarNet MSE s3 full=0.0256  4DVarNet MSE s4 full=0.0247  4DVarNet NLL s0 full=0.0327  4DVarNet NLL s1 full=0.0336  4DVarNet NLL s2 full=0.0326  4DVarNet NLL s3 full=0.0323  4DVarNet NLL s4 full=0.0333  EnKF k1 full=0.0473
  atc-20130818: 38885 帧, 评 [1,38884)  Senseiver full=0.0196  4DVarNet a4_k1 full=0.0304  4DVarNet MSE s0 full=0.0344  4DVarNet MSE s1 full=0.0317  4DVarNet MSE s2 full=0.0348  4DVarNet MSE s3 full=0.0323  4DVarNet MSE s4 full=0.0312  4DVarNet NLL s0 full=0.0409  4DVarNet NLL s1 full=0.0416  4DVarNet NLL s2 full=0.0407  4DVarNet NLL s3 full=0.0404  4DVarNet NLL s4 full=0.0417  EnKF k1 full=0.0609
  atc-20130825: 42890 帧, 评 [1,42889)  Senseiver full=0.0169  4DVarNet a4_k1 full=0.0279  4DVarNet MSE s0 full=0.0315  4DVarNet MSE s1 full=0.0289  4DVarNet MSE s2 full=0.0316  4DVarNet MSE s3 full=0.0295  4DVarNet MSE s4 full=0.0284  4DVarNet NLL s0 full=0.0377  4DVarNet NLL s1 full=0.0385  4DVarNet NLL s2 full=0.0374  4DVarNet NLL s3 full=0.0371  4DVarNet NLL s4 full=0.0383  EnKF k1 full=0.0563
  atc-20130901: 39758 帧, 评 [1,39757)  Senseiver full=0.0187  4DVarNet a4_k1 full=0.0297  4DVarNet MSE s0 full=0.0335  4DVarNet MSE s1 full=0.0309  4DVarNet MSE s2 full=0.0342  4DVarNet MSE s3 full=0.0315  4DVarNet MSE s4 full=0.0304  4DVarNet NLL s0 full=0.0401  4DVarNet NLL s1 full=0.0409  4DVarNet NLL s2 full=0.0398  4DVarNet NLL s3 full=0.0395  4DVarNet NLL s4 full=0.0408  EnKF k1 full=0.0601
  atc-20130915: 39383 帧, 评 [1,39382)  Senseiver full=0.0162  4DVarNet a4_k1 full=0.0272  4DVarNet MSE s0 full=0.0309  4DVarNet MSE s1 full=0.0282  4DVarNet MSE s2 full=0.0307  4DVarNet MSE s3 full=0.0288  4DVarNet MSE s4 full=0.0277  4DVarNet NLL s0 full=0.0371  4DVarNet NLL s1 full=0.0378  4DVarNet NLL s2 full=0.0368  4DVarNet NLL s3 full=0.0365  4DVarNet NLL s4 full=0.0377  EnKF k1 full=0.0552
  atc-20130922: 38842 帧, 评 [1,38841)  Senseiver full=0.0154  4DVarNet a4_k1 full=0.0267  4DVarNet MSE s0 full=0.0299  4DVarNet MSE s1 full=0.0277  4DVarNet MSE s2 full=0.0296  4DVarNet MSE s3 full=0.0282  4DVarNet MSE s4 full=0.0272  4DVarNet NLL s0 full=0.0366  4DVarNet NLL s1 full=0.0372  4DVarNet NLL s2 full=0.0363  4DVarNet NLL s3 full=0.0361  4DVarNet NLL s4 full=0.0372  EnKF k1 full=0.0550
  atc-20130929: 37964 帧, 评 [1,37963)  Senseiver full=0.0192  4DVarNet a4_k1 full=0.0306  4DVarNet MSE s0 full=0.0346  4DVarNet MSE s1 full=0.0320  4DVarNet MSE s2 full=0.0353  4DVarNet MSE s3 full=0.0324  4DVarNet MSE s4 full=0.0313  4DVarNet NLL s0 full=0.0419  4DVarNet NLL s1 full=0.0426  4DVarNet NLL s2 full=0.0416  4DVarNet NLL s3 full=0.0413  4DVarNet NLL s4 full=0.0426  EnKF k1 full=0.0647


全场 RMSE（观测 + 盲区所有格子）—— 池化 vs 按日平均 vs 不裁剪

方法                              池化        按日平均       池化,不裁         按日平均,不裁
--------------------------------------------------------------------------
Senseiver                   0.1308      0.1306      0.1305          0.1304
4DVarNet a4_k1              0.1676      0.1675      0.1686          0.1686
4DVarNet MSE s0             0.1779      0.1778      0.1793          0.1793
4DVarNet MSE s1             0.1708      0.1708      0.1722          0.1721
4DVarNet MSE s2             0.1784      0.1783      0.1798          0.1797
4DVarNet MSE s3             0.1724      0.1723      0.1741          0.1740
4DVarNet MSE s4             0.1694      0.1693      0.1708          0.1707
4DVarNet NLL s0             0.1952      0.1952      0.1959          0.1959
4DVarNet NLL s1             0.1971      0.1970      0.1980          0.1980
4DVarNet NLL s2             0.1946      0.1946      0.1953          0.1953
4DVarNet NLL s3             0.1938      0.1938      0.1945          0.1945
4DVarNet NLL s4             0.1969      0.1968      0.1975          0.1974
EnKF k1                     0.2388      0.2387      0.2388          0.2387
DINCAE                      0.6505           —           —               —

① 有定义格子 ∩ walkable ∩ 盲区  —— 五方可比，主结果

方法                          density         vx         vy        var         合计     合计RMSE
------------------------------------------------------------------------------------------
Senseiver                    0.0242     0.6334     0.1108     0.0543     0.1180     0.3435
4DVarNet a4_k1               0.0319     0.5271     0.1308     0.0773     0.1145     0.3384
4DVarNet MSE s0              0.0327     0.6265     0.1347     0.0780     0.1285     0.3584
4DVarNet MSE s1              0.0317     0.5972     0.1301     0.0777     0.1234     0.3513
4DVarNet MSE s2              0.0321     0.6201     0.1335     0.0776     0.1271     0.3565
4DVarNet MSE s3              0.0316     0.5931     0.1327     0.0780     0.1232     0.3510
4DVarNet MSE s4              0.0318     0.5723     0.1296     0.0778     0.1202     0.3468
4DVarNet NLL s0              0.0348     0.7987     0.1330     0.0784     0.1519     0.3897
4DVarNet NLL s1              0.0341     0.7987     0.1358     0.0786     0.1519     0.3897
4DVarNet NLL s2              0.0339     0.7920     0.1334     0.0786     0.1505     0.3879
4DVarNet NLL s3              0.0347     0.7898     0.1342     0.0784     0.1508     0.3883
4DVarNet NLL s4              0.0347     0.8040     0.1359     0.0786     0.1529     0.3910
EnKF k1                      0.0246     0.7435     0.1207     0.0661     0.1352     0.3677
DINCAE                       0.0230     0.5457     0.1026     0.0539     0.1047     0.3236
4DVarNet MSE 单模型             0.0320     0.6018     0.1321     0.0778     0.1245     0.3528   ± 0.0029 (5 种子)
4DVarNet NLL 单模型             0.0344     0.7966     0.1345     0.0785     0.1516     0.3894   ± 0.0009 (5 种子)

② 有定义格子 ∩ walkable ∩ 全场（含观测格子）

方法                          density         vx         vy        var         合计     合计RMSE
------------------------------------------------------------------------------------------
Senseiver                    0.0120     0.2517     0.0445     0.0231     0.0534     0.2310
4DVarNet a4_k1               0.0157     0.2497     0.0536     0.0294     0.0574     0.2397
4DVarNet MSE s0              0.0166     0.2944     0.0572     0.0297     0.0651     0.2551
4DVarNet MSE s1              0.0156     0.2770     0.0538     0.0296     0.0614     0.2478
4DVarNet MSE s2              0.0163     0.2994     0.0574     0.0296     0.0656     0.2562
4DVarNet MSE s3              0.0154     0.2769     0.0553     0.0297     0.0615     0.2480
4DVarNet MSE s4              0.0155     0.2673     0.0537     0.0296     0.0599     0.2448
4DVarNet NLL s0              0.0167     0.3670     0.0542     0.0298     0.0753     0.2744
4DVarNet NLL s1              0.0164     0.3700     0.0556     0.0299     0.0758     0.2753
4DVarNet NLL s2              0.0163     0.3646     0.0548     0.0299     0.0748     0.2735
4DVarNet NLL s3              0.0166     0.3628     0.0549     0.0298     0.0748     0.2734
4DVarNet NLL s4              0.0167     0.3711     0.0557     0.0298     0.0761     0.2759
EnKF k1                      0.0295     0.6853     0.0989     0.0625     0.1402     0.3744
DINCAE                       0.0125     0.2287     0.0418     0.0233     0.0499     0.2234
4DVarNet MSE 单模型             0.0159     0.2830     0.0555     0.0296     0.0627     0.2504   ± 0.0022 (5 种子)
4DVarNet NLL 单模型             0.0165     0.3671     0.0551     0.0298     0.0754     0.2745   ± 0.0005 (5 种子)

③ 所有格子 ∩ 盲区  —— compare3 的旧口径，供对照

方法                          density         vx         vy        var         合计     合计RMSE
------------------------------------------------------------------------------------------
Senseiver                    0.0139     0.0788     0.0144     0.0064     0.0284     0.1685
4DVarNet a4_k1               0.0184     0.0779     0.0215     0.0112     0.0322     0.1796
4DVarNet MSE s0              0.0188     0.0931     0.0229     0.0113     0.0365     0.1911
4DVarNet MSE s1              0.0181     0.0852     0.0209     0.0112     0.0339     0.1840
4DVarNet MSE s2              0.0184     0.0922     0.0222     0.0112     0.0360     0.1897
4DVarNet MSE s3              0.0180     0.0864     0.0223     0.0112     0.0345     0.1857
4DVarNet MSE s4              0.0182     0.0822     0.0210     0.0112     0.0331     0.1821
4DVarNet NLL s0              0.0197     0.1287     0.0204     0.0114     0.0451     0.2123
4DVarNet NLL s1              0.0194     0.1295     0.0227     0.0113     0.0457     0.2139
4DVarNet NLL s2              0.0193     0.1269     0.0205     0.0114     0.0445     0.2110
4DVarNet NLL s3              0.0197     0.1254     0.0208     0.0115     0.0443     0.2106
4DVarNet NLL s4              0.0197     0.1303     0.0216     0.0113     0.0457     0.2139
EnKF k1                      0.0143     0.1103     0.0209     0.0394     0.0462     0.2150
DINCAE                       0.0134     0.5713     1.6489     0.0239     0.5644     0.7513
4DVarNet MSE 单模型             0.0183     0.0878     0.0219     0.0112     0.0348     0.1865   ± 0.0013 (5 种子)
4DVarNet NLL 单模型             0.0196     0.1282     0.0212     0.0114     0.0451     0.2123   ± 0.0006 (5 种子)

④ 所有格子 ∩ 全场  —— eval_test_days 的 full_mse 那个量

方法                          density         vx         vy        var         合计     合计RMSE
------------------------------------------------------------------------------------------
Senseiver                    0.0084     0.0473     0.0087     0.0041     0.0171     0.1308
4DVarNet a4_k1               0.0111     0.0792     0.0157     0.0063     0.0281     0.1676
4DVarNet MSE s0              0.0118     0.0911     0.0174     0.0063     0.0317     0.1779
4DVarNet MSE s1              0.0109     0.0840     0.0155     0.0063     0.0292     0.1708
4DVarNet MSE s2              0.0114     0.0925     0.0171     0.0063     0.0318     0.1784
4DVarNet MSE s3              0.0107     0.0853     0.0165     0.0063     0.0297     0.1724
4DVarNet MSE s4              0.0109     0.0820     0.0155     0.0063     0.0287     0.1694
4DVarNet NLL s0              0.0116     0.1195     0.0149     0.0064     0.0381     0.1952
4DVarNet NLL s1              0.0114     0.1211     0.0164     0.0064     0.0388     0.1971
4DVarNet NLL s2              0.0114     0.1185     0.0152     0.0064     0.0379     0.1946
4DVarNet NLL s3              0.0116     0.1170     0.0152     0.0065     0.0376     0.1938
4DVarNet NLL s4              0.0116     0.1213     0.0158     0.0064     0.0388     0.1969
EnKF k1                      0.0204     0.1451     0.0237     0.0389     0.0570     0.2388
DINCAE                       0.0089     0.3690     1.3010     0.0136     0.4231     0.6505
4DVarNet MSE 单模型             0.0112     0.0870     0.0164     0.0063     0.0302     0.1738   ± 0.0013 (5 种子)
4DVarNet NLL 单模型             0.0115     0.1195     0.0155     0.0064     0.0382     0.1955   ± 0.0005 (5 种子)

[out] compare/results/compare5_last.json
